Godot Engine v4.6.3.stable.official.7d41c59c4 - https://godotengine.org
WARNING: Could not set V-Sync mode, as changing V-Sync mode is not supported by the graphics driver.
     at: set_use_vsync (platform/linuxbsd/x11/gl_manager_x11.cpp:364)
OpenGL API 4.5 (Core Profile) Mesa 25.2.8-0ubuntu0.24.04.2 - Compatibility - Using Device: Mesa - llvmpipe (LLVM 20.1.2, 256 bits)

Planet visual mode changed to: Surface
Planet visual environment initialized in mode: Surface
Surface streaming seed: 15838
WARNING: Could not commit save: user://missing-frontend-directory/save.json (File not found)
     at: push_warning (core/variant/variant_utility.cpp:1034)
     GDScript backtrace (most recent call first):
         [0] _report_failure (res://autoload/save_game_service.gd:558)
         [1] save_now (res://autoload/save_game_service.gd:111)
         [2] _save (res://autoload/session_flow.gd:202)
         [3] return_to_title (res://autoload/session_flow.gd:208)
         [4] _click (res://core/diagnostics/frontend_probe.gd:179)
         [5] _run (res://core/diagnostics/frontend_probe.gd:81)
         [6] _frames (res://core/diagnostics/frontend_probe.gd:139)
Planet visual mode changed to: Surface
Planet visual environment initialized in mode: Surface
Surface streaming seed: 23757
Planet visual mode changed to: Surface
Planet visual environment initialized in mode: Surface
Surface streaming seed: 15838
FRONTEND_PASSED: title, no idle save, actual settings clicks, seed validation, loading, pause nesting, failed save retention, world teardown, campaign isolation, reload and backup/version handling.
