2026-10-02T06:47:22.7026891Z Current runner version: '2.337.0'
2026-10-02T06:47:22.7052094Z ##[group]Runner Image Provisioner
2026-10-02T06:47:22.7053207Z Hosted Compute Agent
2026-10-02T06:47:22.7053789Z Version: 20260901.588
2026-10-02T06:47:22.7054368Z Commit: f88ec8081b781fac6c440065ac7ff9e710ce3d0b
2026-10-02T06:47:22.7055106Z Build Date: 2026-09-01T19:56:44Z
2026-10-02T06:47:22.7055734Z Worker ID: {c0fe17ac-0a6b-4eca-8cb9-a8c2e811a3a3}
2026-10-02T06:47:22.7056410Z Azure Region: westus
2026-10-02T06:47:22.7056917Z ##[endgroup]
2026-10-02T06:47:22.7058321Z ##[group]Operating System
2026-10-02T06:47:22.7059005Z Microsoft Windows Server 2025
2026-10-02T06:47:22.7059566Z 10.0.26100
2026-10-02T06:47:22.7060032Z Datacenter
2026-10-02T06:47:22.7060506Z ##[endgroup]
2026-10-02T06:47:22.7060993Z ##[group]Runner Image
2026-10-02T06:47:22.7061575Z Image: windows-2025-vs2026
2026-10-02T06:47:22.7062148Z Version: 20260925.250.1
2026-10-02T06:47:22.7063550Z Included Software: https://github.com/actions/runner-images/blob/win25-vs2026/20260925.250/images/windows/Windows2025-VS2026-Readme.md
2026-10-02T06:47:22.7065479Z Image Release: https://github.com/actions/runner-images/releases/tag/win25-vs2026%2F20260925.250
2026-10-02T06:47:22.7066468Z ##[endgroup]
2026-10-02T06:47:22.7067459Z ##[group]GITHUB_TOKEN Permissions
2026-10-02T06:47:22.7069792Z Contents: read
2026-10-02T06:47:22.7070360Z Metadata: read
2026-10-02T06:47:22.7070884Z ##[endgroup]
2026-10-02T06:47:22.7073097Z Secret source: Actions
2026-10-02T06:47:22.7074031Z Cache mode: write
2026-10-02T06:47:22.7074871Z Prepare workflow directory
2026-10-02T06:47:22.7466858Z Prepare all required actions
2026-10-02T06:47:22.7515913Z Getting action download info
2026-10-02T06:47:23.1231974Z Download action repository 'actions/checkout@v4' (SHA:11d5960a326750d5838078e36cf38b85af677262)
2026-10-02T06:47:23.2584650Z Download action repository 'actions/setup-python@v5' (SHA:a26af69be951a213d495a4c3e4e4022e16d87065)
2026-10-02T06:47:23.4116559Z Download action repository 'actions/upload-artifact@v4' (SHA:ea165f8d65b6e75b540449e92b4886f43607fa02)
2026-10-02T06:47:23.7775642Z Complete job name: menu (windows-latest)
2026-10-02T06:47:23.9330788Z ##[group]Run actions/checkout@v4
2026-10-02T06:47:23.9331862Z with:
2026-10-02T06:47:23.9332343Z   repository: MajorDragonfly/voxelverse
2026-10-02T06:47:23.9336460Z   token: ***
2026-10-02T06:47:23.9336902Z   ssh-strict: true
2026-10-02T06:47:23.9337355Z   ssh-user: git
2026-10-02T06:47:23.9337797Z   persist-credentials: true
2026-10-02T06:47:23.9338291Z   clean: true
2026-10-02T06:47:23.9338747Z   sparse-checkout-cone-mode: true
2026-10-02T06:47:23.9339281Z   fetch-depth: 1
2026-10-02T06:47:23.9339708Z   fetch-tags: false
2026-10-02T06:47:23.9340583Z   show-progress: true
2026-10-02T06:47:23.9341043Z   lfs: false
2026-10-02T06:47:23.9341465Z   submodules: false
2026-10-02T06:47:23.9341929Z   set-safe-directory: true
2026-10-02T06:47:23.9342444Z   allow-unsafe-pr-checkout: false
2026-10-02T06:47:23.9343276Z ##[endgroup]
2026-10-02T06:47:24.0735714Z Syncing repository: MajorDragonfly/voxelverse
2026-10-02T06:47:24.0737622Z ##[group]Getting Git version info
2026-10-02T06:47:24.0738416Z Working directory is 'D:\a\voxelverse\voxelverse'
2026-10-02T06:47:24.1688005Z [command]"C:\Program Files\Git\bin\git.exe" version
2026-10-02T06:47:24.5145499Z git version 2.55.0.windows.5
2026-10-02T06:47:24.5188039Z ##[endgroup]
2026-10-02T06:47:24.5207066Z Temporarily overriding HOME='D:\a\_temp\63068ab0-cfb1-4800-bfbc-2ca7539acd94' before making global git config changes
2026-10-02T06:47:24.5209001Z Adding repository directory to the temporary git global config as a safe directory
2026-10-02T06:47:24.5217297Z [command]"C:\Program Files\Git\bin\git.exe" config --global --add safe.directory D:\a\voxelverse\voxelverse
2026-10-02T06:47:24.5807495Z Deleting the contents of 'D:\a\voxelverse\voxelverse'
2026-10-02T06:47:24.5813480Z ##[group]Initializing the repository
2026-10-02T06:47:24.5822164Z [command]"C:\Program Files\Git\bin\git.exe" init D:\a\voxelverse\voxelverse
2026-10-02T06:47:24.6636055Z Initialized empty Git repository in D:/a/voxelverse/voxelverse/.git/
2026-10-02T06:47:24.6679506Z [command]"C:\Program Files\Git\bin\git.exe" remote add origin https://github.com/MajorDragonfly/voxelverse
2026-10-02T06:47:24.7280039Z ##[endgroup]
2026-10-02T06:47:24.7283613Z ##[group]Disabling automatic garbage collection
2026-10-02T06:47:24.7292116Z [command]"C:\Program Files\Git\bin\git.exe" config --local gc.auto 0
2026-10-02T06:47:24.7593932Z ##[endgroup]
2026-10-02T06:47:24.7596777Z ##[group]Setting up auth
2026-10-02T06:47:24.7612914Z [command]"C:\Program Files\Git\bin\git.exe" config --local --name-only --get-regexp core\.sshCommand
2026-10-02T06:47:24.7949886Z [command]"C:\Program Files\Git\bin\git.exe" submodule foreach --recursive "sh -c \"git config --local --name-only --get-regexp 'core\.sshCommand' && git config --local --unset-all 'core.sshCommand' || :\""
2026-10-02T06:47:26.1511410Z [command]"C:\Program Files\Git\bin\git.exe" config --local --name-only --get-regexp http\.https\:\/\/github\.com\/\.extraheader
2026-10-02T06:47:26.1789858Z [command]"C:\Program Files\Git\bin\git.exe" submodule foreach --recursive "sh -c \"git config --local --name-only --get-regexp 'http\.https\:\/\/github\.com\/\.extraheader' && git config --local --unset-all 'http.https://github.com/.extraheader' || :\""
2026-10-02T06:47:26.6757466Z [command]"C:\Program Files\Git\bin\git.exe" config --local --name-only --get-regexp ^includeIf\.gitdir:
2026-10-02T06:47:26.7042792Z [command]"C:\Program Files\Git\bin\git.exe" submodule foreach --recursive "git config --local --show-origin --name-only --get-regexp remote.origin.url"
2026-10-02T06:47:27.2435888Z [command]"C:\Program Files\Git\bin\git.exe" config --local http.https://github.com/.extraheader "AUTHORIZATION: basic ***"
2026-10-02T06:47:27.2727844Z ##[endgroup]
2026-10-02T06:47:27.2729284Z ##[group]Fetching the repository
2026-10-02T06:47:27.2744389Z [command]"C:\Program Files\Git\bin\git.exe" -c protocol.version=2 fetch --no-tags --prune --no-recurse-submodules --depth=1 origin +ade9169d46c5f936635072051c57082c486e442b:refs/remotes/origin/agent/r32-15-evidence-20261002
2026-10-02T06:47:34.9101826Z From https://github.com/MajorDragonfly/voxelverse
2026-10-02T06:47:34.9141777Z  * [new ref]         ade9169d46c5f936635072051c57082c486e442b -> origin/agent/r32-15-evidence-20261002
2026-10-02T06:47:34.9143915Z ##[endgroup]
2026-10-02T06:47:34.9144948Z ##[group]Determining the checkout info
2026-10-02T06:47:34.9147516Z ##[endgroup]
2026-10-02T06:47:34.9163457Z [command]"C:\Program Files\Git\bin\git.exe" sparse-checkout disable
2026-10-02T06:47:34.9718380Z [command]"C:\Program Files\Git\bin\git.exe" config --local --unset-all extensions.worktreeConfig
2026-10-02T06:47:35.0051185Z ##[group]Checking out the ref
2026-10-02T06:47:35.0060967Z [command]"C:\Program Files\Git\bin\git.exe" checkout --progress --force -B agent/r32-15-evidence-20261002 refs/remotes/origin/agent/r32-15-evidence-20261002
2026-10-02T06:47:36.0856589Z Updating files:  37% (2071/5580)
2026-10-02T06:47:36.1019449Z Updating files:  38% (2121/5580)
2026-10-02T06:47:36.1293199Z Updating files:  39% (2177/5580)
2026-10-02T06:47:36.1679119Z Updating files:  40% (2232/5580)
2026-10-02T06:47:36.2116637Z Updating files:  41% (2288/5580)
2026-10-02T06:47:36.2541337Z Updating files:  42% (2344/5580)
2026-10-02T06:47:36.2813402Z Updating files:  43% (2400/5580)
2026-10-02T06:47:36.3262295Z Updating files:  44% (2456/5580)
2026-10-02T06:47:36.3573678Z Updating files:  45% (2511/5580)
2026-10-02T06:47:36.3901902Z Updating files:  46% (2567/5580)
2026-10-02T06:47:36.4189866Z Updating files:  47% (2623/5580)
2026-10-02T06:47:36.4456240Z Updating files:  48% (2679/5580)
2026-10-02T06:47:36.4789905Z Updating files:  49% (2735/5580)
2026-10-02T06:47:36.4985254Z Updating files:  50% (2790/5580)
2026-10-02T06:47:36.5226510Z Updating files:  51% (2846/5580)
2026-10-02T06:47:36.5563398Z Updating files:  52% (2902/5580)
2026-10-02T06:47:36.5906569Z Updating files:  53% (2958/5580)
2026-10-02T06:47:36.6086067Z Updating files:  54% (3014/5580)
2026-10-02T06:47:36.6391211Z Updating files:  55% (3069/5580)
2026-10-02T06:47:36.6893437Z Updating files:  56% (3125/5580)
2026-10-02T06:47:36.7114047Z Updating files:  57% (3181/5580)
2026-10-02T06:47:36.7351928Z Updating files:  58% (3237/5580)
2026-10-02T06:47:36.7644297Z Updating files:  59% (3293/5580)
2026-10-02T06:47:36.7941190Z Updating files:  60% (3348/5580)
2026-10-02T06:47:36.8199781Z Updating files:  61% (3404/5580)
2026-10-02T06:47:36.8374168Z Updating files:  62% (3460/5580)
2026-10-02T06:47:36.8561232Z Updating files:  63% (3516/5580)
2026-10-02T06:47:36.8698599Z Updating files:  64% (3572/5580)
2026-10-02T06:47:36.9171733Z Updating files:  65% (3627/5580)
2026-10-02T06:47:36.9470462Z Updating files:  66% (3683/5580)
2026-10-02T06:47:36.9697686Z Updating files:  67% (3739/5580)
2026-10-02T06:47:36.9912688Z Updating files:  68% (3795/5580)
2026-10-02T06:47:37.0138539Z Updating files:  69% (3851/5580)
2026-10-02T06:47:37.0332135Z Updating files:  70% (3906/5580)
2026-10-02T06:47:37.0514546Z Updating files:  71% (3962/5580)
2026-10-02T06:47:37.0646869Z Updating files:  72% (4018/5580)
2026-10-02T06:47:37.0737701Z Updating files:  73% (4074/5580)
2026-10-02T06:47:37.0788714Z Updating files:  73% (4108/5580)
2026-10-02T06:47:37.0921620Z Updating files:  74% (4130/5580)
2026-10-02T06:47:37.1064875Z Updating files:  75% (4185/5580)
2026-10-02T06:47:37.1196058Z Updating files:  76% (4241/5580)
2026-10-02T06:47:37.1315439Z Updating files:  77% (4297/5580)
2026-10-02T06:47:37.1445420Z Updating files:  78% (4353/5580)
2026-10-02T06:47:37.1569835Z Updating files:  79% (4409/5580)
2026-10-02T06:47:37.1706375Z Updating files:  80% (4464/5580)
2026-10-02T06:47:37.1839368Z Updating files:  81% (4520/5580)
2026-10-02T06:47:37.1977334Z Updating files:  82% (4576/5580)
2026-10-02T06:47:37.2245549Z Updating files:  83% (4632/5580)
2026-10-02T06:47:37.2402368Z Updating files:  84% (4688/5580)
2026-10-02T06:47:37.2540545Z Updating files:  85% (4743/5580)
2026-10-02T06:47:37.2673830Z Updating files:  86% (4799/5580)
2026-10-02T06:47:37.2815804Z Updating files:  87% (4855/5580)
2026-10-02T06:47:37.2937588Z Updating files:  88% (4911/5580)
2026-10-02T06:47:37.3077582Z Updating files:  89% (4967/5580)
2026-10-02T06:47:37.3229223Z Updating files:  90% (5022/5580)
2026-10-02T06:47:37.3375974Z Updating files:  91% (5078/5580)
2026-10-02T06:47:37.3523713Z Updating files:  92% (5134/5580)
2026-10-02T06:47:37.3649126Z Updating files:  93% (5190/5580)
2026-10-02T06:47:37.3809197Z Updating files:  94% (5246/5580)
2026-10-02T06:47:37.3935231Z Updating files:  95% (5301/5580)
2026-10-02T06:47:37.4063612Z Updating files:  96% (5357/5580)
2026-10-02T06:47:37.4198736Z Updating files:  97% (5413/5580)
2026-10-02T06:47:37.4357571Z Updating files:  98% (5469/5580)
2026-10-02T06:47:37.4488573Z Updating files:  99% (5525/5580)
2026-10-02T06:47:37.4491691Z Updating files: 100% (5580/5580)
2026-10-02T06:47:37.4492147Z Updating files: 100% (5580/5580), done.
2026-10-02T06:47:37.4687267Z Switched to a new branch 'agent/r32-15-evidence-20261002'
2026-10-02T06:47:37.4706556Z branch 'agent/r32-15-evidence-20261002' set up to track 'origin/agent/r32-15-evidence-20261002'.
2026-10-02T06:47:37.5002417Z ##[endgroup]
2026-10-02T06:47:37.5389632Z [command]"C:\Program Files\Git\bin\git.exe" log -1 --format=%H
2026-10-02T06:47:37.5769567Z ade9169d46c5f936635072051c57082c486e442b
2026-10-02T06:47:37.6243763Z ##[group]Run actions/setup-python@v5
2026-10-02T06:47:37.6244097Z with:
2026-10-02T06:47:37.6244315Z   python-version: 3.12
2026-10-02T06:47:37.6244555Z   check-latest: false
2026-10-02T06:47:37.6247368Z   token: ***
2026-10-02T06:47:37.6247607Z   update-environment: true
2026-10-02T06:47:37.6247836Z   allow-prereleases: false
2026-10-02T06:47:37.6248050Z   freethreaded: false
2026-10-02T06:47:37.6248242Z ##[endgroup]
2026-10-02T06:47:37.7858311Z ##[group]Installed versions
2026-10-02T06:47:37.8070639Z (node:3136) [DEP0040] DeprecationWarning: The `punycode` module is deprecated. Please use a userland alternative instead.
2026-10-02T06:47:37.8071895Z (Use `node --trace-deprecation ...` to show where the warning was created)
2026-10-02T06:47:37.8073241Z Successfully set up CPython (3.12.10)
2026-10-02T06:47:37.8074026Z ##[endgroup]
2026-10-02T06:47:37.8381620Z ##[group]Run python - <<'PY'
2026-10-02T06:47:37.8382016Z [36;1mpython - <<'PY'[0m
2026-10-02T06:47:37.8382331Z [36;1mimport os, pathlib, urllib.request, zipfile[0m
2026-10-02T06:47:37.8382753Z [36;1mtarget = pathlib.Path(os.environ['RUNNER_TEMP']) / 'r32-15-godot'[0m
2026-10-02T06:47:37.8383128Z [36;1mtarget.mkdir()[0m
2026-10-02T06:47:37.8383418Z [36;1msuffix = 'linux.x86_64' if os.name != 'nt' else 'win64.exe'[0m
2026-10-02T06:47:37.8383775Z [36;1mname = 'Godot_v4.6.3-stable_' + suffix[0m
2026-10-02T06:47:37.8384053Z [36;1marchive = target / 'godot.zip'[0m
2026-10-02T06:47:37.8384723Z [36;1murllib.request.urlretrieve('https://github.com/godotengine/godot/releases/download/4.6.3-stable/' + name + '.zip', archive)[0m
2026-10-02T06:47:37.8385625Z [36;1mzipfile.ZipFile(archive).extractall(target)[0m
2026-10-02T06:47:37.8385924Z [36;1meditor = target / name[0m
2026-10-02T06:47:37.8386184Z [36;1mif os.name != 'nt': editor.chmod(0o755)[0m
2026-10-02T06:47:37.8386558Z [36;1mwith open(os.environ['GITHUB_ENV'], 'a') as env:[0m
2026-10-02T06:47:37.8386892Z [36;1m    env.write('R32_GODOT=' + str(editor) + '\n')[0m
2026-10-02T06:47:37.8387161Z [36;1mPY[0m
2026-10-02T06:47:37.8387462Z [36;1mif [ "$RUNNER_OS" = Linux ]; then[0m
2026-10-02T06:47:37.8387834Z [36;1m  sudo apt-get update[0m
2026-10-02T06:47:37.8388185Z [36;1m  sudo apt-get install -y xvfb libgl1-mesa-dri libxkbcommon-x11-0[0m
2026-10-02T06:47:37.8388533Z [36;1mfi[0m
2026-10-02T06:47:37.8417987Z shell: C:\Program Files\Git\bin\bash.EXE --noprofile --norc -e -o pipefail {0}
2026-10-02T06:47:37.8418399Z env:
2026-10-02T06:47:37.8418671Z   pythonLocation: C:\hostedtoolcache\windows\Python\3.12.10\x64
2026-10-02T06:47:37.8419163Z   PKG_CONFIG_PATH: C:\hostedtoolcache\windows\Python\3.12.10\x64/lib/pkgconfig
2026-10-02T06:47:37.8419637Z   Python_ROOT_DIR: C:\hostedtoolcache\windows\Python\3.12.10\x64
2026-10-02T06:47:37.8420044Z   Python2_ROOT_DIR: C:\hostedtoolcache\windows\Python\3.12.10\x64
2026-10-02T06:47:37.8420435Z   Python3_ROOT_DIR: C:\hostedtoolcache\windows\Python\3.12.10\x64
2026-10-02T06:47:37.8420742Z ##[endgroup]
2026-10-02T06:47:41.8122592Z ##[group]Run mkdir -p "$RUNNER_TEMP/r32-15-evidence"
2026-10-02T06:47:41.8123080Z [36;1mmkdir -p "$RUNNER_TEMP/r32-15-evidence"[0m
2026-10-02T06:47:41.8123378Z [36;1mpython - <<'PY'[0m
2026-10-02T06:47:41.8123642Z [36;1mimport os, pathlib, subprocess, sys, tempfile[0m
2026-10-02T06:47:41.8123963Z [36;1msys.path.insert(0, 'tools')[0m
2026-10-02T06:47:41.8124253Z [36;1mfrom validation_support import isolated_env[0m
2026-10-02T06:47:41.8124580Z [36;1mwith tempfile.TemporaryDirectory() as tmp:[0m
2026-10-02T06:47:41.8125096Z [36;1m    with (pathlib.Path(os.environ['RUNNER_TEMP'])/'r32-15-evidence'/'import.log').open('w') as log:[0m
2026-10-02T06:47:41.8126033Z [36;1m        result = subprocess.run([os.environ['R32_GODOT'], '--headless', '--editor', '--path', '.', '--quit'], env=isolated_env(pathlib.Path(tmp)), stdout=log, stderr=subprocess.STDOUT, timeout=180)[0m
2026-10-02T06:47:41.8126788Z [36;1m    sys.exit(result.returncode)[0m
2026-10-02T06:47:41.8127064Z [36;1mPY[0m
2026-10-02T06:47:41.8143601Z shell: C:\Program Files\Git\bin\bash.EXE --noprofile --norc -e -o pipefail {0}
2026-10-02T06:47:41.8143984Z env:
2026-10-02T06:47:41.8144241Z   pythonLocation: C:\hostedtoolcache\windows\Python\3.12.10\x64
2026-10-02T06:47:41.8144691Z   PKG_CONFIG_PATH: C:\hostedtoolcache\windows\Python\3.12.10\x64/lib/pkgconfig
2026-10-02T06:47:41.8145137Z   Python_ROOT_DIR: C:\hostedtoolcache\windows\Python\3.12.10\x64
2026-10-02T06:47:41.8145552Z   Python2_ROOT_DIR: C:\hostedtoolcache\windows\Python\3.12.10\x64
2026-10-02T06:47:41.8146132Z   Python3_ROOT_DIR: C:\hostedtoolcache\windows\Python\3.12.10\x64
2026-10-02T06:47:41.8146539Z   R32_GODOT: D:\a\_temp\r32-15-godot\Godot_v4.6.3-stable_win64.exe
2026-10-02T06:47:41.8146853Z ##[endgroup]
2026-10-02T06:47:56.0608682Z ##[group]Run python tools/review_r32_15_menu.py --godot "$R32_GODOT" --headless --settings-only --output "$RUNNER_TEMP/r32-15-evidence/settings-headless"
2026-10-02T06:47:56.0609804Z [36;1mpython tools/review_r32_15_menu.py --godot "$R32_GODOT" --headless --settings-only --output "$RUNNER_TEMP/r32-15-evidence/settings-headless"[0m
2026-10-02T06:47:56.0626222Z shell: C:\Program Files\Git\bin\bash.EXE --noprofile --norc -e -o pipefail {0}
2026-10-02T06:47:56.0626597Z env:
2026-10-02T06:47:56.0626848Z   pythonLocation: C:\hostedtoolcache\windows\Python\3.12.10\x64
2026-10-02T06:47:56.0627294Z   PKG_CONFIG_PATH: C:\hostedtoolcache\windows\Python\3.12.10\x64/lib/pkgconfig
2026-10-02T06:47:56.0627739Z   Python_ROOT_DIR: C:\hostedtoolcache\windows\Python\3.12.10\x64
2026-10-02T06:47:56.0628160Z   Python2_ROOT_DIR: C:\hostedtoolcache\windows\Python\3.12.10\x64
2026-10-02T06:47:56.0628544Z   Python3_ROOT_DIR: C:\hostedtoolcache\windows\Python\3.12.10\x64
2026-10-02T06:47:56.0628949Z   R32_GODOT: D:\a\_temp\r32-15-godot\Godot_v4.6.3-stable_win64.exe
2026-10-02T06:47:56.0629256Z ##[endgroup]
2026-10-02T06:47:56.2551688Z R32_15_SLOT_ACQUIRED: exclusive functional review starts
2026-10-02T06:48:09.6835348Z {"passed": true, "exit_code": 0, "images": 0, "source_reusable": true}
2026-10-02T06:48:09.7145309Z ##[group]Run python tools/review_r32_15_menu.py --godot "$R32_GODOT" --headless --output "$RUNNER_TEMP/r32-15-evidence/campaign-headless"
2026-10-02T06:48:09.7146666Z [36;1mpython tools/review_r32_15_menu.py --godot "$R32_GODOT" --headless --output "$RUNNER_TEMP/r32-15-evidence/campaign-headless"[0m
2026-10-02T06:48:09.7162720Z shell: C:\Program Files\Git\bin\bash.EXE --noprofile --norc -e -o pipefail {0}
2026-10-02T06:48:09.7163141Z env:
2026-10-02T06:48:09.7163409Z   pythonLocation: C:\hostedtoolcache\windows\Python\3.12.10\x64
2026-10-02T06:48:09.7163883Z   PKG_CONFIG_PATH: C:\hostedtoolcache\windows\Python\3.12.10\x64/lib/pkgconfig
2026-10-02T06:48:09.7164335Z   Python_ROOT_DIR: C:\hostedtoolcache\windows\Python\3.12.10\x64
2026-10-02T06:48:09.7164735Z   Python2_ROOT_DIR: C:\hostedtoolcache\windows\Python\3.12.10\x64
2026-10-02T06:48:09.7165123Z   Python3_ROOT_DIR: C:\hostedtoolcache\windows\Python\3.12.10\x64
2026-10-02T06:48:09.7165545Z   R32_GODOT: D:\a\_temp\r32-15-godot\Godot_v4.6.3-stable_win64.exe
2026-10-02T06:48:09.7166281Z ##[endgroup]
2026-10-02T06:48:09.8351410Z R32_15_SLOT_ACQUIRED: exclusive functional review starts
2026-10-02T06:51:56.7062318Z {"passed": true, "exit_code": 0, "images": 0, "source_reusable": true}
2026-10-02T06:51:56.7411106Z ##[group]Run extra=()
2026-10-02T06:51:56.7411579Z [36;1mextra=()[0m
2026-10-02T06:51:56.7411946Z [36;1mif [ "$RUNNER_OS" = Linux ]; then extra=(--xvfb /usr/bin/Xvfb); fi[0m
2026-10-02T06:51:56.7412701Z [36;1mpython tools/review_r32_15_menu.py --godot "$R32_GODOT" --settings-only "${extra[@]}" --output "$RUNNER_TEMP/r32-15-evidence/settings-native"[0m
2026-10-02T06:51:56.7436224Z shell: C:\Program Files\Git\bin\bash.EXE --noprofile --norc -e -o pipefail {0}
2026-10-02T06:51:56.7436962Z env:
2026-10-02T06:51:56.7437479Z   pythonLocation: C:\hostedtoolcache\windows\Python\3.12.10\x64
2026-10-02T06:51:56.7438289Z   PKG_CONFIG_PATH: C:\hostedtoolcache\windows\Python\3.12.10\x64/lib/pkgconfig
2026-10-02T06:51:56.7439136Z   Python_ROOT_DIR: C:\hostedtoolcache\windows\Python\3.12.10\x64
2026-10-02T06:51:56.7439909Z   Python2_ROOT_DIR: C:\hostedtoolcache\windows\Python\3.12.10\x64
2026-10-02T06:51:56.7440800Z   Python3_ROOT_DIR: C:\hostedtoolcache\windows\Python\3.12.10\x64
2026-10-02T06:51:56.7441503Z   R32_GODOT: D:\a\_temp\r32-15-godot\Godot_v4.6.3-stable_win64.exe
2026-10-02T06:51:56.7442089Z ##[endgroup]
2026-10-02T06:51:56.8633359Z R32_15_SLOT_ACQUIRED: exclusive functional review starts
2026-10-02T06:52:20.2216222Z {"passed": true, "exit_code": 0, "images": 36, "source_reusable": true}
2026-10-02T06:52:20.2517153Z ##[group]Run extra=()
2026-10-02T06:52:20.2517493Z [36;1mextra=()[0m
2026-10-02T06:52:20.2517799Z [36;1mif [ "$RUNNER_OS" = Linux ]; then extra=(--xvfb /usr/bin/Xvfb); fi[0m
2026-10-02T06:52:20.2518450Z [36;1mpython tools/review_r32_15_menu.py --godot "$R32_GODOT" "${extra[@]}" --output "$RUNNER_TEMP/r32-15-evidence/campaign-native"[0m
2026-10-02T06:52:20.2535399Z shell: C:\Program Files\Git\bin\bash.EXE --noprofile --norc -e -o pipefail {0}
2026-10-02T06:52:20.2535799Z env:
2026-10-02T06:52:20.2536060Z   pythonLocation: C:\hostedtoolcache\windows\Python\3.12.10\x64
2026-10-02T06:52:20.2536519Z   PKG_CONFIG_PATH: C:\hostedtoolcache\windows\Python\3.12.10\x64/lib/pkgconfig
2026-10-02T06:52:20.2536973Z   Python_ROOT_DIR: C:\hostedtoolcache\windows\Python\3.12.10\x64
2026-10-02T06:52:20.2537376Z   Python2_ROOT_DIR: C:\hostedtoolcache\windows\Python\3.12.10\x64
2026-10-02T06:52:20.2537794Z   Python3_ROOT_DIR: C:\hostedtoolcache\windows\Python\3.12.10\x64
2026-10-02T06:52:20.2538424Z   R32_GODOT: D:\a\_temp\r32-15-godot\Godot_v4.6.3-stable_win64.exe
2026-10-02T06:52:20.2538746Z ##[endgroup]
2026-10-02T06:52:20.3714819Z R32_15_SLOT_ACQUIRED: exclusive functional review starts
2026-10-02T06:58:25.5038170Z {"passed": true, "exit_code": 0, "images": 50, "source_reusable": true}
2026-10-02T06:58:25.5432533Z ##[group]Run actions/upload-artifact@v4
2026-10-02T06:58:25.5432974Z with:
2026-10-02T06:58:25.5433260Z   name: r32-15-menu-Windows
2026-10-02T06:58:25.5433567Z   path: D:\a\_temp/r32-15-evidence/
2026-10-02T06:58:25.5433939Z   if-no-files-found: error
2026-10-02T06:58:25.5434232Z   compression-level: 6
2026-10-02T06:58:25.5434504Z   overwrite: false
2026-10-02T06:58:25.5434767Z   include-hidden-files: false
2026-10-02T06:58:25.5435052Z env:
2026-10-02T06:58:25.5435375Z   pythonLocation: C:\hostedtoolcache\windows\Python\3.12.10\x64
2026-10-02T06:58:25.5436000Z   PKG_CONFIG_PATH: C:\hostedtoolcache\windows\Python\3.12.10\x64/lib/pkgconfig
2026-10-02T06:58:25.5436509Z   Python_ROOT_DIR: C:\hostedtoolcache\windows\Python\3.12.10\x64
2026-10-02T06:58:25.5437005Z   Python2_ROOT_DIR: C:\hostedtoolcache\windows\Python\3.12.10\x64
2026-10-02T06:58:25.5437458Z   Python3_ROOT_DIR: C:\hostedtoolcache\windows\Python\3.12.10\x64
2026-10-02T06:58:25.5438015Z   R32_GODOT: D:\a\_temp\r32-15-godot\Godot_v4.6.3-stable_win64.exe
2026-10-02T06:58:25.5438413Z ##[endgroup]
2026-10-02T06:58:25.7339317Z (node:3068) [DEP0040] DeprecationWarning: The `punycode` module is deprecated. Please use a userland alternative instead.
2026-10-02T06:58:25.7340651Z (Use `node --trace-deprecation ...` to show where the warning was created)
2026-10-02T06:58:25.7723622Z With the provided path, there will be 108 files uploaded
2026-10-02T06:58:25.7730671Z Artifact name is valid!
2026-10-02T06:58:25.7732283Z Root directory input is valid!
2026-10-02T06:58:26.1902713Z Beginning upload of artifact content to blob storage
2026-10-02T06:58:26.5790945Z (node:3068) [DEP0169] DeprecationWarning: `url.parse()` behavior is not standardized and prone to errors that have security implications. Use the WHATWG URL API instead. CVEs are not issued for `url.parse()` vulnerabilities.
2026-10-02T06:58:27.9176044Z Uploaded bytes 8388608
2026-10-02T06:58:28.3412276Z Uploaded bytes 16777216
2026-10-02T06:58:28.5530968Z Uploaded bytes 21035359
2026-10-02T06:58:28.6353422Z Finished uploading artifact content to blob storage!
2026-10-02T06:58:28.6358617Z SHA256 digest of uploaded artifact zip is 04e5ebc8ca9c6a9e24b3b962604e535b4796943268ba6f55453a88cfe069aa9e
2026-10-02T06:58:28.6362000Z Finalizing artifact upload
2026-10-02T06:58:28.8996705Z Artifact r32-15-menu-Windows.zip successfully finalized. Artifact ID 11213458729
2026-10-02T06:58:28.8998041Z Artifact r32-15-menu-Windows has been successfully uploaded! Final size is 21035359 bytes. Artifact ID is 11213458729
2026-10-02T06:58:28.9010641Z Artifact download URL: https://github.com/MajorDragonfly/voxelverse/actions/runs/36975118419/artifacts/11213458729
2026-10-02T06:58:28.9379846Z Post job cleanup.
2026-10-02T06:58:29.0832617Z (node:4692) [DEP0040] DeprecationWarning: The `punycode` module is deprecated. Please use a userland alternative instead.
2026-10-02T06:58:29.0833776Z (Use `node --trace-deprecation ...` to show where the warning was created)
2026-10-02T06:58:29.1132300Z Post job cleanup.
2026-10-02T06:58:29.3424715Z [command]"C:\Program Files\Git\bin\git.exe" version
2026-10-02T06:58:29.3750972Z git version 2.55.0.windows.5
2026-10-02T06:58:29.3825738Z Temporarily overriding HOME='D:\a\_temp\027fb864-e0c9-49d3-a42a-8c6a17eeefbe' before making global git config changes
2026-10-02T06:58:29.3827080Z Adding repository directory to the temporary git global config as a safe directory
2026-10-02T06:58:29.3837984Z [command]"C:\Program Files\Git\bin\git.exe" config --global --add safe.directory D:\a\voxelverse\voxelverse
2026-10-02T06:58:29.4157585Z [command]"C:\Program Files\Git\bin\git.exe" config --local --name-only --get-regexp core\.sshCommand
2026-10-02T06:58:29.4441766Z [command]"C:\Program Files\Git\bin\git.exe" submodule foreach --recursive "sh -c \"git config --local --name-only --get-regexp 'core\.sshCommand' && git config --local --unset-all 'core.sshCommand' || :\""
2026-10-02T06:58:29.9809886Z [command]"C:\Program Files\Git\bin\git.exe" config --local --name-only --get-regexp http\.https\:\/\/github\.com\/\.extraheader
2026-10-02T06:58:30.0107836Z http.https://github.com/.extraheader
2026-10-02T06:58:30.0154258Z [command]"C:\Program Files\Git\bin\git.exe" config --local --unset-all http.https://github.com/.extraheader
2026-10-02T06:58:30.0444524Z [command]"C:\Program Files\Git\bin\git.exe" submodule foreach --recursive "sh -c \"git config --local --name-only --get-regexp 'http\.https\:\/\/github\.com\/\.extraheader' && git config --local --unset-all 'http.https://github.com/.extraheader' || :\""
2026-10-02T06:58:30.5686399Z [command]"C:\Program Files\Git\bin\git.exe" config --local --name-only --get-regexp ^includeIf\.gitdir:
2026-10-02T06:58:30.5974747Z [command]"C:\Program Files\Git\bin\git.exe" submodule foreach --recursive "git config --local --show-origin --name-only --get-regexp remote.origin.url"
2026-10-02T06:58:31.1397407Z Cleaning up orphan processes
2026-10-02T06:58:31.2045488Z ##[warning]Node.js 20 is deprecated. The following actions target Node.js 20 but are being forced to run on Node.js 24: actions/checkout@v4, actions/setup-python@v5, actions/upload-artifact@v4. For more information see: https://github.blog/changelog/2025-09-19-deprecation-of-node-20-on-github-actions-runners/

