Godot Engine v4.6.3.stable.official.7d41c59c4 - https://godotengine.org
WARNING: Could not set V-Sync mode, as changing V-Sync mode is not supported by the graphics driver.
     at: set_use_vsync (platform/linuxbsd/x11/gl_manager_x11.cpp:364)
OpenGL API 4.5 (Core Profile) Mesa 25.2.8-0ubuntu0.24.04.2 - Compatibility - Using Device: Mesa - llvmpipe (LLVM 20.1.2, 256 bits)

WARNING: Lege mit N einen Heimatplatz für deine Nestgruppe fest.
     at: push_warning (core/variant/variant_utility.cpp:1034)
     GDScript backtrace (most recent call first):
         [0] _report_failure (res://autoload/save_game_service.gd:1149)
         [1] request_phase_transition (res://autoload/save_game_service.gd:837)
         [2] _run (res://tests/tribal_age_test.gd:47)
         [3] _frames (res://tests/tribal_age_test.gd:533)
TRIBAL_STAGE: 01_confirmation
WARNING: Bestätige den Wechsel im Fenster für das Stammeszeitalter erneut.
     at: push_warning (core/variant/variant_utility.cpp:1034)
     GDScript backtrace (most recent call first):
         [0] _report_failure (res://autoload/save_game_service.gd:1149)
         [1] request_phase_transition (res://autoload/save_game_service.gd:837)
         [2] _run (res://tests/tribal_age_test.gd:63)
         [3] _click (res://tests/tribal_age_test.gd:505)
WARNING: Bestätige den Wechsel im Fenster für das Stammeszeitalter erneut.
     at: push_warning (core/variant/variant_utility.cpp:1034)
     GDScript backtrace (most recent call first):
         [0] _report_failure (res://autoload/save_game_service.gd:1149)
         [1] request_phase_transition (res://autoload/save_game_service.gd:837)
         [2] _run (res://tests/tribal_age_test.gd:66)
         [3] _click (res://tests/tribal_age_test.gd:505)
WARNING: Could not commit save: user://blocked-parent/campaign.json (Can't open file)
     at: push_warning (core/variant/variant_utility.cpp:1034)
     GDScript backtrace (most recent call first):
         [0] _report_failure (res://autoload/save_game_service.gd:1149)
         [1] _save_snapshot (res://autoload/save_game_service.gd:199)
         [2] save_now (res://autoload/save_game_service.gd:128)
         [3] request_phase_transition (res://autoload/save_game_service.gd:849)
         [4] _run (res://tests/tribal_age_test.gd:72)
         [5] _click (res://tests/tribal_age_test.gd:505)
TRIBAL_STAGE: matrix_800x600_100_de_pause
TRIBAL_STAGE: matrix_800x600_100_de_resident
TRIBAL_STAGE: matrix_800x600_100_de_resident_needs
TRIBAL_STAGE: matrix_800x600_100_de_source_open
TRIBAL_STAGE: matrix_800x600_100_de_source
CONTROLS_ACTION: remove 800x600_100_de
CONTROLS_ACTION: removed 800x600_100_de
CONTROLS_ACTION: HUD checked 800x600_100_de
CONTROLS_ACTION: builder selected 800x600_100_de
CONTROLS_ACTION: placing 800x600_100_de
TRIBAL_STAGE: matrix_800x600_100_de_construction
TRIBAL_STAGE: matrix_800x600_100_en_pause
TRIBAL_STAGE: matrix_800x600_100_en_resident
TRIBAL_STAGE: matrix_800x600_100_en_resident_needs
TRIBAL_STAGE: matrix_800x600_100_en_source_open
TRIBAL_STAGE: matrix_800x600_100_en_source
CONTROLS_ACTION: remove 800x600_100_en
CONTROLS_ACTION: removed 800x600_100_en
CONTROLS_ACTION: HUD checked 800x600_100_en
CONTROLS_ACTION: builder selected 800x600_100_en
CONTROLS_ACTION: placing 800x600_100_en
TRIBAL_STAGE: matrix_800x600_100_en_construction
TRIBAL_STAGE: matrix_800x600_125_de_pause
TRIBAL_STAGE: matrix_800x600_125_de_resident
TRIBAL_STAGE: matrix_800x600_125_de_resident_needs
TRIBAL_STAGE: matrix_800x600_125_de_source_open
TRIBAL_STAGE: matrix_800x600_125_de_source
CONTROLS_ACTION: remove 800x600_125_de
CONTROLS_ACTION: removed 800x600_125_de
CONTROLS_ACTION: HUD checked 800x600_125_de
CONTROLS_ACTION: builder selected 800x600_125_de
CONTROLS_ACTION: placing 800x600_125_de
TRIBAL_STAGE: matrix_800x600_125_de_construction
TRIBAL_STAGE: matrix_800x600_125_en_pause
TRIBAL_STAGE: matrix_800x600_125_en_resident
TRIBAL_STAGE: matrix_800x600_125_en_resident_needs
TRIBAL_STAGE: matrix_800x600_125_en_source_open
TRIBAL_STAGE: matrix_800x600_125_en_source
CONTROLS_ACTION: remove 800x600_125_en
CONTROLS_ACTION: removed 800x600_125_en
CONTROLS_ACTION: HUD checked 800x600_125_en
CONTROLS_ACTION: builder selected 800x600_125_en
CONTROLS_ACTION: placing 800x600_125_en
TRIBAL_STAGE: matrix_800x600_125_en_construction
TRIBAL_STAGE: matrix_800x600_150_de_pause
TRIBAL_STAGE: matrix_800x600_150_de_resident
TRIBAL_STAGE: matrix_800x600_150_de_resident_needs
TRIBAL_STAGE: matrix_800x600_150_de_source_open
TRIBAL_STAGE: matrix_800x600_150_de_source
CONTROLS_ACTION: remove 800x600_150_de
CONTROLS_ACTION: removed 800x600_150_de
CONTROLS_ACTION: HUD checked 800x600_150_de
CONTROLS_ACTION: builder selected 800x600_150_de
CONTROLS_ACTION: placing 800x600_150_de
TRIBAL_STAGE: matrix_800x600_150_de_construction
TRIBAL_STAGE: matrix_800x600_150_en_pause
TRIBAL_STAGE: matrix_800x600_150_en_resident
TRIBAL_STAGE: matrix_800x600_150_en_resident_needs
TRIBAL_STAGE: matrix_800x600_150_en_source_open
TRIBAL_STAGE: matrix_800x600_150_en_source
CONTROLS_ACTION: remove 800x600_150_en
CONTROLS_ACTION: removed 800x600_150_en
CONTROLS_ACTION: HUD checked 800x600_150_en
CONTROLS_ACTION: builder selected 800x600_150_en
CONTROLS_ACTION: placing 800x600_150_en
TRIBAL_STAGE: matrix_800x600_150_en_construction
TRIBAL_STAGE: matrix_1280x720_100_de_pause
TRIBAL_STAGE: matrix_1280x720_100_de_resident
TRIBAL_STAGE: matrix_1280x720_100_de_resident_needs
TRIBAL_STAGE: matrix_1280x720_100_de_source_open
TRIBAL_STAGE: matrix_1280x720_100_de_source
CONTROLS_ACTION: remove 1280x720_100_de
CONTROLS_ACTION: removed 1280x720_100_de
CONTROLS_ACTION: HUD checked 1280x720_100_de
CONTROLS_ACTION: builder selected 1280x720_100_de
CONTROLS_ACTION: placing 1280x720_100_de
TRIBAL_STAGE: matrix_1280x720_100_de_construction
TRIBAL_STAGE: matrix_1280x720_100_en_pause
TRIBAL_STAGE: matrix_1280x720_100_en_resident
TRIBAL_STAGE: matrix_1280x720_100_en_resident_needs
TRIBAL_STAGE: matrix_1280x720_100_en_source_open
TRIBAL_STAGE: matrix_1280x720_100_en_source
CONTROLS_ACTION: remove 1280x720_100_en
CONTROLS_ACTION: removed 1280x720_100_en
CONTROLS_ACTION: HUD checked 1280x720_100_en
CONTROLS_ACTION: builder selected 1280x720_100_en
CONTROLS_ACTION: placing 1280x720_100_en
TRIBAL_STAGE: matrix_1280x720_100_en_construction
TRIBAL_STAGE: matrix_1280x720_125_de_pause
TRIBAL_STAGE: matrix_1280x720_125_de_resident
TRIBAL_STAGE: matrix_1280x720_125_de_resident_needs
TRIBAL_STAGE: matrix_1280x720_125_de_source_open
TRIBAL_STAGE: matrix_1280x720_125_de_source
CONTROLS_ACTION: remove 1280x720_125_de
CONTROLS_ACTION: removed 1280x720_125_de
CONTROLS_ACTION: HUD checked 1280x720_125_de
CONTROLS_ACTION: builder selected 1280x720_125_de
CONTROLS_ACTION: placing 1280x720_125_de
TRIBAL_STAGE: matrix_1280x720_125_de_construction
TRIBAL_STAGE: matrix_1280x720_125_en_pause
TRIBAL_STAGE: matrix_1280x720_125_en_resident
TRIBAL_STAGE: matrix_1280x720_125_en_resident_needs
TRIBAL_STAGE: matrix_1280x720_125_en_source_open
TRIBAL_STAGE: matrix_1280x720_125_en_source
CONTROLS_ACTION: remove 1280x720_125_en
CONTROLS_ACTION: removed 1280x720_125_en
CONTROLS_ACTION: HUD checked 1280x720_125_en
CONTROLS_ACTION: builder selected 1280x720_125_en
CONTROLS_ACTION: placing 1280x720_125_en
TRIBAL_STAGE: matrix_1280x720_125_en_construction
TRIBAL_STAGE: matrix_1280x720_150_de_pause
TRIBAL_STAGE: matrix_1280x720_150_de_resident
TRIBAL_STAGE: matrix_1280x720_150_de_resident_needs
TRIBAL_STAGE: matrix_1280x720_150_de_source_open
TRIBAL_STAGE: matrix_1280x720_150_de_source
CONTROLS_ACTION: remove 1280x720_150_de
CONTROLS_ACTION: removed 1280x720_150_de
CONTROLS_ACTION: HUD checked 1280x720_150_de
CONTROLS_ACTION: builder selected 1280x720_150_de
CONTROLS_ACTION: placing 1280x720_150_de
TRIBAL_STAGE: matrix_1280x720_150_de_construction
TRIBAL_STAGE: matrix_1280x720_150_en_pause
TRIBAL_STAGE: matrix_1280x720_150_en_resident
TRIBAL_STAGE: matrix_1280x720_150_en_resident_needs
TRIBAL_STAGE: matrix_1280x720_150_en_source_open
TRIBAL_STAGE: matrix_1280x720_150_en_source
CONTROLS_ACTION: remove 1280x720_150_en
CONTROLS_ACTION: removed 1280x720_150_en
CONTROLS_ACTION: HUD checked 1280x720_150_en
CONTROLS_ACTION: builder selected 1280x720_150_en
CONTROLS_ACTION: placing 1280x720_150_en
TRIBAL_STAGE: matrix_1280x720_150_en_construction
TRIBAL_STAGE: matrix_1920x1080_100_de_pause
TRIBAL_STAGE: matrix_1920x1080_100_de_resident
TRIBAL_STAGE: matrix_1920x1080_100_de_resident_needs
TRIBAL_STAGE: matrix_1920x1080_100_de_source_open
TRIBAL_STAGE: matrix_1920x1080_100_de_source
CONTROLS_ACTION: remove 1920x1080_100_de
CONTROLS_ACTION: removed 1920x1080_100_de
CONTROLS_ACTION: HUD checked 1920x1080_100_de
CONTROLS_ACTION: builder selected 1920x1080_100_de
CONTROLS_ACTION: placing 1920x1080_100_de
TRIBAL_STAGE: matrix_1920x1080_100_de_construction
TRIBAL_STAGE: matrix_1920x1080_100_en_pause
TRIBAL_STAGE: matrix_1920x1080_100_en_resident
TRIBAL_STAGE: matrix_1920x1080_100_en_resident_needs
TRIBAL_STAGE: matrix_1920x1080_100_en_source_open
TRIBAL_STAGE: matrix_1920x1080_100_en_source
CONTROLS_ACTION: remove 1920x1080_100_en
CONTROLS_ACTION: removed 1920x1080_100_en
CONTROLS_ACTION: HUD checked 1920x1080_100_en
CONTROLS_ACTION: builder selected 1920x1080_100_en
CONTROLS_ACTION: placing 1920x1080_100_en
TRIBAL_STAGE: matrix_1920x1080_100_en_construction
TRIBAL_STAGE: matrix_1920x1080_125_de_pause
TRIBAL_STAGE: matrix_1920x1080_125_de_resident
TRIBAL_STAGE: matrix_1920x1080_125_de_resident_needs
TRIBAL_STAGE: matrix_1920x1080_125_de_source_open
TRIBAL_STAGE: matrix_1920x1080_125_de_source
CONTROLS_ACTION: remove 1920x1080_125_de
CONTROLS_ACTION: removed 1920x1080_125_de
CONTROLS_ACTION: HUD checked 1920x1080_125_de
CONTROLS_ACTION: builder selected 1920x1080_125_de
CONTROLS_ACTION: placing 1920x1080_125_de
TRIBAL_STAGE: matrix_1920x1080_125_de_construction
TRIBAL_STAGE: matrix_1920x1080_125_en_pause
TRIBAL_STAGE: matrix_1920x1080_125_en_resident
TRIBAL_STAGE: matrix_1920x1080_125_en_resident_needs
TRIBAL_STAGE: matrix_1920x1080_125_en_source_open
TRIBAL_STAGE: matrix_1920x1080_125_en_source
CONTROLS_ACTION: remove 1920x1080_125_en
CONTROLS_ACTION: removed 1920x1080_125_en
CONTROLS_ACTION: HUD checked 1920x1080_125_en
CONTROLS_ACTION: builder selected 1920x1080_125_en
CONTROLS_ACTION: placing 1920x1080_125_en
TRIBAL_STAGE: matrix_1920x1080_125_en_construction
TRIBAL_STAGE: matrix_1920x1080_150_de_pause
TRIBAL_STAGE: matrix_1920x1080_150_de_resident
TRIBAL_STAGE: matrix_1920x1080_150_de_resident_needs
TRIBAL_STAGE: matrix_1920x1080_150_de_source_open
TRIBAL_STAGE: matrix_1920x1080_150_de_source
CONTROLS_ACTION: remove 1920x1080_150_de
CONTROLS_ACTION: removed 1920x1080_150_de
CONTROLS_ACTION: HUD checked 1920x1080_150_de
CONTROLS_ACTION: builder selected 1920x1080_150_de
CONTROLS_ACTION: placing 1920x1080_150_de
TRIBAL_STAGE: matrix_1920x1080_150_de_construction
TRIBAL_STAGE: matrix_1920x1080_150_en_pause
TRIBAL_STAGE: matrix_1920x1080_150_en_resident
TRIBAL_STAGE: matrix_1920x1080_150_en_resident_needs
TRIBAL_STAGE: matrix_1920x1080_150_en_source_open
TRIBAL_STAGE: matrix_1920x1080_150_en_source
CONTROLS_ACTION: remove 1920x1080_150_en
CONTROLS_ACTION: removed 1920x1080_150_en
CONTROLS_ACTION: HUD checked 1920x1080_150_en
CONTROLS_ACTION: builder selected 1920x1080_150_en
CONTROLS_ACTION: placing 1920x1080_150_en
TRIBAL_STAGE: matrix_1920x1080_150_en_construction
TRIBAL_STAGE: transport_resource_assignment
TRIBAL_STAGE: transport_paused
TRIBAL_STAGE: transport_resumed
TRIBAL_CONTROLS_MATRIX: [{"case":"800x600_100_de","passed":true},{"case":"800x600_100_en","passed":true},{"case":"800x600_125_de","passed":true},{"case":"800x600_125_en","passed":true},{"case":"800x600_150_de","passed":true},{"case":"800x600_150_en","passed":true},{"case":"1280x720_100_de","passed":true},{"case":"1280x720_100_en","passed":true},{"case":"1280x720_125_de","passed":true},{"case":"1280x720_125_en","passed":true},{"case":"1280x720_150_de","passed":true},{"case":"1280x720_150_en","passed":true},{"case":"1920x1080_100_de","passed":true},{"case":"1920x1080_100_en","passed":true},{"case":"1920x1080_125_de","passed":true},{"case":"1920x1080_125_en","passed":true},{"case":"1920x1080_150_de","passed":true},{"case":"1920x1080_150_en","passed":true}]
{"failures":[],"passed":true,"test":"tribal_age"}
