Godot Engine v4.6.3.stable.official.7d41c59c4 - https://godotengine.org
WARNING: Could not set V-Sync mode, as changing V-Sync mode is not supported by the graphics driver.
     at: set_use_vsync (platform/linuxbsd/x11/gl_manager_x11.cpp:364)
OpenGL API 4.5 (Core Profile) Mesa 25.2.8-0ubuntu0.24.04.3 - Compatibility - Using Device: Mesa - llvmpipe (LLVM 20.1.2, 256 bits)

ERROR: Discovered first nest exposed the legacy role or rewrote its source name
   at: push_error (core/variant/variant_utility.cpp:1024)
   GDScript backtrace (most recent call first):
       [0] _finish (res://tools/capture_nest_discovery.gd:112)
       [1] _run (res://tools/review_r32_05_nest_capture.gd:97)
       [2] _chapter (res://tools/review_r32_05_nest_capture.gd:109)
       [3] _record (res://tools/capture_nest_discovery.gd:106)
ERROR: Recreated nest lost discovery/current supplied count
   at: push_error (core/variant/variant_utility.cpp:1024)
   GDScript backtrace (most recent call first):
       [0] _finish (res://tools/capture_nest_discovery.gd:112)
       [1] _run (res://tools/review_r32_05_nest_capture.gd:97)
       [2] _chapter (res://tools/review_r32_05_nest_capture.gd:109)
       [3] _record (res://tools/capture_nest_discovery.gd:106)
ERROR: Discovered second nest exposed the legacy role or rewrote its source name
   at: push_error (core/variant/variant_utility.cpp:1024)
   GDScript backtrace (most recent call first):
       [0] _finish (res://tools/capture_nest_discovery.gd:112)
       [1] _run (res://tools/review_r32_05_nest_capture.gd:97)
       [2] _chapter (res://tools/review_r32_05_nest_capture.gd:109)
       [3] _record (res://tools/capture_nest_discovery.gd:106)
NATIVE_NEST_RESULT {"failures":["Discovered first nest exposed the legacy role or rewrote its source name","Recreated nest lost discovery/current supplied count","Discovered second nest exposed the legacy role or rewrote its source name"],"frames":176}
