Godot Engine v4.6.3.stable.official.7d41c59c4 - https://godotengine.org

INT30_SORT_DIAGNOSTIC {"actual":1,"expected":1,"popup":false}
INT30_SORT_DIAGNOSTIC {"actual":2,"expected":2,"popup":false}
INT30_SORT_DIAGNOSTIC {"actual":3,"expected":3,"popup":false}
INT30_LOCKED_DIAGNOSTIC {"disabled":true,"requirements":"Formpunkte: 32 / 100\nNoch nicht freigeschaltet: Laufbeine","result":{"code":"locked_parts","missing_parts":["legs_walker"],"ok":false}}
INT30_CLICK_DIAGNOSTIC {"rect":"[P: (24.0, 644.0), S: (442.0, 52.0)]","viewport":"[P: (0.0, 0.0), S: (1280.0, 720.0)]","visible":true}
INT30_VARIANT_DIAGNOSTIC {"current_id":"design_d1a0f6ca930ea975689d1b8fb808ab70","key":"design_d2af1d00354084cb21453a323d675b42@1","origin":"Lokal gespeichert\nEntwurf: design_d2af1d00354084cb21453a323d675b42 · Revision 1\nOhne Autorenangabe\nAuf 1 früheren Entwürfen aufgebaut.\n• Entwurf: design_d1a0f6ca930ea975689d1b8fb808ab70 · Revision 0 · Ohne Autorenangabe","result":{"code":"","key":"design_d2af1d00354084cb21453a323d675b42@1","ok":true}}
INT30_LAYOUT {"locale":"de","scale":1.0,"size":"(800, 600)"}
INT30_LAYOUT {"locale":"en","scale":1.0,"size":"(800, 600)"}
INT30_LAYOUT {"locale":"de","scale":1.25,"size":"(800, 600)"}
INT30_LAYOUT {"locale":"en","scale":1.25,"size":"(800, 600)"}
INT30_LAYOUT {"locale":"de","scale":1.5,"size":"(800, 600)"}
INT30_LAYOUT {"locale":"en","scale":1.5,"size":"(800, 600)"}
INT30_LAYOUT {"locale":"de","scale":1.0,"size":"(1280, 720)"}
INT30_LAYOUT {"locale":"en","scale":1.0,"size":"(1280, 720)"}
INT30_LAYOUT {"locale":"de","scale":1.25,"size":"(1280, 720)"}
INT30_LAYOUT {"locale":"en","scale":1.25,"size":"(1280, 720)"}
INT30_LAYOUT {"locale":"de","scale":1.5,"size":"(1280, 720)"}
INT30_LAYOUT {"locale":"en","scale":1.5,"size":"(1280, 720)"}
INT30_LAYOUT {"locale":"de","scale":1.0,"size":"(1920, 1080)"}
INT30_LAYOUT {"locale":"en","scale":1.0,"size":"(1920, 1080)"}
INT30_LAYOUT {"locale":"de","scale":1.25,"size":"(1920, 1080)"}
INT30_LAYOUT {"locale":"en","scale":1.25,"size":"(1920, 1080)"}
INT30_LAYOUT {"locale":"de","scale":1.5,"size":"(1920, 1080)"}
INT30_LAYOUT {"locale":"en","scale":1.5,"size":"(1920, 1080)"}
INT30_DESIGN_LIBRARY_RESULT {"checks":118,"failures":[],"passed":true,"renderer":"forward_plus"}
