test_default_still_installs_all_export_templates (installer_test.InstallerTest.test_default_still_installs_all_export_templates) ... ok
test_linux_editor_only_does_not_download_templates (installer_test.InstallerTest.test_linux_editor_only_does_not_download_templates) ... ok
test_windows_editor_only_keeps_console_and_gui (installer_test.InstallerTest.test_windows_editor_only_keeps_console_and_gui) ... ok
test_paged_animals_restore_without_original_directory (lab_fauna_backup_test.LabFaunaBackupTest.test_paged_animals_restore_without_original_directory) ... skipped 'Set GODOT_BINARY for native laboratory restart'
test_developed_rejects_unsupported_recipes (performance_cli_test.PerformanceCliTest.test_developed_rejects_unsupported_recipes) ... ok
test_preserves_previous_report (performance_cli_test.PerformanceCliTest.test_preserves_previous_report) ... ok
test_rejects_invalid_seed_and_nonfinite_duration_before_launch (performance_cli_test.PerformanceCliTest.test_rejects_invalid_seed_and_nonfinite_duration_before_launch) ... ok
test_rejects_output_inside_the_project_before_launching_godot (performance_cli_test.PerformanceCliTest.test_rejects_output_inside_the_project_before_launching_godot) ... ok
test_comparison_rejects_different_hardware_or_failed_baseline (performance_developed_report_test.DevelopedReportTest.test_comparison_rejects_different_hardware_or_failed_baseline) ... ok
test_compatible_baseline_reports_wall_time_difference (performance_developed_report_test.DevelopedReportTest.test_compatible_baseline_reports_wall_time_difference) ... ok
test_disabled_sampler_and_missing_freight_observation_fail (performance_developed_report_test.DevelopedReportTest.test_disabled_sampler_and_missing_freight_observation_fail) ... ok
test_duplicate_child_cannot_replace_other_restart (performance_developed_report_test.DevelopedReportTest.test_duplicate_child_cannot_replace_other_restart) ... ok
test_godot_float_encoded_cycle_count_is_valid (performance_developed_report_test.DevelopedReportTest.test_godot_float_encoded_cycle_count_is_valid) ... ok
test_header_without_raw_frames_fails (performance_developed_report_test.DevelopedReportTest.test_header_without_raw_frames_fails) ... ok
test_invalid_child_revision_failure_or_directory_fails (performance_developed_report_test.DevelopedReportTest.test_invalid_child_revision_failure_or_directory_fails) ... ok
test_missing_delivery_fails (performance_developed_report_test.DevelopedReportTest.test_missing_delivery_fails) ... ok
test_parent_success_requires_both_restarts (performance_developed_report_test.DevelopedReportTest.test_parent_success_requires_both_restarts) ... ok
test_unavailable_gpu_and_separate_subprocess_wait (performance_developed_report_test.DevelopedReportTest.test_unavailable_gpu_and_separate_subprocess_wait) ... ok
test_native_place_pages_and_identites_restore_from_exported_files_only (region_backup_places_test.GodotPlaceBackupTest.test_native_place_pages_and_identites_restore_from_exported_files_only) ... skipped 'Set GODOT_BINARY and PLACE_BACKUP_PROJECT (published PR #65 checkout)'
test_all_roots_history_copy_archive_and_pending_keep_exact_snapshots (region_backup_places_test.PlaceBackupTest.test_all_roots_history_copy_archive_and_pending_keep_exact_snapshots) ... ok
test_bad_reciprocal_indexes_do_not_publish_even_with_valid_hashes (region_backup_places_test.PlaceBackupTest.test_bad_reciprocal_indexes_do_not_publish_even_with_valid_hashes) ... ok
test_count_coverage_empty_roots_and_pending_only_register (region_backup_places_test.PlaceBackupTest.test_count_coverage_empty_roots_and_pending_only_register) ... ok
test_failed_copy_and_advancing_source_preserve_the_captured_pair_of_roots (region_backup_places_test.PlaceBackupTest.test_failed_copy_and_advancing_source_preserve_the_captured_pair_of_roots) ... ok
test_future_headers_bad_overlays_and_wrong_types_are_rejected_in_archives (region_backup_places_test.PlaceBackupTest.test_future_headers_bad_overlays_and_wrong_types_are_rejected_in_archives) ... ok
test_pending_overrides_cannot_hide_corruption_or_reassign_positions (region_backup_places_test.PlaceBackupTest.test_pending_overrides_cannot_hide_corruption_or_reassign_positions) ... ok
test_real_atlas_export_restores_sphere_history_legacy_and_pending_changes (region_backup_test.GodotAtlasBackupTest.test_real_atlas_export_restores_sphere_history_legacy_and_pending_changes) ... skipped 'Set GODOT_BINARY and ATLAS_BACKUP_PROJECT (published ARCH-14 schema-2 project)'
test_encounter_archive_restores_in_fresh_user_directory (region_backup_test.GodotRegionBackupTest.test_encounter_archive_restores_in_fresh_user_directory) ... skipped 'Set GODOT_BINARY for real store/restart acceptance'
test_real_store_1200_regions_and_save_service_in_fresh_user_directory (region_backup_test.GodotRegionBackupTest.test_real_store_1200_regions_and_save_service_in_fresh_user_directory) ... skipped 'Set GODOT_BINARY for real store/restart acceptance'
test_atlas_closure_preserves_history_archive_overlay_and_independent_bodies (region_backup_test.RegionBackupTest.test_atlas_closure_preserves_history_archive_overlay_and_independent_bodies) ... ok
test_atlas_deep_tiles_validate_payload_even_with_valid_hash_or_pending_override (region_backup_test.RegionBackupTest.test_atlas_deep_tiles_validate_payload_even_with_valid_hash_or_pending_override) ... ok
test_atlas_future_versions_fields_and_body_mismatch_protect_all_snapshot_locations (region_backup_test.RegionBackupTest.test_atlas_future_versions_fields_and_body_mismatch_protect_all_snapshot_locations) ... ok
test_atlas_source_can_advance_while_captured_root_remains_complete (region_backup_test.RegionBackupTest.test_atlas_source_can_advance_while_captured_root_remains_complete) ... ok
test_bounds_bad_json_and_unsafe_paths (region_backup_test.RegionBackupTest.test_bounds_bad_json_and_unsafe_paths) ... ok
test_complete_history_archive_closure_exceeds_cache_without_copying_orphans (region_backup_test.RegionBackupTest.test_complete_history_archive_closure_exceeds_cache_without_copying_orphans) ... ok
test_depth_future_save_and_old_loose_design_versions_fail_explicitly (region_backup_test.RegionBackupTest.test_depth_future_save_and_old_loose_design_versions_fail_explicitly) ... ok
test_encounter_archive_closure_history_and_missing_payload (region_backup_test.RegionBackupTest.test_encounter_archive_closure_history_and_missing_payload) ... ok
test_encounter_future_identity_and_semantic_corruption_block_publication (region_backup_test.RegionBackupTest.test_encounter_future_identity_and_semantic_corruption_block_publication) ... ok
test_future_manifest_and_nested_blob_are_protected (region_backup_test.RegionBackupTest.test_future_manifest_and_nested_blob_are_protected) ... ok
test_inline_and_empty_atlas_need_no_blobs_and_preserve_signed_high_bits (region_backup_test.RegionBackupTest.test_inline_and_empty_atlas_need_no_blobs_and_preserve_signed_high_bits) ... ok
test_inline_empty_store_and_backup_only_slot (region_backup_test.RegionBackupTest.test_inline_empty_store_and_backup_only_slot) ... ok
test_interrupted_write_and_publish_keep_previous_backup (region_backup_test.RegionBackupTest.test_interrupted_write_and_publish_keep_previous_backup) ... ok
test_missing_or_corrupt_child_never_publishes_and_keeps_sources (region_backup_test.RegionBackupTest.test_missing_or_corrupt_child_never_publishes_and_keeps_sources) ... ok
test_multiple_slots_keep_independent_generations_and_duplicate_names_fail (region_backup_test.RegionBackupTest.test_multiple_slots_keep_independent_generations_and_duplicate_names_fail) ... ok
test_source_can_change_after_capture_without_mixing_generations (region_backup_test.RegionBackupTest.test_source_can_change_after_capture_without_mixing_generations) ... ok
test_symlinked_blob_is_rejected (region_backup_test.RegionBackupTest.test_symlinked_blob_is_rejected) ... ok
test_valid_checksums_do_not_hide_wrong_keys_or_branches (region_backup_test.RegionBackupTest.test_valid_checksums_do_not_hide_wrong_keys_or_branches) ... ok
test_campaign_and_independent_labs_restore_without_original_directory (region_backup_userdata_test.NativeUserdataBackupTest.test_campaign_and_independent_labs_restore_without_original_directory) ... skipped 'Set GODOT_BINARY for native restart'
test_cli_export_and_verify_report_bytes_separately_from_game_validity (region_backup_userdata_test.UserdataBackupTest.test_cli_export_and_verify_report_bytes_separately_from_game_validity) ... ok
test_corruption_missing_added_files_and_manifest_tampering_fail (region_backup_userdata_test.UserdataBackupTest.test_corruption_missing_added_files_and_manifest_tampering_fail) ... ok
test_empty_directory_and_chunked_large_file (region_backup_userdata_test.UserdataBackupTest.test_empty_directory_and_chunked_large_file) ... ok
test_every_original_and_unknown_file_is_preserved_without_normalizing (region_backup_userdata_test.UserdataBackupTest.test_every_original_and_unknown_file_is_preserved_without_normalizing) ... ok
test_existing_nested_targets_and_concurrent_export_are_protected (region_backup_userdata_test.UserdataBackupTest.test_existing_nested_targets_and_concurrent_export_are_protected) ... ok
test_explicit_budgets_fail_instead_of_truncating (region_backup_userdata_test.UserdataBackupTest.test_explicit_budgets_fail_instead_of_truncating) ... ok
test_source_changes_additions_and_removals_abort_publication (region_backup_userdata_test.UserdataBackupTest.test_source_changes_additions_and_removals_abort_publication) ... ok
test_symlinks_special_files_and_unsafe_names_fail_without_following (region_backup_userdata_test.UserdataBackupTest.test_symlinks_special_files_and_unsafe_names_fail_without_following) ... ok
test_write_verify_and_rename_failures_leave_sources_and_prior_archive (region_backup_userdata_test.UserdataBackupTest.test_write_verify_and_rename_failures_leave_sources_and_prior_archive) ... ok
test_all_owners_generations_shared_blobs_migration_and_orphans (region_retention_test.RegionRetentionTest.test_all_owners_generations_shared_blobs_migration_and_orphans) ... ok
test_changed_added_removed_source_prevents_publication (region_retention_test.RegionRetentionTest.test_changed_added_removed_source_prevents_publication) ... ok
test_discovery_is_not_limited_to_slot_names_or_known_fields (region_retention_test.RegionRetentionTest.test_discovery_is_not_limited_to_slot_names_or_known_fields) ... ok
test_empty_generation_and_cli_replay (region_retention_test.RegionRetentionTest.test_empty_generation_and_cli_replay) ... ok
test_encounter_semantics_are_preserved_in_global_manifest (region_retention_test.RegionRetentionTest.test_encounter_semantics_are_preserved_in_global_manifest) ... ok
test_lab_future_and_empty_root_count_mismatch_block_publication (region_retention_test.RegionRetentionTest.test_lab_future_and_empty_root_count_mismatch_block_publication) ... ok
test_links_special_files_and_nested_or_concurrent_targets_fail (region_retention_test.RegionRetentionTest.test_links_special_files_and_nested_or_concurrent_targets_fail) ... ok
test_missing_corrupt_and_future_data_cannot_publish_complete_generation (region_retention_test.RegionRetentionTest.test_missing_corrupt_and_future_data_cannot_publish_complete_generation) ... ok
test_place_roots_preserve_overlays_and_reject_broken_reciprocal_index (region_retention_test.RegionRetentionTest.test_place_roots_preserve_overlays_and_reject_broken_reciprocal_index) ... ok
test_root_and_inventory_budgets_abort_without_truncation (region_retention_test.RegionRetentionTest.test_root_and_inventory_budgets_abort_without_truncation) ... ok
test_separate_laboratory_store_and_equal_hashes_keep_both_owners (region_retention_test.RegionRetentionTest.test_separate_laboratory_store_and_equal_hashes_keep_both_owners) ... ok
test_tampered_report_even_with_recomputed_checksums_is_rejected (region_retention_test.RegionRetentionTest.test_tampered_report_even_with_recomputed_checksums_is_rejected) ... ok
test_write_and_publish_failure_leave_source_and_previous_plan_untouched (region_retention_test.RegionRetentionTest.test_write_and_publish_failure_leave_source_and_previous_plan_untouched) ... ok
test_contract_selection_includes_later_registered_tests (validation_contracts_test.ValidationContractsTest.test_contract_selection_includes_later_registered_tests) ... ok
test_contract_selection_rejects_unknown_and_deduplicates (validation_contracts_test.ValidationContractsTest.test_contract_selection_rejects_unknown_and_deduplicates) ... ok
test_duplicate_owner_rejected (validation_contracts_test.ValidationContractsTest.test_duplicate_owner_rejected) ... ok
test_explicit_empty_selection_is_preserved (validation_contracts_test.ValidationContractsTest.test_explicit_empty_selection_is_preserved) ... ok
test_future_manifest_is_not_rewritten (validation_contracts_test.ValidationContractsTest.test_future_manifest_is_not_rewritten) ... ok
test_invalid_selection_stops_before_engine (validation_contracts_test.ValidationContractsTest.test_invalid_selection_stops_before_engine) ... ok
test_list_selection_does_not_start_engine_or_create_output (validation_contracts_test.ValidationContractsTest.test_list_selection_does_not_start_engine_or_create_output) ... ok
test_new_nested_test_requires_contract_registration (validation_contracts_test.ValidationContractsTest.test_new_nested_test_requires_contract_registration) ... ok
test_placeholder_and_missing_translation_fail (validation_contracts_test.ValidationContractsTest.test_placeholder_and_missing_translation_fail) ... ok
test_removed_test_is_not_silently_skipped (validation_contracts_test.ValidationContractsTest.test_removed_test_is_not_silently_skipped) ... ok
test_scenario_cannot_claim_implementation_without_tests (validation_contracts_test.ValidationContractsTest.test_scenario_cannot_claim_implementation_without_tests) ... ok
test_scenario_must_reference_registered_test (validation_contracts_test.ValidationContractsTest.test_scenario_must_reference_registered_test) ... ok
test_skip_import_still_runs_source_gate (validation_contracts_test.ValidationContractsTest.test_skip_import_still_runs_source_gate) ... ok
test_stale_generated_resources_rejected_without_repair (validation_contracts_test.ValidationContractsTest.test_stale_generated_resources_rejected_without_repair) ... ok
test_unknown_requested_test_stops_before_game (validation_contracts_test.ValidationContractsTest.test_unknown_requested_test_stops_before_game) ... ok
test_valid_catalog_is_read_only_and_pending_is_not_a_pass (validation_contracts_test.ValidationContractsTest.test_valid_catalog_is_read_only_and_pending_is_not_a_pass) ... ok
test_clean_checkout_is_a_plan_not_a_pass (validation_plan_test.ValidationPlanTest.test_clean_checkout_is_a_plan_not_a_pass) ... ok
test_committed_staged_unstaged_and_new_files_are_all_included (validation_plan_test.ValidationPlanTest.test_committed_staged_unstaged_and_new_files_are_all_included) ... ok
test_deleted_symlink_still_requires_full (validation_plan_test.ValidationPlanTest.test_deleted_symlink_still_requires_full) ... ok
test_direct_test_change_runs_only_that_registered_test (validation_plan_test.ValidationPlanTest.test_direct_test_change_runs_only_that_registered_test) ... ok
test_documentation_plan_and_list_never_launch_engine_or_write_reports (validation_plan_test.ValidationPlanTest.test_documentation_plan_and_list_never_launch_engine_or_write_reports) ... ok
test_full_selection_cannot_be_silently_reduced_by_skip_main (validation_plan_test.ValidationPlanTest.test_full_selection_cannot_be_silently_reduced_by_skip_main) ... ok
test_invalid_ref_and_conflicting_selectors_stop_before_engine (validation_plan_test.ValidationPlanTest.test_invalid_ref_and_conflicting_selectors_stop_before_engine) ... ok
test_new_registered_test_is_included_without_second_mapping (validation_plan_test.ValidationPlanTest.test_new_registered_test_is_included_without_second_mapping) ... ok
test_newline_filename_is_not_split_or_quoted_by_git (validation_plan_test.ValidationPlanTest.test_newline_filename_is_not_split_or_quoted_by_git) ... ok
test_nonempty_output_is_preserved_before_launch (validation_plan_test.ValidationPlanTest.test_nonempty_output_is_preserved_before_launch) ... ok
test_real_rules_use_registry_and_expand_audio_consumers (validation_plan_test.ValidationPlanTest.test_real_rules_use_registry_and_expand_audio_consumers) ... ok
test_removed_test_without_registry_change_is_an_error (validation_plan_test.ValidationPlanTest.test_removed_test_without_registry_change_is_an_error) ... ok
test_rename_preserves_both_old_and_new_domains (validation_plan_test.ValidationPlanTest.test_rename_preserves_both_old_and_new_domains) ... ok
test_rules_cannot_reference_unknown_contracts_or_duplicate_test_lists (validation_plan_test.ValidationPlanTest.test_rules_cannot_reference_unknown_contracts_or_duplicate_test_lists) ... ok
test_symlink_is_hashed_without_reading_target_and_requires_full (validation_plan_test.ValidationPlanTest.test_symlink_is_hashed_without_reading_target_and_requires_full) ... ok
test_unknown_file_and_shared_save_expand_to_full (validation_plan_test.ValidationPlanTest.test_unknown_file_and_shared_save_expand_to_full) ... ok
test_unmerged_conflict_stops_planning (validation_plan_test.ValidationPlanTest.test_unmerged_conflict_stops_planning) ... ok
test_worktree_and_nested_project_boundaries (validation_plan_test.ValidationPlanTest.test_worktree_and_nested_project_boundaries) ... ok
test_checks_all_pairs_and_actual_file_overlap (work_packet_test.WorkPacketTest.test_checks_all_pairs_and_actual_file_overlap) ... ok
test_invalid_references_and_duplicate_assignments_are_errors (work_packet_test.WorkPacketTest.test_invalid_references_and_duplicate_assignments_are_errors) ... ok
test_real_catalog_keeps_source_and_contract_links_current (work_packet_test.WorkPacketTest.test_real_catalog_keeps_source_and_contract_links_current) ... ok
test_valid_catalog_and_read_only_brief (work_packet_test.WorkPacketTest.test_valid_catalog_and_read_only_brief) ... ok

----------------------------------------------------------------------
Ran 107 tests in 6.811s

OK (skipped=6)
