Godot Engine v4.6.3.stable.official.7d41c59c4 - https://godotengine.org

PAUSE_MENU_STAGE creature
PAUSE_MENU_CASE ["creature", "de", (1280, 720), 0.8] at_ms=54608
PAUSE_MENU_CASE ["creature", "de", (1280, 720), 1.3] at_ms=57019
PAUSE_MENU_CASE ["creature", "de", (1920, 1080), 0.8] at_ms=60158
PAUSE_MENU_CASE ["creature", "de", (1920, 1080), 1.3] at_ms=62406
PAUSE_MENU_CASE ["creature", "en", (1280, 720), 0.8] at_ms=64678
PAUSE_MENU_CASE ["creature", "en", (1280, 720), 1.3] at_ms=68445
PAUSE_MENU_CASE ["creature", "en", (1920, 1080), 0.8] at_ms=72045
PAUSE_MENU_CASE ["creature", "en", (1920, 1080), 1.3] at_ms=75455
PAUSE_MENU_STAGE tribe
PAUSE_MENU_CASE ["tribe", "de", (1280, 720), 0.8] at_ms=137357
PAUSE_MENU_CASE ["tribe", "de", (1280, 720), 1.3] at_ms=141165
PAUSE_MENU_CASE ["tribe", "de", (1920, 1080), 0.8] at_ms=144150
PAUSE_MENU_CASE ["tribe", "de", (1920, 1080), 1.3] at_ms=147985
PAUSE_MENU_CASE ["tribe", "en", (1280, 720), 0.8] at_ms=152378
PAUSE_MENU_CASE ["tribe", "en", (1280, 720), 1.3] at_ms=155352
PAUSE_MENU_CASE ["tribe", "en", (1920, 1080), 0.8] at_ms=159108
PAUSE_MENU_CASE ["tribe", "en", (1920, 1080), 1.3] at_ms=161989
INT30_MENU_AUDIO_BOOK_PASSED checks=1207
PAUSE_MENU_PASSED checks=1207
