Godot Engine v4.6.3.stable.official.7d41c59c4 - https://godotengine.org

PERFORMANCE_PROGRESS -1 cold_menu 893930
PERFORMANCE_STAGE {"cycle":-1,"draw_calls":null,"elapsed_ms":1020.969,"frame_ms":{"count":60,"max":54.631,"median":16.665,"p95":16.714,"p99":54.631},"gpu_timestamps_available":false,"physics_monitor_ms":{"count":60,"max":43.049,"median":43.049,"p95":43.049,"p99":43.049},"process_monitor_ms":{"count":60,"max":11.461,"median":11.461,"p95":11.461,"p99":11.461},"render_cpu_ms":null,"render_gpu_ms":null,"stage":"cold_menu"}
PERFORMANCE_PROGRESS 0 cold_world 1910361
PERFORMANCE_PROGRESS 0 cold_world 15123931
PERFORMANCE_STAGE {"cycle":0,"draw_calls":null,"elapsed_ms":13279.037,"frame_ms":{"count":47,"max":12530.326,"median":16.654,"p95":17.564,"p99":12530.326},"gpu_timestamps_available":false,"physics_monitor_ms":{"count":47,"max":43.049,"median":0.136,"p95":43.049,"p99":43.049},"process_monitor_ms":{"count":47,"max":12519.103,"median":9.603,"p95":11.461,"p99":12519.103},"render_cpu_ms":null,"render_gpu_ms":null,"stage":"cold_world"}
PERFORMANCE_PROGRESS 0 settle 16130677
PERFORMANCE_STAGE {"cycle":0,"draw_calls":null,"elapsed_ms":977.666,"frame_ms":{"count":60,"max":21.205,"median":16.645,"p95":20.443,"p99":21.205},"gpu_timestamps_available":false,"physics_monitor_ms":{"count":60,"max":10.39,"median":10.39,"p95":10.39,"p99":10.39},"process_monitor_ms":{"count":60,"max":12519.103,"median":12519.103,"p95":12519.103,"p99":12519.103},"render_cpu_ms":null,"render_gpu_ms":null,"stage":"settle"}
PERFORMANCE_PROGRESS 0 walk_outward 17130848
PERFORMANCE_PROGRESS 0 walk_outward 18147336
PERFORMANCE_PROGRESS 0 walk_outward 19149842
PERFORMANCE_PROGRESS 0 walk_outward 20153121
PERFORMANCE_PROGRESS 0 walk_outward 21161822
PERFORMANCE_PROGRESS 0 walk_outward 22167901
PERFORMANCE_PROGRESS 0 walk_outward 23182367
PERFORMANCE_PROGRESS 0 walk_outward 24192686
PERFORMANCE_PROGRESS 0 walk_outward 25194202
PERFORMANCE_PROGRESS 0 walk_outward 26210447
PERFORMANCE_PROGRESS 0 walk_outward 27225454
PERFORMANCE_PROGRESS 0 walk_outward 28229943
PERFORMANCE_PROGRESS 0 walk_outward 29237736
PERFORMANCE_PROGRESS 0 walk_outward 30285707
PERFORMANCE_PROGRESS 0 walk_outward 31287427
PERFORMANCE_PROGRESS 0 walk_outward 32302549
PERFORMANCE_PROGRESS 0 walk_outward 33303282
PERFORMANCE_PROGRESS 0 walk_outward 34304052
PERFORMANCE_PROGRESS 0 walk_outward 35360350
PERFORMANCE_PROGRESS 0 walk_outward 36373425
PERFORMANCE_PROGRESS 0 walk_outward 37373897
PERFORMANCE_PROGRESS 0 walk_outward 38389557
PERFORMANCE_PROGRESS 0 walk_outward 39390020
PERFORMANCE_PROGRESS 0 walk_outward 40406446
PERFORMANCE_PROGRESS 0 walk_outward 41407493
PERFORMANCE_PROGRESS 0 walk_outward 42423808
PERFORMANCE_PROGRESS 0 walk_outward 43440212
PERFORMANCE_PROGRESS 0 walk_outward 44440390
PERFORMANCE_PROGRESS 0 walk_outward 45456858
PERFORMANCE_STAGE {"cycle":0,"draw_calls":null,"elapsed_ms":30010.4,"frame_ms":{"count":1704,"max":155.744,"median":16.6505,"p95":21.347,"p99":47.04},"gpu_timestamps_available":false,"physics_monitor_ms":{"count":1704,"max":22.112,"median":9.891,"p95":18.842,"p99":22.112},"process_monitor_ms":{"count":1704,"max":129.445,"median":17.011,"p95":121.266,"p99":129.445},"render_cpu_ms":null,"render_gpu_ms":null,"stage":"walk_outward"}
PERFORMANCE_PROGRESS 0 walk_return 46456964
PERFORMANCE_PROGRESS 0 walk_return 47473246
PERFORMANCE_PROGRESS 0 walk_return 48490715
PERFORMANCE_PROGRESS 0 walk_return 49506912
PERFORMANCE_PROGRESS 0 walk_return 50508536
PERFORMANCE_PROGRESS 0 walk_return 51523978
PERFORMANCE_PROGRESS 0 walk_return 52525496
PERFORMANCE_PROGRESS 0 walk_return 53539175
PERFORMANCE_PROGRESS 0 walk_return 54539646
PERFORMANCE_PROGRESS 0 walk_return 55557357
PERFORMANCE_PROGRESS 0 walk_return 56572846
PERFORMANCE_PROGRESS 0 walk_return 57573294
PERFORMANCE_PROGRESS 0 walk_return 58590125
PERFORMANCE_PROGRESS 0 walk_return 59605813
PERFORMANCE_PROGRESS 0 walk_return 60608092
PERFORMANCE_PROGRESS 0 walk_return 61626767
PERFORMANCE_PROGRESS 0 walk_return 62640680
PERFORMANCE_PROGRESS 0 walk_return 63640824
PERFORMANCE_PROGRESS 0 walk_return 64655817
PERFORMANCE_PROGRESS 0 walk_return 65672701
PERFORMANCE_PROGRESS 0 walk_return 66676439
PERFORMANCE_PROGRESS 0 walk_return 67688803
PERFORMANCE_PROGRESS 0 walk_return 68705241
PERFORMANCE_PROGRESS 0 walk_return 69706272
PERFORMANCE_PROGRESS 0 walk_return 70725956
PERFORMANCE_PROGRESS 0 walk_return 71738460
PERFORMANCE_PROGRESS 0 walk_return 72739536
PERFORMANCE_PROGRESS 0 walk_return 73739974
PERFORMANCE_PROGRESS 0 walk_return 74759393
PERFORMANCE_PROGRESS 0 walk_return 75773116
PERFORMANCE_PROGRESS 0 walk_return 76788559
PERFORMANCE_PROGRESS 0 walk_return 77804731
PERFORMANCE_PROGRESS 0 walk_return 78806598
PERFORMANCE_PROGRESS 0 walk_return 79808823
PERFORMANCE_PROGRESS 0 walk_return 80821364
PERFORMANCE_PROGRESS 0 walk_return 81822610
PERFORMANCE_PROGRESS 0 walk_return 82826036
PERFORMANCE_PROGRESS 0 walk_return 83841558
PERFORMANCE_PROGRESS 0 walk_return 84858067
PERFORMANCE_PROGRESS 0 walk_return 85873827
PERFORMANCE_PROGRESS 0 walk_return 86874536
PERFORMANCE_PROGRESS 0 walk_return 87891212
PERFORMANCE_PROGRESS 0 walk_return 88891238
PERFORMANCE_PROGRESS 0 walk_return 89907869
PERFORMANCE_PROGRESS 0 walk_return 90908534
PERFORMANCE_PROGRESS 0 walk_return 91924126
PERFORMANCE_PROGRESS 0 walk_return 92924532
PERFORMANCE_PROGRESS 0 walk_return 93940623
PERFORMANCE_PROGRESS 0 walk_return 94941211
PERFORMANCE_PROGRESS 0 walk_return 95957774
PERFORMANCE_PROGRESS 0 walk_return 96958467
PERFORMANCE_PROGRESS 0 walk_return 97974892
PERFORMANCE_PROGRESS 0 walk_return 98974897
PERFORMANCE_PROGRESS 0 walk_return 99990022
PERFORMANCE_PROGRESS 0 walk_return 101008084
PERFORMANCE_PROGRESS 0 walk_return 102008184
PERFORMANCE_PROGRESS 0 walk_return 103023852
PERFORMANCE_PROGRESS 0 walk_return 104041274
PERFORMANCE_PROGRESS 0 walk_return 105056719
PERFORMANCE_PROGRESS 0 walk_return 106057528
PERFORMANCE_PROGRESS 0 walk_return 107075112
PERFORMANCE_PROGRESS 0 walk_return 108091847
PERFORMANCE_PROGRESS 0 walk_return 109106961
PERFORMANCE_PROGRESS 0 walk_return 110107358
PERFORMANCE_PROGRESS 0 walk_return 111125097
PERFORMANCE_PROGRESS 0 walk_return 112144512
PERFORMANCE_PROGRESS 0 walk_return 113156259
PERFORMANCE_PROGRESS 0 walk_return 114157163
PERFORMANCE_PROGRESS 0 walk_return 115157206
PERFORMANCE_PROGRESS 0 walk_return 116157537
PERFORMANCE_PROGRESS 0 walk_return 117172942
PERFORMANCE_PROGRESS 0 walk_return 118172961
PERFORMANCE_PROGRESS 0 walk_return 119173721
PERFORMANCE_PROGRESS 0 walk_return 120191059
PERFORMANCE_PROGRESS 0 walk_return 121207902
PERFORMANCE_PROGRESS 0 walk_return 122224150
PERFORMANCE_PROGRESS 0 walk_return 123239133
PERFORMANCE_PROGRESS 0 walk_return 124245914
PERFORMANCE_PROGRESS 0 walk_return 125255953
PERFORMANCE_PROGRESS 0 walk_return 126258311
PERFORMANCE_PROGRESS 0 walk_return 127273858
PERFORMANCE_PROGRESS 0 walk_return 128277087
PERFORMANCE_PROGRESS 0 walk_return 129290224
PERFORMANCE_PROGRESS 0 walk_return 130306808
PERFORMANCE_PROGRESS 0 walk_return 131323270
PERFORMANCE_PROGRESS 0 walk_return 132323760
PERFORMANCE_PROGRESS 0 walk_return 133341390
PERFORMANCE_PROGRESS 0 walk_return 134355482
PERFORMANCE_PROGRESS 0 walk_return 135357105
PERFORMANCE_PROGRESS 0 walk_return 136376805
PERFORMANCE_PROGRESS 0 walk_return 137388769
PERFORMANCE_PROGRESS 0 walk_return 138389464
PERFORMANCE_PROGRESS 0 walk_return 139389821
PERFORMANCE_PROGRESS 0 walk_return 140405497
PERFORMANCE_PROGRESS 0 walk_return 141422893
PERFORMANCE_PROGRESS 0 walk_return 142423022
PERFORMANCE_PROGRESS 0 walk_return 143438401
PERFORMANCE_PROGRESS 0 walk_return 144455748
PERFORMANCE_PROGRESS 0 walk_return 145456051
PERFORMANCE_PROGRESS 0 walk_return 146472500
PERFORMANCE_PROGRESS 0 walk_return 147484828
PERFORMANCE_PROGRESS 0 walk_return 148485151
PERFORMANCE_PROGRESS 0 walk_return 149501377
PERFORMANCE_PROGRESS 0 walk_return 150503740
PERFORMANCE_STAGE {"cycle":0,"draw_calls":null,"elapsed_ms":105014.439,"frame_ms":{"count":6298,"max":72.943,"median":16.664,"p95":20.161,"p99":22.415},"gpu_timestamps_available":false,"physics_monitor_ms":{"count":6298,"max":64.305,"median":9.606,"p95":14.494,"p99":27.829},"process_monitor_ms":{"count":6298,"max":16.497,"median":5.366,"p95":8.607,"p99":12.039},"render_cpu_ms":null,"render_gpu_ms":null,"stage":"walk_return"}
ERROR: Physical return blocked or player died; no teleport used.
   at: push_error (core/variant/variant_utility.cpp:1024)
   GDScript backtrace (most recent call first):
       [0] _run (res://tools/performance_route_probe.gd:130)
       [1] _walk_return (res://tools/performance_route_probe.gd:178)
       [2] _tick (res://tools/performance_route_probe.gd:216)
