Godot Engine v4.6.3.stable.official.7d41c59c4 - https://godotengine.org

PERFORMANCE_PROGRESS -1 cold_menu 1150225
PERFORMANCE_STAGE {"cycle":-1,"draw_calls":null,"elapsed_ms":1064.827,"frame_ms":{"count":60,"max":99.273,"median":16.664,"p95":16.82,"p99":99.273},"gpu_timestamps_available":false,"physics_monitor_ms":{"count":60,"max":57.764,"median":57.764,"p95":57.764,"p99":57.764},"process_monitor_ms":{"count":60,"max":42.379,"median":42.379,"p95":42.379,"p99":42.379},"render_cpu_ms":null,"render_gpu_ms":null,"stage":"cold_menu"}
PERFORMANCE_PROGRESS 0 cold_world 2151109
PERFORMANCE_PROGRESS 0 cold_world 16398130
PERFORMANCE_STAGE {"cycle":0,"draw_calls":null,"elapsed_ms":14288.591,"frame_ms":{"count":55,"max":13415.663,"median":16.648,"p95":17.438,"p99":13415.663},"gpu_timestamps_available":false,"physics_monitor_ms":{"count":55,"max":10.633,"median":0.949,"p95":0.949,"p99":10.633},"process_monitor_ms":{"count":55,"max":13404.405,"median":0.866,"p95":0.866,"p99":13404.405},"render_cpu_ms":null,"render_gpu_ms":null,"stage":"cold_world"}
PERFORMANCE_PROGRESS 0 settle 17405076
PERFORMANCE_STAGE {"cycle":0,"draw_calls":null,"elapsed_ms":982.362,"frame_ms":{"count":60,"max":24.006,"median":16.6515,"p95":20.944,"p99":24.006},"gpu_timestamps_available":false,"physics_monitor_ms":{"count":60,"max":10.633,"median":10.633,"p95":10.633,"p99":10.633},"process_monitor_ms":{"count":60,"max":13404.405,"median":13404.405,"p95":13404.405,"p99":13404.405},"render_cpu_ms":null,"render_gpu_ms":null,"stage":"settle"}
PERFORMANCE_PROGRESS 0 walk_outward 18405331
PERFORMANCE_PROGRESS 0 walk_outward 19421624
PERFORMANCE_PROGRESS 0 walk_outward 20422142
PERFORMANCE_PROGRESS 0 walk_outward 21429948
PERFORMANCE_PROGRESS 0 walk_outward 22432618
PERFORMANCE_STAGE {"cycle":0,"draw_calls":null,"elapsed_ms":6000.442,"frame_ms":{"count":292,"max":180.531,"median":16.6375,"p95":24.631,"p99":171.893},"gpu_timestamps_available":false,"physics_monitor_ms":{"count":292,"max":11.801,"median":6.915,"p95":11.801,"p99":11.801},"process_monitor_ms":{"count":292,"max":168.773,"median":24.252,"p95":168.773,"p99":168.773},"render_cpu_ms":null,"render_gpu_ms":null,"stage":"walk_outward"}
PERFORMANCE_PROGRESS 0 walk_return 23442564
PERFORMANCE_PROGRESS 0 walk_return 24445697
PERFORMANCE_PROGRESS 0 walk_return 25457220
PERFORMANCE_PROGRESS 0 walk_return 26457373
PERFORMANCE_STAGE {"cycle":0,"draw_calls":null,"elapsed_ms":3970.806,"frame_ms":{"count":221,"max":210.77,"median":16.639,"p95":21.065,"p99":26.247},"gpu_timestamps_available":false,"physics_monitor_ms":{"count":221,"max":14.729,"median":13.053,"p95":14.729,"p99":14.729},"process_monitor_ms":{"count":221,"max":178.282,"median":8.527,"p95":178.282,"p99":178.282},"render_cpu_ms":null,"render_gpu_ms":null,"stage":"walk_return"}
PERFORMANCE_PROGRESS 0 save_and_menu 27560702
PERFORMANCE_STAGE {"cycle":0,"draw_calls":null,"elapsed_ms":1169.385,"frame_ms":{"count":61,"max":183.553,"median":16.662,"p95":16.925,"p99":183.553},"gpu_timestamps_available":false,"physics_monitor_ms":{"count":61,"max":11.594,"median":9.941,"p95":11.594,"p99":11.594},"process_monitor_ms":{"count":61,"max":183.238,"median":183.238,"p95":183.238,"p99":183.238},"render_cpu_ms":null,"render_gpu_ms":null,"stage":"save_and_menu"}
PERFORMANCE_PROGRESS 1 reload_world 28598184
PERFORMANCE_PROGRESS 1 reload_world 41735518
PERFORMANCE_STAGE {"cycle":1,"draw_calls":null,"elapsed_ms":13203.529,"frame_ms":{"count":5,"max":13135.676,"median":12.299,"p95":13135.676,"p99":13135.676},"gpu_timestamps_available":false,"physics_monitor_ms":{"count":5,"max":11.389,"median":9.941,"p95":11.389,"p99":11.389},"process_monitor_ms":{"count":5,"max":13123.8,"median":183.238,"p95":13123.8,"p99":13123.8},"render_cpu_ms":null,"render_gpu_ms":null,"stage":"reload_world"}
PERFORMANCE_PROGRESS 1 settle 42743551
PERFORMANCE_STAGE {"cycle":1,"draw_calls":null,"elapsed_ms":980.708,"frame_ms":{"count":60,"max":44.545,"median":16.6395,"p95":20.416,"p99":44.545},"gpu_timestamps_available":false,"physics_monitor_ms":{"count":60,"max":11.389,"median":4.985,"p95":11.389,"p99":11.389},"process_monitor_ms":{"count":60,"max":13123.8,"median":42.477,"p95":13123.8,"p99":13123.8},"render_cpu_ms":null,"render_gpu_ms":null,"stage":"settle"}
PERFORMANCE_PROGRESS 1 walk_outward 43759027
PERFORMANCE_PROGRESS 1 walk_outward 44759163
PERFORMANCE_PROGRESS 1 walk_outward 45759615
PERFORMANCE_PROGRESS 1 walk_outward 46767423
PERFORMANCE_PROGRESS 1 walk_outward 47774379
PERFORMANCE_STAGE {"cycle":1,"draw_calls":null,"elapsed_ms":6001.851,"frame_ms":{"count":311,"max":134.349,"median":16.604,"p95":28.8,"p99":118.975},"gpu_timestamps_available":false,"physics_monitor_ms":{"count":311,"max":63.362,"median":8.671,"p95":63.362,"p99":63.362},"process_monitor_ms":{"count":311,"max":122.698,"median":27.724,"p95":122.698,"p99":122.698},"render_cpu_ms":null,"render_gpu_ms":null,"stage":"walk_outward"}
PERFORMANCE_PROGRESS 1 walk_return 48778063
PERFORMANCE_PROGRESS 1 walk_return 49790536
PERFORMANCE_PROGRESS 1 walk_return 50792394
PERFORMANCE_PROGRESS 1 walk_return 51808845
PERFORMANCE_STAGE {"cycle":1,"draw_calls":null,"elapsed_ms":3715.371,"frame_ms":{"count":219,"max":80.116,"median":16.703,"p95":22.337,"p99":34.857},"gpu_timestamps_available":false,"physics_monitor_ms":{"count":219,"max":36.494,"median":11.661,"p95":36.494,"p99":36.494},"process_monitor_ms":{"count":219,"max":110.822,"median":12.05,"p95":110.822,"p99":110.822},"render_cpu_ms":null,"render_gpu_ms":null,"stage":"walk_return"}
PERFORMANCE_PROGRESS 1 save_and_menu 52815444
PERFORMANCE_STAGE {"cycle":1,"draw_calls":null,"elapsed_ms":1154.711,"frame_ms":{"count":61,"max":171.601,"median":16.649,"p95":16.901,"p99":171.601},"gpu_timestamps_available":false,"physics_monitor_ms":{"count":61,"max":12.184,"median":11.919,"p95":12.184,"p99":12.184},"process_monitor_ms":{"count":61,"max":171.227,"median":171.227,"p95":171.227,"p99":171.227},"render_cpu_ms":null,"render_gpu_ms":null,"stage":"save_and_menu"}
