2026-10-02T06:11:35.6662548Z Current runner version: '2.337.0'
2026-10-02T06:11:35.6681505Z ##[group]Runner Image Provisioner
2026-10-02T06:11:35.6682223Z Hosted Compute Agent
2026-10-02T06:11:35.6682712Z Version: 20260901.588
2026-10-02T06:11:35.6683231Z Commit: f88ec8081b781fac6c440065ac7ff9e710ce3d0b
2026-10-02T06:11:35.6683822Z Build Date: 2026-09-01T19:56:44Z
2026-10-02T06:11:35.6684381Z Worker ID: {8e5fa40f-d979-4cf6-b16a-d8d2e3cadb3d}
2026-10-02T06:11:35.6684947Z Azure Region: centralus
2026-10-02T06:11:35.6685444Z ##[endgroup]
2026-10-02T06:11:35.6686712Z ##[group]Operating System
2026-10-02T06:11:35.6687277Z Ubuntu
2026-10-02T06:11:35.6687744Z 24.04.5
2026-10-02T06:11:35.6688164Z LTS
2026-10-02T06:11:35.6688551Z ##[endgroup]
2026-10-02T06:11:35.6689028Z ##[group]Runner Image
2026-10-02T06:11:35.6689524Z Image: ubuntu-24.04
2026-10-02T06:11:35.6689967Z Version: 20260927.320.1
2026-10-02T06:11:35.6690978Z Included Software: https://github.com/actions/runner-images/blob/ubuntu24/20260927.320/images/ubuntu/Ubuntu2404-Readme.md
2026-10-02T06:11:35.6692127Z Image Release: https://github.com/actions/runner-images/releases/tag/ubuntu24%2F20260927.320
2026-10-02T06:11:35.6692885Z ##[endgroup]
2026-10-02T06:11:35.6693787Z ##[group]GITHUB_TOKEN Permissions
2026-10-02T06:11:35.6695413Z Contents: read
2026-10-02T06:11:35.6696079Z Metadata: read
2026-10-02T06:11:35.6696574Z ##[endgroup]
2026-10-02T06:11:35.6698183Z Secret source: Actions
2026-10-02T06:11:35.6699025Z Cache mode: write
2026-10-02T06:11:35.6699572Z Prepare workflow directory
2026-10-02T06:11:35.6958149Z Prepare all required actions
2026-10-02T06:11:35.6993551Z Getting action download info
2026-10-02T06:11:35.9586785Z Download action repository 'actions/checkout@v4' (SHA:11d5960a326750d5838078e36cf38b85af677262)
2026-10-02T06:11:36.5953104Z Download action repository 'actions/setup-python@v5' (SHA:a26af69be951a213d495a4c3e4e4022e16d87065)
2026-10-02T06:11:36.9778730Z Download action repository 'actions/upload-artifact@v4' (SHA:ea165f8d65b6e75b540449e92b4886f43607fa02)
2026-10-02T06:11:37.6868896Z Complete job name: contracts
2026-10-02T06:11:37.7378476Z ##[group]Run actions/checkout@v4
2026-10-02T06:11:37.7378989Z with:
2026-10-02T06:11:37.7379369Z   fetch-depth: 0
2026-10-02T06:11:37.7379704Z   persist-credentials: false
2026-10-02T06:11:37.7380098Z   repository: MajorDragonfly/voxelverse
2026-10-02T06:11:37.7382275Z   token: ***
2026-10-02T06:11:37.7382581Z   ssh-strict: true
2026-10-02T06:11:37.7382934Z   ssh-user: git
2026-10-02T06:11:37.7383237Z   clean: true
2026-10-02T06:11:37.7383573Z   sparse-checkout-cone-mode: true
2026-10-02T06:11:37.7383939Z   fetch-tags: false
2026-10-02T06:11:37.7384257Z   show-progress: true
2026-10-02T06:11:37.7384687Z   lfs: false
2026-10-02T06:11:37.7385022Z   submodules: false
2026-10-02T06:11:37.7385381Z   set-safe-directory: true
2026-10-02T06:11:37.7385738Z   allow-unsafe-pr-checkout: false
2026-10-02T06:11:37.7386457Z ##[endgroup]
2026-10-02T06:11:37.8140683Z Syncing repository: MajorDragonfly/voxelverse
2026-10-02T06:11:37.8142613Z ##[group]Getting Git version info
2026-10-02T06:11:37.8143442Z Working directory is '/home/runner/work/voxelverse/voxelverse'
2026-10-02T06:11:37.8144464Z [command]/usr/bin/git version
2026-10-02T06:11:37.8263965Z git version 2.55.0
2026-10-02T06:11:37.8278184Z ##[endgroup]
2026-10-02T06:11:37.8286367Z Temporarily overriding HOME='/home/runner/work/_temp/6c717499-4424-48dc-ae63-fd2bedb6c5d1' before making global git config changes
2026-10-02T06:11:37.8287972Z Adding repository directory to the temporary git global config as a safe directory
2026-10-02T06:11:37.8289521Z [command]/usr/bin/git config --global --add safe.directory /home/runner/work/voxelverse/voxelverse
2026-10-02T06:11:37.8936801Z Deleting the contents of '/home/runner/work/voxelverse/voxelverse'
2026-10-02T06:11:37.8940300Z ##[group]Initializing the repository
2026-10-02T06:11:37.8943168Z [command]/usr/bin/git init /home/runner/work/voxelverse/voxelverse
2026-10-02T06:11:38.0284777Z hint: Using 'master' as the name for the initial branch. This default branch name
2026-10-02T06:11:38.0286584Z hint: will change to "main" in Git 3.0. To configure the initial branch name
2026-10-02T06:11:38.0287517Z hint: to use in all of your new repositories, which will suppress this warning,
2026-10-02T06:11:38.0288153Z hint: call:
2026-10-02T06:11:38.0288605Z hint:
2026-10-02T06:11:38.0289255Z hint: 	git config --global init.defaultBranch <name>
2026-10-02T06:11:38.0289812Z hint:
2026-10-02T06:11:38.0290384Z hint: Names commonly chosen instead of 'master' are 'main', 'trunk' and
2026-10-02T06:11:38.0291063Z hint: 'development'. The just-created branch can be renamed via this command:
2026-10-02T06:11:38.0291683Z hint:
2026-10-02T06:11:38.0292098Z hint: 	git branch -m <name>
2026-10-02T06:11:38.0292423Z hint:
2026-10-02T06:11:38.0292847Z hint: Disable this message with "git config set advice.defaultBranchName false"
2026-10-02T06:11:38.0293686Z Initialized empty Git repository in /home/runner/work/voxelverse/voxelverse/.git/
2026-10-02T06:11:38.0296476Z [command]/usr/bin/git remote add origin https://github.com/MajorDragonfly/voxelverse
2026-10-02T06:11:38.0338334Z ##[endgroup]
2026-10-02T06:11:38.0338806Z ##[group]Disabling automatic garbage collection
2026-10-02T06:11:38.0341761Z [command]/usr/bin/git config --local gc.auto 0
2026-10-02T06:11:38.0366342Z ##[endgroup]
2026-10-02T06:11:38.0366984Z ##[group]Setting up auth
2026-10-02T06:11:38.0372198Z [command]/usr/bin/git config --local --name-only --get-regexp core\.sshCommand
2026-10-02T06:11:38.0394694Z [command]/usr/bin/git submodule foreach --recursive sh -c "git config --local --name-only --get-regexp 'core\.sshCommand' && git config --local --unset-all 'core.sshCommand' || :"
2026-10-02T06:11:38.1579537Z [command]/usr/bin/git config --local --name-only --get-regexp http\.https\:\/\/github\.com\/\.extraheader
2026-10-02T06:11:38.1604228Z [command]/usr/bin/git submodule foreach --recursive sh -c "git config --local --name-only --get-regexp 'http\.https\:\/\/github\.com\/\.extraheader' && git config --local --unset-all 'http.https://github.com/.extraheader' || :"
2026-10-02T06:11:38.1749554Z [command]/usr/bin/git config --local --name-only --get-regexp ^includeIf\.gitdir:
2026-10-02T06:11:38.1772481Z [command]/usr/bin/git submodule foreach --recursive git config --local --show-origin --name-only --get-regexp remote.origin.url
2026-10-02T06:11:38.1919271Z [command]/usr/bin/git config --local http.https://github.com/.extraheader AUTHORIZATION: basic ***
2026-10-02T06:11:38.1955746Z ##[endgroup]
2026-10-02T06:11:38.1956630Z ##[group]Fetching the repository
2026-10-02T06:11:38.1966407Z [command]/usr/bin/git -c protocol.version=2 fetch --prune --no-recurse-submodules origin +refs/heads/*:refs/remotes/origin/* +refs/tags/*:refs/tags/* +ed2a58ee976f13a1682bb81791c565d996a6fa71:refs/remotes/pull/253/merge
2026-10-02T06:11:42.9477003Z From https://github.com/MajorDragonfly/voxelverse
2026-10-02T06:11:42.9477919Z  * [new branch]      agent/arch-17-fauna-budget               -> origin/agent/arch-17-fauna-budget
2026-10-02T06:11:42.9478585Z  * [new branch]      agent/arch-17-publish-2026-09-15         -> origin/agent/arch-17-publish-2026-09-15
2026-10-02T06:11:42.9479294Z  * [new branch]      agent/arch02-developed-route-20260915    -> origin/agent/arch02-developed-route-20260915
2026-10-02T06:11:42.9480129Z  * [new branch]      agent/arch02-spherical-performance-2026-09-10 -> origin/agent/arch02-spherical-performance-2026-09-10
2026-10-02T06:11:42.9480923Z  * [new branch]      agent/arch05-surface-contract-2026-09-10 -> origin/agent/arch05-surface-contract-2026-09-10
2026-10-02T06:11:42.9481809Z  * [new branch]      agent/arch06-coordinate-precision-2026-09-10 -> origin/agent/arch06-coordinate-precision-2026-09-10
2026-10-02T06:11:42.9497068Z  * [new branch]      agent/arch07-save-participants-2026-09-10 -> origin/agent/arch07-save-participants-2026-09-10
2026-10-02T06:11:42.9497877Z  * [new branch]      agent/arch13-atlas-backups-2026-09-10    -> origin/agent/arch13-atlas-backups-2026-09-10
2026-10-02T06:11:42.9498745Z  * [new branch]      agent/arch13-full-userdata-backups-2026-09-10 -> origin/agent/arch13-full-userdata-backups-2026-09-10
2026-10-02T06:11:42.9499818Z  * [new branch]      agent/arch13-global-manifest-2026-09-15  -> origin/agent/arch13-global-manifest-2026-09-15
2026-10-02T06:11:42.9500731Z  * [new branch]      agent/arch13-place-backups-2026-09-10    -> origin/agent/arch13-place-backups-2026-09-10
2026-10-02T06:11:42.9501383Z  * [new branch]      agent/arch13-region-backups-2026-09-10   -> origin/agent/arch13-region-backups-2026-09-10
2026-10-02T06:11:42.9501948Z  * [new branch]      agent/arch13-retention-lifecycle-20260915 -> origin/agent/arch13-retention-lifecycle-20260915
2026-10-02T06:11:42.9502536Z  * [new branch]      agent/arch14-atlas-search-20260916       -> origin/agent/arch14-atlas-search-20260916
2026-10-02T06:11:42.9503060Z  * [new branch]      agent/arch14-encounters-20260915         -> origin/agent/arch14-encounters-20260915
2026-10-02T06:11:42.9503613Z  * [new branch]      agent/arch14-journal-paging-2026-09-15   -> origin/agent/arch14-journal-paging-2026-09-15
2026-10-02T06:11:42.9504170Z  * [new branch]      agent/arch14-lab-population-20260915     -> origin/agent/arch14-lab-population-20260915
2026-10-02T06:11:42.9504753Z  * [new branch]      agent/arch14-population-registers-2026-09-10 -> origin/agent/arch14-population-registers-2026-09-10
2026-10-02T06:11:42.9505394Z  * [new branch]      agent/arch15-targeted-work-snapshots-2026-09-10 -> origin/agent/arch15-targeted-work-snapshots-2026-09-10
2026-10-02T06:11:42.9506214Z  * [new branch]      agent/arch15-work-observation-2026-09-10 -> origin/agent/arch15-work-observation-2026-09-10
2026-10-02T06:11:42.9506766Z  * [new branch]      agent/arch17-audio-budget-20260915       -> origin/agent/arch17-audio-budget-20260915
2026-10-02T06:11:42.9507336Z  * [new branch]      agent/arch17-publish-tail-20260915       -> origin/agent/arch17-publish-tail-20260915
2026-10-02T06:11:42.9507925Z  * [new branch]      agent/arch17-terrain-lookahead-2026-09-10 -> origin/agent/arch17-terrain-lookahead-2026-09-10
2026-10-02T06:11:42.9508605Z  * [new branch]      agent/arch18-animal-travel-2026-09-10    -> origin/agent/arch18-animal-travel-2026-09-10
2026-10-02T06:11:42.9509189Z  * [new branch]      agent/arch20-production-contract-2026-09-10 -> origin/agent/arch20-production-contract-2026-09-10
2026-10-02T06:11:42.9509756Z  * [new branch]      agent/arch21-egg-species-2026-09-10      -> origin/agent/arch21-egg-species-2026-09-10
2026-10-02T06:11:42.9510261Z  * [new branch]      agent/arch22-egg-production-2026-09-10   -> origin/agent/arch22-egg-production-2026-09-10
2026-10-02T06:11:42.9510889Z  * [new branch]      agent/arch23-blueprint-contract-2026-09-10 -> origin/agent/arch23-blueprint-contract-2026-09-10
2026-10-02T06:11:42.9511497Z  * [new branch]      agent/arch24-animal-feet-2026-09-10      -> origin/agent/arch24-animal-feet-2026-09-10
2026-10-02T06:11:42.9512067Z  * [new branch]      agent/arch24-articulation-20260915       -> origin/agent/arch24-articulation-20260915
2026-10-02T06:11:42.9512582Z  * [new branch]      agent/arch24-crab-claws-2026-09-10       -> origin/agent/arch24-crab-claws-2026-09-10
2026-10-02T06:11:42.9513067Z  * [new branch]      agent/arch24-fins-ears-20260917          -> origin/agent/arch24-fins-ears-20260917
2026-10-02T06:11:42.9513647Z  * [new branch]      agent/arch24-mouth-models-2026-09-10     -> origin/agent/arch24-mouth-models-2026-09-10
2026-10-02T06:11:42.9514259Z  * [new branch]      agent/arch24-mouths-antlers-crests-20260916 -> origin/agent/arch24-mouths-antlers-crests-20260916
2026-10-02T06:11:42.9514821Z  * [new branch]      agent/arch24-part-geometry-2026-09-10    -> origin/agent/arch24-part-geometry-2026-09-10
2026-10-02T06:11:42.9515344Z  * [new branch]      agent/arch24-part-revisions-20260915     -> origin/agent/arch24-part-revisions-20260915
2026-10-02T06:11:42.9516005Z  * [new branch]      agent/arch24-snouts-20260915             -> origin/agent/arch24-snouts-20260915
2026-10-02T06:11:42.9516624Z  * [new branch]      agent/arch24-tail-families-20260915      -> origin/agent/arch24-tail-families-20260915
2026-10-02T06:11:42.9517251Z  * [new branch]      agent/arch24-trunk                       -> origin/agent/arch24-trunk
2026-10-02T06:11:42.9517734Z  * [new branch]      agent/arch24-wing-families-20260916      -> origin/agent/arch24-wing-families-20260916
2026-10-02T06:11:42.9518225Z  * [new branch]      agent/arch25-editor-20260915             -> origin/agent/arch25-editor-20260915
2026-10-02T06:11:42.9519229Z  * [new branch]      agent/arch25-home-group-localization-2026-09-10 -> origin/agent/arch25-home-group-localization-2026-09-10
2026-10-02T06:11:42.9519861Z  * [new branch]      agent/arch25-husbandry-ui-20260915       -> origin/agent/arch25-husbandry-ui-20260915
2026-10-02T06:11:42.9520358Z  * [new branch]      agent/arch25-journal-20260915            -> origin/agent/arch25-journal-20260915
2026-10-02T06:11:42.9520954Z  * [new branch]      agent/arch25-neighbor-localization-2026-09-10 -> origin/agent/arch25-neighbor-localization-2026-09-10
2026-10-02T06:11:42.9521602Z  * [new branch]      agent/arch25-owned-animals-localization-2026-09-10 -> origin/agent/arch25-owned-animals-localization-2026-09-10
2026-10-02T06:11:42.9522226Z  * [new branch]      agent/arch25-skills-localization-2026-09-10 -> origin/agent/arch25-skills-localization-2026-09-10
2026-10-02T06:11:42.9522911Z  * [new branch]      agent/arch25-tribal-playtest-20260915    -> origin/agent/arch25-tribal-playtest-20260915
2026-10-02T06:11:42.9523419Z  * [new branch]      agent/arch25-tribe-ui-2026-09-15         -> origin/agent/arch25-tribe-ui-2026-09-15
2026-10-02T06:11:42.9523974Z  * [new branch]      agent/arch25-world-map-localization-2026-09-10 -> origin/agent/arch25-world-map-localization-2026-09-10
2026-10-02T06:11:42.9524609Z  * [new branch]      agent/arch26-construction-control-20260916 -> origin/agent/arch26-construction-control-20260916
2026-10-02T06:11:42.9525159Z  * [new branch]      agent/arch26-second-site-20260915        -> origin/agent/arch26-second-site-20260915
2026-10-02T06:11:42.9525917Z  * [new branch]      agent/arch26-settlement-contract-2026-09-10 -> origin/agent/arch26-settlement-contract-2026-09-10
2026-10-02T06:11:42.9526622Z  * [new branch]      agent/arch26-workplace-instances-20260915 -> origin/agent/arch26-workplace-instances-20260915
2026-10-02T06:11:42.9527252Z  * [new branch]      agent/arch27-regional-transport-2026-09-10 -> origin/agent/arch27-regional-transport-2026-09-10
2026-10-02T06:11:42.9527808Z  * [new branch]      agent/arch27-site-transport-20260915     -> origin/agent/arch27-site-transport-20260915
2026-10-02T06:11:42.9528367Z  * [new branch]      agent/arch28-phase-handoff-2026-09-10    -> origin/agent/arch28-phase-handoff-2026-09-10
2026-10-02T06:11:42.9528915Z  * [new branch]      agent/arch29-check-plan-20260915         -> origin/agent/arch29-check-plan-20260915
2026-10-02T06:11:42.9529466Z  * [new branch]      agent/arch29-contract-validation-2026-09-10 -> origin/agent/arch29-contract-validation-2026-09-10
2026-10-02T06:11:42.9530073Z  * [new branch]      agent/arch29-export-provenance-3e3efb2408e2 -> origin/agent/arch29-export-provenance-3e3efb2408e2
2026-10-02T06:11:42.9530651Z  * [new branch]      agent/arch29-run-provenance-20260915     -> origin/agent/arch29-run-provenance-20260915
2026-10-02T06:11:42.9531234Z  * [new branch]      agent/arch29-validation-provenance-20260915 -> origin/agent/arch29-validation-provenance-20260915
2026-10-02T06:11:42.9531926Z  * [new branch]      agent/arch30-expedition-contract-2026-09-10 -> origin/agent/arch30-expedition-contract-2026-09-10
2026-10-02T06:11:42.9532551Z  * [new branch]      agent/arch30-ship-instances-20260916     -> origin/agent/arch30-ship-instances-20260916
2026-10-02T06:11:42.9533216Z  * [new branch]      agent/arch30-shipyard-20260915           -> origin/agent/arch30-shipyard-20260915
2026-10-02T06:11:42.9533802Z  * [new branch]      agent/architecture-scalability-audit     -> origin/agent/architecture-scalability-audit
2026-10-02T06:11:42.9534420Z  * [new branch]      agent/atmosphere-settings-detail-20260916 -> origin/agent/atmosphere-settings-detail-20260916
2026-10-02T06:11:42.9535152Z  * [new branch]      agent/atmosphere-shaders-20260915        -> origin/agent/atmosphere-shaders-20260915
2026-10-02T06:11:42.9535694Z  * [new branch]      agent/audio-foundation                   -> origin/agent/audio-foundation
2026-10-02T06:11:42.9536388Z  * [new branch]      agent/campaign-scaling-2026-09-09        -> origin/agent/campaign-scaling-2026-09-09
2026-10-02T06:11:42.9537083Z  * [new branch]      agent/community-blueprint-contract-2026-09-10 -> origin/agent/community-blueprint-contract-2026-09-10
2026-10-02T06:11:42.9537761Z  * [new branch]      agent/community-blueprint-library-2026-09-10 -> origin/agent/community-blueprint-library-2026-09-10
2026-10-02T06:11:42.9538565Z  * [new branch]      agent/community-library-favorites-20260916 -> origin/agent/community-library-favorites-20260916
2026-10-02T06:11:42.9539152Z  * [new branch]      agent/community-service-contract-20260917 -> origin/agent/community-service-contract-20260917
2026-10-02T06:11:42.9539824Z  * [new branch]      agent/creature-animation-fluidity        -> origin/agent/creature-animation-fluidity
2026-10-02T06:11:42.9540536Z  * [new branch]      agent/creature-behavior-gameplay         -> origin/agent/creature-behavior-gameplay
2026-10-02T06:11:42.9541244Z  * [new branch]      agent/creature-body-contract             -> origin/agent/creature-body-contract
2026-10-02T06:11:42.9541995Z  * [new branch]      agent/creature-body-fit                  -> origin/agent/creature-body-fit
2026-10-02T06:11:42.9542704Z  * [new branch]      agent/creature-editor-spore              -> origin/agent/creature-editor-spore
2026-10-02T06:11:42.9543395Z  * [new branch]      agent/creature-lab-v5-runtime-bridge     -> origin/agent/creature-lab-v5-runtime-bridge
2026-10-02T06:11:42.9544138Z  * [new branch]      agent/creature-seat-fit                  -> origin/agent/creature-seat-fit
2026-10-02T06:11:42.9545105Z  * [new branch]      agent/d1-planet-fauna                    -> origin/agent/d1-planet-fauna
2026-10-02T06:11:42.9545685Z  * [new branch]      agent/d11-fauna-body-evidence            -> origin/agent/d11-fauna-body-evidence
2026-10-02T06:11:42.9546533Z  * [new branch]      agent/d12-spherical-fauna                -> origin/agent/d12-spherical-fauna
2026-10-02T06:11:42.9547141Z  * [new branch]      agent/d2-domestication                   -> origin/agent/d2-domestication
2026-10-02T06:11:42.9547656Z  * [new branch]      agent/d3-village-husbandry               -> origin/agent/d3-village-husbandry
2026-10-02T06:11:42.9548137Z  * [new branch]      agent/dashboard-refresh-20260929         -> origin/agent/dashboard-refresh-20260929
2026-10-02T06:11:42.9548787Z  * [new branch]      agent/development-book-compact-20260916  -> origin/agent/development-book-compact-20260916
2026-10-02T06:11:42.9549333Z  * [new branch]      agent/development-workflow-20260916      -> origin/agent/development-workflow-20260916
2026-10-02T06:11:42.9549819Z  * [new branch]      agent/discovery-journal                  -> origin/agent/discovery-journal
2026-10-02T06:11:42.9550380Z  * [new branch]      agent/efficient-parallel-work-2026-09-15 -> origin/agent/efficient-parallel-work-2026-09-15
2026-10-02T06:11:42.9550930Z  * [new branch]      agent/export-reliability-2026-09-09      -> origin/agent/export-reliability-2026-09-09
2026-10-02T06:11:42.9551400Z  * [new branch]      agent/galaxy-catalog                     -> origin/agent/galaxy-catalog
2026-10-02T06:11:42.9551857Z  * [new branch]      agent/game-menus                         -> origin/agent/game-menus
2026-10-02T06:11:42.9552306Z  * [new branch]      agent/gpt-team-20260917                  -> origin/agent/gpt-team-20260917
2026-10-02T06:11:42.9552747Z  * [new branch]      agent/home-group                         -> origin/agent/home-group
2026-10-02T06:11:42.9553199Z  * [new branch]      agent/hud-redesign-20260915              -> origin/agent/hud-redesign-20260915
2026-10-02T06:11:42.9553670Z  * [new branch]      agent/int30-02-performance               -> origin/agent/int30-02-performance
2026-10-02T06:11:42.9554267Z  * [new branch]      agent/int30-03-materials-distance        -> origin/agent/int30-03-materials-distance
2026-10-02T06:11:42.9554749Z  * [new branch]      agent/int30-04-camera-drink              -> origin/agent/int30-04-camera-drink
2026-10-02T06:11:42.9555238Z  * [new branch]      agent/int30-05-scanner-nests             -> origin/agent/int30-05-scanner-nests
2026-10-02T06:11:42.9555711Z  * [new branch]      agent/int30-06-tribe-controls            -> origin/agent/int30-06-tribe-controls
2026-10-02T06:11:42.9556355Z  * [new branch]      agent/int30-07-creatures                 -> origin/agent/int30-07-creatures
2026-10-02T06:11:42.9556824Z  * [new branch]      agent/int30-08-weather-water             -> origin/agent/int30-08-weather-water
2026-10-02T06:11:42.9557334Z  * [new branch]      agent/int30-09-menu-audio-book           -> origin/agent/int30-09-menu-audio-book
2026-10-02T06:11:42.9557832Z  * [new branch]      agent/int30-10-village-save              -> origin/agent/int30-10-village-save
2026-10-02T06:11:42.9558295Z  * [new branch]      agent/int30-11-world-map                 -> origin/agent/int30-11-world-map
2026-10-02T06:11:42.9558793Z  * [new branch]      agent/int30-12-design-library-20260930   -> origin/agent/int30-12-design-library-20260930
2026-10-02T06:11:42.9559379Z  * [new branch]      agent/int30-13-owned-animals-20260930    -> origin/agent/int30-13-owned-animals-20260930
2026-10-02T06:11:42.9559902Z  * [new branch]      agent/int30-14-building-editor           -> origin/agent/int30-14-building-editor
2026-10-02T06:11:42.9560429Z  * [new branch]      agent/int30-15-shipyard-20260930         -> origin/agent/int30-15-shipyard-20260930
2026-10-02T06:11:42.9560941Z  * [new branch]      agent/int30-16-community-gallery-20260930 -> origin/agent/int30-16-community-gallery-20260930
2026-10-02T06:11:42.9561499Z  * [new branch]      agent/int30-17-building-exchange-20260930 -> origin/agent/int30-17-building-exchange-20260930
2026-10-02T06:11:42.9562100Z  * [new branch]      agent/int30-18-ship-exchange             -> origin/agent/int30-18-ship-exchange
2026-10-02T06:11:42.9562569Z  * [new branch]      agent/int30-19-tribal-guidance           -> origin/agent/int30-19-tribal-guidance
2026-10-02T06:11:42.9563095Z  * [new branch]      agent/int30-20-scenery-collision-20260930 -> origin/agent/int30-20-scenery-collision-20260930
2026-10-02T06:11:42.9563645Z  * [new branch]      agent/int30-21-underwater-audio          -> origin/agent/int30-21-underwater-audio
2026-10-02T06:11:42.9564137Z  * [new branch]      agent/int30-22-creature-appearance       -> origin/agent/int30-22-creature-appearance
2026-10-02T06:11:42.9564690Z  * [new branch]      agent/int30-23-medieval-tech-prototype   -> origin/agent/int30-23-medieval-tech-prototype
2026-10-02T06:11:42.9565197Z  * [new branch]      agent/int30-24-galaxy-browser            -> origin/agent/int30-24-galaxy-browser
2026-10-02T06:11:42.9565692Z  * [new branch]      agent/int30-25-building-templates        -> origin/agent/int30-25-building-templates
2026-10-02T06:11:42.9566399Z  * [new branch]      agent/int30-building-editor-800-layout   -> origin/agent/int30-building-editor-800-layout
2026-10-02T06:11:42.9567039Z  * [new branch]      agent/int30-collision-publication-trace-20261001 -> origin/agent/int30-collision-publication-trace-20261001
2026-10-02T06:11:42.9567714Z  * [new branch]      agent/int30-frontend-jump-observation-20261001 -> origin/agent/int30-frontend-jump-observation-20261001
2026-10-02T06:11:42.9568273Z  * [new branch]      agent/integration-2026-09-09             -> origin/agent/integration-2026-09-09
2026-10-02T06:11:42.9568742Z  * [new branch]      agent/integration-2026-09-10             -> origin/agent/integration-2026-09-10
2026-10-02T06:11:42.9569228Z  * [new branch]      agent/integration-dashboard-20260916     -> origin/agent/integration-dashboard-20260916
2026-10-02T06:11:42.9569782Z  * [new branch]      agent/integration-int30-20261001         -> origin/agent/integration-int30-20261001
2026-10-02T06:11:42.9570461Z  * [new branch]      agent/integration-playtest-20260917      -> origin/agent/integration-playtest-20260917
2026-10-02T06:11:42.9570996Z  * [new branch]      agent/integration-pt19-20260930          -> origin/agent/integration-pt19-20260930
2026-10-02T06:11:42.9571514Z  * [new branch]      agent/integration-r32-20261002           -> origin/agent/integration-r32-20261002
2026-10-02T06:11:42.9572092Z  * [new branch]      agent/integration-sphere-acceptance-2026-09-11 -> origin/agent/integration-sphere-acceptance-2026-09-11
2026-10-02T06:11:42.9572674Z  * [new branch]      agent/integration-spherical-2026-09-09   -> origin/agent/integration-spherical-2026-09-09
2026-10-02T06:11:42.9573482Z  * [new branch]      agent/integration-vegetation-nest-20260915 -> origin/agent/integration-vegetation-nest-20260915
2026-10-02T06:11:42.9574173Z  * [new branch]      agent/interface-audio-task7              -> origin/agent/interface-audio-task7
2026-10-02T06:11:42.9574737Z  * [new branch]      agent/layered-world-creature-builder-v7  -> origin/agent/layered-world-creature-builder-v7
2026-10-02T06:11:42.9575268Z  * [new branch]      agent/m10-foley-20260915                 -> origin/agent/m10-foley-20260915
2026-10-02T06:11:42.9575728Z  * [new branch]      agent/m10-guidance-20260916              -> origin/agent/m10-guidance-20260916
2026-10-02T06:11:42.9576456Z  * [new branch]      agent/m10-tribe-tutorial-20260917        -> origin/agent/m10-tribe-tutorial-20260917
2026-10-02T06:11:42.9576976Z  * [new branch]      agent/m1d-surface-adapter                -> origin/agent/m1d-surface-adapter
2026-10-02T06:11:42.9577508Z  * [new branch]      agent/m1e-spherical-campaign-2026-09-09  -> origin/agent/m1e-spherical-campaign-2026-09-09
2026-10-02T06:11:42.9578148Z  * [new branch]      agent/m2-behavior-skilltree              -> origin/agent/m2-behavior-skilltree
2026-10-02T06:11:42.9578889Z  * [new branch]      agent/m4-animal-expression-20260915      -> origin/agent/m4-animal-expression-20260915
2026-10-02T06:11:42.9579562Z  * [new branch]      agent/m4-living-creatures-20260917       -> origin/agent/m4-living-creatures-20260917
2026-10-02T06:11:42.9580104Z  * [new branch]      agent/m4-recovery-20260916               -> origin/agent/m4-recovery-20260916
2026-10-02T06:11:42.9580565Z  * [new branch]      agent/m4-social-play-20260916            -> origin/agent/m4-social-play-20260916
2026-10-02T06:11:42.9581059Z  * [new branch]      agent/m4-wildlife-hunting-20260916       -> origin/agent/m4-wildlife-hunting-20260916
2026-10-02T06:11:42.9581646Z  * [new branch]      agent/m6-order-latency-followup-20260929 -> origin/agent/m6-order-latency-followup-20260929
2026-10-02T06:11:42.9582197Z  * [new branch]      agent/m6-orders-first-20260916           -> origin/agent/m6-orders-first-20260916
2026-10-02T06:11:42.9582714Z  * [new branch]      agent/m6-planet-shelter-labels-20260929  -> origin/agent/m6-planet-shelter-labels-20260929
2026-10-02T06:11:42.9583285Z  * [new branch]      agent/m6-planet-stockpile-ground-20260929 -> origin/agent/m6-planet-stockpile-ground-20260929
2026-10-02T06:11:42.9583918Z  * [new branch]      agent/m6-stockpile-visuals-20260916      -> origin/agent/m6-stockpile-visuals-20260916
2026-10-02T06:11:42.9584538Z  * [new branch]      agent/m6-tribe-camera-20260917           -> origin/agent/m6-tribe-camera-20260917
2026-10-02T06:11:42.9585198Z  * [new branch]      agent/m6-village-economy                 -> origin/agent/m6-village-economy
2026-10-02T06:11:42.9585700Z  * [new branch]      agent/m6-village-growth                  -> origin/agent/m6-village-growth
2026-10-02T06:11:42.9586368Z  * [new branch]      agent/maintenance-c31-20261001           -> origin/agent/maintenance-c31-20261001
2026-10-02T06:11:42.9586841Z  * [new branch]      agent/meta-runtime-v8                    -> origin/agent/meta-runtime-v8
2026-10-02T06:11:42.9587325Z  * [new branch]      agent/perf-cold-start-20260916           -> origin/agent/perf-cold-start-20260916
2026-10-02T06:11:42.9587955Z  * [new branch]      agent/performance-validation-2026-09-09  -> origin/agent/performance-validation-2026-09-09
2026-10-02T06:11:42.9588504Z  * [new branch]      agent/planet-lod-menu                    -> origin/agent/planet-lod-menu
2026-10-02T06:11:42.9588947Z  * [new branch]      agent/planet-real-scale                  -> origin/agent/planet-real-scale
2026-10-02T06:11:42.9589444Z  * [new branch]      agent/planet-streaming-visits            -> origin/agent/planet-streaming-visits
2026-10-02T06:11:42.9589926Z  * [new branch]      agent/player-progression-ui              -> origin/agent/player-progression-ui
2026-10-02T06:11:42.9590447Z  * [new branch]      agent/playtest-integration-2026-09-15    -> origin/agent/playtest-integration-2026-09-15
2026-10-02T06:11:42.9590949Z  * [new branch]      agent/playtest-latest-20260915           -> origin/agent/playtest-latest-20260915
2026-10-02T06:11:42.9591536Z  * [new branch]      agent/playtest-windows-diagnostic-20260915 -> origin/agent/playtest-windows-diagnostic-20260915
2026-10-02T06:11:42.9592193Z  * [new branch]      agent/project-cleanup-20260916           -> origin/agent/project-cleanup-20260916
2026-10-02T06:11:42.9592702Z  * [new branch]      agent/project-dashboard-20260916         -> origin/agent/project-dashboard-20260916
2026-10-02T06:11:42.9593237Z  * [new branch]      agent/project-maintenance-2026-09-09     -> origin/agent/project-maintenance-2026-09-09
2026-10-02T06:11:42.9593770Z  * [new branch]      agent/pt17-01-motion-stutter-20260929    -> origin/agent/pt17-01-motion-stutter-20260929
2026-10-02T06:11:42.9594296Z  * [new branch]      agent/pt17-02-light-balance-20260920     -> origin/agent/pt17-02-light-balance-20260920
2026-10-02T06:11:42.9594891Z  * [new branch]      agent/pt17-03-distant-transitions-20260920 -> origin/agent/pt17-03-distant-transitions-20260920
2026-10-02T06:11:42.9595566Z  * [new branch]      agent/pt17-04-ground-materials-20260929  -> origin/agent/pt17-04-ground-materials-20260929
2026-10-02T06:11:42.9596343Z  * [new branch]      agent/pt17-07-nest-discovery-20260929    -> origin/agent/pt17-07-nest-discovery-20260929
2026-10-02T06:11:42.9596920Z  * [new branch]      agent/pt17-08-creature-expressions-20260929 -> origin/agent/pt17-08-creature-expressions-20260929
2026-10-02T06:11:42.9597471Z  * [new branch]      agent/pt17-09-befriending-20260929       -> origin/agent/pt17-09-befriending-20260929
2026-10-02T06:11:42.9598036Z  * [new branch]      agent/pt17-10-creature-animation-20260929 -> origin/agent/pt17-10-creature-animation-20260929
2026-10-02T06:11:42.9598689Z  * [new branch]      agent/pt17-11-development-book-20260929  -> origin/agent/pt17-11-development-book-20260929
2026-10-02T06:11:42.9599274Z  * [new branch]      agent/pt17-12-hud-20260929               -> origin/agent/pt17-12-hud-20260929
2026-10-02T06:11:42.9599895Z  * [new branch]      agent/pt17-13-tribe-camera-minimap-20260929 -> origin/agent/pt17-13-tribe-camera-minimap-20260929
2026-10-02T06:11:42.9600441Z  * [new branch]      agent/pt17-14-pause-menu-20260920        -> origin/agent/pt17-14-pause-menu-20260920
2026-10-02T06:11:42.9601008Z  * [new branch]      agent/pt17-15-audio-settings-20260920    -> origin/agent/pt17-15-audio-settings-20260920
2026-10-02T06:11:42.9601524Z  * [new branch]      agent/pt17-16-world-motion-20260929      -> origin/agent/pt17-16-world-motion-20260929
2026-10-02T06:11:42.9602064Z  * [new branch]      agent/pt17-integration-preview-20260929  -> origin/agent/pt17-integration-preview-20260929
2026-10-02T06:11:42.9602647Z  * [new branch]      agent/pt18-construction-click-20260929   -> origin/agent/pt18-construction-click-20260929
2026-10-02T06:11:42.9603165Z  * [new branch]      agent/pt18-material-detail-20260929      -> origin/agent/pt18-material-detail-20260929
2026-10-02T06:11:42.9603993Z  * [new branch]      agent/pt18-playtest-critical-20260929    -> origin/agent/pt18-playtest-critical-20260929
2026-10-02T06:11:42.9604556Z  * [new branch]      agent/pt18-population-streaming-20260929 -> origin/agent/pt18-population-streaming-20260929
2026-10-02T06:11:42.9605174Z  * [new branch]      agent/pt18-resident-detail-20260929      -> origin/agent/pt18-resident-detail-20260929
2026-10-02T06:11:42.9605708Z  * [new branch]      agent/pt18-resource-work-20260929        -> origin/agent/pt18-resource-work-20260929
2026-10-02T06:11:42.9606379Z  * [new branch]      agent/pt18-tribe-hud-speed-20260929      -> origin/agent/pt18-tribe-hud-speed-20260929
2026-10-02T06:11:42.9606919Z  * [new branch]      agent/pt18-ui-ci-followup-20260930       -> origin/agent/pt18-ui-ci-followup-20260930
2026-10-02T06:11:42.9607438Z  * [new branch]      agent/pt18-weather-timeline-20260929     -> origin/agent/pt18-weather-timeline-20260929
2026-10-02T06:11:42.9607940Z  * [new branch]      agent/r32-06-light-20261002              -> origin/agent/r32-06-light-20261002
2026-10-02T06:11:42.9608439Z  * [new branch]      agent/r32-06-light-evidence-20261002     -> origin/agent/r32-06-light-evidence-20261002
2026-10-02T06:11:42.9608985Z  * [new branch]      agent/r32-07-distant-scenery-20261002    -> origin/agent/r32-07-distant-scenery-20261002
2026-10-02T06:11:42.9609500Z  * [new branch]      agent/r32-08-ground                      -> origin/agent/r32-08-ground
2026-10-02T06:11:42.9609948Z  * [new branch]      agent/r32-13-development-book            -> origin/agent/r32-13-development-book
2026-10-02T06:11:42.9610425Z  * [new branch]      agent/r32-15-escape-graphics             -> origin/agent/r32-15-escape-graphics
2026-10-02T06:11:42.9610876Z  * [new branch]      agent/r32-16-audio                       -> origin/agent/r32-16-audio
2026-10-02T06:11:42.9611352Z  * [new branch]      agent/r32-20-construction-details        -> origin/agent/r32-20-construction-details
2026-10-02T06:11:42.9611915Z  * [new branch]      agent/roadmap-eggs-animal-parts-2026-09-09 -> origin/agent/roadmap-eggs-animal-parts-2026-09-09
2026-10-02T06:11:42.9612495Z  * [new branch]      agent/save-browser-search-20260916       -> origin/agent/save-browser-search-20260916
2026-10-02T06:11:42.9613127Z  * [new branch]      agent/slot-browse-budget-20260916        -> origin/agent/slot-browse-budget-20260916
2026-10-02T06:11:42.9613666Z  * [new branch]      agent/species-development-path           -> origin/agent/species-development-path
2026-10-02T06:11:42.9614189Z  * [new branch]      agent/sphere-only-gameplay-2026-09-10    -> origin/agent/sphere-only-gameplay-2026-09-10
2026-10-02T06:11:42.9614785Z  * [new branch]      agent/spherical-gameplay-migration-2026-09-09 -> origin/agent/spherical-gameplay-migration-2026-09-09
2026-10-02T06:11:42.9615304Z  * [new branch]      agent/tribal-age                         -> origin/agent/tribal-age
2026-10-02T06:11:42.9615868Z  * [new branch]      agent/tribal-neighbors                   -> origin/agent/tribal-neighbors
2026-10-02T06:11:42.9616419Z  * [new branch]      agent/tribal-playtest-roadmap-20260916   -> origin/agent/tribal-playtest-roadmap-20260916
2026-10-02T06:11:42.9616943Z  * [new branch]      agent/tribal-progression                 -> origin/agent/tribal-progression
2026-10-02T06:11:42.9617446Z  * [new branch]      agent/ui-menu-rebind-20260916            -> origin/agent/ui-menu-rebind-20260916
2026-10-02T06:11:42.9617929Z  * [new branch]      agent/underwater-voxel-planets           -> origin/agent/underwater-voxel-planets
2026-10-02T06:11:42.9618447Z  * [new branch]      agent/voxelverse-skill-workflow-20260917 -> origin/agent/voxelverse-skill-workflow-20260917
2026-10-02T06:11:42.9619052Z  * [new branch]      agent/water-flow-visual-20260929         -> origin/agent/water-flow-visual-20260929
2026-10-02T06:11:42.9619526Z  * [new branch]      agent/water-shore-flow-fix               -> origin/agent/water-shore-flow-fix
2026-10-02T06:11:42.9620042Z  * [new branch]      agent/weather-05-forecast-ui-20260929    -> origin/agent/weather-05-forecast-ui-20260929
2026-10-02T06:11:42.9620570Z  * [new branch]      agent/weather-foundation-20260915        -> origin/agent/weather-foundation-20260915
2026-10-02T06:11:42.9621104Z  * [new branch]      agent/weather02-planet-climates-20260916 -> origin/agent/weather02-planet-climates-20260916
2026-10-02T06:11:42.9621809Z  * [new branch]      agent/weather03-storm-preview-20260916   -> origin/agent/weather03-storm-preview-20260916
2026-10-02T06:11:42.9622320Z  * [new branch]      agent/wildlife-ai                        -> origin/agent/wildlife-ai
2026-10-02T06:11:42.9622815Z  * [new branch]      agent/wildlife-drinking                  -> origin/agent/wildlife-drinking
2026-10-02T06:11:42.9623291Z  * [new branch]      agent/wildlife-foraging                  -> origin/agent/wildlife-foraging
2026-10-02T06:11:42.9623744Z  * [new branch]      agent/world-evolution-v2                 -> origin/agent/world-evolution-v2
2026-10-02T06:11:42.9624344Z  * [new branch]      agent/world-evolution-v2-finalize        -> origin/agent/world-evolution-v2-finalize
2026-10-02T06:11:42.9624840Z  * [new branch]      agent/world-runtime-v3                   -> origin/agent/world-runtime-v3
2026-10-02T06:11:42.9625312Z  * [new branch]      agent/world-runtime-v4                   -> origin/agent/world-runtime-v4
2026-10-02T06:11:42.9625771Z  * [new branch]      agent/world-runtime-v5                   -> origin/agent/world-runtime-v5
2026-10-02T06:11:42.9626355Z  * [new branch]      agent/world-runtime-v6                   -> origin/agent/world-runtime-v6
2026-10-02T06:11:42.9626894Z  * [new branch]      feature/arch-01-module-contracts         -> origin/feature/arch-01-module-contracts
2026-10-02T06:11:42.9627447Z  * [new branch]      feature/arch-13-region-archives          -> origin/feature/arch-13-region-archives
2026-10-02T06:11:42.9627964Z  * [new branch]      feature/arch-14-atlas-paging             -> origin/feature/arch-14-atlas-paging
2026-10-02T06:11:42.9628464Z  * [new branch]      feature/arch-14-place-register           -> origin/feature/arch-14-place-register
2026-10-02T06:11:42.9628958Z  * [new branch]      fix/creature-comparison-layout           -> origin/fix/creature-comparison-layout
2026-10-02T06:11:42.9629664Z  * [new branch]      fix/creature-preview-stable-rotation-20260916 -> origin/fix/creature-preview-stable-rotation-20260916
2026-10-02T06:11:42.9630246Z  * [new branch]      fix/integration-ci-2026-09-10            -> origin/fix/integration-ci-2026-09-10
2026-10-02T06:11:42.9630836Z  * [new branch]      fix/issue91-hud-modal-visibility-20260916 -> origin/fix/issue91-hud-modal-visibility-20260916
2026-10-02T06:11:42.9631412Z  * [new branch]      fix/surface-distance-visibility          -> origin/fix/surface-distance-visibility
2026-10-02T06:11:42.9631899Z  * [new branch]      main                                     -> origin/main
2026-10-02T06:11:42.9632307Z  * [new ref]         ed2a58ee976f13a1682bb81791c565d996a6fa71 -> pull/253/merge
2026-10-02T06:11:42.9633444Z ##[endgroup]
2026-10-02T06:11:42.9633879Z ##[group]Determining the checkout info
2026-10-02T06:11:42.9634293Z ##[endgroup]
2026-10-02T06:11:42.9634533Z [command]/usr/bin/git sparse-checkout disable
2026-10-02T06:11:42.9635382Z [command]/usr/bin/git config --local --unset-all extensions.worktreeConfig
2026-10-02T06:11:42.9636342Z ##[group]Checking out the ref
2026-10-02T06:11:42.9636663Z [command]/usr/bin/git checkout --progress --force refs/remotes/pull/253/merge
2026-10-02T06:11:43.6823677Z Note: switching to 'refs/remotes/pull/253/merge'.
2026-10-02T06:11:43.6824054Z 
2026-10-02T06:11:43.6824445Z You are in 'detached HEAD' state. You can look around, make experimental
2026-10-02T06:11:43.6824924Z changes and commit them, and you can discard any commits you make in this
2026-10-02T06:11:43.6825332Z state without impacting any branches by switching back to a branch.
2026-10-02T06:11:43.6825553Z 
2026-10-02T06:11:43.6825739Z If you want to create a new branch to retain commits you create, you may
2026-10-02T06:11:43.6826347Z do so (now or later) by using -c with the switch command. Example:
2026-10-02T06:11:43.6826593Z 
2026-10-02T06:11:43.6826710Z   git switch -c <new-branch-name>
2026-10-02T06:11:43.6826894Z 
2026-10-02T06:11:43.6826991Z Or undo this operation with:
2026-10-02T06:11:43.6827415Z 
2026-10-02T06:11:43.6827514Z   git switch -
2026-10-02T06:11:43.6827649Z 
2026-10-02T06:11:43.6827855Z Turn off this advice by setting config variable advice.detachedHead to false
2026-10-02T06:11:43.6828079Z 
2026-10-02T06:11:43.6828371Z HEAD is now at ed2a58e Merge 35126184af5a72ea5fe712182f124a0807432548 into a7ac6b79e9a36a87a42eabab6c454590575cd2a1
2026-10-02T06:11:43.6852157Z ##[endgroup]
2026-10-02T06:11:43.6894823Z [command]/usr/bin/git log -1 --format=%H
2026-10-02T06:11:43.6913913Z ed2a58ee976f13a1682bb81791c565d996a6fa71
2026-10-02T06:11:43.6921335Z ##[group]Removing auth
2026-10-02T06:11:43.6924131Z [command]/usr/bin/git config --local --name-only --get-regexp core\.sshCommand
2026-10-02T06:11:43.6945994Z [command]/usr/bin/git submodule foreach --recursive sh -c "git config --local --name-only --get-regexp 'core\.sshCommand' && git config --local --unset-all 'core.sshCommand' || :"
2026-10-02T06:11:43.7095752Z [command]/usr/bin/git config --local --name-only --get-regexp http\.https\:\/\/github\.com\/\.extraheader
2026-10-02T06:11:43.7650004Z http.https://github.com/.extraheader
2026-10-02T06:11:43.7656516Z [command]/usr/bin/git config --local --unset-all http.https://github.com/.extraheader
2026-10-02T06:11:43.7716753Z [command]/usr/bin/git submodule foreach --recursive sh -c "git config --local --name-only --get-regexp 'http\.https\:\/\/github\.com\/\.extraheader' && git config --local --unset-all 'http.https://github.com/.extraheader' || :"
2026-10-02T06:11:43.7867930Z [command]/usr/bin/git config --local --name-only --get-regexp ^includeIf\.gitdir:
2026-10-02T06:11:43.7887065Z [command]/usr/bin/git submodule foreach --recursive git config --local --show-origin --name-only --get-regexp remote.origin.url
2026-10-02T06:11:43.8034203Z ##[endgroup]
2026-10-02T06:11:43.8256642Z Prepare all required actions
2026-10-02T06:11:43.8257196Z Getting action download info
2026-10-02T06:11:43.9483466Z ##[group]Run ./.github/actions/plan-validation
2026-10-02T06:11:43.9483777Z ##[endgroup]
2026-10-02T06:11:43.9531604Z ##[start-action display=Run actions/setup-python@v5;id=plan.__actions_setup-python]
2026-10-02T06:11:43.9601191Z ##[group]Run actions/setup-python@v5
2026-10-02T06:11:43.9601499Z with:
2026-10-02T06:11:43.9601711Z   python-version: 3.12
2026-10-02T06:11:43.9601976Z   check-latest: false
2026-10-02T06:11:43.9603847Z   token: ***
2026-10-02T06:11:43.9604053Z   update-environment: true
2026-10-02T06:11:43.9604333Z   allow-prereleases: false
2026-10-02T06:11:43.9604567Z   freethreaded: false
2026-10-02T06:11:43.9604821Z ##[endgroup]
2026-10-02T06:11:44.0583247Z ##[group]Installed versions
2026-10-02T06:11:44.2929528Z (node:2162) [DEP0040] DeprecationWarning: The `punycode` module is deprecated. Please use a userland alternative instead.
2026-10-02T06:11:44.2930495Z (Use `node --trace-deprecation ...` to show where the warning was created)
2026-10-02T06:11:44.2930962Z Successfully set up CPython (3.12.14)
2026-10-02T06:11:44.2931599Z ##[endgroup]
2026-10-02T06:11:44.3007357Z ##[end-action id=plan.__actions_setup-python;outcome=success;conclusion=success;duration_ms=347]
2026-10-02T06:11:44.3010083Z ##[start-action display=Run python3 tools/ci_plan.py --output "$RUNNER_TEMP/ci-plan.json";id=plan.plan]
2026-10-02T06:11:44.3044272Z ##[group]Run python3 tools/ci_plan.py --output "$RUNNER_TEMP/ci-plan.json"
2026-10-02T06:11:44.3044858Z [36;1mpython3 tools/ci_plan.py --output "$RUNNER_TEMP/ci-plan.json"[0m
2026-10-02T06:11:44.4764262Z shell: /usr/bin/bash --noprofile --norc -e -o pipefail {0}
2026-10-02T06:11:44.4764641Z env:
2026-10-02T06:11:44.4764926Z   pythonLocation: /opt/hostedtoolcache/Python/3.12.14/x64
2026-10-02T06:11:44.4765359Z   PKG_CONFIG_PATH: /opt/hostedtoolcache/Python/3.12.14/x64/lib/pkgconfig
2026-10-02T06:11:44.4765777Z   Python_ROOT_DIR: /opt/hostedtoolcache/Python/3.12.14/x64
2026-10-02T06:11:44.4766426Z   Python2_ROOT_DIR: /opt/hostedtoolcache/Python/3.12.14/x64
2026-10-02T06:11:44.4767117Z   Python3_ROOT_DIR: /opt/hostedtoolcache/Python/3.12.14/x64
2026-10-02T06:11:44.4767652Z   LD_LIBRARY_PATH: /opt/hostedtoolcache/Python/3.12.14/x64/lib
2026-10-02T06:11:44.4767945Z ##[endgroup]
2026-10-02T06:11:47.5732797Z Traceback (most recent call last):
2026-10-02T06:11:47.5740680Z   File "/home/runner/work/voxelverse/voxelverse/tools/ci_plan.py", line 154, in <module>
2026-10-02T06:11:47.5741158Z     main()
2026-10-02T06:11:47.5741514Z   File "/home/runner/work/voxelverse/voxelverse/tools/ci_plan.py", line 132, in main
2026-10-02T06:11:47.5741965Z     result = plan(args.project.resolve(), args.event_name, event)
2026-10-02T06:11:47.5742339Z              ^^^^^^^^^^^^^^^^^^^^^^^^^^^^^^^^^^^^^^^^^^^^^^^^^^^^
2026-10-02T06:11:47.5742716Z   File "/home/runner/work/voxelverse/voxelverse/tools/ci_plan.py", line 86, in plan
2026-10-02T06:11:47.5743112Z     _, owners = read_contracts(project)
2026-10-02T06:11:47.5743351Z                 ^^^^^^^^^^^^^^^^^^^^^^^
2026-10-02T06:11:47.5743798Z   File "/home/runner/work/voxelverse/voxelverse/tools/check_validation_contracts.py", line 80, in read_contracts
2026-10-02T06:11:47.5744250Z     raise ValueError("\n".join(errors))
2026-10-02T06:11:47.5744582Z ValueError: Unregistered test: r32_15_campaign_menu_test
2026-10-02T06:11:47.5744902Z Unregistered test: r32_15_settings_navigation_test
2026-10-02T06:11:47.5798874Z ##[error]Process completed with exit code 1.
2026-10-02T06:11:47.5807222Z ##[end-action id=plan.plan;outcome=failure;conclusion=failure;duration_ms=3279]
2026-10-02T06:11:47.5811149Z ##[start-action display=Run actions/upload-artifact@v4;id=plan.__actions_upload-artifact]
2026-10-02T06:11:47.5814479Z ##[end-action id=plan.__actions_upload-artifact;outcome=skipped;conclusion=skipped;duration_ms=0]
2026-10-02T06:11:47.5947189Z ##[group]Run actions/upload-artifact@v4
2026-10-02T06:11:47.5947448Z with:
2026-10-02T06:11:47.5947675Z   name: voxelverse-validate-contracts-pull_request
2026-10-02T06:11:47.5947977Z   path: /tmp/validation-contracts
2026-10-02T06:11:47.5948231Z   retention-days: 7
2026-10-02T06:11:47.5948453Z   if-no-files-found: warn
2026-10-02T06:11:47.5948715Z   compression-level: 6
2026-10-02T06:11:47.5948914Z   overwrite: false
2026-10-02T06:11:47.5949136Z   include-hidden-files: false
2026-10-02T06:11:47.5949371Z env:
2026-10-02T06:11:47.5949604Z   pythonLocation: /opt/hostedtoolcache/Python/3.12.14/x64
2026-10-02T06:11:47.5949954Z   PKG_CONFIG_PATH: /opt/hostedtoolcache/Python/3.12.14/x64/lib/pkgconfig
2026-10-02T06:11:47.5950302Z   Python_ROOT_DIR: /opt/hostedtoolcache/Python/3.12.14/x64
2026-10-02T06:11:47.5950640Z   Python2_ROOT_DIR: /opt/hostedtoolcache/Python/3.12.14/x64
2026-10-02T06:11:47.5950974Z   Python3_ROOT_DIR: /opt/hostedtoolcache/Python/3.12.14/x64
2026-10-02T06:11:47.5951370Z   LD_LIBRARY_PATH: /opt/hostedtoolcache/Python/3.12.14/x64/lib
2026-10-02T06:11:47.5951639Z ##[endgroup]
2026-10-02T06:11:47.7093040Z (node:2177) [DEP0040] DeprecationWarning: The `punycode` module is deprecated. Please use a userland alternative instead.
2026-10-02T06:11:47.7093626Z (Use `node --trace-deprecation ...` to show where the warning was created)
2026-10-02T06:11:47.7115078Z ##[warning]No files were found with the provided path: /tmp/validation-contracts. No artifacts will be uploaded.
2026-10-02T06:11:47.7251413Z Post job cleanup.
2026-10-02T06:11:47.7254972Z ##[start-action display=Run actions/setup-python@v5;id=__05b0fbd1-b16d-448d-982a-fd993ea1eac5.__actions_setup-python]
2026-10-02T06:11:47.7257511Z ##[end-action id=__05b0fbd1-b16d-448d-982a-fd993ea1eac5.__actions_setup-python;outcome=skipped;conclusion=skipped;duration_ms=0]
2026-10-02T06:11:47.7351456Z Post job cleanup.
2026-10-02T06:11:47.7959467Z [command]/usr/bin/git version
2026-10-02T06:11:47.7986727Z git version 2.55.0
2026-10-02T06:11:47.8010899Z Temporarily overriding HOME='/home/runner/work/_temp/833f9287-6529-4c19-b1f5-6a60e36d92d0' before making global git config changes
2026-10-02T06:11:47.8012017Z Adding repository directory to the temporary git global config as a safe directory
2026-10-02T06:11:47.8014288Z [command]/usr/bin/git config --global --add safe.directory /home/runner/work/voxelverse/voxelverse
2026-10-02T06:11:47.8040433Z [command]/usr/bin/git config --local --name-only --get-regexp core\.sshCommand
2026-10-02T06:11:47.8062522Z [command]/usr/bin/git submodule foreach --recursive sh -c "git config --local --name-only --get-regexp 'core\.sshCommand' && git config --local --unset-all 'core.sshCommand' || :"
2026-10-02T06:11:47.8225098Z [command]/usr/bin/git config --local --name-only --get-regexp http\.https\:\/\/github\.com\/\.extraheader
2026-10-02T06:11:47.8245009Z [command]/usr/bin/git submodule foreach --recursive sh -c "git config --local --name-only --get-regexp 'http\.https\:\/\/github\.com\/\.extraheader' && git config --local --unset-all 'http.https://github.com/.extraheader' || :"
2026-10-02T06:11:47.8408866Z [command]/usr/bin/git config --local --name-only --get-regexp ^includeIf\.gitdir:
2026-10-02T06:11:47.8429051Z [command]/usr/bin/git submodule foreach --recursive git config --local --show-origin --name-only --get-regexp remote.origin.url
2026-10-02T06:11:47.8679974Z Evaluate and set job outputs
2026-10-02T06:11:47.8686475Z Cleaning up orphan processes
2026-10-02T06:11:47.8854934Z ##[warning]Node.js 20 is deprecated. The following actions target Node.js 20 but are being forced to run on Node.js 24: actions/checkout@v4, actions/setup-python@v5, actions/upload-artifact@v4. For more information see: https://github.blog/changelog/2025-09-19-deprecation-of-node-20-on-github-actions-runners/

