2026-10-02T06:29:22.0736752Z Current runner version: '2.337.0'
2026-10-02T06:29:22.0764464Z ##[group]Runner Image Provisioner
2026-10-02T06:29:22.0765692Z Hosted Compute Agent
2026-10-02T06:29:22.0766302Z Version: 20260901.588
2026-10-02T06:29:22.0767081Z Commit: f88ec8081b781fac6c440065ac7ff9e710ce3d0b
2026-10-02T06:29:22.0768006Z Build Date: 2026-09-01T19:56:44Z
2026-10-02T06:29:22.0768824Z Worker ID: {883b3d25-e1a3-4913-8a52-0abb73bc0421}
2026-10-02T06:29:22.0769616Z Azure Region: northcentralus
2026-10-02T06:29:22.0770245Z ##[endgroup]
2026-10-02T06:29:22.0771793Z ##[group]Operating System
2026-10-02T06:29:22.0772479Z Ubuntu
2026-10-02T06:29:22.0773092Z 24.04.5
2026-10-02T06:29:22.0773693Z LTS
2026-10-02T06:29:22.0774237Z ##[endgroup]
2026-10-02T06:29:22.0775035Z ##[group]Runner Image
2026-10-02T06:29:22.0775714Z Image: ubuntu-24.04
2026-10-02T06:29:22.0776352Z Version: 20260927.320.1
2026-10-02T06:29:22.0777718Z Included Software: https://github.com/actions/runner-images/blob/ubuntu24/20260927.320/images/ubuntu/Ubuntu2404-Readme.md
2026-10-02T06:29:22.0779288Z Image Release: https://github.com/actions/runner-images/releases/tag/ubuntu24%2F20260927.320
2026-10-02T06:29:22.0780323Z ##[endgroup]
2026-10-02T06:29:22.0781609Z ##[group]GITHUB_TOKEN Permissions
2026-10-02T06:29:22.0783838Z Contents: read
2026-10-02T06:29:22.0784549Z Metadata: read
2026-10-02T06:29:22.0785534Z Packages: read
2026-10-02T06:29:22.0786127Z ##[endgroup]
2026-10-02T06:29:22.0788358Z Secret source: Actions
2026-10-02T06:29:22.0789353Z Cache mode: write
2026-10-02T06:29:22.0790504Z Prepare workflow directory
2026-10-02T06:29:22.1131834Z Prepare all required actions
2026-10-02T06:29:22.1181823Z Getting action download info
2026-10-02T06:29:22.3862530Z Download action repository 'actions/checkout@v4' (SHA:11d5960a326750d5838078e36cf38b85af677262)
2026-10-02T06:29:22.4706992Z Download action repository 'actions/setup-python@v5' (SHA:a26af69be951a213d495a4c3e4e4022e16d87065)
2026-10-02T06:29:22.5509831Z Download action repository 'actions/cache@v4' (SHA:0057852bfaa89a56745cba8c7296529d2fc39830)
2026-10-02T06:29:22.6632246Z Download action repository 'actions/upload-artifact@v4' (SHA:ea165f8d65b6e75b540449e92b4886f43607fa02)
2026-10-02T06:29:22.8748009Z Complete job name: frontend
2026-10-02T06:29:22.9530863Z ##[group]Run actions/checkout@v4
2026-10-02T06:29:22.9531721Z with:
2026-10-02T06:29:22.9532189Z   repository: MajorDragonfly/voxelverse
2026-10-02T06:29:22.9536409Z   token: ***
2026-10-02T06:29:22.9536853Z   ssh-strict: true
2026-10-02T06:29:22.9537304Z   ssh-user: git
2026-10-02T06:29:22.9537760Z   persist-credentials: true
2026-10-02T06:29:22.9538269Z   clean: true
2026-10-02T06:29:22.9538723Z   sparse-checkout-cone-mode: true
2026-10-02T06:29:22.9539240Z   fetch-depth: 1
2026-10-02T06:29:22.9539669Z   fetch-tags: false
2026-10-02T06:29:22.9540112Z   show-progress: true
2026-10-02T06:29:22.9540555Z   lfs: false
2026-10-02T06:29:22.9540968Z   submodules: false
2026-10-02T06:29:22.9541416Z   set-safe-directory: true
2026-10-02T06:29:22.9541920Z   allow-unsafe-pr-checkout: false
2026-10-02T06:29:22.9542645Z ##[endgroup]
2026-10-02T06:29:23.0610831Z Syncing repository: MajorDragonfly/voxelverse
2026-10-02T06:29:23.0613815Z ##[group]Getting Git version info
2026-10-02T06:29:23.0615287Z Working directory is '/home/runner/work/voxelverse/voxelverse'
2026-10-02T06:29:23.0617148Z [command]/usr/bin/git version
2026-10-02T06:29:23.0682662Z git version 2.55.0
2026-10-02T06:29:23.0704589Z ##[endgroup]
2026-10-02T06:29:23.0720622Z Temporarily overriding HOME='/home/runner/work/_temp/7d284bd8-de73-4f35-bccb-0db00358e0be' before making global git config changes
2026-10-02T06:29:23.0722801Z Adding repository directory to the temporary git global config as a safe directory
2026-10-02T06:29:23.0725863Z [command]/usr/bin/git config --global --add safe.directory /home/runner/work/voxelverse/voxelverse
2026-10-02T06:29:23.0787128Z Deleting the contents of '/home/runner/work/voxelverse/voxelverse'
2026-10-02T06:29:23.0796230Z ##[group]Initializing the repository
2026-10-02T06:29:23.0805677Z [command]/usr/bin/git init /home/runner/work/voxelverse/voxelverse
2026-10-02T06:29:23.0906323Z hint: Using 'master' as the name for the initial branch. This default branch name
2026-10-02T06:29:23.0908100Z hint: will change to "main" in Git 3.0. To configure the initial branch name
2026-10-02T06:29:23.0909219Z hint: to use in all of your new repositories, which will suppress this warning,
2026-10-02T06:29:23.0910094Z hint: call:
2026-10-02T06:29:23.0910669Z hint:
2026-10-02T06:29:23.0911331Z hint: 	git config --global init.defaultBranch <name>
2026-10-02T06:29:23.0912177Z hint:
2026-10-02T06:29:23.0912919Z hint: Names commonly chosen instead of 'master' are 'main', 'trunk' and
2026-10-02T06:29:23.0913998Z hint: 'development'. The just-created branch can be renamed via this command:
2026-10-02T06:29:23.0915222Z hint:
2026-10-02T06:29:23.0915794Z hint: 	git branch -m <name>
2026-10-02T06:29:23.0916425Z hint:
2026-10-02T06:29:23.0917429Z hint: Disable this message with "git config set advice.defaultBranchName false"
2026-10-02T06:29:23.0919261Z Initialized empty Git repository in /home/runner/work/voxelverse/voxelverse/.git/
2026-10-02T06:29:23.0931470Z [command]/usr/bin/git remote add origin https://github.com/MajorDragonfly/voxelverse
2026-10-02T06:29:23.0990227Z ##[endgroup]
2026-10-02T06:29:23.0991779Z ##[group]Disabling automatic garbage collection
2026-10-02T06:29:23.0995597Z [command]/usr/bin/git config --local gc.auto 0
2026-10-02T06:29:23.1197098Z ##[endgroup]
2026-10-02T06:29:23.1199523Z ##[group]Setting up auth
2026-10-02T06:29:23.1200761Z [command]/usr/bin/git config --local --name-only --get-regexp core\.sshCommand
2026-10-02T06:29:23.1204224Z [command]/usr/bin/git submodule foreach --recursive sh -c "git config --local --name-only --get-regexp 'core\.sshCommand' && git config --local --unset-all 'core.sshCommand' || :"
2026-10-02T06:29:23.1480404Z [command]/usr/bin/git config --local --name-only --get-regexp http\.https\:\/\/github\.com\/\.extraheader
2026-10-02T06:29:23.1523815Z [command]/usr/bin/git submodule foreach --recursive sh -c "git config --local --name-only --get-regexp 'http\.https\:\/\/github\.com\/\.extraheader' && git config --local --unset-all 'http.https://github.com/.extraheader' || :"
2026-10-02T06:29:23.1809253Z [command]/usr/bin/git config --local --name-only --get-regexp ^includeIf\.gitdir:
2026-10-02T06:29:23.1854560Z [command]/usr/bin/git submodule foreach --recursive git config --local --show-origin --name-only --get-regexp remote.origin.url
2026-10-02T06:29:23.2104031Z [command]/usr/bin/git config --local http.https://github.com/.extraheader AUTHORIZATION: basic ***
2026-10-02T06:29:23.2148156Z ##[endgroup]
2026-10-02T06:29:23.2149088Z ##[group]Fetching the repository
2026-10-02T06:29:23.2157949Z [command]/usr/bin/git -c protocol.version=2 fetch --no-tags --prune --no-recurse-submodules --depth=1 origin +bb0428a5f6e3a5c01cf688405999c9328e25a5f8:refs/remotes/pull/253/merge
2026-10-02T06:29:30.7334266Z From https://github.com/MajorDragonfly/voxelverse
2026-10-02T06:29:30.7335755Z  * [new ref]         bb0428a5f6e3a5c01cf688405999c9328e25a5f8 -> pull/253/merge
2026-10-02T06:29:30.7338402Z ##[endgroup]
2026-10-02T06:29:30.7339268Z ##[group]Determining the checkout info
2026-10-02T06:29:30.7340957Z ##[endgroup]
2026-10-02T06:29:30.7347651Z [command]/usr/bin/git sparse-checkout disable
2026-10-02T06:29:30.7401794Z [command]/usr/bin/git config --local --unset-all extensions.worktreeConfig
2026-10-02T06:29:30.7437595Z ##[group]Checking out the ref
2026-10-02T06:29:30.7440574Z [command]/usr/bin/git checkout --progress --force refs/remotes/pull/253/merge
2026-10-02T06:29:31.6776310Z Note: switching to 'refs/remotes/pull/253/merge'.
2026-10-02T06:29:31.6777042Z 
2026-10-02T06:29:31.6777492Z You are in 'detached HEAD' state. You can look around, make experimental
2026-10-02T06:29:31.6778509Z changes and commit them, and you can discard any commits you make in this
2026-10-02T06:29:31.6779514Z state without impacting any branches by switching back to a branch.
2026-10-02T06:29:31.6780198Z 
2026-10-02T06:29:31.6781019Z If you want to create a new branch to retain commits you create, you may
2026-10-02T06:29:31.6781938Z do so (now or later) by using -c with the switch command. Example:
2026-10-02T06:29:31.6782466Z 
2026-10-02T06:29:31.6782711Z   git switch -c <new-branch-name>
2026-10-02T06:29:31.6783096Z 
2026-10-02T06:29:31.6783328Z Or undo this operation with:
2026-10-02T06:29:31.6783666Z 
2026-10-02T06:29:31.6783867Z   git switch -
2026-10-02T06:29:31.6784179Z 
2026-10-02T06:29:31.6784629Z Turn off this advice by setting config variable advice.detachedHead to false
2026-10-02T06:29:31.6785434Z 
2026-10-02T06:29:31.6786133Z HEAD is now at bb0428a Merge 15f9d0e2ec0b19830e1f7c9ca8e37e50f3a5c7c2 into a7ac6b79e9a36a87a42eabab6c454590575cd2a1
2026-10-02T06:29:31.6819537Z ##[endgroup]
2026-10-02T06:29:31.6877185Z [command]/usr/bin/git log -1 --format=%H
2026-10-02T06:29:31.6913268Z bb0428a5f6e3a5c01cf688405999c9328e25a5f8
2026-10-02T06:29:31.7209767Z ##[group]Run actions/setup-python@v5
2026-10-02T06:29:31.7210219Z with:
2026-10-02T06:29:31.7210537Z   python-version: 3.12
2026-10-02T06:29:31.7210885Z   check-latest: false
2026-10-02T06:29:31.7213886Z   token: ***
2026-10-02T06:29:31.7214218Z   update-environment: true
2026-10-02T06:29:31.7214593Z   allow-prereleases: false
2026-10-02T06:29:31.7215097Z   freethreaded: false
2026-10-02T06:29:31.7215425Z ##[endgroup]
2026-10-02T06:29:31.8551140Z ##[group]Installed versions
2026-10-02T06:29:31.8632017Z (node:2308) [DEP0040] DeprecationWarning: The `punycode` module is deprecated. Please use a userland alternative instead.
2026-10-02T06:29:31.8632932Z (Use `node --trace-deprecation ...` to show where the warning was created)
2026-10-02T06:29:31.8633682Z Successfully set up CPython (3.12.14)
2026-10-02T06:29:31.8634602Z ##[endgroup]
2026-10-02T06:29:31.8885399Z ##[group]Run actions/cache@v4
2026-10-02T06:29:31.8885800Z with:
2026-10-02T06:29:31.8886160Z   path: /home/runner/work/_temp/godot-export-toolchain
2026-10-02T06:29:31.8886601Z   key: godot-4.6.3-desktop-v1-Linux
2026-10-02T06:29:31.8887003Z   enableCrossOsArchive: false
2026-10-02T06:29:31.8887363Z   fail-on-cache-miss: false
2026-10-02T06:29:31.8887701Z   lookup-only: false
2026-10-02T06:29:31.8888022Z   save-always: false
2026-10-02T06:29:31.8888319Z env:
2026-10-02T06:29:31.8888677Z   pythonLocation: /opt/hostedtoolcache/Python/3.12.14/x64
2026-10-02T06:29:31.8889251Z   PKG_CONFIG_PATH: /opt/hostedtoolcache/Python/3.12.14/x64/lib/pkgconfig
2026-10-02T06:29:31.8889787Z   Python_ROOT_DIR: /opt/hostedtoolcache/Python/3.12.14/x64
2026-10-02T06:29:31.8890271Z   Python2_ROOT_DIR: /opt/hostedtoolcache/Python/3.12.14/x64
2026-10-02T06:29:31.8890748Z   Python3_ROOT_DIR: /opt/hostedtoolcache/Python/3.12.14/x64
2026-10-02T06:29:31.8891280Z   LD_LIBRARY_PATH: /opt/hostedtoolcache/Python/3.12.14/x64/lib
2026-10-02T06:29:31.8891701Z ##[endgroup]
2026-10-02T06:29:32.0074341Z (node:2316) [DEP0040] DeprecationWarning: The `punycode` module is deprecated. Please use a userland alternative instead.
2026-10-02T06:29:32.0075880Z (Use `node --trace-deprecation ...` to show where the warning was created)
2026-10-02T06:29:32.1046416Z Cache not found for input keys: godot-4.6.3-desktop-v1-Linux
2026-10-02T06:29:32.1155995Z ##[group]Run sudo apt-get update -qq
2026-10-02T06:29:32.1156497Z [36;1msudo apt-get update -qq[0m
2026-10-02T06:29:32.1157016Z [36;1msudo apt-get install -y --no-install-recommends xvfb xauth libgl1-mesa-dri[0m
2026-10-02T06:29:32.1157830Z [36;1mpython tools/install_godot.py --directory "/home/runner/work/_temp/godot-export-toolchain" --platform linux[0m
2026-10-02T06:29:32.1416374Z shell: /usr/bin/bash -e {0}
2026-10-02T06:29:32.1416747Z env:
2026-10-02T06:29:32.1417113Z   pythonLocation: /opt/hostedtoolcache/Python/3.12.14/x64
2026-10-02T06:29:32.1417640Z   PKG_CONFIG_PATH: /opt/hostedtoolcache/Python/3.12.14/x64/lib/pkgconfig
2026-10-02T06:29:32.1418205Z   Python_ROOT_DIR: /opt/hostedtoolcache/Python/3.12.14/x64
2026-10-02T06:29:32.1418663Z   Python2_ROOT_DIR: /opt/hostedtoolcache/Python/3.12.14/x64
2026-10-02T06:29:32.1419358Z   Python3_ROOT_DIR: /opt/hostedtoolcache/Python/3.12.14/x64
2026-10-02T06:29:32.1419876Z   LD_LIBRARY_PATH: /opt/hostedtoolcache/Python/3.12.14/x64/lib
2026-10-02T06:29:32.1420276Z ##[endgroup]
2026-10-02T06:29:38.0217939Z Reading package lists...
2026-10-02T06:29:38.2426151Z Building dependency tree...
2026-10-02T06:29:38.2433920Z Reading state information...
2026-10-02T06:29:38.4153757Z xvfb is already the newest version (2:21.1.12-1ubuntu1.8).
2026-10-02T06:29:38.4157951Z xauth is already the newest version (1:1.1.2-1build1).
2026-10-02T06:29:38.4158651Z xauth set to manually installed.
2026-10-02T06:29:38.4159071Z The following additional packages will be installed:
2026-10-02T06:29:38.4159510Z   libgbm1 libglx-mesa0 libwayland-server0 mesa-libgallium
2026-10-02T06:29:38.4372967Z The following NEW packages will be installed:
2026-10-02T06:29:38.4374464Z   libwayland-server0
2026-10-02T06:29:38.4379085Z The following packages will be upgraded:
2026-10-02T06:29:38.4383966Z   libgbm1 libgl1-mesa-dri libglx-mesa0 mesa-libgallium
2026-10-02T06:29:38.4564350Z 4 upgraded, 1 newly installed, 0 to remove and 21 not upgraded.
2026-10-02T06:29:38.4565420Z Need to get 11.0 MB of archives.
2026-10-02T06:29:38.4566040Z After this operation, 111 kB of additional disk space will be used.
2026-10-02T06:29:38.4566754Z Get:1 file:/etc/apt/apt-mirrors.txt Mirrorlist [144 B]
2026-10-02T06:29:38.5016965Z Get:2 http://azure.archive.ubuntu.com/ubuntu noble-updates/main amd64 libgl1-mesa-dri amd64 25.2.8-0ubuntu0.24.04.3 [37.9 kB]
2026-10-02T06:29:38.5252874Z Get:3 http://azure.archive.ubuntu.com/ubuntu noble/main amd64 libwayland-server0 amd64 1.22.0-2.1build1 [33.9 kB]
2026-10-02T06:29:38.5480314Z Get:4 http://azure.archive.ubuntu.com/ubuntu noble-updates/main amd64 libglx-mesa0 amd64 25.2.8-0ubuntu0.24.04.3 [110 kB]
2026-10-02T06:29:38.5734413Z Get:5 http://azure.archive.ubuntu.com/ubuntu noble-updates/main amd64 libgbm1 amd64 25.2.8-0ubuntu0.24.04.3 [34.3 kB]
2026-10-02T06:29:38.5965404Z Get:6 http://azure.archive.ubuntu.com/ubuntu noble-updates/main amd64 mesa-libgallium amd64 25.2.8-0ubuntu0.24.04.3 [10.8 MB]
2026-10-02T06:29:39.2064926Z Fetched 11.0 MB in 0s (22.2 MB/s)
2026-10-02T06:29:39.2558566Z (Reading database ... 
2026-10-02T06:29:39.2559394Z (Reading database ... 5%
2026-10-02T06:29:39.2560087Z (Reading database ... 10%
2026-10-02T06:29:39.2560366Z (Reading database ... 15%
2026-10-02T06:29:39.2560745Z (Reading database ... 20%
2026-10-02T06:29:39.2561312Z (Reading database ... 25%
2026-10-02T06:29:39.2561771Z (Reading database ... 30%
2026-10-02T06:29:39.2562287Z (Reading database ... 35%
2026-10-02T06:29:39.2562735Z (Reading database ... 40%
2026-10-02T06:29:39.2563972Z (Reading database ... 45%
2026-10-02T06:29:39.2564388Z (Reading database ... 50%
2026-10-02T06:29:39.2623713Z (Reading database ... 55%
2026-10-02T06:29:39.3621231Z (Reading database ... 60%
2026-10-02T06:29:39.5708488Z (Reading database ... 65%
2026-10-02T06:29:39.7754468Z (Reading database ... 70%
2026-10-02T06:29:39.9639491Z (Reading database ... 75%
2026-10-02T06:29:40.0788738Z (Reading database ... 80%
2026-10-02T06:29:40.2237724Z (Reading database ... 85%
2026-10-02T06:29:40.3684500Z (Reading database ... 90%
2026-10-02T06:29:40.5266763Z (Reading database ... 95%
2026-10-02T06:29:40.5267343Z (Reading database ... 100%
2026-10-02T06:29:40.5267988Z (Reading database ... 202296 files and directories currently installed.)
2026-10-02T06:29:40.5337779Z Preparing to unpack .../libgl1-mesa-dri_25.2.8-0ubuntu0.24.04.3_amd64.deb ...
2026-10-02T06:29:40.5514858Z Unpacking libgl1-mesa-dri:amd64 (25.2.8-0ubuntu0.24.04.3) over (25.2.8-0ubuntu0.24.04.2) ...
2026-10-02T06:29:40.5890601Z Selecting previously unselected package libwayland-server0:amd64.
2026-10-02T06:29:40.6022189Z Preparing to unpack .../libwayland-server0_1.22.0-2.1build1_amd64.deb ...
2026-10-02T06:29:40.6036654Z Unpacking libwayland-server0:amd64 (1.22.0-2.1build1) ...
2026-10-02T06:29:40.6397429Z Preparing to unpack .../libglx-mesa0_25.2.8-0ubuntu0.24.04.3_amd64.deb ...
2026-10-02T06:29:40.6417904Z Unpacking libglx-mesa0:amd64 (25.2.8-0ubuntu0.24.04.3) over (25.2.8-0ubuntu0.24.04.2) ...
2026-10-02T06:29:40.6783651Z Preparing to unpack .../libgbm1_25.2.8-0ubuntu0.24.04.3_amd64.deb ...
2026-10-02T06:29:40.6803680Z Unpacking libgbm1:amd64 (25.2.8-0ubuntu0.24.04.3) over (25.2.8-0ubuntu0.24.04.2) ...
2026-10-02T06:29:40.7169516Z Preparing to unpack .../mesa-libgallium_25.2.8-0ubuntu0.24.04.3_amd64.deb ...
2026-10-02T06:29:40.7189288Z Unpacking mesa-libgallium:amd64 (25.2.8-0ubuntu0.24.04.3) over (25.2.8-0ubuntu0.24.04.2) ...
2026-10-02T06:29:40.9155081Z Setting up libwayland-server0:amd64 (1.22.0-2.1build1) ...
2026-10-02T06:29:40.9176654Z Setting up mesa-libgallium:amd64 (25.2.8-0ubuntu0.24.04.3) ...
2026-10-02T06:29:40.9200263Z Setting up libgbm1:amd64 (25.2.8-0ubuntu0.24.04.3) ...
2026-10-02T06:29:40.9224542Z Setting up libgl1-mesa-dri:amd64 (25.2.8-0ubuntu0.24.04.3) ...
2026-10-02T06:29:40.9305631Z Setting up libglx-mesa0:amd64 (25.2.8-0ubuntu0.24.04.3) ...
2026-10-02T06:29:40.9327708Z Processing triggers for libc-bin (2.39-0ubuntu8.9) ...
2026-10-02T06:29:41.5832883Z 
2026-10-02T06:29:41.5833533Z Running kernel seems to be up-to-date.
2026-10-02T06:29:41.5834220Z 
2026-10-02T06:29:41.5834385Z No services need to be restarted.
2026-10-02T06:29:41.5834572Z 
2026-10-02T06:29:41.5834690Z No containers need to be restarted.
2026-10-02T06:29:41.5835135Z 
2026-10-02T06:29:41.5835265Z No user sessions are running outdated binaries.
2026-10-02T06:29:41.5835484Z 
2026-10-02T06:29:41.5835682Z No VM guests are running outdated hypervisor (qemu) binaries on this host.
2026-10-02T06:29:42.7354139Z Downloading Godot_v4.6.3-stable_linux.x86_64.zip
2026-10-02T06:29:43.6769734Z Downloading Godot_v4.6.3-stable_export_templates.tpz
2026-10-02T06:29:48.7415216Z {"version": "4.6.3", "editor": "/home/runner/work/_temp/godot-export-toolchain/editor/Godot_v4.6.3-stable_linux.x86_64", "templates": "/home/runner/work/_temp/godot-export-toolchain/editor/editor_data/export_templates/4.6.3.stable"}
2026-10-02T06:29:48.7589764Z ##[group]Run mkdir -p "$VOXELVERSE_CAPTURE_DIR"
2026-10-02T06:29:48.7590188Z [36;1mmkdir -p "$VOXELVERSE_CAPTURE_DIR"[0m
2026-10-02T06:29:48.7590747Z [36;1mGODOT="/home/runner/work/_temp/godot-export-toolchain/editor/Godot_v4.6.3-stable_linux.x86_64"[0m
2026-10-02T06:29:48.7591456Z [36;1m"$GODOT" --headless --path . --import > "$VOXELVERSE_CAPTURE_DIR/import.log" 2>&1[0m
2026-10-02T06:29:48.7591906Z [36;1mstatus=0[0m
2026-10-02T06:29:48.7592835Z [36;1mxvfb-run -a -s '-screen 0 1600x900x24' timeout 480 "$GODOT" --path . --rendering-method gl_compatibility --audio-driver Dummy -- --frontend-smoke --frontend-capture > "$VOXELVERSE_CAPTURE_DIR/frontend.log" 2>&1 || status=$?[0m
2026-10-02T06:29:48.7593823Z [36;1mif [ "$status" -ne 0 ]; then[0m
2026-10-02T06:29:48.7594149Z [36;1m  cat "$VOXELVERSE_CAPTURE_DIR/frontend.log"[0m
2026-10-02T06:29:48.7594474Z [36;1m  exit "$status"[0m
2026-10-02T06:29:48.7594952Z [36;1mfi[0m
2026-10-02T06:29:48.7595280Z [36;1mpython - <<'PY'[0m
2026-10-02T06:29:48.7595533Z [36;1mimport os,re[0m
2026-10-02T06:29:48.7595770Z [36;1mfrom pathlib import Path[0m
2026-10-02T06:29:48.7596093Z [36;1mroot=Path(os.environ['VOXELVERSE_CAPTURE_DIR'])[0m
2026-10-02T06:29:48.7596456Z [36;1mlog=(root/'frontend.log').read_text()[0m
2026-10-02T06:29:48.7596753Z [36;1mprint(log)[0m
2026-10-02T06:29:48.7596992Z [36;1massert 'FRONTEND_PASSED' in log[0m
2026-10-02T06:29:48.7597447Z [36;1massert not re.search(r'SCRIPT ERROR|(?:^|\n)ERROR:|ObjectDB instances leaked', log)[0m
2026-10-02T06:29:48.7598770Z [36;1massert all((root/(name+'.png')).is_file() for name in ['title','new_game','settings','controls','bindings','pause','save_status','save_slots','save_copy','save_history','first_steps','first_steps_help','first_steps_jump','first_steps_complete','scan_progress','scan_known','scan_journal'])[0m
2026-10-02T06:29:48.7599920Z [36;1mPY[0m
2026-10-02T06:29:48.7672744Z shell: /usr/bin/bash -e {0}
2026-10-02T06:29:48.7673011Z env:
2026-10-02T06:29:48.7673310Z   pythonLocation: /opt/hostedtoolcache/Python/3.12.14/x64
2026-10-02T06:29:48.7673966Z   PKG_CONFIG_PATH: /opt/hostedtoolcache/Python/3.12.14/x64/lib/pkgconfig
2026-10-02T06:29:48.7674425Z   Python_ROOT_DIR: /opt/hostedtoolcache/Python/3.12.14/x64
2026-10-02T06:29:48.7674956Z   Python2_ROOT_DIR: /opt/hostedtoolcache/Python/3.12.14/x64
2026-10-02T06:29:48.7675370Z   Python3_ROOT_DIR: /opt/hostedtoolcache/Python/3.12.14/x64
2026-10-02T06:29:48.7675784Z   LD_LIBRARY_PATH: /opt/hostedtoolcache/Python/3.12.14/x64/lib
2026-10-02T06:29:48.7676136Z   LIBGL_ALWAYS_SOFTWARE: 1
2026-10-02T06:29:48.7676438Z   XDG_DATA_HOME: /home/runner/work/_temp/frontend-userdata
2026-10-02T06:29:48.7676865Z   VOXELVERSE_CAPTURE_DIR: /home/runner/work/_temp/frontend-review
2026-10-02T06:29:48.7677224Z ##[endgroup]
2026-10-02T06:34:21.1807901Z Godot Engine v4.6.3.stable.official.7d41c59c4 - https://godotengine.org
2026-10-02T06:34:21.1809058Z WARNING: Could not set V-Sync mode, as changing V-Sync mode is not supported by the graphics driver.
2026-10-02T06:34:21.1810065Z      at: set_use_vsync (platform/linuxbsd/x11/gl_manager_x11.cpp:364)
2026-10-02T06:34:21.1811165Z OpenGL API 4.5 (Core Profile) Mesa 25.2.8-0ubuntu0.24.04.3 - Compatibility - Using Device: Mesa - llvmpipe (LLVM 20.1.2, 256 bits)
2026-10-02T06:34:21.1811977Z 
2026-10-02T06:34:21.1812452Z WARNING: Could not commit save: user://missing-frontend-directory/save.json (File not found)
2026-10-02T06:34:21.1813285Z      at: push_warning (core/variant/variant_utility.cpp:1034)
2026-10-02T06:34:21.1813868Z      GDScript backtrace (most recent call first):
2026-10-02T06:34:21.1814418Z          [0] _report_failure (res://autoload/save_game_service.gd:1149)
2026-10-02T06:34:21.1815331Z          [1] _save_snapshot (res://autoload/save_game_service.gd:199)
2026-10-02T06:34:21.1815974Z          [2] save_now (res://autoload/save_game_service.gd:128)
2026-10-02T06:34:21.1816576Z          [3] _save (res://autoload/session_flow.gd:421)
2026-10-02T06:34:21.1817649Z          [4] return_to_title (res://autoload/session_flow.gd:427)
2026-10-02T06:34:21.1818397Z          [5] _click_position (res://core/diagnostics/frontend_probe.gd:531)
2026-10-02T06:34:21.1819122Z          [6] _click (res://core/diagnostics/frontend_probe.gd:515)
2026-10-02T06:34:21.1819732Z          [7] _run (res://core/diagnostics/frontend_probe.gd:134)
2026-10-02T06:34:21.1820325Z          [8] _frames (res://core/diagnostics/frontend_probe.gd:488)
2026-10-02T06:34:21.1822353Z FRONTEND_PASSED: title, settings, seed validation, loading, first-steps actions/help/skip/restart, pause nesting, save status, failed save retention, world teardown, campaign isolation, thumbnails, rename, independent copies, selected history recovery, reload and backup/version handling.
2026-10-02T06:34:21.1824093Z 
2026-10-02T06:34:21.1885387Z ##[group]Run GODOT="/home/runner/work/_temp/godot-export-toolchain/editor/Godot_v4.6.3-stable_linux.x86_64"
2026-10-02T06:34:21.1886249Z [36;1mGODOT="/home/runner/work/_temp/godot-export-toolchain/editor/Godot_v4.6.3-stable_linux.x86_64"[0m
2026-10-02T06:34:21.1887199Z [36;1mxvfb-run -a -s '-screen 0 1920x1080x24' python3 tools/review_hud.py --godot "$GODOT" --output "/home/runner/work/_temp/frontend-review/hud"[0m
2026-10-02T06:34:21.1957044Z shell: /usr/bin/bash -e {0}
2026-10-02T06:34:21.1957317Z env:
2026-10-02T06:34:21.1957598Z   pythonLocation: /opt/hostedtoolcache/Python/3.12.14/x64
2026-10-02T06:34:21.1958059Z   PKG_CONFIG_PATH: /opt/hostedtoolcache/Python/3.12.14/x64/lib/pkgconfig
2026-10-02T06:34:21.1958507Z   Python_ROOT_DIR: /opt/hostedtoolcache/Python/3.12.14/x64
2026-10-02T06:34:21.1958917Z   Python2_ROOT_DIR: /opt/hostedtoolcache/Python/3.12.14/x64
2026-10-02T06:34:21.1959316Z   Python3_ROOT_DIR: /opt/hostedtoolcache/Python/3.12.14/x64
2026-10-02T06:34:21.1959759Z   LD_LIBRARY_PATH: /opt/hostedtoolcache/Python/3.12.14/x64/lib
2026-10-02T06:34:21.1960113Z   LIBGL_ALWAYS_SOFTWARE: 1
2026-10-02T06:34:21.1960349Z ##[endgroup]
2026-10-02T06:36:08.9161629Z {"passed": true, "screenshots": ["hud-1280x720.png", "hud-1920x1080.png", "hud-800x600.png", "hud-journal-1280x720.png", "hud-journal-1600x900.png", "hud-journal-800x600.png", "hud-scan-1280x720.png", "hud-scan-800x600.png", "hud-sphere-1280x720.png"], "missing": []}
2026-10-02T06:36:08.9327363Z ##[group]Run GODOT="/home/runner/work/_temp/godot-export-toolchain/editor/Godot_v4.6.3-stable_linux.x86_64"
2026-10-02T06:36:08.9328235Z [36;1mGODOT="/home/runner/work/_temp/godot-export-toolchain/editor/Godot_v4.6.3-stable_linux.x86_64"[0m
2026-10-02T06:36:08.9329212Z [36;1mxvfb-run -a -s '-screen 0 1920x1080x24' python3 tools/review_pause_menu.py --godot "$GODOT" --output "/home/runner/work/_temp/frontend-review/pause"[0m
2026-10-02T06:36:08.9399857Z shell: /usr/bin/bash -e {0}
2026-10-02T06:36:08.9400136Z env:
2026-10-02T06:36:08.9400437Z   pythonLocation: /opt/hostedtoolcache/Python/3.12.14/x64
2026-10-02T06:36:08.9400891Z   PKG_CONFIG_PATH: /opt/hostedtoolcache/Python/3.12.14/x64/lib/pkgconfig
2026-10-02T06:36:08.9401326Z   Python_ROOT_DIR: /opt/hostedtoolcache/Python/3.12.14/x64
2026-10-02T06:36:08.9401727Z   Python2_ROOT_DIR: /opt/hostedtoolcache/Python/3.12.14/x64
2026-10-02T06:36:08.9402133Z   Python3_ROOT_DIR: /opt/hostedtoolcache/Python/3.12.14/x64
2026-10-02T06:36:08.9402584Z   LD_LIBRARY_PATH: /opt/hostedtoolcache/Python/3.12.14/x64/lib
2026-10-02T06:36:08.9402915Z   LIBGL_ALWAYS_SOFTWARE: 1
2026-10-02T06:36:08.9403149Z ##[endgroup]
2026-10-02T06:46:06.2058002Z {
2026-10-02T06:46:06.2058788Z   "commit": "bb0428a5f6e3a5c01cf688405999c9328e25a5f8",
2026-10-02T06:46:06.2059264Z   "tree": "84af398ba62d91bbca06964996e9aa6ceb01cba6",
2026-10-02T06:46:06.2059587Z   "dirty": false,
2026-10-02T06:46:06.2059800Z   "passed": true,
2026-10-02T06:46:06.2060021Z   "source_unchanged": true,
2026-10-02T06:46:06.2060259Z   "command": [
2026-10-02T06:46:06.2060631Z     "/tmp/voxelverse-validation-editor-uvkypeb7/Godot_v4.6.3-stable_linux.x86_64",
2026-10-02T06:46:06.2061062Z     "--path",
2026-10-02T06:46:06.2061298Z     "/home/runner/work/voxelverse/voxelverse",
2026-10-02T06:46:06.2061632Z     "--rendering-method",
2026-10-02T06:46:06.2061870Z     "gl_compatibility",
2026-10-02T06:46:06.2062095Z     "--audio-driver",
2026-10-02T06:46:06.2062311Z     "Dummy",
2026-10-02T06:46:06.2062517Z     "--",
2026-10-02T06:46:06.2062726Z     "--pause-menu-smoke"
2026-10-02T06:46:06.2062954Z   ],
2026-10-02T06:46:06.2063141Z   "timed_out": false,
2026-10-02T06:46:06.2063353Z   "images": [
2026-10-02T06:46:06.2063574Z     "creature-de-pause.png",
2026-10-02T06:46:06.2063841Z     "creature-de-graphics.png",
2026-10-02T06:46:06.2064102Z     "creature-de-audio.png",
2026-10-02T06:46:06.2064344Z     "creature-en-pause.png",
2026-10-02T06:46:06.2064582Z     "creature-en-graphics.png",
2026-10-02T06:46:06.2065076Z     "creature-en-audio.png",
2026-10-02T06:46:06.2065461Z     "tribe-de-pause.png",
2026-10-02T06:46:06.2065835Z     "tribe-de-graphics.png",
2026-10-02T06:46:06.2066201Z     "tribe-de-audio.png",
2026-10-02T06:46:06.2066498Z     "tribe-en-pause.png",
2026-10-02T06:46:06.2066723Z     "tribe-en-graphics.png",
2026-10-02T06:46:06.2066969Z     "tribe-en-audio.png"
2026-10-02T06:46:06.2067181Z   ],
2026-10-02T06:46:06.2067412Z   "image_sizes": {
2026-10-02T06:46:06.2067649Z     "creature-de-pause.png": [
2026-10-02T06:46:06.2067894Z       1280,
2026-10-02T06:46:06.2068076Z       720
2026-10-02T06:46:06.2068260Z     ],
2026-10-02T06:46:06.2068476Z     "creature-de-graphics.png": [
2026-10-02T06:46:06.2068729Z       1280,
2026-10-02T06:46:06.2068912Z       720
2026-10-02T06:46:06.2069091Z     ],
2026-10-02T06:46:06.2069292Z     "creature-de-audio.png": [
2026-10-02T06:46:06.2069528Z       1280,
2026-10-02T06:46:06.2069705Z       720
2026-10-02T06:46:06.2069879Z     ],
2026-10-02T06:46:06.2070072Z     "creature-en-pause.png": [
2026-10-02T06:46:06.2070298Z       1280,
2026-10-02T06:46:06.2070475Z       720
2026-10-02T06:46:06.2070653Z     ],
2026-10-02T06:46:06.2070851Z     "creature-en-graphics.png": [
2026-10-02T06:46:06.2071088Z       1280,
2026-10-02T06:46:06.2071260Z       720
2026-10-02T06:46:06.2071430Z     ],
2026-10-02T06:46:06.2071932Z     "creature-en-audio.png": [
2026-10-02T06:46:06.2072156Z       1280,
2026-10-02T06:46:06.2072331Z       720
2026-10-02T06:46:06.2072514Z     ],
2026-10-02T06:46:06.2072893Z     "tribe-de-pause.png": [
2026-10-02T06:46:06.2073130Z       1280,
2026-10-02T06:46:06.2073307Z       720
2026-10-02T06:46:06.2073486Z     ],
2026-10-02T06:46:06.2073710Z     "tribe-de-graphics.png": [
2026-10-02T06:46:06.2074144Z       1280,
2026-10-02T06:46:06.2074463Z       720
2026-10-02T06:46:06.2075053Z     ],
2026-10-02T06:46:06.2075484Z     "tribe-de-audio.png": [
2026-10-02T06:46:06.2075953Z       1280,
2026-10-02T06:46:06.2076387Z       720
2026-10-02T06:46:06.2076693Z     ],
2026-10-02T06:46:06.2077051Z     "tribe-en-pause.png": [
2026-10-02T06:46:06.2077428Z       1280,
2026-10-02T06:46:06.2077738Z       720
2026-10-02T06:46:06.2078131Z     ],
2026-10-02T06:46:06.2078514Z     "tribe-en-graphics.png": [
2026-10-02T06:46:06.2092958Z       1280,
2026-10-02T06:46:06.2093234Z       720
2026-10-02T06:46:06.2093447Z     ],
2026-10-02T06:46:06.2093668Z     "tribe-en-audio.png": [
2026-10-02T06:46:06.2094051Z       1280,
2026-10-02T06:46:06.2094331Z       720
2026-10-02T06:46:06.2094606Z     ]
2026-10-02T06:46:06.2095013Z   },
2026-10-02T06:46:06.2096274Z   "scope": "Eight representative native cases: both phases and languages, 720p at 130% and 1080p at 80%; real sphere/tribal handoff, keyboard/mouse, pause/focus/back and graphics apply/discard. Full sixteen-case matrix separately headless. No target-PC acceptance."
2026-10-02T06:46:06.2097377Z }
2026-10-02T06:46:06.2210379Z ##[group]Run GODOT="/home/runner/work/_temp/godot-export-toolchain/editor/Godot_v4.6.3-stable_linux.x86_64"
2026-10-02T06:46:06.2211247Z [36;1mGODOT="/home/runner/work/_temp/godot-export-toolchain/editor/Godot_v4.6.3-stable_linux.x86_64"[0m
2026-10-02T06:46:06.2212315Z [36;1mxvfb-run -a -s '-screen 0 1920x1080x24' python3 tools/review_int30_menu_audio_book.py --godot "$GODOT" --output "/home/runner/work/_temp/frontend-review/int30-menu-audio-book"[0m
2026-10-02T06:46:06.2213628Z [36;1mxvfb-run -a -s '-screen 0 1920x1080x24' python3 tools/review_int30_menu_audio_book.py --book-frames --godot "$GODOT" --output "/home/runner/work/_temp/frontend-review/int30-book-host"[0m
2026-10-02T06:46:06.2280933Z shell: /usr/bin/bash -e {0}
2026-10-02T06:46:06.2281210Z env:
2026-10-02T06:46:06.2281495Z   pythonLocation: /opt/hostedtoolcache/Python/3.12.14/x64
2026-10-02T06:46:06.2281958Z   PKG_CONFIG_PATH: /opt/hostedtoolcache/Python/3.12.14/x64/lib/pkgconfig
2026-10-02T06:46:06.2282456Z   Python_ROOT_DIR: /opt/hostedtoolcache/Python/3.12.14/x64
2026-10-02T06:46:06.2282856Z   Python2_ROOT_DIR: /opt/hostedtoolcache/Python/3.12.14/x64
2026-10-02T06:46:06.2283244Z   Python3_ROOT_DIR: /opt/hostedtoolcache/Python/3.12.14/x64
2026-10-02T06:46:06.2283632Z   LD_LIBRARY_PATH: /opt/hostedtoolcache/Python/3.12.14/x64/lib
2026-10-02T06:46:06.2283989Z   LIBGL_ALWAYS_SOFTWARE: 1
2026-10-02T06:46:06.2284231Z ##[endgroup]
2026-10-02T06:49:31.5610609Z {"passed": true, "exit_code": 0, "images": 96, "log_sha256": "5173818da7e8fa2d37154871672e882e66ab2fd4c67c1ff803b3e0854ec1af35"}
2026-10-02T06:49:41.9302072Z {"passed": true, "exit_code": 0, "images": 72, "log_sha256": "424e615f427489c9ff771be42701439a6843f5b440de8491ad9ea60b6f0a4ca1"}
2026-10-02T06:49:41.9505007Z ##[group]Run actions/upload-artifact@v4
2026-10-02T06:49:41.9505326Z with:
2026-10-02T06:49:41.9505546Z   name: voxelverse-frontend-review
2026-10-02T06:49:41.9505859Z   path: /home/runner/work/_temp/frontend-review
2026-10-02T06:49:41.9506173Z   retention-days: 14
2026-10-02T06:49:41.9506404Z   if-no-files-found: warn
2026-10-02T06:49:41.9506641Z   compression-level: 6
2026-10-02T06:49:41.9506861Z   overwrite: false
2026-10-02T06:49:41.9507080Z   include-hidden-files: false
2026-10-02T06:49:41.9507322Z env:
2026-10-02T06:49:41.9507576Z   pythonLocation: /opt/hostedtoolcache/Python/3.12.14/x64
2026-10-02T06:49:41.9508035Z   PKG_CONFIG_PATH: /opt/hostedtoolcache/Python/3.12.14/x64/lib/pkgconfig
2026-10-02T06:49:41.9508700Z   Python_ROOT_DIR: /opt/hostedtoolcache/Python/3.12.14/x64
2026-10-02T06:49:41.9509092Z   Python2_ROOT_DIR: /opt/hostedtoolcache/Python/3.12.14/x64
2026-10-02T06:49:41.9509483Z   Python3_ROOT_DIR: /opt/hostedtoolcache/Python/3.12.14/x64
2026-10-02T06:49:41.9509894Z   LD_LIBRARY_PATH: /opt/hostedtoolcache/Python/3.12.14/x64/lib
2026-10-02T06:49:41.9510234Z ##[endgroup]
2026-10-02T06:49:42.1198769Z (node:3554) [DEP0040] DeprecationWarning: The `punycode` module is deprecated. Please use a userland alternative instead.
2026-10-02T06:49:42.1199649Z (Use `node --trace-deprecation ...` to show where the warning was created)
2026-10-02T06:49:42.1651882Z With the provided path, there will be 224 files uploaded
2026-10-02T06:49:42.1666220Z Artifact name is valid!
2026-10-02T06:49:42.1666898Z Root directory input is valid!
2026-10-02T06:49:42.4197517Z Beginning upload of artifact content to blob storage
2026-10-02T06:49:42.7767370Z (node:3554) [DEP0169] DeprecationWarning: `url.parse()` behavior is not standardized and prone to errors that have security implications. Use the WHATWG URL API instead. CVEs are not issued for `url.parse()` vulnerabilities.
2026-10-02T06:49:43.2160366Z Uploaded bytes 8388608
2026-10-02T06:49:43.4432772Z Uploaded bytes 16777216
2026-10-02T06:49:43.6344941Z Uploaded bytes 25165824
2026-10-02T06:49:43.8738800Z Uploaded bytes 33554432
2026-10-02T06:49:44.0180525Z Uploaded bytes 37811730
2026-10-02T06:49:44.0591166Z Finished uploading artifact content to blob storage!
2026-10-02T06:49:44.0593871Z SHA256 digest of uploaded artifact zip is b04b71a1042f0ed70346622883cc748cb2a5d39fdfdd14e6f144fdb1395dbe22
2026-10-02T06:49:44.0596083Z Finalizing artifact upload
2026-10-02T06:49:44.3350641Z Artifact voxelverse-frontend-review.zip successfully finalized. Artifact ID 11212877532
2026-10-02T06:49:44.3351817Z Artifact voxelverse-frontend-review has been successfully uploaded! Final size is 37811730 bytes. Artifact ID is 11212877532
2026-10-02T06:49:44.3360692Z Artifact download URL: https://github.com/MajorDragonfly/voxelverse/actions/runs/36973559054/artifacts/11212877532
2026-10-02T06:49:44.3557086Z Post job cleanup.
2026-10-02T06:49:44.4673328Z (node:3568) [DEP0040] DeprecationWarning: The `punycode` module is deprecated. Please use a userland alternative instead.
2026-10-02T06:49:44.4699978Z (Use `node --trace-deprecation ...` to show where the warning was created)
2026-10-02T06:49:44.4831252Z [command]/usr/bin/tar --posix -cf cache.tzst --exclude cache.tzst -P -C /home/runner/work/voxelverse/voxelverse --files-from manifest.txt --use-compress-program zstdmt
2026-10-02T06:49:46.8875514Z (node:3568) [DEP0169] DeprecationWarning: `url.parse()` behavior is not standardized and prone to errors that have security implications. Use the WHATWG URL API instead. CVEs are not issued for `url.parse()` vulnerabilities.
2026-10-02T06:49:47.8718506Z Sent 0 of 1518492001 (0.0%), 0.0 MBs/sec
2026-10-02T06:49:48.8736291Z Sent 805306368 of 1518492001 (53.0%), 383.6 MBs/sec
2026-10-02T06:49:49.8730208Z Sent 1140850688 of 1518492001 (75.1%), 362.4 MBs/sec
2026-10-02T06:49:50.8737015Z Sent 1409286144 of 1518492001 (92.8%), 335.7 MBs/sec
2026-10-02T06:49:51.8760030Z Sent 1409286144 of 1518492001 (92.8%), 268.6 MBs/sec
2026-10-02T06:49:52.8751544Z Sent 1451383137 of 1518492001 (95.6%), 230.5 MBs/sec
2026-10-02T06:49:53.8751511Z Sent 1451383137 of 1518492001 (95.6%), 197.6 MBs/sec
2026-10-02T06:49:54.8766002Z Sent 1451383137 of 1518492001 (95.6%), 172.9 MBs/sec
2026-10-02T06:49:55.3859470Z Sent 1518492001 of 1518492001 (100.0%), 170.1 MBs/sec
2026-10-02T06:49:55.6641370Z Cache saved with key: godot-4.6.3-desktop-v1-Linux
2026-10-02T06:49:55.6834237Z Post job cleanup.
2026-10-02T06:49:55.8029651Z (node:3593) [DEP0040] DeprecationWarning: The `punycode` module is deprecated. Please use a userland alternative instead.
2026-10-02T06:49:55.8030666Z (Use `node --trace-deprecation ...` to show where the warning was created)
2026-10-02T06:49:55.8210771Z Post job cleanup.
2026-10-02T06:49:55.9096689Z [command]/usr/bin/git version
2026-10-02T06:49:55.9145633Z git version 2.55.0
2026-10-02T06:49:55.9247711Z Temporarily overriding HOME='/home/runner/work/_temp/7bbfe610-ec2c-4359-b8bc-902067ced75f' before making global git config changes
2026-10-02T06:49:55.9265763Z Adding repository directory to the temporary git global config as a safe directory
2026-10-02T06:49:55.9294645Z [command]/usr/bin/git config --global --add safe.directory /home/runner/work/voxelverse/voxelverse
2026-10-02T06:49:55.9355615Z [command]/usr/bin/git config --local --name-only --get-regexp core\.sshCommand
2026-10-02T06:49:55.9386352Z [command]/usr/bin/git submodule foreach --recursive sh -c "git config --local --name-only --get-regexp 'core\.sshCommand' && git config --local --unset-all 'core.sshCommand' || :"
2026-10-02T06:49:55.9586477Z [command]/usr/bin/git config --local --name-only --get-regexp http\.https\:\/\/github\.com\/\.extraheader
2026-10-02T06:49:55.9613663Z http.https://github.com/.extraheader
2026-10-02T06:49:55.9627119Z [command]/usr/bin/git config --local --unset-all http.https://github.com/.extraheader
2026-10-02T06:49:55.9646149Z [command]/usr/bin/git submodule foreach --recursive sh -c "git config --local --name-only --get-regexp 'http\.https\:\/\/github\.com\/\.extraheader' && git config --local --unset-all 'http.https://github.com/.extraheader' || :"
2026-10-02T06:49:55.9928174Z [command]/usr/bin/git config --local --name-only --get-regexp ^includeIf\.gitdir:
2026-10-02T06:49:55.9986397Z [command]/usr/bin/git submodule foreach --recursive git config --local --show-origin --name-only --get-regexp remote.origin.url
2026-10-02T06:49:56.0429714Z Cleaning up orphan processes
2026-10-02T06:49:56.0785719Z ##[warning]Node.js 20 is deprecated. The following actions target Node.js 20 but are being forced to run on Node.js 24: actions/cache@v4, actions/checkout@v4, actions/setup-python@v5, actions/upload-artifact@v4. For more information see: https://github.blog/changelog/2025-09-19-deprecation-of-node-20-on-github-actions-runners/

