2026-10-02T06:11:34.9045736Z Current runner version: '2.337.0'
2026-10-02T06:11:34.9063426Z ##[group]Runner Image Provisioner
2026-10-02T06:11:34.9063956Z Hosted Compute Agent
2026-10-02T06:11:34.9064345Z Version: 20260901.588
2026-10-02T06:11:34.9064728Z Commit: f88ec8081b781fac6c440065ac7ff9e710ce3d0b
2026-10-02T06:11:34.9065162Z Build Date: 2026-09-01T19:56:44Z
2026-10-02T06:11:34.9065551Z Worker ID: {d3daa9e4-9406-4e7a-9c2f-d64a87a5a398}
2026-10-02T06:11:34.9065978Z Azure Region: centralus
2026-10-02T06:11:34.9066339Z ##[endgroup]
2026-10-02T06:11:34.9067068Z ##[group]Operating System
2026-10-02T06:11:34.9067394Z Ubuntu
2026-10-02T06:11:34.9067755Z 24.04.5
2026-10-02T06:11:34.9068076Z LTS
2026-10-02T06:11:34.9068389Z ##[endgroup]
2026-10-02T06:11:34.9068709Z ##[group]Runner Image
2026-10-02T06:11:34.9069051Z Image: ubuntu-24.04
2026-10-02T06:11:34.9069412Z Version: 20260927.320.1
2026-10-02T06:11:34.9070132Z Included Software: https://github.com/actions/runner-images/blob/ubuntu24/20260927.320/images/ubuntu/Ubuntu2404-Readme.md
2026-10-02T06:11:34.9070999Z Image Release: https://github.com/actions/runner-images/releases/tag/ubuntu24%2F20260927.320
2026-10-02T06:11:34.9071686Z ##[endgroup]
2026-10-02T06:11:34.9072403Z ##[group]GITHUB_TOKEN Permissions
2026-10-02T06:11:34.9073527Z Contents: read
2026-10-02T06:11:34.9073909Z Metadata: read
2026-10-02T06:11:34.9074223Z Packages: read
2026-10-02T06:11:34.9074577Z ##[endgroup]
2026-10-02T06:11:34.9075888Z Secret source: Actions
2026-10-02T06:11:34.9076444Z Cache mode: write
2026-10-02T06:11:34.9076878Z Prepare workflow directory
2026-10-02T06:11:34.9528150Z Prepare all required actions
2026-10-02T06:11:34.9558240Z Getting action download info
2026-10-02T06:11:35.2223082Z Download action repository 'actions/checkout@v4' (SHA:11d5960a326750d5838078e36cf38b85af677262)
2026-10-02T06:11:35.6338478Z Download action repository 'actions/setup-python@v5' (SHA:a26af69be951a213d495a4c3e4e4022e16d87065)
2026-10-02T06:11:35.8912630Z Download action repository 'actions/cache@v4' (SHA:0057852bfaa89a56745cba8c7296529d2fc39830)
2026-10-02T06:11:36.1321716Z Download action repository 'actions/upload-artifact@v4' (SHA:ea165f8d65b6e75b540449e92b4886f43607fa02)
2026-10-02T06:11:36.9992712Z Complete job name: frontend
2026-10-02T06:11:37.0559992Z ##[group]Run actions/checkout@v4
2026-10-02T06:11:37.0560673Z with:
2026-10-02T06:11:37.0561261Z   repository: MajorDragonfly/voxelverse
2026-10-02T06:11:37.0565864Z   token: ***
2026-10-02T06:11:37.0566307Z   ssh-strict: true
2026-10-02T06:11:37.0566761Z   ssh-user: git
2026-10-02T06:11:37.0567225Z   persist-credentials: true
2026-10-02T06:11:37.0567742Z   clean: true
2026-10-02T06:11:37.0568212Z   sparse-checkout-cone-mode: true
2026-10-02T06:11:37.0568768Z   fetch-depth: 1
2026-10-02T06:11:37.0569223Z   fetch-tags: false
2026-10-02T06:11:37.0569688Z   show-progress: true
2026-10-02T06:11:37.0570166Z   lfs: false
2026-10-02T06:11:37.0570607Z   submodules: false
2026-10-02T06:11:37.0571213Z   set-safe-directory: true
2026-10-02T06:11:37.0571907Z   allow-unsafe-pr-checkout: false
2026-10-02T06:11:37.0572823Z ##[endgroup]
2026-10-02T06:11:37.1262524Z Syncing repository: MajorDragonfly/voxelverse
2026-10-02T06:11:37.1264472Z ##[group]Getting Git version info
2026-10-02T06:11:37.1265362Z Working directory is '/home/runner/work/voxelverse/voxelverse'
2026-10-02T06:11:37.1266580Z [command]/usr/bin/git version
2026-10-02T06:11:37.1329781Z git version 2.55.0
2026-10-02T06:11:37.1344479Z ##[endgroup]
2026-10-02T06:11:37.1357221Z Temporarily overriding HOME='/home/runner/work/_temp/c8c3be75-d057-49f8-b80a-26ae05aaa388' before making global git config changes
2026-10-02T06:11:37.1359878Z Adding repository directory to the temporary git global config as a safe directory
2026-10-02T06:11:37.1362069Z [command]/usr/bin/git config --global --add safe.directory /home/runner/work/voxelverse/voxelverse
2026-10-02T06:11:37.1411881Z Deleting the contents of '/home/runner/work/voxelverse/voxelverse'
2026-10-02T06:11:37.1416980Z ##[group]Initializing the repository
2026-10-02T06:11:37.1420348Z [command]/usr/bin/git init /home/runner/work/voxelverse/voxelverse
2026-10-02T06:11:37.1527531Z hint: Using 'master' as the name for the initial branch. This default branch name
2026-10-02T06:11:37.1529319Z hint: will change to "main" in Git 3.0. To configure the initial branch name
2026-10-02T06:11:37.1530325Z hint: to use in all of your new repositories, which will suppress this warning,
2026-10-02T06:11:37.1531258Z hint: call:
2026-10-02T06:11:37.1531696Z hint:
2026-10-02T06:11:37.1532265Z hint: 	git config --global init.defaultBranch <name>
2026-10-02T06:11:37.1532901Z hint:
2026-10-02T06:11:37.1533497Z hint: Names commonly chosen instead of 'master' are 'main', 'trunk' and
2026-10-02T06:11:37.1534574Z hint: 'development'. The just-created branch can be renamed via this command:
2026-10-02T06:11:37.1535714Z hint:
2026-10-02T06:11:37.1536336Z hint: 	git branch -m <name>
2026-10-02T06:11:37.1536986Z hint:
2026-10-02T06:11:37.1537650Z hint: Disable this message with "git config set advice.defaultBranchName false"
2026-10-02T06:11:37.1538770Z Initialized empty Git repository in /home/runner/work/voxelverse/voxelverse/.git/
2026-10-02T06:11:37.1540816Z [command]/usr/bin/git remote add origin https://github.com/MajorDragonfly/voxelverse
2026-10-02T06:11:37.1569450Z ##[endgroup]
2026-10-02T06:11:37.1570268Z ##[group]Disabling automatic garbage collection
2026-10-02T06:11:37.1573549Z [command]/usr/bin/git config --local gc.auto 0
2026-10-02T06:11:37.1607668Z ##[endgroup]
2026-10-02T06:11:37.1619994Z ##[group]Setting up auth
2026-10-02T06:11:37.1708792Z [command]/usr/bin/git config --local --name-only --get-regexp core\.sshCommand
2026-10-02T06:11:37.1712241Z [command]/usr/bin/git submodule foreach --recursive sh -c "git config --local --name-only --get-regexp 'core\.sshCommand' && git config --local --unset-all 'core.sshCommand' || :"
2026-10-02T06:11:37.1983406Z [command]/usr/bin/git config --local --name-only --get-regexp http\.https\:\/\/github\.com\/\.extraheader
2026-10-02T06:11:37.2014363Z [command]/usr/bin/git submodule foreach --recursive sh -c "git config --local --name-only --get-regexp 'http\.https\:\/\/github\.com\/\.extraheader' && git config --local --unset-all 'http.https://github.com/.extraheader' || :"
2026-10-02T06:11:37.2188864Z [command]/usr/bin/git config --local --name-only --get-regexp ^includeIf\.gitdir:
2026-10-02T06:11:37.2218821Z [command]/usr/bin/git submodule foreach --recursive git config --local --show-origin --name-only --get-regexp remote.origin.url
2026-10-02T06:11:37.2395393Z [command]/usr/bin/git config --local http.https://github.com/.extraheader AUTHORIZATION: basic ***
2026-10-02T06:11:37.2429878Z ##[endgroup]
2026-10-02T06:11:37.2430811Z ##[group]Fetching the repository
2026-10-02T06:11:37.2436763Z [command]/usr/bin/git -c protocol.version=2 fetch --no-tags --prune --no-recurse-submodules --depth=1 origin +ed2a58ee976f13a1682bb81791c565d996a6fa71:refs/remotes/pull/253/merge
2026-10-02T06:11:43.7550659Z From https://github.com/MajorDragonfly/voxelverse
2026-10-02T06:11:43.7551456Z  * [new ref]         ed2a58ee976f13a1682bb81791c565d996a6fa71 -> pull/253/merge
2026-10-02T06:11:43.7554067Z ##[endgroup]
2026-10-02T06:11:43.7560131Z ##[group]Determining the checkout info
2026-10-02T06:11:43.7560878Z ##[endgroup]
2026-10-02T06:11:43.7561286Z [command]/usr/bin/git sparse-checkout disable
2026-10-02T06:11:43.7617329Z [command]/usr/bin/git config --local --unset-all extensions.worktreeConfig
2026-10-02T06:11:43.7646386Z ##[group]Checking out the ref
2026-10-02T06:11:43.7649050Z [command]/usr/bin/git checkout --progress --force refs/remotes/pull/253/merge
2026-10-02T06:11:44.3909296Z Note: switching to 'refs/remotes/pull/253/merge'.
2026-10-02T06:11:44.3909541Z 
2026-10-02T06:11:44.3909662Z You are in 'detached HEAD' state. You can look around, make experimental
2026-10-02T06:11:44.3909974Z changes and commit them, and you can discard any commits you make in this
2026-10-02T06:11:44.3910338Z state without impacting any branches by switching back to a branch.
2026-10-02T06:11:44.3910571Z 
2026-10-02T06:11:44.3911268Z If you want to create a new branch to retain commits you create, you may
2026-10-02T06:11:44.3911638Z do so (now or later) by using -c with the switch command. Example:
2026-10-02T06:11:44.3911864Z 
2026-10-02T06:11:44.3911972Z   git switch -c <new-branch-name>
2026-10-02T06:11:44.3912118Z 
2026-10-02T06:11:44.3912210Z Or undo this operation with:
2026-10-02T06:11:44.3912337Z 
2026-10-02T06:11:44.3912418Z   git switch -
2026-10-02T06:11:44.3912548Z 
2026-10-02T06:11:44.3912724Z Turn off this advice by setting config variable advice.detachedHead to false
2026-10-02T06:11:44.3912967Z 
2026-10-02T06:11:44.3913248Z HEAD is now at ed2a58e Merge 35126184af5a72ea5fe712182f124a0807432548 into a7ac6b79e9a36a87a42eabab6c454590575cd2a1
2026-10-02T06:11:44.3959219Z ##[endgroup]
2026-10-02T06:11:44.4004737Z [command]/usr/bin/git log -1 --format=%H
2026-10-02T06:11:44.4031738Z ed2a58ee976f13a1682bb81791c565d996a6fa71
2026-10-02T06:11:44.4220696Z ##[group]Run actions/setup-python@v5
2026-10-02T06:11:44.4220875Z with:
2026-10-02T06:11:44.4220991Z   python-version: 3.12
2026-10-02T06:11:44.4221312Z   check-latest: false
2026-10-02T06:11:44.4222590Z   token: ***
2026-10-02T06:11:44.4222705Z   update-environment: true
2026-10-02T06:11:44.4222837Z   allow-prereleases: false
2026-10-02T06:11:44.4222984Z   freethreaded: false
2026-10-02T06:11:44.4223102Z ##[endgroup]
2026-10-02T06:11:44.5064328Z ##[group]Installed versions
2026-10-02T06:11:44.5118872Z (node:2083) [DEP0040] DeprecationWarning: The `punycode` module is deprecated. Please use a userland alternative instead.
2026-10-02T06:11:44.5119489Z (Use `node --trace-deprecation ...` to show where the warning was created)
2026-10-02T06:11:44.5119838Z Successfully set up CPython (3.12.14)
2026-10-02T06:11:44.5120452Z ##[endgroup]
2026-10-02T06:11:44.5279801Z ##[group]Run actions/cache@v4
2026-10-02T06:11:44.5279964Z with:
2026-10-02T06:11:44.5280102Z   path: /home/runner/work/_temp/godot-export-toolchain
2026-10-02T06:11:44.5280281Z   key: godot-4.6.3-desktop-v1-Linux
2026-10-02T06:11:44.5280445Z   enableCrossOsArchive: false
2026-10-02T06:11:44.5280579Z   fail-on-cache-miss: false
2026-10-02T06:11:44.5280707Z   lookup-only: false
2026-10-02T06:11:44.5280819Z   save-always: false
2026-10-02T06:11:44.5280927Z env:
2026-10-02T06:11:44.5281064Z   pythonLocation: /opt/hostedtoolcache/Python/3.12.14/x64
2026-10-02T06:11:44.5281572Z   PKG_CONFIG_PATH: /opt/hostedtoolcache/Python/3.12.14/x64/lib/pkgconfig
2026-10-02T06:11:44.5281792Z   Python_ROOT_DIR: /opt/hostedtoolcache/Python/3.12.14/x64
2026-10-02T06:11:44.5281991Z   Python2_ROOT_DIR: /opt/hostedtoolcache/Python/3.12.14/x64
2026-10-02T06:11:44.5282196Z   Python3_ROOT_DIR: /opt/hostedtoolcache/Python/3.12.14/x64
2026-10-02T06:11:44.5282434Z   LD_LIBRARY_PATH: /opt/hostedtoolcache/Python/3.12.14/x64/lib
2026-10-02T06:11:44.5282599Z ##[endgroup]
2026-10-02T06:11:44.5976035Z (node:2091) [DEP0040] DeprecationWarning: The `punycode` module is deprecated. Please use a userland alternative instead.
2026-10-02T06:11:44.5976644Z (Use `node --trace-deprecation ...` to show where the warning was created)
2026-10-02T06:11:44.7210982Z Cache not found for input keys: godot-4.6.3-desktop-v1-Linux
2026-10-02T06:11:44.7297507Z ##[group]Run sudo apt-get update -qq
2026-10-02T06:11:44.7297735Z [36;1msudo apt-get update -qq[0m
2026-10-02T06:11:44.7297977Z [36;1msudo apt-get install -y --no-install-recommends xvfb xauth libgl1-mesa-dri[0m
2026-10-02T06:11:44.7298352Z [36;1mpython tools/install_godot.py --directory "/home/runner/work/_temp/godot-export-toolchain" --platform linux[0m
2026-10-02T06:11:44.7516320Z shell: /usr/bin/bash -e {0}
2026-10-02T06:11:44.7516510Z env:
2026-10-02T06:11:44.7516678Z   pythonLocation: /opt/hostedtoolcache/Python/3.12.14/x64
2026-10-02T06:11:44.7516923Z   PKG_CONFIG_PATH: /opt/hostedtoolcache/Python/3.12.14/x64/lib/pkgconfig
2026-10-02T06:11:44.7517156Z   Python_ROOT_DIR: /opt/hostedtoolcache/Python/3.12.14/x64
2026-10-02T06:11:44.7517364Z   Python2_ROOT_DIR: /opt/hostedtoolcache/Python/3.12.14/x64
2026-10-02T06:11:44.7517770Z   Python3_ROOT_DIR: /opt/hostedtoolcache/Python/3.12.14/x64
2026-10-02T06:11:44.7518025Z   LD_LIBRARY_PATH: /opt/hostedtoolcache/Python/3.12.14/x64/lib
2026-10-02T06:11:44.7518202Z ##[endgroup]
2026-10-02T06:11:51.3196299Z Reading package lists...
2026-10-02T06:11:51.4751383Z Building dependency tree...
2026-10-02T06:11:51.4756870Z Reading state information...
2026-10-02T06:11:51.6000917Z xvfb is already the newest version (2:21.1.12-1ubuntu1.8).
2026-10-02T06:11:51.6001622Z xauth is already the newest version (1:1.1.2-1build1).
2026-10-02T06:11:51.6002060Z xauth set to manually installed.
2026-10-02T06:11:51.6002450Z The following additional packages will be installed:
2026-10-02T06:11:51.6006348Z   libgbm1 libglx-mesa0 libwayland-server0 mesa-libgallium
2026-10-02T06:11:51.6167357Z The following NEW packages will be installed:
2026-10-02T06:11:51.6167650Z   libwayland-server0
2026-10-02T06:11:51.6170248Z The following packages will be upgraded:
2026-10-02T06:11:51.6172904Z   libgbm1 libgl1-mesa-dri libglx-mesa0 mesa-libgallium
2026-10-02T06:11:51.6298738Z 4 upgraded, 1 newly installed, 0 to remove and 21 not upgraded.
2026-10-02T06:11:51.6299096Z Need to get 11.0 MB of archives.
2026-10-02T06:11:51.6299387Z After this operation, 111 kB of additional disk space will be used.
2026-10-02T06:11:51.6299724Z Get:1 file:/etc/apt/apt-mirrors.txt Mirrorlist [144 B]
2026-10-02T06:11:51.6769664Z Get:2 http://azure.archive.ubuntu.com/ubuntu noble-updates/main amd64 libgl1-mesa-dri amd64 25.2.8-0ubuntu0.24.04.3 [37.9 kB]
2026-10-02T06:11:51.7088940Z Get:3 http://azure.archive.ubuntu.com/ubuntu noble/main amd64 libwayland-server0 amd64 1.22.0-2.1build1 [33.9 kB]
2026-10-02T06:11:51.7404112Z Get:4 http://azure.archive.ubuntu.com/ubuntu noble-updates/main amd64 libglx-mesa0 amd64 25.2.8-0ubuntu0.24.04.3 [110 kB]
2026-10-02T06:11:51.7721505Z Get:5 http://azure.archive.ubuntu.com/ubuntu noble-updates/main amd64 libgbm1 amd64 25.2.8-0ubuntu0.24.04.3 [34.3 kB]
2026-10-02T06:11:51.8037750Z Get:6 http://azure.archive.ubuntu.com/ubuntu noble-updates/main amd64 mesa-libgallium amd64 25.2.8-0ubuntu0.24.04.3 [10.8 MB]
2026-10-02T06:11:52.1025071Z Fetched 11.0 MB in 0s (38.0 MB/s)
2026-10-02T06:11:52.1425613Z (Reading database ... 
2026-10-02T06:11:52.1425897Z (Reading database ... 5%
2026-10-02T06:11:52.1426112Z (Reading database ... 10%
2026-10-02T06:11:52.1426306Z (Reading database ... 15%
2026-10-02T06:11:52.1426496Z (Reading database ... 20%
2026-10-02T06:11:52.1426963Z (Reading database ... 25%
2026-10-02T06:11:52.1427155Z (Reading database ... 30%
2026-10-02T06:11:52.1427394Z (Reading database ... 35%
2026-10-02T06:11:52.1427583Z (Reading database ... 40%
2026-10-02T06:11:52.1427797Z (Reading database ... 45%
2026-10-02T06:11:52.1427993Z (Reading database ... 50%
2026-10-02T06:11:52.1471385Z (Reading database ... 55%
2026-10-02T06:11:52.2759004Z (Reading database ... 60%
2026-10-02T06:11:52.4834171Z (Reading database ... 65%
2026-10-02T06:11:52.8705047Z (Reading database ... 70%
2026-10-02T06:11:53.0326253Z (Reading database ... 75%
2026-10-02T06:11:53.1737087Z (Reading database ... 80%
2026-10-02T06:11:53.3791036Z (Reading database ... 85%
2026-10-02T06:11:53.6387765Z (Reading database ... 90%
2026-10-02T06:11:54.0023780Z (Reading database ... 95%
2026-10-02T06:11:54.0024067Z (Reading database ... 100%
2026-10-02T06:11:54.0024364Z (Reading database ... 202296 files and directories currently installed.)
2026-10-02T06:11:54.0060215Z Preparing to unpack .../libgl1-mesa-dri_25.2.8-0ubuntu0.24.04.3_amd64.deb ...
2026-10-02T06:11:54.2112765Z Unpacking libgl1-mesa-dri:amd64 (25.2.8-0ubuntu0.24.04.3) over (25.2.8-0ubuntu0.24.04.2) ...
2026-10-02T06:11:55.4380019Z Selecting previously unselected package libwayland-server0:amd64.
2026-10-02T06:11:55.4475363Z Preparing to unpack .../libwayland-server0_1.22.0-2.1build1_amd64.deb ...
2026-10-02T06:11:55.6352168Z Unpacking libwayland-server0:amd64 (1.22.0-2.1build1) ...
2026-10-02T06:11:56.6982872Z Preparing to unpack .../libglx-mesa0_25.2.8-0ubuntu0.24.04.3_amd64.deb ...
2026-10-02T06:11:56.7398870Z Unpacking libglx-mesa0:amd64 (25.2.8-0ubuntu0.24.04.3) over (25.2.8-0ubuntu0.24.04.2) ...
2026-10-02T06:11:56.9164624Z Preparing to unpack .../libgbm1_25.2.8-0ubuntu0.24.04.3_amd64.deb ...
2026-10-02T06:11:56.9669646Z Unpacking libgbm1:amd64 (25.2.8-0ubuntu0.24.04.3) over (25.2.8-0ubuntu0.24.04.2) ...
2026-10-02T06:11:57.1024894Z Preparing to unpack .../mesa-libgallium_25.2.8-0ubuntu0.24.04.3_amd64.deb ...
2026-10-02T06:11:57.1044121Z Unpacking mesa-libgallium:amd64 (25.2.8-0ubuntu0.24.04.3) over (25.2.8-0ubuntu0.24.04.2) ...
2026-10-02T06:11:57.4495458Z Setting up libwayland-server0:amd64 (1.22.0-2.1build1) ...
2026-10-02T06:11:57.4513807Z Setting up mesa-libgallium:amd64 (25.2.8-0ubuntu0.24.04.3) ...
2026-10-02T06:11:57.4532406Z Setting up libgbm1:amd64 (25.2.8-0ubuntu0.24.04.3) ...
2026-10-02T06:11:57.4550794Z Setting up libgl1-mesa-dri:amd64 (25.2.8-0ubuntu0.24.04.3) ...
2026-10-02T06:11:57.4611391Z Setting up libglx-mesa0:amd64 (25.2.8-0ubuntu0.24.04.3) ...
2026-10-02T06:11:57.4630158Z Processing triggers for libc-bin (2.39-0ubuntu8.9) ...
2026-10-02T06:11:58.0896256Z 
2026-10-02T06:11:58.0896775Z Running kernel seems to be up-to-date.
2026-10-02T06:11:58.0897044Z 
2026-10-02T06:11:58.0897134Z No services need to be restarted.
2026-10-02T06:11:58.0897281Z 
2026-10-02T06:11:58.0897365Z No containers need to be restarted.
2026-10-02T06:11:58.0897507Z 
2026-10-02T06:11:58.0897608Z No user sessions are running outdated binaries.
2026-10-02T06:11:58.0897787Z 
2026-10-02T06:11:58.0897943Z No VM guests are running outdated hypervisor (qemu) binaries on this host.
2026-10-02T06:11:58.9072620Z Downloading Godot_v4.6.3-stable_linux.x86_64.zip
2026-10-02T06:11:59.8244545Z Downloading Godot_v4.6.3-stable_export_templates.tpz
2026-10-02T06:12:09.1832270Z {"version": "4.6.3", "editor": "/home/runner/work/_temp/godot-export-toolchain/editor/Godot_v4.6.3-stable_linux.x86_64", "templates": "/home/runner/work/_temp/godot-export-toolchain/editor/editor_data/export_templates/4.6.3.stable"}
2026-10-02T06:12:09.1963711Z ##[group]Run mkdir -p "$VOXELVERSE_CAPTURE_DIR"
2026-10-02T06:12:09.1963956Z [36;1mmkdir -p "$VOXELVERSE_CAPTURE_DIR"[0m
2026-10-02T06:12:09.1964217Z [36;1mGODOT="/home/runner/work/_temp/godot-export-toolchain/editor/Godot_v4.6.3-stable_linux.x86_64"[0m
2026-10-02T06:12:09.1964539Z [36;1m"$GODOT" --headless --path . --import > "$VOXELVERSE_CAPTURE_DIR/import.log" 2>&1[0m
2026-10-02T06:12:09.1964747Z [36;1mstatus=0[0m
2026-10-02T06:12:09.1965170Z [36;1mxvfb-run -a -s '-screen 0 1600x900x24' timeout 480 "$GODOT" --path . --rendering-method gl_compatibility --audio-driver Dummy -- --frontend-smoke --frontend-capture > "$VOXELVERSE_CAPTURE_DIR/frontend.log" 2>&1 || status=$?[0m
2026-10-02T06:12:09.1965616Z [36;1mif [ "$status" -ne 0 ]; then[0m
2026-10-02T06:12:09.1965776Z [36;1m  cat "$VOXELVERSE_CAPTURE_DIR/frontend.log"[0m
2026-10-02T06:12:09.1965933Z [36;1m  exit "$status"[0m
2026-10-02T06:12:09.1966048Z [36;1mfi[0m
2026-10-02T06:12:09.1966192Z [36;1mpython - <<'PY'[0m
2026-10-02T06:12:09.1966326Z [36;1mimport os,re[0m
2026-10-02T06:12:09.1966449Z [36;1mfrom pathlib import Path[0m
2026-10-02T06:12:09.1966608Z [36;1mroot=Path(os.environ['VOXELVERSE_CAPTURE_DIR'])[0m
2026-10-02T06:12:09.1966784Z [36;1mlog=(root/'frontend.log').read_text()[0m
2026-10-02T06:12:09.1966929Z [36;1mprint(log)[0m
2026-10-02T06:12:09.1967050Z [36;1massert 'FRONTEND_PASSED' in log[0m
2026-10-02T06:12:09.1967268Z [36;1massert not re.search(r'SCRIPT ERROR|(?:^|\n)ERROR:|ObjectDB instances leaked', log)[0m
2026-10-02T06:12:09.1967852Z [36;1massert all((root/(name+'.png')).is_file() for name in ['title','new_game','settings','controls','bindings','pause','save_status','save_slots','save_copy','save_history','first_steps','first_steps_help','first_steps_jump','first_steps_complete','scan_progress','scan_known','scan_journal'])[0m
2026-10-02T06:12:09.1968349Z [36;1mPY[0m
2026-10-02T06:12:09.2020428Z shell: /usr/bin/bash -e {0}
2026-10-02T06:12:09.2020568Z env:
2026-10-02T06:12:09.2038873Z   pythonLocation: /opt/hostedtoolcache/Python/3.12.14/x64
2026-10-02T06:12:09.2039450Z   PKG_CONFIG_PATH: /opt/hostedtoolcache/Python/3.12.14/x64/lib/pkgconfig
2026-10-02T06:12:09.2039774Z   Python_ROOT_DIR: /opt/hostedtoolcache/Python/3.12.14/x64
2026-10-02T06:12:09.2040065Z   Python2_ROOT_DIR: /opt/hostedtoolcache/Python/3.12.14/x64
2026-10-02T06:12:09.2040361Z   Python3_ROOT_DIR: /opt/hostedtoolcache/Python/3.12.14/x64
2026-10-02T06:12:09.2040653Z   LD_LIBRARY_PATH: /opt/hostedtoolcache/Python/3.12.14/x64/lib
2026-10-02T06:12:09.2040914Z   LIBGL_ALWAYS_SOFTWARE: 1
2026-10-02T06:12:09.2041244Z   XDG_DATA_HOME: /home/runner/work/_temp/frontend-userdata
2026-10-02T06:12:09.2041547Z   VOXELVERSE_CAPTURE_DIR: /home/runner/work/_temp/frontend-review
2026-10-02T06:12:09.2041817Z ##[endgroup]
2026-10-02T06:15:09.4022678Z Godot Engine v4.6.3.stable.official.7d41c59c4 - https://godotengine.org
2026-10-02T06:15:09.4023113Z WARNING: Could not set V-Sync mode, as changing V-Sync mode is not supported by the graphics driver.
2026-10-02T06:15:09.4023409Z      at: set_use_vsync (platform/linuxbsd/x11/gl_manager_x11.cpp:364)
2026-10-02T06:15:09.4023734Z OpenGL API 4.5 (Core Profile) Mesa 25.2.8-0ubuntu0.24.04.3 - Compatibility - Using Device: Mesa - llvmpipe (LLVM 20.1.2, 256 bits)
2026-10-02T06:15:09.4023989Z 
2026-10-02T06:15:09.4024138Z WARNING: Could not commit save: user://missing-frontend-directory/save.json (File not found)
2026-10-02T06:15:09.4024475Z      at: push_warning (core/variant/variant_utility.cpp:1034)
2026-10-02T06:15:09.4024758Z      GDScript backtrace (most recent call first):
2026-10-02T06:15:09.4025052Z          [0] _report_failure (res://autoload/save_game_service.gd:1149)
2026-10-02T06:15:09.4025377Z          [1] _save_snapshot (res://autoload/save_game_service.gd:199)
2026-10-02T06:15:09.4025581Z          [2] save_now (res://autoload/save_game_service.gd:128)
2026-10-02T06:15:09.4025832Z          [3] _save (res://autoload/session_flow.gd:421)
2026-10-02T06:15:09.4026405Z          [4] return_to_title (res://autoload/session_flow.gd:427)
2026-10-02T06:15:09.4026762Z          [5] _click_position (res://core/diagnostics/frontend_probe.gd:531)
2026-10-02T06:15:09.4027099Z          [6] _click (res://core/diagnostics/frontend_probe.gd:515)
2026-10-02T06:15:09.4027398Z          [7] _run (res://core/diagnostics/frontend_probe.gd:134)
2026-10-02T06:15:09.4027698Z          [8] _frames (res://core/diagnostics/frontend_probe.gd:488)
2026-10-02T06:15:09.4027979Z ERROR: Reserved journal key was accepted.
2026-10-02T06:15:09.4028242Z    at: push_error (core/variant/variant_utility.cpp:1024)
2026-10-02T06:15:09.4028518Z    GDScript backtrace (most recent call first):
2026-10-02T06:15:09.4028794Z        [0] _run (res://core/diagnostics/frontend_probe.gd:187)
2026-10-02T06:15:09.4029090Z        [1] _frames (res://core/diagnostics/frontend_probe.gd:488)
2026-10-02T06:15:09.4029311Z ERROR: GUI remapping was not persisted.
2026-10-02T06:15:09.4029477Z    at: push_error (core/variant/variant_utility.cpp:1024)
2026-10-02T06:15:09.4029656Z    GDScript backtrace (most recent call first):
2026-10-02T06:15:09.4029904Z        [0] _run (res://core/diagnostics/frontend_probe.gd:187)
2026-10-02T06:15:09.4030200Z        [1] _frames (res://core/diagnostics/frontend_probe.gd:488)
2026-10-02T06:15:09.4030454Z ERROR: Help still showed the old binding.
2026-10-02T06:15:09.4030699Z    at: push_error (core/variant/variant_utility.cpp:1024)
2026-10-02T06:15:09.4030962Z    GDScript backtrace (most recent call first):
2026-10-02T06:15:09.4031334Z        [0] _run (res://core/diagnostics/frontend_probe.gd:187)
2026-10-02T06:15:09.4031618Z        [1] _frames (res://core/diagnostics/frontend_probe.gd:488)
2026-10-02T06:15:09.4031860Z ERROR: Closing settings persisted a draft reset.
2026-10-02T06:15:09.4032036Z    at: push_error (core/variant/variant_utility.cpp:1024)
2026-10-02T06:15:09.4032211Z    GDScript backtrace (most recent call first):
2026-10-02T06:15:09.4032384Z        [0] _run (res://core/diagnostics/frontend_probe.gd:187)
2026-10-02T06:15:09.4032575Z        [1] _frames (res://core/diagnostics/frontend_probe.gd:488)
2026-10-02T06:15:09.4032907Z ERROR: Remapped inspection key did not reach the player.
2026-10-02T06:15:09.4033092Z    at: push_error (core/variant/variant_utility.cpp:1024)
2026-10-02T06:15:09.4033263Z    GDScript backtrace (most recent call first):
2026-10-02T06:15:09.4033433Z        [0] _run (res://core/diagnostics/frontend_probe.gd:187)
2026-10-02T06:15:09.4033619Z        [1] _frames (res://core/diagnostics/frontend_probe.gd:488)
2026-10-02T06:15:09.4033800Z ERROR: Old inspection key still toggled the player.
2026-10-02T06:15:09.4033980Z    at: push_error (core/variant/variant_utility.cpp:1024)
2026-10-02T06:15:09.4034150Z    GDScript backtrace (most recent call first):
2026-10-02T06:15:09.4034320Z        [0] _run (res://core/diagnostics/frontend_probe.gd:187)
2026-10-02T06:15:09.4034509Z        [1] _frames (res://core/diagnostics/frontend_probe.gd:488)
2026-10-02T06:15:09.4034707Z ERROR: Guide did not display the remapped inspection key.
2026-10-02T06:15:09.4034896Z    at: push_error (core/variant/variant_utility.cpp:1024)
2026-10-02T06:15:09.4035066Z    GDScript backtrace (most recent call first):
2026-10-02T06:15:09.4035236Z        [0] _run (res://core/diagnostics/frontend_probe.gd:187)
2026-10-02T06:15:09.4035425Z        [1] _frames (res://core/diagnostics/frontend_probe.gd:488)
2026-10-02T06:15:09.4035611Z ERROR: Restart did not reset only the introduction.
2026-10-02T06:15:09.4035790Z    at: push_error (core/variant/variant_utility.cpp:1024)
2026-10-02T06:15:09.4035959Z    GDScript backtrace (most recent call first):
2026-10-02T06:15:09.4036152Z        [0] _run (res://core/diagnostics/frontend_probe.gd:187)
2026-10-02T06:15:09.4036340Z        [1] _frames (res://core/diagnostics/frontend_probe.gd:488)
2026-10-02T06:15:09.4045336Z ##[error]Process completed with exit code 1.
2026-10-02T06:15:09.4100630Z ##[group]Run actions/upload-artifact@v4
2026-10-02T06:15:09.4100783Z with:
2026-10-02T06:15:09.4100900Z   name: voxelverse-frontend-review
2026-10-02T06:15:09.4101065Z   path: /home/runner/work/_temp/frontend-review
2026-10-02T06:15:09.4101387Z   retention-days: 14
2026-10-02T06:15:09.4101508Z   if-no-files-found: warn
2026-10-02T06:15:09.4101632Z   compression-level: 6
2026-10-02T06:15:09.4101745Z   overwrite: false
2026-10-02T06:15:09.4101915Z   include-hidden-files: false
2026-10-02T06:15:09.4102065Z env:
2026-10-02T06:15:09.4102200Z   pythonLocation: /opt/hostedtoolcache/Python/3.12.14/x64
2026-10-02T06:15:09.4102427Z   PKG_CONFIG_PATH: /opt/hostedtoolcache/Python/3.12.14/x64/lib/pkgconfig
2026-10-02T06:15:09.4102649Z   Python_ROOT_DIR: /opt/hostedtoolcache/Python/3.12.14/x64
2026-10-02T06:15:09.4102846Z   Python2_ROOT_DIR: /opt/hostedtoolcache/Python/3.12.14/x64
2026-10-02T06:15:09.4103047Z   Python3_ROOT_DIR: /opt/hostedtoolcache/Python/3.12.14/x64
2026-10-02T06:15:09.4103262Z   LD_LIBRARY_PATH: /opt/hostedtoolcache/Python/3.12.14/x64/lib
2026-10-02T06:15:09.4103432Z ##[endgroup]
2026-10-02T06:15:09.5077042Z (node:2745) [DEP0040] DeprecationWarning: The `punycode` module is deprecated. Please use a userland alternative instead.
2026-10-02T06:15:09.5077565Z (Use `node --trace-deprecation ...` to show where the warning was created)
2026-10-02T06:15:09.5137768Z With the provided path, there will be 19 files uploaded
2026-10-02T06:15:09.5140242Z Artifact name is valid!
2026-10-02T06:15:09.5140667Z Root directory input is valid!
2026-10-02T06:15:09.7939888Z Beginning upload of artifact content to blob storage
2026-10-02T06:15:09.9532204Z (node:2745) [DEP0169] DeprecationWarning: `url.parse()` behavior is not standardized and prone to errors that have security implications. Use the WHATWG URL API instead. CVEs are not issued for `url.parse()` vulnerabilities.
2026-10-02T06:15:10.4383787Z Uploaded bytes 6975352
2026-10-02T06:15:10.4770072Z Finished uploading artifact content to blob storage!
2026-10-02T06:15:10.4770857Z SHA256 digest of uploaded artifact zip is 90eb44772f63443b0588322fa671720a97872da83682046015e689f1194a6e39
2026-10-02T06:15:10.4772372Z Finalizing artifact upload
2026-10-02T06:15:10.7149433Z Artifact voxelverse-frontend-review.zip successfully finalized. Artifact ID 11211299175
2026-10-02T06:15:10.7149965Z Artifact voxelverse-frontend-review has been successfully uploaded! Final size is 6975352 bytes. Artifact ID is 11211299175
2026-10-02T06:15:10.7153995Z Artifact download URL: https://github.com/MajorDragonfly/voxelverse/actions/runs/36972372455/artifacts/11211299175
2026-10-02T06:15:10.7295959Z Post job cleanup.
2026-10-02T06:15:10.7827960Z [command]/usr/bin/git version
2026-10-02T06:15:10.7858714Z git version 2.55.0
2026-10-02T06:15:10.7882399Z Temporarily overriding HOME='/home/runner/work/_temp/fad89d4c-d7cf-4a1f-84d1-9e6600517c07' before making global git config changes
2026-10-02T06:15:10.7882879Z Adding repository directory to the temporary git global config as a safe directory
2026-10-02T06:15:10.7885714Z [command]/usr/bin/git config --global --add safe.directory /home/runner/work/voxelverse/voxelverse
2026-10-02T06:15:10.7913200Z [command]/usr/bin/git config --local --name-only --get-regexp core\.sshCommand
2026-10-02T06:15:10.7937020Z [command]/usr/bin/git submodule foreach --recursive sh -c "git config --local --name-only --get-regexp 'core\.sshCommand' && git config --local --unset-all 'core.sshCommand' || :"
2026-10-02T06:15:10.8135984Z [command]/usr/bin/git config --local --name-only --get-regexp http\.https\:\/\/github\.com\/\.extraheader
2026-10-02T06:15:10.8168292Z http.https://github.com/.extraheader
2026-10-02T06:15:10.8182045Z [command]/usr/bin/git config --local --unset-all http.https://github.com/.extraheader
2026-10-02T06:15:10.8206024Z [command]/usr/bin/git submodule foreach --recursive sh -c "git config --local --name-only --get-regexp 'http\.https\:\/\/github\.com\/\.extraheader' && git config --local --unset-all 'http.https://github.com/.extraheader' || :"
2026-10-02T06:15:10.8392743Z [command]/usr/bin/git config --local --name-only --get-regexp ^includeIf\.gitdir:
2026-10-02T06:15:10.8422552Z [command]/usr/bin/git submodule foreach --recursive git config --local --show-origin --name-only --get-regexp remote.origin.url
2026-10-02T06:15:10.8713248Z Cleaning up orphan processes
2026-10-02T06:15:10.8924464Z ##[warning]Node.js 20 is deprecated. The following actions target Node.js 20 but are being forced to run on Node.js 24: actions/cache@v4, actions/checkout@v4, actions/setup-python@v5, actions/upload-artifact@v4. For more information see: https://github.blog/changelog/2025-09-19-deprecation-of-node-20-on-github-actions-runners/

