Godot Engine v4.6.3.stable.official.7d41c59c4 - https://godotengine.org

ERROR: Settings clipped 1280x720-150-de [P: (242.0, 0.0), S: (796.0, 796.0)]
   at: push_error (core/variant/variant_utility.cpp:1024)
   GDScript backtrace (most recent call first):
       [0] _run (res://tests/r32_15_settings_navigation_test.gd:78)
       [1] _frames (res://tests/r32_15_settings_navigation_test.gd:93)
ERROR: Settings clipped 1280x720-150-en [P: (242.0, 0.0), S: (796.0, 796.0)]
   at: push_error (core/variant/variant_utility.cpp:1024)
   GDScript backtrace (most recent call first):
       [0] _run (res://tests/r32_15_settings_navigation_test.gd:78)
       [1] _frames (res://tests/r32_15_settings_navigation_test.gd:93)
ERROR: Settings clipped 1920x1080-150-de [P: (242.0, 0.0), S: (796.0, 796.0)]
   at: push_error (core/variant/variant_utility.cpp:1024)
   GDScript backtrace (most recent call first):
       [0] _run (res://tests/r32_15_settings_navigation_test.gd:78)
       [1] _frames (res://tests/r32_15_settings_navigation_test.gd:93)
ERROR: Settings clipped 1920x1080-150-en [P: (242.0, 0.0), S: (796.0, 796.0)]
   at: push_error (core/variant/variant_utility.cpp:1024)
   GDScript backtrace (most recent call first):
       [0] _run (res://tests/r32_15_settings_navigation_test.gd:78)
       [1] _frames (res://tests/r32_15_settings_navigation_test.gd:93)
R32_15_SETTINGS_NAVIGATION_FAILED checks=54
