Stage and acceptance excerpts from the complete, strictly checked Godot log.
Full log SHA-256: dbc703d3fbcf8d7f56c85780759483e46ef5fbe9c84eb93d352362b8b2f114da

SPHERE_GAMEPLAY_STAGE open_campaign elapsed_seconds=1.077
SPHERE_GAMEPLAY_STAGE build_workshops elapsed_seconds=70.237
SPHERE_GAMEPLAY_STAGE approach_wildlife elapsed_seconds=116.603
SPHERE_TAMED object_6ee328b406f7d3513476b2f123bbe67e
SPHERE_GAMEPLAY_STAGE animal_book_and_home elapsed_seconds=123.264
SPHERE_GAMEPLAY_STAGE prepare_pen_navigation elapsed_seconds=126.572
SPHERE_GAMEPLAY_STAGE build_pen elapsed_seconds=149.192
SPHERE_GAMEPLAY_STAGE follow_to_pen elapsed_seconds=184.625
SPHERE_GAMEPLAY_STAGE supply_pen elapsed_seconds=187.778
SPHERE_GAMEPLAY_STAGE produce_and_collect_milk elapsed_seconds=208.723
SPHERE_GAMEPLAY_STAGE block_loaded_carrier elapsed_seconds=285.97
SPHERE_GAMEPLAY_STAGE animal_returns_after_obstacle elapsed_seconds=286.212
SPHERE_GAMEPLAY_STAGE animal_travel_failed_write elapsed_seconds=286.277
SPHERE_GAMEPLAY_STAGE animal_travel_depart elapsed_seconds=286.321
ANIMAL_TRAVEL_FAR { "body_id": "body_29301b6eb4b8649418eff562d9c6a926", "animal_id": "object_6ee328b406f7d3513476b2f123bbe67e", "production_seconds_before": 309.0, "production_seconds_after": 314.010999428575, "food_consumed": 0.01670333142858, "cargo": "milk", "milk_stock": 0.0 }
SPHERE_GAMEPLAY_STAGE animal_travel_far_restart elapsed_seconds=300.868
SPHERE_GAMEPLAY_STAGE animal_travel_return elapsed_seconds=317.702
ANIMAL_TRAVEL_PASSED: real D1/D2 animal, pen and milk cargo; A-B-A, five far production seconds, failed write, pause, fresh process and single physical return.
SPHERE_GAMEPLAY_STAGE fresh_process_returned elapsed_seconds=369.031
SPHERE_MILK_DELIVERED 2.0
SPHERE_GAMEPLAY_STAGE milk_delivered elapsed_seconds=406.096
SPHERICAL_GAMEPLAY_PASSED: shared radial population, home, village, loaded cargo, neighbor, rebase and restart.
