Godot Engine v4.6.3.stable.official.7d41c59c4 - https://godotengine.org
WARNING: Could not set V-Sync mode, as changing V-Sync mode is not supported by the graphics driver.
     at: set_use_vsync (platform/linuxbsd/x11/gl_manager_x11.cpp:364)
OpenGL API 4.5 (Core Profile) Mesa 25.2.8-0ubuntu0.24.04.3 - Compatibility - Using Device: Mesa - llvmpipe (LLVM 20.1.2, 256 bits)

R32_15_CONSUMER_CLICK InvertCameraY rect=[P: (600.0, 368.0), S: (712.0, 55.0)] focus=MouseSensitivity:<HSlider#166077663368>
R32_15_CONSUMER_AFTER_CLICK listening=
R32_15_CONSUMER_CLICK Bind_move_forward_0 rect=[P: (913.0, 675.0), S: (195.0, 50.0)] focus=InvertCameraY:<CheckButton#166161549452>
R32_15_CONSUMER_AFTER_CLICK listening=move_forward
R32_15_CONSUMER_CLICK Bind_move_forward_0 rect=[P: (913.0, 675.0), S: (195.0, 50.0)] focus=Bind_move_forward_0:<Button#167872825569>
R32_15_CONSUMER_AFTER_CLICK listening=move_forward
R32_15_CONSUMER_CLICK Bind_inspection_mode_0 rect=[P: (913.0, 675.0), S: (195.0, 50.0)] focus=Bind_move_forward_0:<Button#167872825569>
R32_15_CONSUMER_AFTER_CLICK listening=inspection_mode
R32_15_CONSUMER_CLICK Apply rect=[P: (738.0, 861.0), S: (312.0, 55.0)] focus=Bind_inspection_mode_0:<Button#168812349721>
R32_15_CONSUMER_AFTER_CLICK listening=
R32_15_CONSUMER_CLICK ResetControls rect=[P: (600.0, 670.0), S: (712.0, 55.0)] focus=Apply:<Button#178073373463>
R32_15_CONSUMER_AFTER_CLICK listening=
R32_15_CONSUMER_CLICK ResetControls rect=[P: (600.0, 670.0), S: (712.0, 55.0)] focus=DisplayMode:<OptionButton#163594635255>
R32_15_CONSUMER_AFTER_CLICK listening=
R32_15_CONSUMER_CLICK Apply rect=[P: (738.0, 861.0), S: (312.0, 55.0)] focus=ResetControls:<Button#170322299251>
R32_15_CONSUMER_AFTER_CLICK listening=
R32_15_SETTINGS_NAVIGATION_PASSED checks=130
