2026-09-16T07:22:37.4456302Z Current runner version: '2.337.0'
2026-09-16T07:22:37.4481137Z ##[group]Runner Image Provisioner
2026-09-16T07:22:37.4482072Z Hosted Compute Agent
2026-09-16T07:22:37.4482713Z Version: 20260828.587
2026-09-16T07:22:37.4483374Z Commit: abac92662cab4cc7352de4f9f9d2e2419aad9c29
2026-09-16T07:22:37.4484185Z Build Date: 2026-08-28T16:44:25Z
2026-09-16T07:22:37.4484938Z Worker ID: {f535be9b-4210-45ec-8e6c-7189f51a1c41}
2026-09-16T07:22:37.4485648Z Azure Region: eastus
2026-09-16T07:22:37.4486292Z ##[endgroup]
2026-09-16T07:22:37.4487809Z ##[group]Operating System
2026-09-16T07:22:37.4488626Z Ubuntu
2026-09-16T07:22:37.4489174Z 24.04.5
2026-09-16T07:22:37.4489692Z LTS
2026-09-16T07:22:37.4490491Z ##[endgroup]
2026-09-16T07:22:37.4491092Z ##[group]Runner Image
2026-09-16T07:22:37.4491749Z Image: ubuntu-24.04
2026-09-16T07:22:37.4492437Z Version: 20260907.300.1
2026-09-16T07:22:37.4493749Z Included Software: https://github.com/actions/runner-images/blob/ubuntu24/20260907.300/images/ubuntu/Ubuntu2404-Readme.md
2026-09-16T07:22:37.4495300Z Image Release: https://github.com/actions/runner-images/releases/tag/ubuntu24%2F20260907.300
2026-09-16T07:22:37.4496347Z ##[endgroup]
2026-09-16T07:22:37.4497602Z ##[group]GITHUB_TOKEN Permissions
2026-09-16T07:22:37.4499816Z Contents: read
2026-09-16T07:22:37.4500663Z Metadata: read
2026-09-16T07:22:37.4501245Z Packages: read
2026-09-16T07:22:37.4501993Z ##[endgroup]
2026-09-16T07:22:37.4504081Z Secret source: Actions
2026-09-16T07:22:37.4505233Z Cache mode: write
2026-09-16T07:22:37.4506208Z Prepare workflow directory
2026-09-16T07:22:37.4841246Z Prepare all required actions
2026-09-16T07:22:37.4889426Z Getting action download info
2026-09-16T07:22:37.7139707Z Download action repository 'actions/checkout@v4' (SHA:11d5960a326750d5838078e36cf38b85af677262)
2026-09-16T07:22:37.8158711Z Download action repository 'actions/upload-artifact@v4' (SHA:ea165f8d65b6e75b540449e92b4886f43607fa02)
2026-09-16T07:22:38.0272992Z Complete job name: graphics (gl_compatibility)
2026-09-16T07:22:38.1038568Z Node 20 is being deprecated. This workflow is running with Node 24 by default. If you need to temporarily use Node 20, you can set the ACTIONS_ALLOW_USE_UNSECURE_NODE_VERSION=true environment variable. For more information see: https://github.blog/changelog/2025-09-19-deprecation-of-node-20-on-github-actions-runners/
2026-09-16T07:22:38.1047844Z ##[group]Run actions/checkout@v4
2026-09-16T07:22:38.1048630Z with:
2026-09-16T07:22:38.1049120Z   repository: MajorDragonfly/voxelverse
2026-09-16T07:22:38.1053187Z   token: ***
2026-09-16T07:22:38.1053656Z   ssh-strict: true
2026-09-16T07:22:38.1054119Z   ssh-user: git
2026-09-16T07:22:38.1054595Z   persist-credentials: true
2026-09-16T07:22:38.1055109Z   clean: true
2026-09-16T07:22:38.1055580Z   sparse-checkout-cone-mode: true
2026-09-16T07:22:38.1056124Z   fetch-depth: 1
2026-09-16T07:22:38.1056582Z   fetch-tags: false
2026-09-16T07:22:38.1057046Z   show-progress: true
2026-09-16T07:22:38.1057510Z   lfs: false
2026-09-16T07:22:38.1057980Z   submodules: false
2026-09-16T07:22:38.1058464Z   set-safe-directory: true
2026-09-16T07:22:38.1058992Z   allow-unsafe-pr-checkout: false
2026-09-16T07:22:38.1059795Z ##[endgroup]
2026-09-16T07:22:38.2061395Z Syncing repository: MajorDragonfly/voxelverse
2026-09-16T07:22:38.2064273Z ##[group]Getting Git version info
2026-09-16T07:22:38.2065543Z Working directory is '/home/runner/work/voxelverse/voxelverse'
2026-09-16T07:22:38.2067363Z [command]/usr/bin/git version
2026-09-16T07:22:38.2127428Z git version 2.55.0
2026-09-16T07:22:38.2150347Z ##[endgroup]
2026-09-16T07:22:38.2165709Z Temporarily overriding HOME='/home/runner/work/_temp/241417fd-f1a6-4568-9eed-9dd6683525ac' before making global git config changes
2026-09-16T07:22:38.2168129Z Adding repository directory to the temporary git global config as a safe directory
2026-09-16T07:22:38.2172557Z [command]/usr/bin/git config --global --add safe.directory /home/runner/work/voxelverse/voxelverse
2026-09-16T07:22:38.2233781Z Deleting the contents of '/home/runner/work/voxelverse/voxelverse'
2026-09-16T07:22:38.2238383Z ##[group]Initializing the repository
2026-09-16T07:22:38.2242970Z [command]/usr/bin/git init /home/runner/work/voxelverse/voxelverse
2026-09-16T07:22:38.2355089Z hint: Using 'master' as the name for the initial branch. This default branch name
2026-09-16T07:22:38.2356383Z hint: will change to "main" in Git 3.0. To configure the initial branch name
2026-09-16T07:22:38.2357409Z hint: to use in all of your new repositories, which will suppress this warning,
2026-09-16T07:22:38.2358218Z hint: call:
2026-09-16T07:22:38.2358643Z hint:
2026-09-16T07:22:38.2359194Z hint: 	git config --global init.defaultBranch <name>
2026-09-16T07:22:38.2359854Z hint:
2026-09-16T07:22:38.2360834Z hint: Names commonly chosen instead of 'master' are 'main', 'trunk' and
2026-09-16T07:22:38.2361865Z hint: 'development'. The just-created branch can be renamed via this command:
2026-09-16T07:22:38.2362666Z hint:
2026-09-16T07:22:38.2363105Z hint: 	git branch -m <name>
2026-09-16T07:22:38.2363688Z hint:
2026-09-16T07:22:38.2364393Z hint: Disable this message with "git config set advice.defaultBranchName false"
2026-09-16T07:22:38.2370610Z Initialized empty Git repository in /home/runner/work/voxelverse/voxelverse/.git/
2026-09-16T07:22:38.2381050Z [command]/usr/bin/git remote add origin https://github.com/MajorDragonfly/voxelverse
2026-09-16T07:22:38.2432600Z ##[endgroup]
2026-09-16T07:22:38.2433922Z ##[group]Disabling automatic garbage collection
2026-09-16T07:22:38.2437838Z [command]/usr/bin/git config --local gc.auto 0
2026-09-16T07:22:38.2470442Z ##[endgroup]
2026-09-16T07:22:38.2471839Z ##[group]Setting up auth
2026-09-16T07:22:38.2477971Z [command]/usr/bin/git config --local --name-only --get-regexp core\.sshCommand
2026-09-16T07:22:38.2512318Z [command]/usr/bin/git submodule foreach --recursive sh -c "git config --local --name-only --get-regexp 'core\.sshCommand' && git config --local --unset-all 'core.sshCommand' || :"
2026-09-16T07:22:38.2905209Z [command]/usr/bin/git config --local --name-only --get-regexp http\.https\:\/\/github\.com\/\.extraheader
2026-09-16T07:22:38.2947125Z [command]/usr/bin/git submodule foreach --recursive sh -c "git config --local --name-only --get-regexp 'http\.https\:\/\/github\.com\/\.extraheader' && git config --local --unset-all 'http.https://github.com/.extraheader' || :"
2026-09-16T07:22:38.3176446Z [command]/usr/bin/git config --local --name-only --get-regexp ^includeIf\.gitdir:
2026-09-16T07:22:38.3213923Z [command]/usr/bin/git submodule foreach --recursive git config --local --show-origin --name-only --get-regexp remote.origin.url
2026-09-16T07:22:38.3441321Z [command]/usr/bin/git config --local http.https://github.com/.extraheader AUTHORIZATION: basic ***
2026-09-16T07:22:38.3481637Z ##[endgroup]
2026-09-16T07:22:38.3483315Z ##[group]Fetching the repository
2026-09-16T07:22:38.3493770Z [command]/usr/bin/git -c protocol.version=2 fetch --no-tags --prune --no-recurse-submodules --depth=1 origin +e003c4972cc519cac878bba2f5aea1c8c7f80d3e:refs/remotes/pull/127/merge
2026-09-16T07:22:41.7921950Z From https://github.com/MajorDragonfly/voxelverse
2026-09-16T07:22:41.7924691Z  * [new ref]         e003c4972cc519cac878bba2f5aea1c8c7f80d3e -> pull/127/merge
2026-09-16T07:22:41.7928731Z ##[endgroup]
2026-09-16T07:22:41.7930697Z ##[group]Determining the checkout info
2026-09-16T07:22:41.7932312Z ##[endgroup]
2026-09-16T07:22:41.7938893Z [command]/usr/bin/git sparse-checkout disable
2026-09-16T07:22:41.7995558Z [command]/usr/bin/git config --local --unset-all extensions.worktreeConfig
2026-09-16T07:22:41.8033557Z ##[group]Checking out the ref
2026-09-16T07:22:41.8037937Z [command]/usr/bin/git checkout --progress --force refs/remotes/pull/127/merge
2026-09-16T07:22:42.2666894Z Note: switching to 'refs/remotes/pull/127/merge'.
2026-09-16T07:22:42.2668121Z 
2026-09-16T07:22:42.2668530Z You are in 'detached HEAD' state. You can look around, make experimental
2026-09-16T07:22:42.2669460Z changes and commit them, and you can discard any commits you make in this
2026-09-16T07:22:42.2670747Z state without impacting any branches by switching back to a branch.
2026-09-16T07:22:42.2671593Z 
2026-09-16T07:22:42.2671965Z If you want to create a new branch to retain commits you create, you may
2026-09-16T07:22:42.2672784Z do so (now or later) by using -c with the switch command. Example:
2026-09-16T07:22:42.2673254Z 
2026-09-16T07:22:42.2673476Z   git switch -c <new-branch-name>
2026-09-16T07:22:42.2673843Z 
2026-09-16T07:22:42.2674067Z Or undo this operation with:
2026-09-16T07:22:42.2674382Z 
2026-09-16T07:22:42.2674570Z   git switch -
2026-09-16T07:22:42.2674829Z 
2026-09-16T07:22:42.2675266Z Turn off this advice by setting config variable advice.detachedHead to false
2026-09-16T07:22:42.2675830Z 
2026-09-16T07:22:42.2676495Z HEAD is now at e003c49 Merge a1cc86b4d05e2e6b2eca47ba97d7ba4d976fff91 into d57b1ef385728728b132518a1ea05683888dcae0
2026-09-16T07:22:42.2696306Z ##[endgroup]
2026-09-16T07:22:42.2744303Z [command]/usr/bin/git log -1 --format=%H
2026-09-16T07:22:42.2771515Z e003c4972cc519cac878bba2f5aea1c8c7f80d3e
2026-09-16T07:22:42.3077086Z Prepare all required actions
2026-09-16T07:22:42.3077789Z Getting action download info
2026-09-16T07:22:42.3956240Z Download action repository 'actions/setup-python@v5' (SHA:a26af69be951a213d495a4c3e4e4022e16d87065)
2026-09-16T07:22:42.4738577Z Download action repository 'actions/cache@v4' (SHA:0057852bfaa89a56745cba8c7296529d2fc39830)
2026-09-16T07:22:42.5886536Z ##[group]Run ./.github/actions/setup-godot-editor
2026-09-16T07:22:42.5886979Z ##[endgroup]
2026-09-16T07:22:42.5951781Z ##[start-action display=Run actions/setup-python@v5;id=engine.__actions_setup-python]
2026-09-16T07:22:42.6063058Z Node 20 is being deprecated. This workflow is running with Node 24 by default. If you need to temporarily use Node 20, you can set the ACTIONS_ALLOW_USE_UNSECURE_NODE_VERSION=true environment variable. For more information see: https://github.blog/changelog/2025-09-19-deprecation-of-node-20-on-github-actions-runners/
2026-09-16T07:22:42.6065027Z ##[group]Run actions/setup-python@v5
2026-09-16T07:22:42.6065428Z with:
2026-09-16T07:22:42.6065686Z   python-version: 3.12
2026-09-16T07:22:42.6065964Z   check-latest: false
2026-09-16T07:22:42.6068552Z   token: ***
2026-09-16T07:22:42.6068831Z   update-environment: true
2026-09-16T07:22:42.6069142Z   allow-prereleases: false
2026-09-16T07:22:42.6069435Z   freethreaded: false
2026-09-16T07:22:42.6069706Z ##[endgroup]
2026-09-16T07:22:42.7449406Z ##[group]Installed versions
2026-09-16T07:22:42.7542808Z (node:2248) [DEP0040] DeprecationWarning: The `punycode` module is deprecated. Please use a userland alternative instead.
2026-09-16T07:22:42.7544143Z (Use `node --trace-deprecation ...` to show where the warning was created)
2026-09-16T07:22:42.7544991Z Successfully set up CPython (3.12.14)
2026-09-16T07:22:42.7562133Z ##[endgroup]
2026-09-16T07:22:42.7688501Z ##[end-action id=engine.__actions_setup-python;outcome=success;conclusion=success;duration_ms=173]
2026-09-16T07:22:42.7692329Z ##[start-action display=Run actions/cache@v4;id=engine.__actions_cache]
2026-09-16T07:22:42.8381496Z Node 20 is being deprecated. This workflow is running with Node 24 by default. If you need to temporarily use Node 20, you can set the ACTIONS_ALLOW_USE_UNSECURE_NODE_VERSION=true environment variable. For more information see: https://github.blog/changelog/2025-09-19-deprecation-of-node-20-on-github-actions-runners/
2026-09-16T07:22:42.8382833Z ##[group]Run actions/cache@v4
2026-09-16T07:22:42.8383147Z with:
2026-09-16T07:22:42.8383487Z   path: /home/runner/work/_temp/godot-editor-toolchain/*.zip
2026-09-16T07:22:42.8384155Z   key: godot-editor-Linux-X64-5885d59645dadd285929dd7d5f6cfe84ff5d5f764de43c4d9f092dad44c58ac1
2026-09-16T07:22:42.8384720Z   enableCrossOsArchive: false
2026-09-16T07:22:42.8385039Z   fail-on-cache-miss: false
2026-09-16T07:22:42.8385332Z   lookup-only: false
2026-09-16T07:22:42.8385600Z   save-always: false
2026-09-16T07:22:42.8385856Z env:
2026-09-16T07:22:42.8386171Z   pythonLocation: /opt/hostedtoolcache/Python/3.12.14/x64
2026-09-16T07:22:42.8386913Z   PKG_CONFIG_PATH: /opt/hostedtoolcache/Python/3.12.14/x64/lib/pkgconfig
2026-09-16T07:22:42.8387418Z   Python_ROOT_DIR: /opt/hostedtoolcache/Python/3.12.14/x64
2026-09-16T07:22:42.8387868Z   Python2_ROOT_DIR: /opt/hostedtoolcache/Python/3.12.14/x64
2026-09-16T07:22:42.8388308Z   Python3_ROOT_DIR: /opt/hostedtoolcache/Python/3.12.14/x64
2026-09-16T07:22:42.8388749Z   LD_LIBRARY_PATH: /opt/hostedtoolcache/Python/3.12.14/x64/lib
2026-09-16T07:22:42.8389132Z ##[endgroup]
2026-09-16T07:22:42.9447647Z (node:2268) [DEP0040] DeprecationWarning: The `punycode` module is deprecated. Please use a userland alternative instead.
2026-09-16T07:22:42.9448603Z (Use `node --trace-deprecation ...` to show where the warning was created)
2026-09-16T07:22:43.0119356Z Cache hit for: godot-editor-Linux-X64-5885d59645dadd285929dd7d5f6cfe84ff5d5f764de43c4d9f092dad44c58ac1
2026-09-16T07:22:43.0272748Z (node:2268) [DEP0169] DeprecationWarning: `url.parse()` behavior is not standardized and prone to errors that have security implications. Use the WHATWG URL API instead. CVEs are not issued for `url.parse()` vulnerabilities.
2026-09-16T07:22:43.5111750Z Received 71777733 of 71777733 (100.0%), 160.7 MBs/sec
2026-09-16T07:22:43.5127416Z Cache Size: ~68 MB (71777733 B)
2026-09-16T07:22:43.5180864Z [command]/usr/bin/tar -xf /home/runner/work/_temp/7674fc5f-d08f-43a9-ae23-c4bef2bb87a3/cache.tzst -P -C /home/runner/work/voxelverse/voxelverse --use-compress-program unzstd
2026-09-16T07:22:43.6347797Z Cache restored successfully
2026-09-16T07:22:43.6470852Z Cache restored from key: godot-editor-Linux-X64-5885d59645dadd285929dd7d5f6cfe84ff5d5f764de43c4d9f092dad44c58ac1
2026-09-16T07:22:43.6624178Z ##[end-action id=engine.__actions_cache;outcome=success;conclusion=success;duration_ms=893]
2026-09-16T07:22:43.6627604Z ##[start-action display=Verify and install editor only;id=engine.install]
2026-09-16T07:22:43.6665979Z ##[group]Run python tools/install_godot.py --directory "$RUNNER_TEMP/godot-editor-toolchain" --platform linux --editor-only
2026-09-16T07:22:43.6666995Z [36;1mpython tools/install_godot.py --directory "$RUNNER_TEMP/godot-editor-toolchain" --platform linux --editor-only[0m
2026-09-16T07:22:43.6667574Z [36;1mpython - <<'PY'[0m
2026-09-16T07:22:43.6667843Z [36;1mimport json, os[0m
2026-09-16T07:22:43.6668104Z [36;1mfrom pathlib import Path[0m
2026-09-16T07:22:43.6668676Z [36;1mmetadata = json.loads((Path(os.environ['RUNNER_TEMP']) / 'godot-editor-toolchain/editor-toolchain.json').read_text())[0m
2026-09-16T07:22:43.6669846Z [36;1mwith open(os.environ['GITHUB_OUTPUT'], 'a', encoding='utf-8') as output:[0m
2026-09-16T07:22:43.6670956Z [36;1m    output.write('godot=' + metadata['editor'] + '\n')[0m
2026-09-16T07:22:43.6671479Z [36;1mPY[0m
2026-09-16T07:22:43.6721409Z shell: /usr/bin/bash --noprofile --norc -e -o pipefail {0}
2026-09-16T07:22:43.6721833Z env:
2026-09-16T07:22:43.6722124Z   pythonLocation: /opt/hostedtoolcache/Python/3.12.14/x64
2026-09-16T07:22:43.6722616Z   PKG_CONFIG_PATH: /opt/hostedtoolcache/Python/3.12.14/x64/lib/pkgconfig
2026-09-16T07:22:43.6723101Z   Python_ROOT_DIR: /opt/hostedtoolcache/Python/3.12.14/x64
2026-09-16T07:22:43.6723504Z   Python2_ROOT_DIR: /opt/hostedtoolcache/Python/3.12.14/x64
2026-09-16T07:22:43.6723915Z   Python3_ROOT_DIR: /opt/hostedtoolcache/Python/3.12.14/x64
2026-09-16T07:22:43.6724325Z   LD_LIBRARY_PATH: /opt/hostedtoolcache/Python/3.12.14/x64/lib
2026-09-16T07:22:43.6724660Z ##[endgroup]
2026-09-16T07:22:44.4079519Z {"version": "4.6.3", "editor": "/home/runner/work/_temp/godot-editor-toolchain/editor/Godot_v4.6.3-stable_linux.x86_64", "templates": null}
2026-09-16T07:22:44.4473563Z ##[end-action id=engine.install;outcome=success;conclusion=success;duration_ms=784]
2026-09-16T07:22:44.4530647Z ##[group]Run sudo apt-get update -qq
2026-09-16T07:22:44.4531037Z [36;1msudo apt-get update -qq[0m
2026-09-16T07:22:44.4531546Z [36;1msudo apt-get install -y --no-install-recommends xvfb xauth libgl1-mesa-dri mesa-vulkan-drivers[0m
2026-09-16T07:22:44.4569506Z shell: /usr/bin/bash -e {0}
2026-09-16T07:22:44.4569951Z env:
2026-09-16T07:22:44.4570555Z   pythonLocation: /opt/hostedtoolcache/Python/3.12.14/x64
2026-09-16T07:22:44.4571035Z   PKG_CONFIG_PATH: /opt/hostedtoolcache/Python/3.12.14/x64/lib/pkgconfig
2026-09-16T07:22:44.4571494Z   Python_ROOT_DIR: /opt/hostedtoolcache/Python/3.12.14/x64
2026-09-16T07:22:44.4571886Z   Python2_ROOT_DIR: /opt/hostedtoolcache/Python/3.12.14/x64
2026-09-16T07:22:44.4572280Z   Python3_ROOT_DIR: /opt/hostedtoolcache/Python/3.12.14/x64
2026-09-16T07:22:44.4572683Z   LD_LIBRARY_PATH: /opt/hostedtoolcache/Python/3.12.14/x64/lib
2026-09-16T07:22:44.4573017Z ##[endgroup]
2026-09-16T07:22:50.6307201Z Reading package lists...
2026-09-16T07:22:50.8391790Z Building dependency tree...
2026-09-16T07:22:50.8399012Z Reading state information...
2026-09-16T07:22:51.0678983Z xvfb is already the newest version (2:21.1.12-1ubuntu1.6).
2026-09-16T07:22:51.0679714Z xauth is already the newest version (1:1.1.2-1build1).
2026-09-16T07:22:51.0680646Z xauth set to manually installed.
2026-09-16T07:22:51.0681369Z libgl1-mesa-dri is already the newest version (25.2.8-0ubuntu0.24.04.2).
2026-09-16T07:22:51.0682186Z libgl1-mesa-dri set to manually installed.
2026-09-16T07:22:51.0682812Z The following NEW packages will be installed:
2026-09-16T07:22:51.0691160Z   mesa-vulkan-drivers
2026-09-16T07:22:51.0901475Z 0 upgraded, 1 newly installed, 0 to remove and 64 not upgraded.
2026-09-16T07:22:51.0902185Z Need to get 17.5 MB of archives.
2026-09-16T07:22:51.0904657Z After this operation, 98.5 MB of additional disk space will be used.
2026-09-16T07:22:51.0905400Z Get:1 file:/etc/apt/apt-mirrors.txt Mirrorlist [144 B]
2026-09-16T07:22:51.1214865Z Get:2 http://azure.archive.ubuntu.com/ubuntu noble-updates/main amd64 mesa-vulkan-drivers amd64 25.2.8-0ubuntu0.24.04.2 [17.5 MB]
2026-09-16T07:22:51.8655649Z Fetched 17.5 MB in 1s (33.4 MB/s)
2026-09-16T07:22:51.8988877Z Selecting previously unselected package mesa-vulkan-drivers:amd64.
2026-09-16T07:22:51.9274072Z (Reading database ... 
2026-09-16T07:22:51.9274569Z (Reading database ... 5%
2026-09-16T07:22:51.9275279Z (Reading database ... 10%
2026-09-16T07:22:51.9275939Z (Reading database ... 15%
2026-09-16T07:22:51.9276616Z (Reading database ... 20%
2026-09-16T07:22:51.9277266Z (Reading database ... 25%
2026-09-16T07:22:51.9290485Z (Reading database ... 30%
2026-09-16T07:22:51.9291167Z (Reading database ... 35%
2026-09-16T07:22:51.9291644Z (Reading database ... 40%
2026-09-16T07:22:51.9292116Z (Reading database ... 45%
2026-09-16T07:22:51.9292581Z (Reading database ... 50%
2026-09-16T07:22:51.9358075Z (Reading database ... 55%
2026-09-16T07:22:52.0495017Z (Reading database ... 60%
2026-09-16T07:22:52.2458646Z (Reading database ... 65%
2026-09-16T07:22:52.4010368Z (Reading database ... 70%
2026-09-16T07:22:52.5506916Z (Reading database ... 75%
2026-09-16T07:22:52.7664918Z (Reading database ... 80%
2026-09-16T07:22:52.9405292Z (Reading database ... 85%
2026-09-16T07:22:53.1463572Z (Reading database ... 90%
2026-09-16T07:22:53.3005329Z (Reading database ... 95%
2026-09-16T07:22:53.3005851Z (Reading database ... 100%
2026-09-16T07:22:53.3006413Z (Reading database ... 201818 files and directories currently installed.)
2026-09-16T07:22:53.3049494Z Preparing to unpack .../mesa-vulkan-drivers_25.2.8-0ubuntu0.24.04.2_amd64.deb ...
2026-09-16T07:22:53.3096945Z Unpacking mesa-vulkan-drivers:amd64 (25.2.8-0ubuntu0.24.04.2) ...
2026-09-16T07:22:53.6297144Z Setting up mesa-vulkan-drivers:amd64 (25.2.8-0ubuntu0.24.04.2) ...
2026-09-16T07:22:53.6333067Z Processing triggers for libc-bin (2.39-0ubuntu8.8) ...
2026-09-16T07:22:54.2864915Z 
2026-09-16T07:22:54.2865396Z Running kernel seems to be up-to-date.
2026-09-16T07:22:54.2865733Z 
2026-09-16T07:22:54.2866230Z No services need to be restarted.
2026-09-16T07:22:54.2866491Z 
2026-09-16T07:22:54.2866649Z No containers need to be restarted.
2026-09-16T07:22:54.2866902Z 
2026-09-16T07:22:54.2867085Z No user sessions are running outdated binaries.
2026-09-16T07:22:54.2867388Z 
2026-09-16T07:22:54.2867664Z No VM guests are running outdated hypervisor (qemu) binaries on this host.
2026-09-16T07:22:55.1980436Z ##[group]Run "$GODOT_BINARY" --headless --path . --import > /tmp/graphics-import.log 2>&1
2026-09-16T07:22:55.1981150Z [36;1m"$GODOT_BINARY" --headless --path . --import > /tmp/graphics-import.log 2>&1[0m
2026-09-16T07:22:55.1982073Z [36;1mxvfb-run -a -s '-screen 0 1920x1080x24' python3 tools/review_graphics_settings.py --godot "$GODOT_BINARY" --renderer "gl_compatibility" --output /tmp/graphics-settings-review[0m
2026-09-16T07:22:55.2018694Z shell: /usr/bin/bash -e {0}
2026-09-16T07:22:55.2018975Z env:
2026-09-16T07:22:55.2019257Z   pythonLocation: /opt/hostedtoolcache/Python/3.12.14/x64
2026-09-16T07:22:55.2019729Z   PKG_CONFIG_PATH: /opt/hostedtoolcache/Python/3.12.14/x64/lib/pkgconfig
2026-09-16T07:22:55.2020496Z   Python_ROOT_DIR: /opt/hostedtoolcache/Python/3.12.14/x64
2026-09-16T07:22:55.2020917Z   Python2_ROOT_DIR: /opt/hostedtoolcache/Python/3.12.14/x64
2026-09-16T07:22:55.2021319Z   Python3_ROOT_DIR: /opt/hostedtoolcache/Python/3.12.14/x64
2026-09-16T07:22:55.2021785Z   LD_LIBRARY_PATH: /opt/hostedtoolcache/Python/3.12.14/x64/lib
2026-09-16T07:22:55.2022146Z   LIBGL_ALWAYS_SOFTWARE: 1
2026-09-16T07:22:55.2022614Z   GODOT_BINARY: /home/runner/work/_temp/godot-editor-toolchain/editor/Godot_v4.6.3-stable_linux.x86_64
2026-09-16T07:22:55.2023109Z ##[endgroup]
2026-09-16T07:23:40.2008458Z {
2026-09-16T07:23:40.2008993Z   "commit": "e003c4972cc519cac878bba2f5aea1c8c7f80d3e",
2026-09-16T07:23:40.2009676Z   "tree": "a80534483af3fe55f9b04331eb6d461579a33879",
2026-09-16T07:23:40.2010456Z   "dirty": false,
2026-09-16T07:23:40.2010835Z   "passed": true,
2026-09-16T07:23:40.2011233Z   "renderer": "gl_compatibility",
2026-09-16T07:23:40.2011673Z   "command": [
2026-09-16T07:23:40.2012223Z     "/tmp/voxelverse-validation-editor-ag39rj_h/Godot_v4.6.3-stable_linux.x86_64",
2026-09-16T07:23:40.2012895Z     "--path",
2026-09-16T07:23:40.2013266Z     "/home/runner/work/voxelverse/voxelverse",
2026-09-16T07:23:40.2013733Z     "--rendering-method",
2026-09-16T07:23:40.2014161Z     "gl_compatibility",
2026-09-16T07:23:40.2014517Z     "--audio-driver",
2026-09-16T07:23:40.2014888Z     "Dummy",
2026-09-16T07:23:40.2015220Z     "--script",
2026-09-16T07:23:40.2015624Z     "res://tests/graphics_settings_test.gd",
2026-09-16T07:23:40.2016089Z     "--",
2026-09-16T07:23:40.2016420Z     "--graphics-capture",
2026-09-16T07:23:40.2016839Z     "/tmp/graphics-settings-review"
2026-09-16T07:23:40.2017263Z   ],
2026-09-16T07:23:40.2017582Z   "source_unchanged": true,
2026-09-16T07:23:40.2017966Z   "images": [
2026-09-16T07:23:40.2018322Z     "custom-world",
2026-09-16T07:23:40.2018676Z     "preset-world",
2026-09-16T07:23:40.2018921Z     "underwater",
2026-09-16T07:23:40.2019140Z     "settings-800x600-de-top",
2026-09-16T07:23:40.2019408Z     "settings-800x600-de-bottom",
2026-09-16T07:23:40.2019676Z     "settings-800x600-en-top",
2026-09-16T07:23:40.2019930Z     "settings-800x600-en-bottom",
2026-09-16T07:23:40.2020522Z     "settings-1280x720-de-top",
2026-09-16T07:23:40.2020817Z     "settings-1280x720-de-bottom",
2026-09-16T07:23:40.2021085Z     "settings-1280x720-en-top",
2026-09-16T07:23:40.2021347Z     "settings-1280x720-en-bottom",
2026-09-16T07:23:40.2021625Z     "settings-1920x1080-de-top",
2026-09-16T07:23:40.2021900Z     "settings-1920x1080-de-bottom",
2026-09-16T07:23:40.2022177Z     "settings-1920x1080-en-top",
2026-09-16T07:23:40.2022443Z     "settings-1920x1080-en-bottom"
2026-09-16T07:23:40.2022689Z   ],
2026-09-16T07:23:40.2023461Z   "scope": "Real settings input, persistence/restart, two languages, three sizes at 130% UI scale; rendered atmosphere fixture and water. Campaign/travel separately headless; no target-PC/FPS acceptance."
2026-09-16T07:23:40.2024294Z }
2026-09-16T07:23:40.2179662Z Node 20 is being deprecated. This workflow is running with Node 24 by default. If you need to temporarily use Node 20, you can set the ACTIONS_ALLOW_USE_UNSECURE_NODE_VERSION=true environment variable. For more information see: https://github.blog/changelog/2025-09-19-deprecation-of-node-20-on-github-actions-runners/
2026-09-16T07:23:40.2181519Z ##[group]Run actions/upload-artifact@v4
2026-09-16T07:23:40.2181806Z with:
2026-09-16T07:23:40.2182084Z   name: graphics-settings-gl_compatibility
2026-09-16T07:23:40.2182479Z   path: /tmp/graphics-settings-review
/tmp/graphics-import.log

2026-09-16T07:23:40.2182858Z   retention-days: 14
2026-09-16T07:23:40.2183102Z   if-no-files-found: warn
2026-09-16T07:23:40.2183358Z   compression-level: 6
2026-09-16T07:23:40.2183585Z   overwrite: false
2026-09-16T07:23:40.2183811Z   include-hidden-files: false
2026-09-16T07:23:40.2184062Z env:
2026-09-16T07:23:40.2184328Z   pythonLocation: /opt/hostedtoolcache/Python/3.12.14/x64
2026-09-16T07:23:40.2184819Z   PKG_CONFIG_PATH: /opt/hostedtoolcache/Python/3.12.14/x64/lib/pkgconfig
2026-09-16T07:23:40.2185260Z   Python_ROOT_DIR: /opt/hostedtoolcache/Python/3.12.14/x64
2026-09-16T07:23:40.2185654Z   Python2_ROOT_DIR: /opt/hostedtoolcache/Python/3.12.14/x64
2026-09-16T07:23:40.2186060Z   Python3_ROOT_DIR: /opt/hostedtoolcache/Python/3.12.14/x64
2026-09-16T07:23:40.2186461Z   LD_LIBRARY_PATH: /opt/hostedtoolcache/Python/3.12.14/x64/lib
2026-09-16T07:23:40.2186796Z ##[endgroup]
2026-09-16T07:23:40.3850176Z (node:2891) [DEP0040] DeprecationWarning: The `punycode` module is deprecated. Please use a userland alternative instead.
2026-09-16T07:23:40.3851191Z (Use `node --trace-deprecation ...` to show where the warning was created)
2026-09-16T07:23:40.3992460Z Multiple search paths detected. Calculating the least common ancestor of all paths
2026-09-16T07:23:40.3994978Z The least common ancestor is /tmp. This will be the root directory of the artifact
2026-09-16T07:23:40.3995884Z With the provided path, there will be 18 files uploaded
2026-09-16T07:23:40.4002370Z Artifact name is valid!
2026-09-16T07:23:40.4003114Z Root directory input is valid!
2026-09-16T07:23:40.6022764Z Beginning upload of artifact content to blob storage
2026-09-16T07:23:40.7218798Z (node:2891) [DEP0169] DeprecationWarning: `url.parse()` behavior is not standardized and prone to errors that have security implications. Use the WHATWG URL API instead. CVEs are not issued for `url.parse()` vulnerabilities.
2026-09-16T07:23:40.8632432Z Uploaded bytes 2278593
2026-09-16T07:23:40.8781502Z Finished uploading artifact content to blob storage!
2026-09-16T07:23:40.8782697Z SHA256 digest of uploaded artifact zip is 9a484cb6c10443261121e4c6db7415bafbe38d2d136de24fd2d693c3a028a84d
2026-09-16T07:23:40.8784572Z Finalizing artifact upload
2026-09-16T07:23:41.0590597Z Artifact graphics-settings-gl_compatibility.zip successfully finalized. Artifact ID 10435226433
2026-09-16T07:23:41.0592354Z Artifact graphics-settings-gl_compatibility has been successfully uploaded! Final size is 2278593 bytes. Artifact ID is 10435226433
2026-09-16T07:23:41.0598329Z Artifact download URL: https://github.com/MajorDragonfly/voxelverse/actions/runs/35068063587/artifacts/10435226433
2026-09-16T07:23:41.0788154Z Post job cleanup.
2026-09-16T07:23:41.0793152Z ##[start-action display=Run actions/cache@v4;id=__5dbc0b47-0b62-40aa-a731-94531fcb34f3.__actions_cache]
2026-09-16T07:23:41.1388360Z Node 20 is being deprecated. This workflow is running with Node 24 by default. If you need to temporarily use Node 20, you can set the ACTIONS_ALLOW_USE_UNSECURE_NODE_VERSION=true environment variable. For more information see: https://github.blog/changelog/2025-09-19-deprecation-of-node-20-on-github-actions-runners/
2026-09-16T07:23:41.1389593Z Post job cleanup.
2026-09-16T07:23:41.2535257Z Cache hit occurred on the primary key godot-editor-Linux-X64-5885d59645dadd285929dd7d5f6cfe84ff5d5f764de43c4d9f092dad44c58ac1, not saving cache.
2026-09-16T07:23:41.2537210Z (node:2914) [DEP0040] DeprecationWarning: The `punycode` module is deprecated. Please use a userland alternative instead.
2026-09-16T07:23:41.2538159Z (Use `node --trace-deprecation ...` to show where the warning was created)
2026-09-16T07:23:41.2600352Z ##[end-action id=__5dbc0b47-0b62-40aa-a731-94531fcb34f3.__actions_cache;outcome=success;conclusion=success;duration_ms=180]
2026-09-16T07:23:41.2603522Z ##[start-action display=Run actions/setup-python@v5;id=__5dbc0b47-0b62-40aa-a731-94531fcb34f3.__actions_setup-python]
2026-09-16T07:23:41.2709414Z Node 20 is being deprecated. This workflow is running with Node 24 by default. If you need to temporarily use Node 20, you can set the ACTIONS_ALLOW_USE_UNSECURE_NODE_VERSION=true environment variable. For more information see: https://github.blog/changelog/2025-09-19-deprecation-of-node-20-on-github-actions-runners/
2026-09-16T07:23:41.2711096Z Post job cleanup.
2026-09-16T07:23:41.3978270Z (node:2922) [DEP0040] DeprecationWarning: The `punycode` module is deprecated. Please use a userland alternative instead.
2026-09-16T07:23:41.3979560Z (Use `node --trace-deprecation ...` to show where the warning was created)
2026-09-16T07:23:41.4099479Z ##[end-action id=__5dbc0b47-0b62-40aa-a731-94531fcb34f3.__actions_setup-python;outcome=success;conclusion=success;duration_ms=149]
2026-09-16T07:23:41.4178051Z Node 20 is being deprecated. This workflow is running with Node 24 by default. If you need to temporarily use Node 20, you can set the ACTIONS_ALLOW_USE_UNSECURE_NODE_VERSION=true environment variable. For more information see: https://github.blog/changelog/2025-09-19-deprecation-of-node-20-on-github-actions-runners/
2026-09-16T07:23:41.4179312Z Post job cleanup.
2026-09-16T07:23:41.5067232Z [command]/usr/bin/git version
2026-09-16T07:23:41.5109204Z git version 2.55.0
2026-09-16T07:23:41.5148411Z Temporarily overriding HOME='/home/runner/work/_temp/26cb976c-8ee9-483b-b8af-0170b4c05412' before making global git config changes
2026-09-16T07:23:41.5149832Z Adding repository directory to the temporary git global config as a safe directory
2026-09-16T07:23:41.5154588Z [command]/usr/bin/git config --global --add safe.directory /home/runner/work/voxelverse/voxelverse
2026-09-16T07:23:41.5196106Z [command]/usr/bin/git config --local --name-only --get-regexp core\.sshCommand
2026-09-16T07:23:41.5234606Z [command]/usr/bin/git submodule foreach --recursive sh -c "git config --local --name-only --get-regexp 'core\.sshCommand' && git config --local --unset-all 'core.sshCommand' || :"
2026-09-16T07:23:41.5493539Z [command]/usr/bin/git config --local --name-only --get-regexp http\.https\:\/\/github\.com\/\.extraheader
2026-09-16T07:23:41.5528408Z http.https://github.com/.extraheader
2026-09-16T07:23:41.5541779Z [command]/usr/bin/git config --local --unset-all http.https://github.com/.extraheader
2026-09-16T07:23:41.5578441Z [command]/usr/bin/git submodule foreach --recursive sh -c "git config --local --name-only --get-regexp 'http\.https\:\/\/github\.com\/\.extraheader' && git config --local --unset-all 'http.https://github.com/.extraheader' || :"
2026-09-16T07:23:41.5840406Z [command]/usr/bin/git config --local --name-only --get-regexp ^includeIf\.gitdir:
2026-09-16T07:23:41.5887726Z [command]/usr/bin/git submodule foreach --recursive git config --local --show-origin --name-only --get-regexp remote.origin.url
2026-09-16T07:23:41.6296282Z Cleaning up orphan processes
2026-09-16T07:23:41.6625892Z ##[warning]Node.js 20 is deprecated. The following actions target Node.js 20 but are being forced to run on Node.js 24: actions/cache@v4, actions/checkout@v4, actions/setup-python@v5, actions/upload-artifact@v4. For more information see: https://github.blog/changelog/2025-09-19-deprecation-of-node-20-on-github-actions-runners/
