WorkerThreadPool: 4 threads, 1 max low-priority.
Godot Engine v4.6.3.stable.official.7d41c59c4 - https://godotengine.org
TextServer: Added interface "Dummy"
TextServer: Added interface "ICU / HarfBuzz / Graphite (Built-in)"
Unrecognized output string "misc2" in mapping:
030000008a2e0000dd10000011010000,Hand Held Legend GC Ultimate,a:b0,b:b2,back:b17,dpdown:b5,dpleft:b6,dpright:b7,dpup:b4,guide:b18,leftshoulder:b10,leftstick:b8,lefttrigger:a3,leftx:a0,lefty:a1,misc1:b19,misc2:b24,paddle1:b13,paddle2:b12,rightshoulder:b11,rightstick:b9,righttrigger:a4,rightx:a2,righty:a5,start:b16,x:b1,y:b3,platform:Linux,
Unrecognized output string "misc2" in mapping:
030000000d0f0000ab01000011010000,Horipad Steam,a:b0,b:b1,back:b10,dpdown:h0.4,dpleft:h0.8,dpright:h0.2,dpup:h0.1,guide:b12,leftshoulder:b6,leftstick:b13,lefttrigger:a5,leftx:a0,lefty:a1,misc2:b2,paddle1:b19,paddle2:b18,paddle3:b15,paddle4:b5,rightshoulder:b7,rightstick:b14,righttrigger:a4,rightx:a2,righty:a3,start:b11,x:b3,y:b4,platform:Linux,
Unrecognized output string "misc2" in mapping:
050000000d0f00009601000091000000,Horipad Steam,a:b0,b:b1,back:b10,dpdown:h0.4,dpleft:h0.8,dpright:h0.2,dpup:h0.1,guide:b12,leftshoulder:b6,leftstick:b13,lefttrigger:a5,leftx:a0,lefty:a1,misc2:b2,paddle1:b19,paddle2:b18,paddle3:b15,paddle4:b5,rightshoulder:b7,rightstick:b14,righttrigger:a4,rightx:a2,righty:a3,start:b11,x:b3,y:b4,platform:Linux,
Unrecognized output string "misc2" in mapping:
030000007e0500006920000011010000,Nintendo Switch 2 Pro Controller,a:b0,b:b1,back:b14,dpdown:b8,dpleft:b10,dpright:b9,dpup:b11,guide:b16,leftshoulder:b12,leftstick:b15,lefttrigger:b13,leftx:a0,lefty:a1~,misc1:b17,misc2:b20,paddle1:b18,paddle2:b19,rightshoulder:b4,rightstick:b7,righttrigger:b5,rightx:a2,righty:a3~,start:b6,x:b2,y:b3,platform:Linux,
SDL: Init OK!
Xshape 1.1 detected.
Xinerama 1.1 detected.
Xrandr 1.6 detected.
Xrender 0.11 detected.
Xinput 2.2 detected.
XInput: Refreshing devices.
XInput: No touch devices found.
Detecting GPUs, set DRI_PRIME in the environment to override GPU detection logic.
Only one GPU found, using default.
Accessibility: window 0 adapter created.
WARNING: Could not set V-Sync mode, as changing V-Sync mode is not supported by the graphics driver.
     at: set_use_vsync (platform/linuxbsd/x11/gl_manager_x11.cpp:364)
XcursorGetTheme could not get cursor theme
Failed loading custom cursor: crossed_circle
DBus 1.14.10 detected.
Using "default" pen tablet driver...
Shader 'CanvasSdfShaderGLES3' SHA256: d5ecb60c712248bc20ad338f43c8fd8111acf63eb0d842d3a7313f94707e3c5e
Shader 'SkeletonShaderGLES3' SHA256: cebf20521a54b4f188fba84fa0946396837336b759a6f5a0d17ffadc2bd20b1b
Shader 'ParticlesShaderGLES3' SHA256: 8d9ae18a51ecab8d9b3fbd6efcc301c2b0d58dc8050d9bd9d5ac92480bd7a094
Shader 'ParticlesCopyShaderGLES3' SHA256: 2887208f02016937ac6e44746563923dea94f444772ac61174570ec35efa3791
Shader 'CopyShaderGLES3' SHA256: a7579c140f33543b504c236dca5b5a6ba58725ca73c6755bed1dc2e743d9cb26
Shader 'CubemapFilterShaderGLES3' SHA256: d49f0e7213d329ed88eda4f60645e8f8b44c12bf515f80980b4b76a304eff13d
Shader 'GlowShaderGLES3' SHA256: acc42a15eb322cc2fda7a915ae0250f2d65deb92d6e4d842e0535cc7c065b618
Shader 'PostShaderGLES3' SHA256: 134fc735bda0dcdac0e19f8240650b2c26ef65d6a3d6713dee564bce5ce5a45f
Shader 'FeedShaderGLES3' SHA256: 7edf1c9f0486016f1334a57856b697f146b96fa7590bc6387860d46aa4fd5439
Shader 'CanvasShaderGLES3' SHA256: db09f283bfeccfe6062ffa6a68aec5cb6dfe37b53eb7807e38e31b6b5bcf63e4
Shader 'CanvasOcclusionShaderGLES3' SHA256: 55ad6523f2854b0496d50fdf00378aee8890e11efbe060feae00f9414488c690
Shader 'SceneShaderGLES3' SHA256: d6d01eb6d3a197af08dbc1c09f88b53adf6851f9d2f0749818c4cb235c71a20a
Shader 'SkyShaderGLES3' SHA256: 5bc782f8b9ea44189e83c946619e31a521ff2afeee76f83c9f74c3f5e38ab60c
OpenGL API 4.5 (Core Profile) Mesa 25.2.8-0ubuntu0.24.04.3 - Compatibility - Using Device: Mesa - llvmpipe (LLVM 20.1.2, 256 bits)

TextServer: Primary interface set to: "ICU / HarfBuzz / Graphite (Built-in)".
CORE API HASH: 2475187701
EDITOR API HASH: 3867286884
Loading resource: res://tools/capture_surface_transitions.gd
SceneTreeFTI: traversal method DEFAULT
Loading resource: res://core/localization/locale_manager.gd
Loading resource: res://localization/de.po
Loading resource: res://localization/en.po
Loading resource: res://autoload/game_state.gd
Loading resource: res://world/generation/world_generator_planetary_v9.gd
Loading resource: res://core/display_settings.gd
Loading resource: res://autoload/progression_service.gd
Loading resource: res://autoload/save_game_service.gd
Loading resource: res://autoload/session_flow.gd
Loading resource: res://audio/runtime/audio_manager.gd
Loaded system CA certificates
Loading resource: res://audio/runtime/sound_library.gd
Loading resource: res://audio/assets/step_grass_0.wav
Loading resource: res://.godot/imported/step_grass_0.wav-daa11e9acb7fa8a6692c5c53a6d21063.sample
Loading resource: res://audio/assets/step_grass_1.wav
Loading resource: res://.godot/imported/step_grass_1.wav-cfa42f4eb2495479f785c47160d34b2f.sample
Loading resource: res://audio/assets/step_grass_2.wav
Loading resource: res://.godot/imported/step_grass_2.wav-266dd002cd3ccd6e2ec642b7a60ef935.sample
Loading resource: res://audio/assets/step_sand_0.wav
Loading resource: res://.godot/imported/step_sand_0.wav-17d9fd1960e3467c2652b8d6924be03f.sample
Loading resource: res://audio/assets/step_sand_1.wav
Loading resource: res://.godot/imported/step_sand_1.wav-b9752a1f09754f2e1f8d7166e7622849.sample
Loading resource: res://audio/assets/step_sand_2.wav
Loading resource: res://.godot/imported/step_sand_2.wav-5fa7d1c68ca40d2fee2abd96ebed6c6d.sample
Loading resource: res://audio/assets/step_stone_0.wav
Loading resource: res://.godot/imported/step_stone_0.wav-17401126c63e9331ab266b691ea21cdc.sample
Loading resource: res://audio/assets/step_stone_1.wav
Loading resource: res://.godot/imported/step_stone_1.wav-0d623bbe77918021874ff679f5afc35a.sample
Loading resource: res://audio/assets/step_stone_2.wav
Loading resource: res://.godot/imported/step_stone_2.wav-676127566407e7309daf4c6f51463c1c.sample
Loading resource: res://audio/assets/step_snow_0.wav
Loading resource: res://.godot/imported/step_snow_0.wav-8a9a67eb3afb3d88c023d93dbd975ef4.sample
Loading resource: res://audio/assets/step_snow_1.wav
Loading resource: res://.godot/imported/step_snow_1.wav-836af9f44570d6544858c90a22e6dfab.sample
Loading resource: res://audio/assets/step_snow_2.wav
Loading resource: res://.godot/imported/step_snow_2.wav-2d2cbe847980c96d8dd9403123e163b3.sample
Loading resource: res://audio/assets/step_wood_0.wav
Loading resource: res://.godot/imported/step_wood_0.wav-d4401f61453a9fa8aab67402c751df80.sample
Loading resource: res://audio/assets/step_wood_1.wav
Loading resource: res://.godot/imported/step_wood_1.wav-9238000995b8afff673d4accc743e004.sample
Loading resource: res://audio/assets/step_wood_2.wav
Loading resource: res://.godot/imported/step_wood_2.wav-cea86a73bb6099986df3811ecb279dce.sample
Loading resource: res://audio/assets/step_water_0.wav
Loading resource: res://.godot/imported/step_water_0.wav-fdef622c13375e80165dcb4c7df3c77d.sample
Loading resource: res://audio/assets/step_water_1.wav
Loading resource: res://.godot/imported/step_water_1.wav-81665e830e38baa898719e01518a9dc3.sample
Loading resource: res://audio/assets/step_water_2.wav
Loading resource: res://.godot/imported/step_water_2.wav-98b9a7c300afb7ed020984498181ee86.sample
Loading resource: res://audio/assets/jump.wav
Loading resource: res://.godot/imported/jump.wav-3e7aed6fa8aa81d6e38ec3367995af77.sample
Loading resource: res://audio/assets/land.wav
Loading resource: res://.godot/imported/land.wav-796261c3963bf3561c133277007c83ef.sample
Loading resource: res://audio/assets/splash.wav
Loading resource: res://.godot/imported/splash.wav-c93a4034d67a44b1e737a94905856a1b.sample
Loading resource: res://audio/assets/swim.wav
Loading resource: res://.godot/imported/swim.wav-2644138bab57ddb5f38cdeb27edef62e.sample
Loading resource: res://audio/assets/water_exit.wav
Loading resource: res://.godot/imported/water_exit.wav-d1346f6e07ca5c3db462da08473e3e4d.sample
Loading resource: res://audio/assets/water_dive.wav
Loading resource: res://.godot/imported/water_dive.wav-62f299fcdd291bcee6f96d06f242fc9f.sample
Loading resource: res://audio/assets/water_surface.wav
Loading resource: res://.godot/imported/water_surface.wav-e093e79a00214677aee59ef396074b05.sample
Loading resource: res://audio/assets/underwater_bubbles_0.wav
Loading resource: res://.godot/imported/underwater_bubbles_0.wav-e51441aacf0da52da1d8fc89710afc36.sample
Loading resource: res://audio/assets/underwater_bubbles_1.wav
Loading resource: res://.godot/imported/underwater_bubbles_1.wav-58c052adf201b424b876952fff705c05.sample
Loading resource: res://audio/assets/underwater_bubbles_2.wav
Loading resource: res://.godot/imported/underwater_bubbles_2.wav-972c9f1411b04be862d7acaed816390d.sample
Loading resource: res://audio/assets/ui_confirm.wav
Loading resource: res://.godot/imported/ui_confirm.wav-e9651a16d928498e7e1d3b6c8119447a.sample
Loading resource: res://audio/assets/ui_back.wav
Loading resource: res://.godot/imported/ui_back.wav-a48f3b9c49587bca89c8c3c6eec007be.sample
Loading resource: res://audio/assets/discovery.wav
Loading resource: res://.godot/imported/discovery.wav-003ddc39b841cd84e0b1ba3cb41f6a6c.sample
Loading resource: res://audio/assets/wind_loop.wav
Loading resource: res://.godot/imported/wind_loop.wav-a6f214fbc3b2009e4646947b16864990.sample
Loading resource: res://audio/assets/foliage_loop.wav
Loading resource: res://.godot/imported/foliage_loop.wav-b928adf2e5f5a53842a4d65c9f712ee7.sample
Loading resource: res://audio/assets/water_loop.wav
Loading resource: res://.godot/imported/water_loop.wav-b8debeabee3b38d48ed4ae2496e02ee9.sample
Loading resource: res://audio/assets/underwater_loop.wav
Loading resource: res://.godot/imported/underwater_loop.wav-1b9bb2d1a007e68ec9bf4ae039cf5694.sample
Loading resource: res://audio/runtime/creature_sound_library.gd
Loading resource: res://audio/assets/creatures/chirp_contact_0.wav
Loading resource: res://.godot/imported/chirp_contact_0.wav-edda4544fad7d27f1d0acf834f974c96.sample
Loading resource: res://audio/assets/creatures/chirp_contact_1.wav
Loading resource: res://.godot/imported/chirp_contact_1.wav-ed37493ed491c5f586961dba986170f7.sample
Loading resource: res://audio/assets/creatures/chirp_warn_0.wav
Loading resource: res://.godot/imported/chirp_warn_0.wav-f7a05c4e9bb5d59702e9b04950961d0e.sample
Loading resource: res://audio/assets/creatures/chirp_warn_1.wav
Loading resource: res://.godot/imported/chirp_warn_1.wav-24ebc44c034625470867e4c902c80a0f.sample
Loading resource: res://audio/assets/creatures/chirp_attack_0.wav
Loading resource: res://.godot/imported/chirp_attack_0.wav-d248fc01c0faa3ce64a679c0f6cb7784.sample
Loading resource: res://audio/assets/creatures/chirp_attack_1.wav
Loading resource: res://.godot/imported/chirp_attack_1.wav-7ca70d05a0d6c4709d4734397997261b.sample
Loading resource: res://audio/assets/creatures/chirp_hurt_0.wav
Loading resource: res://.godot/imported/chirp_hurt_0.wav-eb2ddbfee61261e8fbe39b16e9d9377b.sample
Loading resource: res://audio/assets/creatures/chirp_hurt_1.wav
Loading resource: res://.godot/imported/chirp_hurt_1.wav-e25e2f41c03d3e8fd44fff1424cb7c1a.sample
Loading resource: res://audio/assets/creatures/chirp_death_0.wav
Loading resource: res://.godot/imported/chirp_death_0.wav-7785faac777caf9f57f5a4a43dd2139c.sample
Loading resource: res://audio/assets/creatures/chirp_death_1.wav
Loading resource: res://.godot/imported/chirp_death_1.wav-cc1d614d414b8f3e7adfbead7d2f073a.sample
Loading resource: res://audio/assets/creatures/chirp_friend_0.wav
Loading resource: res://.godot/imported/chirp_friend_0.wav-68719697eca84e81c3c7f3d9fcc0b5d3.sample
Loading resource: res://audio/assets/creatures/chirp_friend_1.wav
Loading resource: res://.godot/imported/chirp_friend_1.wav-b745739fb0315828a26ba3e842fcbfa4.sample
Loading resource: res://audio/assets/creatures/throat_contact_0.wav
Loading resource: res://.godot/imported/throat_contact_0.wav-1753bd2017e4655138ae92f6bd142bca.sample
Loading resource: res://audio/assets/creatures/throat_contact_1.wav
Loading resource: res://.godot/imported/throat_contact_1.wav-81b3b1499e20eae6e76ce89337a50e63.sample
Loading resource: res://audio/assets/creatures/throat_warn_0.wav
Loading resource: res://.godot/imported/throat_warn_0.wav-3ac2ad1e4362d2c20940ab692fb11e3e.sample
Loading resource: res://audio/assets/creatures/throat_warn_1.wav
Loading resource: res://.godot/imported/throat_warn_1.wav-b632207e3dd5890ff5e32df58815a9fd.sample
Loading resource: res://audio/assets/creatures/throat_attack_0.wav
Loading resource: res://.godot/imported/throat_attack_0.wav-eba3b3e0a6c919af3a40de1adea895d7.sample
Loading resource: res://audio/assets/creatures/throat_attack_1.wav
Loading resource: res://.godot/imported/throat_attack_1.wav-0713d63a64536db4712312e460995f4c.sample
Loading resource: res://audio/assets/creatures/throat_hurt_0.wav
Loading resource: res://.godot/imported/throat_hurt_0.wav-1d32bce91c567f38df0f6b18c5b04f3c.sample
Loading resource: res://audio/assets/creatures/throat_hurt_1.wav
Loading resource: res://.godot/imported/throat_hurt_1.wav-e601143d2926d60dda708e649e77af84.sample
Loading resource: res://audio/assets/creatures/throat_death_0.wav
Loading resource: res://.godot/imported/throat_death_0.wav-fc9568b95c130303eff42912711b5083.sample
Loading resource: res://audio/assets/creatures/throat_death_1.wav
Loading resource: res://.godot/imported/throat_death_1.wav-8594ec014e140e5454d62ea8f89b875f.sample
Loading resource: res://audio/assets/creatures/throat_friend_0.wav
Loading resource: res://.godot/imported/throat_friend_0.wav-c05e792b036f32082315c8d9b7527731.sample
Loading resource: res://audio/assets/creatures/throat_friend_1.wav
Loading resource: res://.godot/imported/throat_friend_1.wav-f49cb2b9b52ef8baf723395081a833f7.sample
Loading resource: res://audio/assets/creatures/rasp_contact_0.wav
Loading resource: res://.godot/imported/rasp_contact_0.wav-5ef8dbc59e4d0642aa6b525bef37c85e.sample
Loading resource: res://audio/assets/creatures/rasp_contact_1.wav
Loading resource: res://.godot/imported/rasp_contact_1.wav-a27d79a43451859b5050d85f3eb7aa41.sample
Loading resource: res://audio/assets/creatures/rasp_warn_0.wav
Loading resource: res://.godot/imported/rasp_warn_0.wav-cdf37a9e211a4a53aa55bf5dc689f482.sample
Loading resource: res://audio/assets/creatures/rasp_warn_1.wav
Loading resource: res://.godot/imported/rasp_warn_1.wav-d6f130aa048a2b863bea49a25ae39bf0.sample
Loading resource: res://audio/assets/creatures/rasp_attack_0.wav
Loading resource: res://.godot/imported/rasp_attack_0.wav-de606b1e0c3253d55704bbf8ec1985a6.sample
Loading resource: res://audio/assets/creatures/rasp_attack_1.wav
Loading resource: res://.godot/imported/rasp_attack_1.wav-e0a2c7412a8ccdf6af91550c1fa4df97.sample
Loading resource: res://audio/assets/creatures/rasp_hurt_0.wav
Loading resource: res://.godot/imported/rasp_hurt_0.wav-2c49542d021be737a0e12986822a2caf.sample
Loading resource: res://audio/assets/creatures/rasp_hurt_1.wav
Loading resource: res://.godot/imported/rasp_hurt_1.wav-2aedc5e3e3f5edab7ea7412fc49bf8f6.sample
Loading resource: res://audio/assets/creatures/rasp_death_0.wav
Loading resource: res://.godot/imported/rasp_death_0.wav-0c5f2214f9d4a056346e2a1f85b1b84e.sample
Loading resource: res://audio/assets/creatures/rasp_death_1.wav
Loading resource: res://.godot/imported/rasp_death_1.wav-0ac8731a03da1833e88ad61473983f61.sample
Loading resource: res://audio/assets/creatures/rasp_friend_0.wav
Loading resource: res://.godot/imported/rasp_friend_0.wav-d54432911a9012e54556f6270e68d6d4.sample
Loading resource: res://audio/assets/creatures/rasp_friend_1.wav
Loading resource: res://.godot/imported/rasp_friend_1.wav-e143f87617fad5654f204a6d515b7263.sample
Loading resource: res://audio/runtime/action_sound_library.gd
Loading resource: res://audio/assets/actions/eat_0.wav
Loading resource: res://.godot/imported/eat_0.wav-0ef06fdadf5a724c9423044e9244520b.sample
Loading resource: res://audio/assets/actions/eat_1.wav
Loading resource: res://.godot/imported/eat_1.wav-591a86dedec5ef65279b13d1d8e119ad.sample
Loading resource: res://audio/assets/actions/eat_2.wav
Loading resource: res://.godot/imported/eat_2.wav-2c1abc1085ce9a32befb87bd606e41b0.sample
Loading resource: res://audio/assets/actions/drink_0.wav
Loading resource: res://.godot/imported/drink_0.wav-657ac976540568c2ca1ac58ba20926f1.sample
Loading resource: res://audio/assets/actions/drink_1.wav
Loading resource: res://.godot/imported/drink_1.wav-507d0be3c3d556fd34ffbdc03c5d1112.sample
Loading resource: res://audio/assets/actions/drink_2.wav
Loading resource: res://.godot/imported/drink_2.wav-8c5e14d963466cc5198d896c4c2a32a5.sample
Loading resource: res://audio/assets/actions/gather_0.wav
Loading resource: res://.godot/imported/gather_0.wav-e2ecca19d506c887a21132fab8a552c5.sample
Loading resource: res://audio/assets/actions/gather_1.wav
Loading resource: res://.godot/imported/gather_1.wav-8280e375b7fc838585d41df73cee7480.sample
Loading resource: res://audio/assets/actions/gather_2.wav
Loading resource: res://.godot/imported/gather_2.wav-60c37d3854af3f011559adfaf1ca732f.sample
Loading resource: res://audio/assets/actions/evolve_0.wav
Loading resource: res://.godot/imported/evolve_0.wav-e4360ef7b262cac875963ced42fed454.sample
Loading resource: res://audio/assets/actions/evolve_1.wav
Loading resource: res://.godot/imported/evolve_1.wav-0d572438f7166f103b3caf45e8803ba7.sample
Loading resource: res://audio/assets/actions/evolve_2.wav
Loading resource: res://.godot/imported/evolve_2.wav-bacec24121700fed4d4fe84a7aac00f8.sample
Loading resource: res://audio/runtime/interface_sound_library.gd
Loading resource: res://audio/assets/interface/scan_acquire.wav
Loading resource: res://.godot/imported/scan_acquire.wav-84f9191bc00b76f7dc7e34df9db0b970.sample
Loading resource: res://audio/assets/interface/scan_abort.wav
Loading resource: res://.godot/imported/scan_abort.wav-a3f28683749c21bc6c22b46e139af9e8.sample
Loading resource: res://audio/assets/interface/order_move.wav
Loading resource: res://.godot/imported/order_move.wav-f3966a6102db8045a4fecf72cd4c77c3.sample
Loading resource: res://audio/assets/interface/order_gather.wav
Loading resource: res://.godot/imported/order_gather.wav-51ed48ae73c28924cfd2fb6fbe93ddf7.sample
Loading resource: res://audio/assets/interface/order_attack.wav
Loading resource: res://.godot/imported/order_attack.wav-00d65d1880b2f28c8b899dc1b94a71f7.sample
Loading resource: res://audio/assets/interface/order_build.wav
Loading resource: res://.godot/imported/order_build.wav-d11fb7cc5a4b85a4757ecfdcc44a362b.sample
Loading resource: res://audio/assets/interface/order_wait.wav
Loading resource: res://.godot/imported/order_wait.wav-ce83644b2ca01c38269f6f16b6a250b1.sample
Loading resource: res://audio/assets/interface/order_feed.wav
Loading resource: res://.godot/imported/order_feed.wav-0a1683e7412499590b4da2a16ec29a17.sample
Loading resource: res://audio/assets/interface/order_reject.wav
Loading resource: res://.godot/imported/order_reject.wav-9f028e870edf2afbccd7054b13ef26c3.sample
Loading resource: res://audio/assets/interface/scan_loop.wav
Loading resource: res://.godot/imported/scan_loop.wav-b6df965c1d495d64c8462a2a08689773.sample
Loading resource: res://audio/runtime/music_library.gd
Loading resource: res://audio/assets/music/menu.ogg
Loading resource: res://.godot/imported/menu.ogg-53cc1d22a152903092e6966f8713b988.oggvorbisstr
Loading resource: res://audio/assets/music/exploration.ogg
Loading resource: res://.godot/imported/exploration.ogg-5cf463127af038dd357a6d3cce6d0000.oggvorbisstr
Loading resource: res://audio/assets/music/danger.ogg
Loading resource: res://.godot/imported/danger.ogg-fbf5516b2bdb72a300112a87d7efa882.oggvorbisstr
Loading resource: res://ui/frontend/main_menu.tscn
Loading resource: res://ui/frontend/main_menu.gd
Loading resource: res://main/spherical_campaign.tscn
Loading resource: res://main/spherical_campaign.gd
Loading resource: res://creatures/player/player.tscn
Loading resource: res://creatures/player/player_controller_v2.gd
Loading resource: res://creatures/runtime/creature_runtime_visual.gd
Loading resource: res://creatures/runtime/adaptive_locomotion_animator_v2.gd
Loading resource: res://creatures/runtime/creature_heading_controller.gd
Loading resource: res://ui/hud_presentation_v4.gd
Loading resource: res://ui/discovery/icons/thirst.svg
Loading resource: res://.godot/imported/thirst.svg-9a9932f597b6dec9f3259d709832262a.ctex
Loading resource: res://ui/discovery/icons/attack.svg
Loading resource: res://.godot/imported/attack.svg-44da0e14d20728f691f27cd293198b2d.ctex
Loading resource: res://ui/discovery/icons/defense.svg
Loading resource: res://.godot/imported/defense.svg-a6b88255acba55009e729431509e9911.ctex
Loading resource: res://ui/discovery/icons/health.svg
Loading resource: res://.godot/imported/health.svg-d07fcee6b580878798b74f5157b213d4.ctex
Loading resource: res://ui/discovery/icons/speed.svg
Loading resource: res://.godot/imported/speed.svg-0cba70d1aef86a3eee3e7b116a879b87.ctex
Loading resource: res://ui/discovery/icons/jump.svg
Loading resource: res://.godot/imported/jump.svg-6f39fda8f1985412cadcacefc420130e.ctex
Loading resource: res://ui/discovery/icons/swim.svg
Loading resource: res://.godot/imported/swim.svg-b27fd51ad5d7997356a03816f379dbf3.ctex
Loading resource: res://ui/discovery/icons/perception.svg
Loading resource: res://.godot/imported/perception.svg-121cb86fd6e2c99707667ce2ced7c6d7.ctex
Loading resource: res://ui/discovery/icons/grip.svg
Loading resource: res://.godot/imported/grip.svg-9270299b1f9a4ece9e5e3546309b3cbc.ctex
Loading resource: res://ui/discovery/icons/diet_plant.svg
Loading resource: res://.godot/imported/diet_plant.svg-665d5667cad985a0956260ae828ebe99.ctex
Loading resource: res://ui/discovery/icons/diet_meat.svg
Loading resource: res://.godot/imported/diet_meat.svg-c164e11b044ad85bf33d832dce6ca916.ctex
Loading resource: res://ui/discovery/icons/flight.svg
Loading resource: res://.godot/imported/flight.svg-863d241f060b6f21ec600f9221361eab.ctex
Loading resource: res://ui/discovery/icons/hunger_drain.svg
Loading resource: res://.godot/imported/hunger_drain.svg-454b144b332c11a4d5c19a1d71ef9393.ctex
Loading resource: res://ui/progression_hud.gd
Loading resource: res://ui/context_action_hud.gd
Loading resource: res://ui/target_health_hud.gd
Loading resource: res://ui/creature_inspection_hud.gd
Loading resource: res://creatures/player/creature_scanner.gd
Loading resource: res://world/resources/nests/nest.tscn
Loading resource: res://world/resources/nests/nest.gd
Loading resource: res://world/home_group/home_group_controller.gd
Loading resource: res://world/tribe/tribe_controller.gd
Loading resource: res://world/resources/plants/plant_food_streamer.gd
Loading resource: res://world/resources/plants/berry_bush.tscn
Loading resource: res://world/resources/plants/foraging_berry_bush.gd
Loading resource: res://world/planet_lab/planet_land.gdshader
Loading resource: res://world/planet_lab/planet_transition.gdshaderinc
Loading resource: res://world/planet_lab/planet_water.gdshader
Loading resource: res://world/surface/visuals/living_ground.gdshader
Loading resource: res://world/surface/visuals/surface_detail.gdshaderinc
Loading resource: res://world/surface/visuals/living_water.gdshader
Loading resource: res://assets/catalog/planet_foliage.gdshader
Loading resource: res://world/surface/visuals/surface_scenery.gdshader
Loading resource: res://creatures/wildlife/procedural_wildlife_v7.tscn
Loading resource: res://creatures/ai/living_creature_brain.gd
Loading resource: res://world/visuals/atmosphere/campaign_sky.gdshader
Loading resource: res://world/weather/campaign_weather.gd
Loading resource: res://assets/packs/temperate_forest_v1/environment/benchmark_v2/ancient_oak_v2_near.glb
Loading resource: res://.godot/imported/ancient_oak_v2_near.glb-84cd69d79879a0719f33fbced6165728.scn
Loading resource: res://assets/packs/temperate_forest_v1/environment/benchmark_v2/ancient_oak_v2_mid.glb
Loading resource: res://.godot/imported/ancient_oak_v2_mid.glb-5297f3fcc3bd5929d129630345c1c032.scn
Loading resource: res://assets/packs/temperate_forest_v1/environment/benchmark_v2/ancient_oak_v2_far.glb
Loading resource: res://.godot/imported/ancient_oak_v2_far.glb-38e8e4889fb52c03e8f776e507984129.scn
Loading resource: res://assets/packs/temperate_forest_v1/environment/benchmark_v2/tall_pine_v2_near.glb
Loading resource: res://.godot/imported/tall_pine_v2_near.glb-40192c9a8d63fceae0369cbe5fc7d766.scn
Loading resource: res://assets/packs/temperate_forest_v1/environment/benchmark_v2/tall_pine_v2_mid.glb
Loading resource: res://.godot/imported/tall_pine_v2_mid.glb-860ab788e7e17a1a66e4c5f91a66e081.scn
Loading resource: res://assets/packs/temperate_forest_v1/environment/benchmark_v2/tall_pine_v2_far.glb
Loading resource: res://.godot/imported/tall_pine_v2_far.glb-483ad2a56577958a36ef23f4d750e5c6.scn
Loading resource: res://assets/packs/temperate_forest_v1/environment/benchmark_v2/dense_bush_v2_near.glb
Loading resource: res://.godot/imported/dense_bush_v2_near.glb-2265e215b106969b52eaa4b6dfd8f4f5.scn
Loading resource: res://assets/packs/temperate_forest_v1/environment/benchmark_v2/dense_bush_v2_mid.glb
Loading resource: res://.godot/imported/dense_bush_v2_mid.glb-e797495db23ce803ccd33da775b6396a.scn
Loading resource: res://assets/packs/temperate_forest_v1/environment/benchmark_v2/dense_bush_v2_far.glb
Loading resource: res://.godot/imported/dense_bush_v2_far.glb-5b094c383636fa122104551ca99d7cc7.scn
Loading resource: res://assets/packs/temperate_forest_v1/environment/benchmark_v2/layered_rock_v2_near.glb
Loading resource: res://.godot/imported/layered_rock_v2_near.glb-75a41fa74587ecac8fc12aeaeea3d751.scn
Loading resource: res://assets/packs/temperate_forest_v1/environment/benchmark_v2/layered_rock_v2_mid.glb
Loading resource: res://.godot/imported/layered_rock_v2_mid.glb-c38b1cb9c659d90d872ac6c7b51f4f65.scn
Loading resource: res://assets/packs/temperate_forest_v1/environment/benchmark_v2/layered_rock_v2_far.glb
Loading resource: res://.godot/imported/layered_rock_v2_far.glb-c8eba3c47bdfa0fab33b20f45094a6f5.scn
Loading resource: res://assets/packs/temperate_forest_v1/environment/benchmark_v2/grass_tuft_v2_near.glb
Loading resource: res://.godot/imported/grass_tuft_v2_near.glb-42f44a16957bf711f70fd937d9bd99cf.scn
Loading resource: res://assets/packs/temperate_forest_v1/environment/benchmark_v2/grass_tuft_v2_mid.glb
Loading resource: res://.godot/imported/grass_tuft_v2_mid.glb-d99cf16b7969fd4038b329bf8a874802.scn
Loading resource: res://assets/packs/temperate_forest_v1/environment/benchmark_v2/grass_tuft_v2_far.glb
Loading resource: res://.godot/imported/grass_tuft_v2_far.glb-55eb6d4f75d7e4619eeb637d52f3e6d3.scn
Loading resource: res://assets/packs/temperate_forest_v1/environment/benchmark_v2/flower_cluster_v2_near.glb
Loading resource: res://.godot/imported/flower_cluster_v2_near.glb-c59391b250de0cdda204bc90af251d3d.scn
Loading resource: res://assets/packs/temperate_forest_v1/environment/benchmark_v2/flower_cluster_v2_mid.glb
Loading resource: res://.godot/imported/flower_cluster_v2_mid.glb-323c3fce0da8e2d426b5e5b2db3c82c3.scn
Loading resource: res://assets/packs/temperate_forest_v1/environment/benchmark_v2/flower_cluster_v2_far.glb
Loading resource: res://.godot/imported/flower_cluster_v2_far.glb-8a5f7de03769e886215bfb6c4d14788f.scn
Loading resource: res://assets/packs/temperate_forest_v1/environment/benchmark_v2/fern_cluster_v2_near.glb
Loading resource: res://.godot/imported/fern_cluster_v2_near.glb-a69a1cd0abe10af0ca1cf7372a3d70d4.scn
Loading resource: res://assets/packs/temperate_forest_v1/environment/benchmark_v2/fern_cluster_v2_mid.glb
Loading resource: res://.godot/imported/fern_cluster_v2_mid.glb-430d6da0488b9d40cbd76244e4f02d5a.scn
Loading resource: res://assets/packs/temperate_forest_v1/environment/benchmark_v2/fern_cluster_v2_far.glb
Loading resource: res://.godot/imported/fern_cluster_v2_far.glb-ffaa1f777bb6125721b86afc09af6bce.scn
SURFACE_TRANSITIONS_CAPTURE {"adapter":"llvmpipe (LLVM 20.1.2, 256 bits)","failures":[],"geometry":{"collision_sha256":"ec3dd66af91a5c486b2d014d27b7f08b49a8db007b08db84936dd541730f50ed","maximum_top_normal_error":0.202186495065689,"patches":6},"passed":true,"renderer":"gl_compatibility","resolution":[960,540],"samples":[{"distance_rings_20_100_200_outer":[3,128,387,617],"draw_calls":836,"frame_ms":{"count":12,"max":1062.142,"p50":528.136,"p95":1062.142,"p99":1062.142},"label":"route-0-0m","near_patches":25,"nodes":2464,"primitives":2345418,"render_cpu_ms":{"count":12,"max":537.086975097656,"p50":528.245971679688,"p95":537.086975097656,"p99":537.086975097656},"render_gpu_ms":{"count":12,"max":536.986022949219,"p50":528.166015625,"p95":536.986022949219,"p99":536.986022949219},"scenery":{"batches":8,"cells":354,"discarded":0,"instances":1135,"last_publish_units":0,"max_publish_ms":0.51,"max_worker_ms":572.564,"ready":true,"staged_sets":0,"workers":0},"tiles":543},{"distance_rings_20_100_200_outer":[3,128,387,617],"draw_calls":582,"frame_ms":{"count":12,"max":692.308,"p50":348.923,"p95":692.308,"p99":692.308},"label":"side-200m","near_patches":25,"nodes":2464,"primitives":1879260,"render_cpu_ms":{"count":12,"max":365.872009277344,"p50":346.114990234375,"p95":365.872009277344,"p99":365.872009277344},"render_gpu_ms":{"count":12,"max":365.795013427734,"p50":346.026000976562,"p95":365.795013427734,"p99":365.795013427734},"scenery":{"batches":8,"cells":354,"discarded":0,"instances":1135,"last_publish_units":0,"max_publish_ms":0.51,"max_worker_ms":572.564,"ready":true,"staged_sets":0,"workers":0},"tiles":543},{"distance_rings_20_100_200_outer":[3,128,387,617],"draw_calls":1173,"frame_ms":{"count":12,"max":1192.276,"p50":593.321,"p95":1192.276,"p99":1192.276},"label":"low-sun-200m","near_patches":25,"nodes":2464,"primitives":2345418,"render_cpu_ms":{"count":12,"max":712.807983398438,"p50":598.484008789062,"p95":712.807983398438,"p99":712.807983398438},"render_gpu_ms":{"count":12,"max":712.692016601562,"p50":598.39599609375,"p95":712.692016601562,"p99":712.692016601562},"scenery":{"batches":8,"cells":354,"discarded":0,"instances":1135,"last_publish_units":0,"max_publish_ms":0.51,"max_worker_ms":572.564,"ready":true,"staged_sets":0,"workers":0},"tiles":543},{"distance_rings_20_100_200_outer":[7,129,378,621],"draw_calls":733,"frame_ms":{"count":12,"max":821.048,"p50":411.377,"p95":821.048,"p99":821.048},"label":"route-1-40m","near_patches":25,"nodes":2468,"primitives":1745324,"render_cpu_ms":{"count":12,"max":431.912994384766,"p50":412.7080078125,"p95":431.912994384766,"p99":431.912994384766},"render_gpu_ms":{"count":12,"max":431.808013916016,"p50":412.626007080078,"p95":431.808013916016,"p99":431.808013916016},"scenery":{"batches":8,"cells":354,"discarded":0,"instances":1135,"last_publish_units":0,"max_publish_ms":0.51,"max_worker_ms":572.564,"ready":true,"staged_sets":0,"workers":0},"tiles":546},{"distance_rings_20_100_200_outer":[6,124,415,590],"draw_calls":580,"frame_ms":{"count":12,"max":384.235,"p50":192.788,"p95":384.235,"p99":384.235},"label":"route-2-100m","near_patches":25,"nodes":2490,"primitives":975238,"render_cpu_ms":{"count":12,"max":192.42399597168,"p50":190.936996459961,"p95":192.42399597168,"p99":192.42399597168},"render_gpu_ms":{"count":12,"max":192.360000610352,"p50":190.863006591797,"p95":192.360000610352,"p99":192.360000610352},"scenery":{"batches":8,"cells":354,"discarded":0,"instances":1135,"last_publish_units":0,"max_publish_ms":0.51,"max_worker_ms":572.564,"ready":true,"staged_sets":0,"workers":0},"tiles":567},{"distance_rings_20_100_200_outer":[4,136,267,728],"draw_calls":472,"frame_ms":{"count":12,"max":227.183,"p50":117.668,"p95":227.183,"p99":227.183},"label":"route-3-200m","near_patches":25,"nodes":2394,"primitives":842808,"render_cpu_ms":{"count":12,"max":118.083999633789,"p50":112.084999084473,"p95":118.083999633789,"p99":118.083999633789},"render_gpu_ms":{"count":12,"max":118.043998718262,"p50":112.023002624512,"p95":118.043998718262,"p99":118.043998718262},"scenery":{"batches":8,"cells":354,"discarded":0,"instances":1135,"last_publish_units":0,"max_publish_ms":0.51,"max_worker_ms":572.564,"ready":true,"staged_sets":0,"workers":0},"tiles":507},{"distance_rings_20_100_200_outer":[6,124,415,590],"draw_calls":586,"frame_ms":{"count":12,"max":387.798,"p50":195.038,"p95":387.798,"p99":387.798},"label":"route-4-100m","near_patches":25,"nodes":2466,"primitives":977874,"render_cpu_ms":{"count":12,"max":195.930999755859,"p50":192.07600402832,"p95":195.930999755859,"p99":195.930999755859},"render_gpu_ms":{"count":12,"max":195.858993530273,"p50":192.005004882812,"p95":195.858993530273,"p99":195.858993530273},"scenery":{"batches":8,"cells":354,"discarded":0,"instances":1135,"last_publish_units":0,"max_publish_ms":0.51,"max_worker_ms":572.564,"ready":true,"staged_sets":0,"workers":0},"tiles":546},{"distance_rings_20_100_200_outer":[3,128,387,617],"draw_calls":867,"frame_ms":{"count":12,"max":1047.843,"p50":526.57,"p95":1047.843,"p99":1047.843},"label":"route-5-0m","near_patches":25,"nodes":2481,"primitives":2358360,"render_cpu_ms":{"count":12,"max":532.101013183594,"p50":523.325988769531,"p95":532.101013183594,"p99":532.101013183594},"render_gpu_ms":{"count":12,"max":532.013000488281,"p50":523.242980957031,"p95":532.013000488281,"p99":532.013000488281},"scenery":{"batches":8,"cells":354,"discarded":0,"instances":1135,"last_publish_units":0,"max_publish_ms":0.51,"max_worker_ms":572.564,"ready":true,"staged_sets":0,"workers":0},"tiles":558}],"scope":"Fixed settled views, 12 frames/view on software GPU; no walking FPS or target-PC acceptance. Fast setup drains up to 64 existing flora publication steps per unmeasured frame; runtime budgets tested separately. UI/actors hidden; wind and cloud clock frozen for comparison.","seed":15838}
WARNING: ObjectDB instances leaked at exit (run with --verbose for details).
   at: cleanup (core/object/object.cpp:2663)
XR: Clearing primary interface
XR: Removed interface "Native mobile"
XR: Removed interface "OpenXR"
Accessibility: window 0 adapter destroyed.
Leaked instance: RefCounted:9223372224776375246 - Reference count: 0
Hint: Leaked instances typically happen when nodes are removed from the scene tree (with `remove_child()`) but not freed (with `free()` or `queue_free()`).
