Godot Engine v4.6.3.stable.official.7d41c59c4 - https://godotengine.org
WARNING: Could not set V-Sync mode, as changing V-Sync mode is not supported by the graphics driver.
     at: set_use_vsync (platform/linuxbsd/x11/gl_manager_x11.cpp:364)
OpenGL API 4.5 (Core Profile) Mesa 25.2.8-0ubuntu0.24.04.3 - Compatibility - Using Device: Mesa - llvmpipe (LLVM 20.1.2, 256 bits)

SPHERE_LOAD {"error":"","loading":false,"milliseconds":60037,"scene":"res://main/spherical_campaign.tscn","startup":{"context":{"body_id":"body_7515d18bbcac7175c751bf0c8a13cdaf","resource_cached":false,"scene":"res://main/spherical_campaign.tscn","seed":15838},"error":"","last_phase":"arrival","schema":1,"segments":[{"completed":true,"duration_ms":1238.208,"phase":"prepare_state","start_ms":0.0},{"completed":true,"duration_ms":45.72,"phase":"state_settle","start_ms":1238.208},{"completed":true,"duration_ms":1641.227,"phase":"threaded_load","start_ms":1283.928},{"completed":true,"duration_ms":0.274,"phase":"scene_instantiation","start_ms":2925.155},{"completed":true,"duration_ms":40394.489,"phase":"scene_ready","start_ms":2925.429},{"completed":true,"duration_ms":15920.657,"phase":"start_terrain","start_ms":43319.918},{"completed":true,"duration_ms":0.326,"phase":"arrival","start_ms":59240.575}],"sequence":1,"status":"ready","total_ms":59240.901}}
SPHERE_LOAD {"error":"","loading":false,"milliseconds":44448,"scene":"res://main/spherical_campaign.tscn","startup":{"context":{"body_id":"body_7515d18bbcac7175c751bf0c8a13cdaf","resource_cached":false,"scene":"res://main/spherical_campaign.tscn","seed":15838},"error":"","last_phase":"arrival","schema":1,"segments":[{"completed":true,"duration_ms":124.414,"phase":"prepare_state","start_ms":0.0},{"completed":true,"duration_ms":43.106,"phase":"state_settle","start_ms":124.414},{"completed":true,"duration_ms":41.564,"phase":"threaded_load","start_ms":167.52},{"completed":true,"duration_ms":0.271,"phase":"scene_instantiation","start_ms":209.084},{"completed":true,"duration_ms":39438.382,"phase":"scene_ready","start_ms":209.355},{"completed":true,"duration_ms":4336.843,"phase":"start_terrain","start_ms":39647.737},{"completed":true,"duration_ms":0.305,"phase":"arrival","start_ms":43984.58}],"sequence":2,"status":"ready","total_ms":43984.885}}
ERROR: Generated nest scan did not complete
   at: push_error (core/variant/variant_utility.cpp:1024)
   GDScript backtrace (most recent call first):
       [0] _finish (res://tools/review_r32_05_world_probe.gd:173)
       [1] _done (res://tools/review_r32_05_world_probe.gd:164)
       [2] _run (res://tools/review_r32_05_world_probe.gd:134)
       [3] _capture (res://tools/review_r32_05_world_probe.gd:169)
ERROR: Fresh sphere save process failed: ["Godot Engine v4.6.3.stable.official.7d41c59c4 - https://godotengine.org\n\nR32_SPHERE_NEST_FRESH_PROCESS {\"body_id\":\"body_7515d18bbcac7175c751bf0c8a13cdaf\",\"passed\":false}\nERROR: Fresh sphere save lost first nest\n   at: push_error (core/variant/variant_utility.cpp:1024)\n   GDScript backtrace (most recent call first):\n       [0] _finish (res://tools/review_r32_05_world_probe.gd:173)\n       [1] _run (res://tools/review_r32_05_world_probe.gd:23)\nR32_05_WORLD_RESULT {\"failures\":[\"Fresh sphere save lost first nest\"],\"passed\":false}\n"]
   at: push_error (core/variant/variant_utility.cpp:1024)
   GDScript backtrace (most recent call first):
       [0] _finish (res://tools/review_r32_05_world_probe.gd:173)
       [1] _done (res://tools/review_r32_05_world_probe.gd:164)
       [2] _run (res://tools/review_r32_05_world_probe.gd:134)
       [3] _capture (res://tools/review_r32_05_world_probe.gd:169)
ERROR: Public reload lost first/invented second nest discovery
   at: push_error (core/variant/variant_utility.cpp:1024)
   GDScript backtrace (most recent call first):
       [0] _finish (res://tools/review_r32_05_world_probe.gd:173)
       [1] _done (res://tools/review_r32_05_world_probe.gd:164)
       [2] _run (res://tools/review_r32_05_world_probe.gd:134)
       [3] _capture (res://tools/review_r32_05_world_probe.gd:169)
ERROR: Reloaded actual nest lost known label/current count
   at: push_error (core/variant/variant_utility.cpp:1024)
   GDScript backtrace (most recent call first):
       [0] _finish (res://tools/review_r32_05_world_probe.gd:173)
       [1] _done (res://tools/review_r32_05_world_probe.gd:164)
       [2] _run (res://tools/review_r32_05_world_probe.gd:134)
       [3] _capture (res://tools/review_r32_05_world_probe.gd:169)
R32_05_WORLD_RESULT {"failures":["Generated nest scan did not complete","Fresh sphere save process failed: [\"Godot Engine v4.6.3.stable.official.7d41c59c4 - https://godotengine.org\\n\\nR32_SPHERE_NEST_FRESH_PROCESS {\\\"body_id\\\":\\\"body_7515d18bbcac7175c751bf0c8a13cdaf\\\",\\\"passed\\\":false}\\nERROR: Fresh sphere save lost first nest\\n   at: push_error (core/variant/variant_utility.cpp:1024)\\n   GDScript backtrace (most recent call first):\\n       [0] _finish (res://tools/review_r32_05_world_probe.gd:173)\\n       [1] _run (res://tools/review_r32_05_world_probe.gd:23)\\nR32_05_WORLD_RESULT {\\\"failures\\\":[\\\"Fresh sphere save lost first nest\\\"],\\\"passed\\\":false}\\n\"]","Public reload lost first/invented second nest discovery","Reloaded actual nest lost known label/current count"],"passed":false}
