2026-10-08T23:22:04.2316425Z Current runner version: '2.337.0'
2026-10-08T23:22:04.2342309Z ##[group]Runner Image Provisioner
2026-10-08T23:22:04.2343246Z Hosted Compute Agent
2026-10-08T23:22:04.2343860Z Version: 20261002.596
2026-10-08T23:22:04.2344606Z Commit: c3d12f3313a95f25162a1503be624f3b0617f8c0
2026-10-08T23:22:04.2345364Z Build Date: 2026-10-02T22:28:27Z
2026-10-08T23:22:04.2346163Z Worker ID: {2620918b-4e30-4454-bcc1-24c197042080}
2026-10-08T23:22:04.2346929Z Region: westus3
2026-10-08T23:22:04.2347485Z Cloud: Azure
2026-10-08T23:22:04.2348103Z ##[endgroup]
2026-10-08T23:22:04.2349554Z ##[group]Operating System
2026-10-08T23:22:04.2350707Z Ubuntu
2026-10-08T23:22:04.2351413Z 24.04.5
2026-10-08T23:22:04.2351970Z LTS
2026-10-08T23:22:04.2352577Z ##[endgroup]
2026-10-08T23:22:04.2353168Z ##[group]Runner Image
2026-10-08T23:22:04.2353878Z Image: ubuntu-24.04
2026-10-08T23:22:04.2354528Z Version: 20261004.327.1
2026-10-08T23:22:04.2355852Z Included Software: https://github.com/actions/runner-images/blob/ubuntu24/20261004.327/images/ubuntu/Ubuntu2404-Readme.md
2026-10-08T23:22:04.2357459Z Image Release: https://github.com/actions/runner-images/releases/tag/ubuntu24%2F20261004.327
2026-10-08T23:22:04.2358550Z ##[endgroup]
2026-10-08T23:22:04.2359818Z ##[group]GITHUB_TOKEN Permissions
2026-10-08T23:22:04.2362015Z Contents: read
2026-10-08T23:22:04.2362661Z Metadata: read
2026-10-08T23:22:04.2363255Z PullRequests: read
2026-10-08T23:22:04.2363943Z ##[endgroup]
2026-10-08T23:22:04.2365954Z Secret source: Actions
2026-10-08T23:22:04.2367106Z Cache mode: write
2026-10-08T23:22:04.2367814Z Prepare workflow directory
2026-10-08T23:22:04.2759613Z Prepare all required actions
2026-10-08T23:22:04.2807244Z Getting action download info
2026-10-08T23:22:04.6153543Z Download action repository 'actions/checkout@v4' (SHA:11d5960a326750d5838078e36cf38b85af677262)
2026-10-08T23:22:04.7100998Z Download action repository 'actions/setup-python@v5' (SHA:a26af69be951a213d495a4c3e4e4022e16d87065)
2026-10-08T23:22:04.8030653Z Download action repository 'actions/upload-artifact@v4' (SHA:ea165f8d65b6e75b540449e92b4886f43607fa02)
2026-10-08T23:22:05.0131931Z Complete job name: Project dashboard gate
2026-10-08T23:22:05.0929662Z ##[group]Run actions/checkout@v4
2026-10-08T23:22:05.0930898Z with:
2026-10-08T23:22:05.0931386Z   persist-credentials: false
2026-10-08T23:22:05.0931960Z   repository: MajorDragonfly/voxelverse
2026-10-08T23:22:05.0935824Z   token: ***
2026-10-08T23:22:05.0936270Z   ssh-strict: true
2026-10-08T23:22:05.0936722Z   ssh-user: git
2026-10-08T23:22:05.0937161Z   clean: true
2026-10-08T23:22:05.0937628Z   sparse-checkout-cone-mode: true
2026-10-08T23:22:05.0938181Z   fetch-depth: 1
2026-10-08T23:22:05.0938632Z   fetch-tags: false
2026-10-08T23:22:05.0939107Z   show-progress: true
2026-10-08T23:22:05.0939628Z   lfs: false
2026-10-08T23:22:05.0940048Z   submodules: false
2026-10-08T23:22:05.0940725Z   set-safe-directory: true
2026-10-08T23:22:05.0941256Z   allow-unsafe-pr-checkout: false
2026-10-08T23:22:05.0942069Z ##[endgroup]
2026-10-08T23:22:05.1957324Z Syncing repository: MajorDragonfly/voxelverse
2026-10-08T23:22:05.1960521Z ##[group]Getting Git version info
2026-10-08T23:22:05.1961957Z Working directory is '/home/runner/work/voxelverse/voxelverse'
2026-10-08T23:22:05.1963841Z [command]/usr/bin/git version
2026-10-08T23:22:05.2095775Z git version 2.55.0
2026-10-08T23:22:05.2129669Z ##[endgroup]
2026-10-08T23:22:05.2146422Z Temporarily overriding HOME='/home/runner/work/_temp/07c13e61-2593-4499-ac86-e2f8fff2e7d4' before making global git config changes
2026-10-08T23:22:05.2148741Z Adding repository directory to the temporary git global config as a safe directory
2026-10-08T23:22:05.2152293Z [command]/usr/bin/git config --global --add safe.directory /home/runner/work/voxelverse/voxelverse
2026-10-08T23:22:05.2204693Z Deleting the contents of '/home/runner/work/voxelverse/voxelverse'
2026-10-08T23:22:05.2209289Z ##[group]Initializing the repository
2026-10-08T23:22:05.2215637Z [command]/usr/bin/git init /home/runner/work/voxelverse/voxelverse
2026-10-08T23:22:05.2323736Z hint: Using 'master' as the name for the initial branch. This default branch name
2026-10-08T23:22:05.2325832Z hint: will change to "main" in Git 3.0. To configure the initial branch name
2026-10-08T23:22:05.2327475Z hint: to use in all of your new repositories, which will suppress this warning,
2026-10-08T23:22:05.2328814Z hint: call:
2026-10-08T23:22:05.2329883Z hint:
2026-10-08T23:22:05.2331160Z hint: 	git config --global init.defaultBranch <name>
2026-10-08T23:22:05.2332320Z hint:
2026-10-08T23:22:05.2333466Z hint: Names commonly chosen instead of 'master' are 'main', 'trunk' and
2026-10-08T23:22:05.2335209Z hint: 'development'. The just-created branch can be renamed via this command:
2026-10-08T23:22:05.2336614Z hint:
2026-10-08T23:22:05.2337346Z hint: 	git branch -m <name>
2026-10-08T23:22:05.2338180Z hint:
2026-10-08T23:22:05.2339256Z hint: Disable this message with "git config set advice.defaultBranchName false"
2026-10-08T23:22:05.2341571Z Initialized empty Git repository in /home/runner/work/voxelverse/voxelverse/.git/
2026-10-08T23:22:05.2344670Z [command]/usr/bin/git remote add origin https://github.com/MajorDragonfly/voxelverse
2026-10-08T23:22:05.2397676Z ##[endgroup]
2026-10-08T23:22:05.2399014Z ##[group]Disabling automatic garbage collection
2026-10-08T23:22:05.2402080Z [command]/usr/bin/git config --local gc.auto 0
2026-10-08T23:22:05.2436621Z ##[endgroup]
2026-10-08T23:22:05.2437952Z ##[group]Setting up auth
2026-10-08T23:22:05.2445362Z [command]/usr/bin/git config --local --name-only --get-regexp core\.sshCommand
2026-10-08T23:22:05.2502986Z [command]/usr/bin/git submodule foreach --recursive sh -c "git config --local --name-only --get-regexp 'core\.sshCommand' && git config --local --unset-all 'core.sshCommand' || :"
2026-10-08T23:22:05.2913054Z [command]/usr/bin/git config --local --name-only --get-regexp http\.https\:\/\/github\.com\/\.extraheader
2026-10-08T23:22:05.2924748Z [command]/usr/bin/git submodule foreach --recursive sh -c "git config --local --name-only --get-regexp 'http\.https\:\/\/github\.com\/\.extraheader' && git config --local --unset-all 'http.https://github.com/.extraheader' || :"
2026-10-08T23:22:05.3183227Z [command]/usr/bin/git config --local --name-only --get-regexp ^includeIf\.gitdir:
2026-10-08T23:22:05.3218956Z [command]/usr/bin/git submodule foreach --recursive git config --local --show-origin --name-only --get-regexp remote.origin.url
2026-10-08T23:22:05.3468223Z [command]/usr/bin/git config --local http.https://github.com/.extraheader AUTHORIZATION: basic ***
2026-10-08T23:22:05.3508523Z ##[endgroup]
2026-10-08T23:22:05.3509499Z ##[group]Fetching the repository
2026-10-08T23:22:05.3519232Z [command]/usr/bin/git -c protocol.version=2 fetch --no-tags --prune --no-recurse-submodules --depth=1 origin +29029ea9c9c5e6b58c2b064c0555766f6fdbe8c7:refs/remotes/pull/285/merge
2026-10-08T23:22:17.3557320Z From https://github.com/MajorDragonfly/voxelverse
2026-10-08T23:22:17.3559737Z  * [new ref]         29029ea9c9c5e6b58c2b064c0555766f6fdbe8c7 -> pull/285/merge
2026-10-08T23:22:17.3565721Z ##[endgroup]
2026-10-08T23:22:17.3568066Z ##[group]Determining the checkout info
2026-10-08T23:22:17.3570989Z ##[endgroup]
2026-10-08T23:22:17.3572755Z [command]/usr/bin/git sparse-checkout disable
2026-10-08T23:22:17.3630047Z [command]/usr/bin/git config --local --unset-all extensions.worktreeConfig
2026-10-08T23:22:17.3669344Z ##[group]Checking out the ref
2026-10-08T23:22:17.3674580Z [command]/usr/bin/git checkout --progress --force refs/remotes/pull/285/merge
2026-10-08T23:22:18.3828364Z Updating files:  45% (4593/9986)
2026-10-08T23:22:18.4340573Z Updating files:  46% (4594/9986)
2026-10-08T23:22:18.4571046Z Updating files:  47% (4694/9986)
2026-10-08T23:22:18.4813563Z Updating files:  48% (4794/9986)
2026-10-08T23:22:18.4984907Z Updating files:  49% (4894/9986)
2026-10-08T23:22:18.5368679Z Updating files:  50% (4993/9986)
2026-10-08T23:22:18.5663782Z Updating files:  51% (5093/9986)
2026-10-08T23:22:18.5965174Z Updating files:  52% (5193/9986)
2026-10-08T23:22:18.6064198Z Updating files:  53% (5293/9986)
2026-10-08T23:22:18.6150718Z Updating files:  54% (5393/9986)
2026-10-08T23:22:18.6243350Z Updating files:  55% (5493/9986)
2026-10-08T23:22:18.6641091Z Updating files:  56% (5593/9986)
2026-10-08T23:22:18.6744888Z Updating files:  57% (5693/9986)
2026-10-08T23:22:18.7453964Z Updating files:  58% (5792/9986)
2026-10-08T23:22:18.7649561Z Updating files:  59% (5892/9986)
2026-10-08T23:22:18.7716613Z Updating files:  60% (5992/9986)
2026-10-08T23:22:18.7780716Z Updating files:  61% (6092/9986)
2026-10-08T23:22:18.7845984Z Updating files:  62% (6192/9986)
2026-10-08T23:22:18.8135499Z Updating files:  63% (6292/9986)
2026-10-08T23:22:18.8590778Z Updating files:  64% (6392/9986)
2026-10-08T23:22:18.8656117Z Updating files:  65% (6491/9986)
2026-10-08T23:22:18.8823141Z Updating files:  66% (6591/9986)
2026-10-08T23:22:18.9059615Z Updating files:  67% (6691/9986)
2026-10-08T23:22:18.9284196Z Updating files:  68% (6791/9986)
2026-10-08T23:22:18.9366185Z Updating files:  69% (6891/9986)
2026-10-08T23:22:19.0244092Z Updating files:  70% (6991/9986)
2026-10-08T23:22:19.1159861Z Updating files:  71% (7091/9986)
2026-10-08T23:22:19.1532187Z Updating files:  72% (7190/9986)
2026-10-08T23:22:19.1912272Z Updating files:  73% (7290/9986)
2026-10-08T23:22:19.2261959Z Updating files:  74% (7390/9986)
2026-10-08T23:22:19.2573226Z Updating files:  75% (7490/9986)
2026-10-08T23:22:19.2864510Z Updating files:  76% (7590/9986)
2026-10-08T23:22:19.2934032Z Updating files:  77% (7690/9986)
2026-10-08T23:22:19.3082058Z Updating files:  78% (7790/9986)
2026-10-08T23:22:19.3539191Z Updating files:  79% (7889/9986)
2026-10-08T23:22:19.3818209Z Updating files:  80% (7989/9986)
2026-10-08T23:22:19.4617824Z Updating files:  80% (8004/9986)
2026-10-08T23:22:19.4684758Z Updating files:  81% (8089/9986)
2026-10-08T23:22:19.4740439Z Updating files:  82% (8189/9986)
2026-10-08T23:22:19.4799708Z Updating files:  83% (8289/9986)
2026-10-08T23:22:19.4852373Z Updating files:  84% (8389/9986)
2026-10-08T23:22:19.4903334Z Updating files:  85% (8489/9986)
2026-10-08T23:22:19.4957366Z Updating files:  86% (8588/9986)
2026-10-08T23:22:19.5016698Z Updating files:  87% (8688/9986)
2026-10-08T23:22:19.5066347Z Updating files:  88% (8788/9986)
2026-10-08T23:22:19.5114611Z Updating files:  89% (8888/9986)
2026-10-08T23:22:19.5168517Z Updating files:  90% (8988/9986)
2026-10-08T23:22:19.5223251Z Updating files:  91% (9088/9986)
2026-10-08T23:22:19.5279783Z Updating files:  92% (9188/9986)
2026-10-08T23:22:19.5324705Z Updating files:  93% (9287/9986)
2026-10-08T23:22:19.5381297Z Updating files:  94% (9387/9986)
2026-10-08T23:22:19.5428620Z Updating files:  95% (9487/9986)
2026-10-08T23:22:19.5476293Z Updating files:  96% (9587/9986)
2026-10-08T23:22:19.5518195Z Updating files:  97% (9687/9986)
2026-10-08T23:22:19.5567384Z Updating files:  98% (9787/9986)
2026-10-08T23:22:19.5611182Z Updating files:  99% (9887/9986)
2026-10-08T23:22:19.5611880Z Updating files: 100% (9986/9986)
2026-10-08T23:22:19.5614810Z Updating files: 100% (9986/9986), done.
2026-10-08T23:22:19.5710290Z Note: switching to 'refs/remotes/pull/285/merge'.
2026-10-08T23:22:19.5711071Z 
2026-10-08T23:22:19.5711454Z You are in 'detached HEAD' state. You can look around, make experimental
2026-10-08T23:22:19.5712127Z changes and commit them, and you can discard any commits you make in this
2026-10-08T23:22:19.5712733Z state without impacting any branches by switching back to a branch.
2026-10-08T23:22:19.5713081Z 
2026-10-08T23:22:19.5713326Z If you want to create a new branch to retain commits you create, you may
2026-10-08T23:22:19.5713895Z do so (now or later) by using -c with the switch command. Example:
2026-10-08T23:22:19.5714229Z 
2026-10-08T23:22:19.5714369Z   git switch -c <new-branch-name>
2026-10-08T23:22:19.5714591Z 
2026-10-08T23:22:19.5714721Z Or undo this operation with:
2026-10-08T23:22:19.5714934Z 
2026-10-08T23:22:19.5715046Z   git switch -
2026-10-08T23:22:19.5715213Z 
2026-10-08T23:22:19.5715483Z Turn off this advice by setting config variable advice.detachedHead to false
2026-10-08T23:22:19.5716233Z 
2026-10-08T23:22:19.5716670Z HEAD is now at 29029ea Merge 39228e74cdb6604e6e835b4df7f9a28de0202623 into 93154055bcb3315b62a4ba89f57fb21666f414a7
2026-10-08T23:22:19.5849798Z ##[endgroup]
2026-10-08T23:22:19.5896368Z [command]/usr/bin/git log -1 --format=%H
2026-10-08T23:22:19.5928062Z 29029ea9c9c5e6b58c2b064c0555766f6fdbe8c7
2026-10-08T23:22:19.5940513Z ##[group]Removing auth
2026-10-08T23:22:19.5944661Z [command]/usr/bin/git config --local --name-only --get-regexp core\.sshCommand
2026-10-08T23:22:19.5979369Z [command]/usr/bin/git submodule foreach --recursive sh -c "git config --local --name-only --get-regexp 'core\.sshCommand' && git config --local --unset-all 'core.sshCommand' || :"
2026-10-08T23:22:19.6219404Z [command]/usr/bin/git config --local --name-only --get-regexp http\.https\:\/\/github\.com\/\.extraheader
2026-10-08T23:22:19.6244867Z http.https://github.com/.extraheader
2026-10-08T23:22:19.6252440Z [command]/usr/bin/git config --local --unset-all http.https://github.com/.extraheader
2026-10-08T23:22:19.6286841Z [command]/usr/bin/git submodule foreach --recursive sh -c "git config --local --name-only --get-regexp 'http\.https\:\/\/github\.com\/\.extraheader' && git config --local --unset-all 'http.https://github.com/.extraheader' || :"
2026-10-08T23:22:19.6518540Z [command]/usr/bin/git config --local --name-only --get-regexp ^includeIf\.gitdir:
2026-10-08T23:22:19.6550035Z [command]/usr/bin/git submodule foreach --recursive git config --local --show-origin --name-only --get-regexp remote.origin.url
2026-10-08T23:22:19.6783201Z ##[endgroup]
2026-10-08T23:22:19.7040483Z ##[group]Run actions/setup-python@v5
2026-10-08T23:22:19.7040836Z with:
2026-10-08T23:22:19.7041063Z   python-version: 3.12
2026-10-08T23:22:19.7041314Z   check-latest: false
2026-10-08T23:22:19.7043796Z   token: ***
2026-10-08T23:22:19.7044028Z   update-environment: true
2026-10-08T23:22:19.7044290Z   allow-prereleases: false
2026-10-08T23:22:19.7044545Z   freethreaded: false
2026-10-08T23:22:19.7044790Z ##[endgroup]
2026-10-08T23:22:19.8376547Z ##[group]Installed versions
2026-10-08T23:22:19.8499309Z (node:2389) [DEP0040] DeprecationWarning: The `punycode` module is deprecated. Please use a userland alternative instead.
2026-10-08T23:22:19.8500878Z (Use `node --trace-deprecation ...` to show where the warning was created)
2026-10-08T23:22:19.8501652Z Successfully set up CPython (3.12.15)
2026-10-08T23:22:19.8502491Z ##[endgroup]
2026-10-08T23:22:19.8700927Z ##[group]Run python3 tools/project_dashboard.py check
2026-10-08T23:22:19.8701656Z [36;1mpython3 tools/project_dashboard.py check[0m
2026-10-08T23:22:19.9064332Z shell: /usr/bin/bash -e {0}
2026-10-08T23:22:19.9064684Z env:
2026-10-08T23:22:19.9065021Z   pythonLocation: /opt/hostedtoolcache/Python/3.12.15/x64
2026-10-08T23:22:19.9065579Z   PKG_CONFIG_PATH: /opt/hostedtoolcache/Python/3.12.15/x64/lib/pkgconfig
2026-10-08T23:22:19.9066104Z   Python_ROOT_DIR: /opt/hostedtoolcache/Python/3.12.15/x64
2026-10-08T23:22:19.9066570Z   Python2_ROOT_DIR: /opt/hostedtoolcache/Python/3.12.15/x64
2026-10-08T23:22:19.9067051Z   Python3_ROOT_DIR: /opt/hostedtoolcache/Python/3.12.15/x64
2026-10-08T23:22:19.9067526Z   LD_LIBRARY_PATH: /opt/hostedtoolcache/Python/3.12.15/x64/lib
2026-10-08T23:22:19.9067921Z ##[endgroup]
2026-10-08T23:22:20.0679285Z PROJECT_DASHBOARD_PASSED: source, weights, dependencies and generated views consistent; no gameplay executed
2026-10-08T23:22:20.0803837Z ##[group]Run python3 -m unittest discover -s tests/tooling -p 'project_dashboard_test.py'
2026-10-08T23:22:20.0804526Z [36;1mpython3 -m unittest discover -s tests/tooling -p 'project_dashboard_test.py'[0m
2026-10-08T23:22:20.0805102Z [36;1mpython3 -m unittest discover -s tests/tooling -p 'work_packet_test.py'[0m
2026-10-08T23:22:20.0871171Z shell: /usr/bin/bash -e {0}
2026-10-08T23:22:20.0871443Z env:
2026-10-08T23:22:20.0871740Z   pythonLocation: /opt/hostedtoolcache/Python/3.12.15/x64
2026-10-08T23:22:20.0872215Z   PKG_CONFIG_PATH: /opt/hostedtoolcache/Python/3.12.15/x64/lib/pkgconfig
2026-10-08T23:22:20.0872847Z   Python_ROOT_DIR: /opt/hostedtoolcache/Python/3.12.15/x64
2026-10-08T23:22:20.0873243Z   Python2_ROOT_DIR: /opt/hostedtoolcache/Python/3.12.15/x64
2026-10-08T23:22:20.0873637Z   Python3_ROOT_DIR: /opt/hostedtoolcache/Python/3.12.15/x64
2026-10-08T23:22:20.0874030Z   LD_LIBRARY_PATH: /opt/hostedtoolcache/Python/3.12.15/x64/lib
2026-10-08T23:22:20.0874397Z ##[endgroup]
2026-10-08T23:22:20.2843792Z ..................
2026-10-08T23:22:20.2844507Z ----------------------------------------------------------------------
2026-10-08T23:22:20.2845192Z Ran 18 tests in 0.028s
2026-10-08T23:22:20.2845434Z 
2026-10-08T23:22:20.2845572Z OK
2026-10-08T23:22:20.6093472Z ..........
2026-10-08T23:22:20.6093964Z ----------------------------------------------------------------------
2026-10-08T23:22:20.6094517Z Ran 10 tests in 0.252s
2026-10-08T23:22:20.6094747Z 
2026-10-08T23:22:20.6094869Z OK
2026-10-08T23:22:20.6248335Z ##[group]Run python3 - <<'PY'
2026-10-08T23:22:20.6248671Z [36;1mpython3 - <<'PY'[0m
2026-10-08T23:22:20.6248934Z [36;1mimport os[0m
2026-10-08T23:22:20.6249168Z [36;1mfrom pathlib import Path[0m
2026-10-08T23:22:20.6249432Z [36;1mimport re[0m
2026-10-08T23:22:20.6249671Z [36;1mfrom urllib.parse import urljoin[0m
2026-10-08T23:22:20.6250549Z [36;1mbase = f"https://github.com/{os.environ['GITHUB_REPOSITORY']}/blob/{os.environ['GITHUB_SHA']}/docs/"[0m
2026-10-08T23:22:20.6251228Z [36;1mreport = Path('docs/PROJECT_DASHBOARD.md').read_text(encoding='utf-8')[0m
2026-10-08T23:22:20.6251790Z [36;1mreport = re.sub(r'\]\(([^)]+)\)', lambda m: '](' + urljoin(base, m.group(1)) + ')', report)[0m
2026-10-08T23:22:20.6252356Z [36;1mwith open(os.environ['GITHUB_STEP_SUMMARY'], 'a', encoding='utf-8') as out:[0m
2026-10-08T23:22:20.6252773Z [36;1m    out.write(report)[0m
2026-10-08T23:22:20.6253017Z [36;1mPY[0m
2026-10-08T23:22:20.6318356Z shell: /usr/bin/bash -e {0}
2026-10-08T23:22:20.6318644Z env:
2026-10-08T23:22:20.6318928Z   pythonLocation: /opt/hostedtoolcache/Python/3.12.15/x64
2026-10-08T23:22:20.6319403Z   PKG_CONFIG_PATH: /opt/hostedtoolcache/Python/3.12.15/x64/lib/pkgconfig
2026-10-08T23:22:20.6319871Z   Python_ROOT_DIR: /opt/hostedtoolcache/Python/3.12.15/x64
2026-10-08T23:22:20.6320506Z   Python2_ROOT_DIR: /opt/hostedtoolcache/Python/3.12.15/x64
2026-10-08T23:22:20.6320945Z   Python3_ROOT_DIR: /opt/hostedtoolcache/Python/3.12.15/x64
2026-10-08T23:22:20.6321349Z   LD_LIBRARY_PATH: /opt/hostedtoolcache/Python/3.12.15/x64/lib
2026-10-08T23:22:20.6321696Z ##[endgroup]
2026-10-08T23:22:20.7106698Z ##[group]Run python3 tools/project_dashboard.py live --output "$RUNNER_TEMP/project-dashboard"
2026-10-08T23:22:20.7107399Z [36;1mpython3 tools/project_dashboard.py live --output "$RUNNER_TEMP/project-dashboard"[0m
2026-10-08T23:22:20.7173019Z shell: /usr/bin/bash -e {0}
2026-10-08T23:22:20.7173280Z env:
2026-10-08T23:22:20.7173567Z   pythonLocation: /opt/hostedtoolcache/Python/3.12.15/x64
2026-10-08T23:22:20.7174038Z   PKG_CONFIG_PATH: /opt/hostedtoolcache/Python/3.12.15/x64/lib/pkgconfig
2026-10-08T23:22:20.7174512Z   Python_ROOT_DIR: /opt/hostedtoolcache/Python/3.12.15/x64
2026-10-08T23:22:20.7174924Z   Python2_ROOT_DIR: /opt/hostedtoolcache/Python/3.12.15/x64
2026-10-08T23:22:20.7175322Z   Python3_ROOT_DIR: /opt/hostedtoolcache/Python/3.12.15/x64
2026-10-08T23:22:20.7175718Z   LD_LIBRARY_PATH: /opt/hostedtoolcache/Python/3.12.15/x64/lib
2026-10-08T23:22:20.7178403Z   GH_TOKEN: ***
2026-10-08T23:22:20.7178624Z ##[endgroup]
2026-10-08T23:22:23.1915470Z # Voxelverse – Live-Lieferübersicht
2026-10-08T23:22:23.1915887Z 
2026-10-08T23:22:23.1916076Z Abgerufen: 2026-10-08T23:22:23+00:00
2026-10-08T23:22:23.1916392Z 
2026-10-08T23:22:23.1916794Z Offene PRs: **8**. Dies ist kein Fertigstellungsprozentsatz und keine Reservierung.
2026-10-08T23:22:23.1917375Z 
2026-10-08T23:22:23.1918352Z main: `93154055bcb3315b62a4ba89f57fb21666f414a7` · Kandidat #283: `ac2567bda31bdfa6ed8dc974cec7df3d1f8bc0ad` (closed, merged=True).
2026-10-08T23:22:23.1919270Z 
2026-10-08T23:22:23.1920683Z **Basis hat sich geändert.** Der Integrationsbesitzer muss die feste Statusbewertung abgleichen. Prozentwerte und Abnahmen werden nicht automatisch hochgesetzt.
2026-10-08T23:22:23.1922069Z 
2026-10-08T23:22:23.1922363Z | PR | Titel | Lieferung | Gestapelt auf | CI am aktuellen Kopf |
2026-10-08T23:22:23.1922969Z |---|---|---|---|---|
2026-10-08T23:22:23.1924367Z | [#285](https://github.com/MajorDragonfly/voxelverse/pull/285) | Stammeskamera: Abstand zum Hüttendach auch am Hang halten | Offen | main | Nicht abgefragt |
2026-10-08T23:22:23.1926899Z | [#279](https://github.com/MajorDragonfly/voxelverse/pull/279) | \[R33-07 Diagnose Draft\] Geprüfter Sandsturm-QA-Tree und native GL/Forward+-Belege | Entwurf | agent/integration-r33-20261007 | Nicht abgefragt |
2026-10-08T23:22:23.1929723Z | [#278](https://github.com/MajorDragonfly/voxelverse/pull/278) | \[Diagnose, nicht mergen\] R33-06 isolierter Ausrüstungs-/Native-/Kugel-Nachweis | Entwurf | agent/integration-r33-20261007 | Nicht abgefragt |
2026-10-08T23:22:23.1932570Z | [#276](https://github.com/MajorDragonfly/voxelverse/pull/276) | R33-04: isolierte Kameradiagnose, nicht integrieren | Entwurf | agent/integration-r33-20261007 | Nicht abgefragt |
2026-10-08T23:22:23.1935029Z | [#274](https://github.com/MajorDragonfly/voxelverse/pull/274) | QA only: R33-08 publication evidence — Vulkan negative retained | Entwurf | agent/r33-08-forward-publication | Nicht abgefragt |
2026-10-08T23:22:23.1937420Z | [#259](https://github.com/MajorDragonfly/voxelverse/pull/259) | R32-12 evidence runner: real animation states and proposed contact patch | Entwurf | agent/integration-r32-20261002 | Nicht abgefragt |
2026-10-08T23:22:23.1939879Z | [#246](https://github.com/MajorDragonfly/voxelverse/pull/246) | INT30 Diagnose: atomare Flora-Publikationsphasen im Kollisions-Capture | Entwurf | agent/integration-int30-20261001 | Nicht abgefragt |
2026-10-08T23:22:23.1942641Z | [#189](https://github.com/MajorDragonfly/voxelverse/pull/189) | PT17-13: schnellere Stammeskamera und Blicksteuerung auf der Minimap | Offen | main | Nicht abgefragt |
2026-10-08T23:22:23.1943753Z 
2026-10-08T23:22:23.1945062Z Branch-Abhängigkeiten werden über das PR-Ziel erkannt. Weitere fachliche Abhängigkeiten stehen in der Übergabe. Fehlende PRs beweisen weder freie Arbeit noch eine erfolgte Abnahme.
2026-10-08T23:22:23.1946236Z 
2026-10-08T23:22:23.2049604Z ##[group]Run cat "$RUNNER_TEMP/project-dashboard/live.md" >> "$GITHUB_STEP_SUMMARY"
2026-10-08T23:22:23.2050583Z [36;1mcat "$RUNNER_TEMP/project-dashboard/live.md" >> "$GITHUB_STEP_SUMMARY"[0m
2026-10-08T23:22:23.2113424Z shell: /usr/bin/bash -e {0}
2026-10-08T23:22:23.2113689Z env:
2026-10-08T23:22:23.2113969Z   pythonLocation: /opt/hostedtoolcache/Python/3.12.15/x64
2026-10-08T23:22:23.2114429Z   PKG_CONFIG_PATH: /opt/hostedtoolcache/Python/3.12.15/x64/lib/pkgconfig
2026-10-08T23:22:23.2114895Z   Python_ROOT_DIR: /opt/hostedtoolcache/Python/3.12.15/x64
2026-10-08T23:22:23.2115292Z   Python2_ROOT_DIR: /opt/hostedtoolcache/Python/3.12.15/x64
2026-10-08T23:22:23.2115691Z   Python3_ROOT_DIR: /opt/hostedtoolcache/Python/3.12.15/x64
2026-10-08T23:22:23.2116104Z   LD_LIBRARY_PATH: /opt/hostedtoolcache/Python/3.12.15/x64/lib
2026-10-08T23:22:23.2116448Z ##[endgroup]
2026-10-08T23:22:23.2311738Z ##[group]Run actions/upload-artifact@v4
2026-10-08T23:22:23.2312048Z with:
2026-10-08T23:22:23.2312276Z   name: project-dashboard-37859023421
2026-10-08T23:22:23.2312891Z   path: docs/PROJECT_DASHBOARD.md
docs/dashboard/progress.svg
tools/workflow/project.json
/home/runner/work/_temp/project-dashboard

2026-10-08T23:22:23.2313496Z   retention-days: 14
2026-10-08T23:22:23.2313728Z   if-no-files-found: warn
2026-10-08T23:22:23.2313968Z   compression-level: 6
2026-10-08T23:22:23.2314189Z   overwrite: false
2026-10-08T23:22:23.2314411Z   include-hidden-files: false
2026-10-08T23:22:23.2314651Z env:
2026-10-08T23:22:23.2314906Z   pythonLocation: /opt/hostedtoolcache/Python/3.12.15/x64
2026-10-08T23:22:23.2315344Z   PKG_CONFIG_PATH: /opt/hostedtoolcache/Python/3.12.15/x64/lib/pkgconfig
2026-10-08T23:22:23.2315973Z   Python_ROOT_DIR: /opt/hostedtoolcache/Python/3.12.15/x64
2026-10-08T23:22:23.2316358Z   Python2_ROOT_DIR: /opt/hostedtoolcache/Python/3.12.15/x64
2026-10-08T23:22:23.2316773Z   Python3_ROOT_DIR: /opt/hostedtoolcache/Python/3.12.15/x64
2026-10-08T23:22:23.2317171Z   LD_LIBRARY_PATH: /opt/hostedtoolcache/Python/3.12.15/x64/lib
2026-10-08T23:22:23.2317502Z ##[endgroup]
2026-10-08T23:22:23.3996131Z (node:2491) [DEP0040] DeprecationWarning: The `punycode` module is deprecated. Please use a userland alternative instead.
2026-10-08T23:22:23.3997401Z (Use `node --trace-deprecation ...` to show where the warning was created)
2026-10-08T23:22:23.4164097Z Multiple search paths detected. Calculating the least common ancestor of all paths
2026-10-08T23:22:23.4169130Z The least common ancestor is /home/runner/work. This will be the root directory of the artifact
2026-10-08T23:22:23.4170813Z With the provided path, there will be 5 files uploaded
2026-10-08T23:22:23.4172142Z Artifact name is valid!
2026-10-08T23:22:23.4172780Z Root directory input is valid!
2026-10-08T23:22:23.7713778Z Beginning upload of artifact content to blob storage
2026-10-08T23:22:23.8009339Z (node:2491) [DEP0169] DeprecationWarning: `url.parse()` behavior is not standardized and prone to errors that have security implications. Use the WHATWG URL API instead. CVEs are not issued for `url.parse()` vulnerabilities.
2026-10-08T23:22:24.0593828Z Uploaded bytes 36847
2026-10-08T23:22:24.1204777Z Finished uploading artifact content to blob storage!
2026-10-08T23:22:24.1206177Z SHA256 digest of uploaded artifact zip is e3631a24f78a89d3b340a06317861e8a57aa164ce63d25e5d1b39d7c374c743c
2026-10-08T23:22:24.1208283Z Finalizing artifact upload
2026-10-08T23:22:24.4151050Z Artifact project-dashboard-37859023421.zip successfully finalized. Artifact ID 11584589997
2026-10-08T23:22:24.4152667Z Artifact project-dashboard-37859023421 has been successfully uploaded! Final size is 36847 bytes. Artifact ID is 11584589997
2026-10-08T23:22:24.4154003Z Artifact download URL: https://github.com/MajorDragonfly/voxelverse/actions/runs/37859023421/artifacts/11584589997
2026-10-08T23:22:24.4273926Z Post job cleanup.
2026-10-08T23:22:24.5447021Z (node:2504) [DEP0040] DeprecationWarning: The `punycode` module is deprecated. Please use a userland alternative instead.
2026-10-08T23:22:24.5448308Z (Use `node --trace-deprecation ...` to show where the warning was created)
2026-10-08T23:22:24.5615197Z Post job cleanup.
2026-10-08T23:22:24.6563663Z [command]/usr/bin/git version
2026-10-08T23:22:24.6623753Z git version 2.55.0
2026-10-08T23:22:24.6669112Z Temporarily overriding HOME='/home/runner/work/_temp/7ed72b58-9ee8-4595-85ec-5cc4a67c7b13' before making global git config changes
2026-10-08T23:22:24.6671061Z Adding repository directory to the temporary git global config as a safe directory
2026-10-08T23:22:24.6674074Z [command]/usr/bin/git config --global --add safe.directory /home/runner/work/voxelverse/voxelverse
2026-10-08T23:22:24.6726316Z [command]/usr/bin/git config --local --name-only --get-regexp core\.sshCommand
2026-10-08T23:22:24.6776103Z [command]/usr/bin/git submodule foreach --recursive sh -c "git config --local --name-only --get-regexp 'core\.sshCommand' && git config --local --unset-all 'core.sshCommand' || :"
2026-10-08T23:22:24.7117959Z [command]/usr/bin/git config --local --name-only --get-regexp http\.https\:\/\/github\.com\/\.extraheader
2026-10-08T23:22:24.7184648Z [command]/usr/bin/git submodule foreach --recursive sh -c "git config --local --name-only --get-regexp 'http\.https\:\/\/github\.com\/\.extraheader' && git config --local --unset-all 'http.https://github.com/.extraheader' || :"
2026-10-08T23:22:24.7553511Z [command]/usr/bin/git config --local --name-only --get-regexp ^includeIf\.gitdir:
2026-10-08T23:22:24.7604451Z [command]/usr/bin/git submodule foreach --recursive git config --local --show-origin --name-only --get-regexp remote.origin.url
2026-10-08T23:22:24.8096986Z Cleaning up orphan processes
2026-10-08T23:22:24.8391478Z ##[warning]Node.js 20 is deprecated. The following actions target Node.js 20 but are being forced to run on Node.js 24: actions/checkout@v4, actions/setup-python@v5, actions/upload-artifact@v4. For more information see: https://github.blog/changelog/2025-09-19-deprecation-of-node-20-on-github-actions-runners/
