2026-10-08T23:27:08.7436228Z Current runner version: '2.337.0'
2026-10-08T23:27:08.7452950Z ##[group]Runner Image Provisioner
2026-10-08T23:27:08.7453574Z Hosted Compute Agent
2026-10-08T23:27:08.7453909Z Version: 20261002.596
2026-10-08T23:27:08.7454262Z Commit: c3d12f3313a95f25162a1503be624f3b0617f8c0
2026-10-08T23:27:08.7454722Z Build Date: 2026-10-02T22:28:27Z
2026-10-08T23:27:08.7455137Z Worker ID: {2b8b1676-d246-4f9a-9106-0038e9abb1de}
2026-10-08T23:27:08.7455557Z Region: westus3
2026-10-08T23:27:08.7455883Z Cloud: Azure
2026-10-08T23:27:08.7456200Z ##[endgroup]
2026-10-08T23:27:08.7457141Z ##[group]Operating System
2026-10-08T23:27:08.7457544Z Ubuntu
2026-10-08T23:27:08.7457875Z 24.04.5
2026-10-08T23:27:08.7458381Z LTS
2026-10-08T23:27:08.7458681Z ##[endgroup]
2026-10-08T23:27:08.7459063Z ##[group]Runner Image
2026-10-08T23:27:08.7459412Z Image: ubuntu-24.04
2026-10-08T23:27:08.7459731Z Version: 20261004.327.1
2026-10-08T23:27:08.7460493Z Included Software: https://github.com/actions/runner-images/blob/ubuntu24/20261004.327/images/ubuntu/Ubuntu2404-Readme.md
2026-10-08T23:27:08.7461384Z Image Release: https://github.com/actions/runner-images/releases/tag/ubuntu24%2F20261004.327
2026-10-08T23:27:08.7461910Z ##[endgroup]
2026-10-08T23:27:08.7462577Z ##[group]GITHUB_TOKEN Permissions
2026-10-08T23:27:08.7463707Z Contents: read
2026-10-08T23:27:08.7464037Z Metadata: read
2026-10-08T23:27:08.7464453Z ##[endgroup]
2026-10-08T23:27:08.7465711Z Secret source: Actions
2026-10-08T23:27:08.7466299Z Cache mode: write
2026-10-08T23:27:08.7466697Z Prepare workflow directory
2026-10-08T23:27:08.7660445Z Prepare all required actions
2026-10-08T23:27:08.7689736Z Getting action download info
2026-10-08T23:27:09.0479616Z Download action repository 'actions/checkout@v4' (SHA:11d5960a326750d5838078e36cf38b85af677262)
2026-10-08T23:27:09.1315419Z Download action repository 'actions/upload-artifact@v4' (SHA:ea165f8d65b6e75b540449e92b4886f43607fa02)
2026-10-08T23:27:09.3087073Z Complete job name: source (7, r32_14_hud_world_test, r32_19_resident_model_test, r33_06_equipment_lifecycle_test, in...
2026-10-08T23:27:09.3517508Z ##[group]Run actions/checkout@v4
2026-10-08T23:27:09.3517899Z with:
2026-10-08T23:27:09.3518353Z   repository: MajorDragonfly/voxelverse
2026-10-08T23:27:09.3520311Z   token: ***
2026-10-08T23:27:09.3520535Z   ssh-strict: true
2026-10-08T23:27:09.3520766Z   ssh-user: git
2026-10-08T23:27:09.3521002Z   persist-credentials: true
2026-10-08T23:27:09.3521258Z   clean: true
2026-10-08T23:27:09.3521494Z   sparse-checkout-cone-mode: true
2026-10-08T23:27:09.3521767Z   fetch-depth: 1
2026-10-08T23:27:09.3521992Z   fetch-tags: false
2026-10-08T23:27:09.3522225Z   show-progress: true
2026-10-08T23:27:09.3522460Z   lfs: false
2026-10-08T23:27:09.3522679Z   submodules: false
2026-10-08T23:27:09.3522915Z   set-safe-directory: true
2026-10-08T23:27:09.3523183Z   allow-unsafe-pr-checkout: false
2026-10-08T23:27:09.3523545Z ##[endgroup]
2026-10-08T23:27:09.4150093Z Syncing repository: MajorDragonfly/voxelverse
2026-10-08T23:27:09.4151613Z ##[group]Getting Git version info
2026-10-08T23:27:09.4152286Z Working directory is '/home/runner/work/voxelverse/voxelverse'
2026-10-08T23:27:09.4153107Z [command]/usr/bin/git version
2026-10-08T23:27:09.4217753Z git version 2.55.0
2026-10-08T23:27:09.4219567Z ##[endgroup]
2026-10-08T23:27:09.4225387Z Temporarily overriding HOME='/home/runner/work/_temp/c6d74674-624c-447e-95b5-06b9f15f8e04' before making global git config changes
2026-10-08T23:27:09.4226582Z Adding repository directory to the temporary git global config as a safe directory
2026-10-08T23:27:09.4227594Z [command]/usr/bin/git config --global --add safe.directory /home/runner/work/voxelverse/voxelverse
2026-10-08T23:27:09.4273036Z Deleting the contents of '/home/runner/work/voxelverse/voxelverse'
2026-10-08T23:27:09.4275841Z ##[group]Initializing the repository
2026-10-08T23:27:09.4278734Z [command]/usr/bin/git init /home/runner/work/voxelverse/voxelverse
2026-10-08T23:27:09.4370449Z hint: Using 'master' as the name for the initial branch. This default branch name
2026-10-08T23:27:09.4371603Z hint: will change to "main" in Git 3.0. To configure the initial branch name
2026-10-08T23:27:09.4372426Z hint: to use in all of your new repositories, which will suppress this warning,
2026-10-08T23:27:09.4373381Z hint: call:
2026-10-08T23:27:09.4373699Z hint:
2026-10-08T23:27:09.4374079Z hint: 	git config --global init.defaultBranch <name>
2026-10-08T23:27:09.4374566Z hint:
2026-10-08T23:27:09.4375047Z hint: Names commonly chosen instead of 'master' are 'main', 'trunk' and
2026-10-08T23:27:09.4375842Z hint: 'development'. The just-created branch can be renamed via this command:
2026-10-08T23:27:09.4376490Z hint:
2026-10-08T23:27:09.4376819Z hint: 	git branch -m <name>
2026-10-08T23:27:09.4377199Z hint:
2026-10-08T23:27:09.4377721Z hint: Disable this message with "git config set advice.defaultBranchName false"
2026-10-08T23:27:09.4378812Z Initialized empty Git repository in /home/runner/work/voxelverse/voxelverse/.git/
2026-10-08T23:27:09.4381845Z [command]/usr/bin/git remote add origin https://github.com/MajorDragonfly/voxelverse
2026-10-08T23:27:09.4431758Z ##[endgroup]
2026-10-08T23:27:09.4432269Z ##[group]Disabling automatic garbage collection
2026-10-08T23:27:09.4435729Z [command]/usr/bin/git config --local gc.auto 0
2026-10-08T23:27:09.4468076Z ##[endgroup]
2026-10-08T23:27:09.4468762Z ##[group]Setting up auth
2026-10-08T23:27:09.4471610Z [command]/usr/bin/git config --local --name-only --get-regexp core\.sshCommand
2026-10-08T23:27:09.4503290Z [command]/usr/bin/git submodule foreach --recursive sh -c "git config --local --name-only --get-regexp 'core\.sshCommand' && git config --local --unset-all 'core.sshCommand' || :"
2026-10-08T23:27:09.4872496Z [command]/usr/bin/git config --local --name-only --get-regexp http\.https\:\/\/github\.com\/\.extraheader
2026-10-08T23:27:09.4901059Z [command]/usr/bin/git submodule foreach --recursive sh -c "git config --local --name-only --get-regexp 'http\.https\:\/\/github\.com\/\.extraheader' && git config --local --unset-all 'http.https://github.com/.extraheader' || :"
2026-10-08T23:27:09.5066875Z [command]/usr/bin/git config --local --name-only --get-regexp ^includeIf\.gitdir:
2026-10-08T23:27:09.5093005Z [command]/usr/bin/git submodule foreach --recursive git config --local --show-origin --name-only --get-regexp remote.origin.url
2026-10-08T23:27:09.5259391Z [command]/usr/bin/git config --local http.https://github.com/.extraheader AUTHORIZATION: basic ***
2026-10-08T23:27:09.5291422Z ##[endgroup]
2026-10-08T23:27:09.5292040Z ##[group]Fetching the repository
2026-10-08T23:27:09.5297181Z [command]/usr/bin/git -c protocol.version=2 fetch --no-tags --prune --no-recurse-submodules --depth=1 origin +29029ea9c9c5e6b58c2b064c0555766f6fdbe8c7:refs/remotes/pull/285/merge
2026-10-08T23:27:22.1056231Z From https://github.com/MajorDragonfly/voxelverse
2026-10-08T23:27:22.1056875Z  * [new ref]         29029ea9c9c5e6b58c2b064c0555766f6fdbe8c7 -> pull/285/merge
2026-10-08T23:27:22.1059406Z ##[endgroup]
2026-10-08T23:27:22.1060018Z ##[group]Determining the checkout info
2026-10-08T23:27:22.1061695Z ##[endgroup]
2026-10-08T23:27:22.1066929Z [command]/usr/bin/git sparse-checkout disable
2026-10-08T23:27:22.1112693Z [command]/usr/bin/git config --local --unset-all extensions.worktreeConfig
2026-10-08T23:27:22.1144647Z ##[group]Checking out the ref
2026-10-08T23:27:22.1147158Z [command]/usr/bin/git checkout --progress --force refs/remotes/pull/285/merge
2026-10-08T23:27:23.1531571Z Updating files:  64% (6404/9986)
2026-10-08T23:27:23.1575003Z Updating files:  65% (6491/9986)
2026-10-08T23:27:23.1691593Z Updating files:  66% (6591/9986)
2026-10-08T23:27:23.1855610Z Updating files:  67% (6691/9986)
2026-10-08T23:27:23.2013597Z Updating files:  68% (6791/9986)
2026-10-08T23:27:23.2068736Z Updating files:  69% (6891/9986)
2026-10-08T23:27:23.2693681Z Updating files:  70% (6991/9986)
2026-10-08T23:27:23.3309888Z Updating files:  71% (7091/9986)
2026-10-08T23:27:23.3574434Z Updating files:  72% (7190/9986)
2026-10-08T23:27:23.3834324Z Updating files:  73% (7290/9986)
2026-10-08T23:27:23.4084773Z Updating files:  74% (7390/9986)
2026-10-08T23:27:23.4304533Z Updating files:  75% (7490/9986)
2026-10-08T23:27:23.4508415Z Updating files:  76% (7590/9986)
2026-10-08T23:27:23.4552555Z Updating files:  77% (7690/9986)
2026-10-08T23:27:23.4655220Z Updating files:  78% (7790/9986)
2026-10-08T23:27:23.4980891Z Updating files:  79% (7889/9986)
2026-10-08T23:27:23.5778924Z Updating files:  80% (7989/9986)
2026-10-08T23:27:23.5826036Z Updating files:  81% (8089/9986)
2026-10-08T23:27:23.5864642Z Updating files:  82% (8189/9986)
2026-10-08T23:27:23.5906196Z Updating files:  83% (8289/9986)
2026-10-08T23:27:23.5943608Z Updating files:  84% (8389/9986)
2026-10-08T23:27:23.5979007Z Updating files:  85% (8489/9986)
2026-10-08T23:27:23.6016726Z Updating files:  86% (8588/9986)
2026-10-08T23:27:23.6060175Z Updating files:  87% (8688/9986)
2026-10-08T23:27:23.6093229Z Updating files:  88% (8788/9986)
2026-10-08T23:27:23.6126949Z Updating files:  89% (8888/9986)
2026-10-08T23:27:23.6165479Z Updating files:  90% (8988/9986)
2026-10-08T23:27:23.6203145Z Updating files:  91% (9088/9986)
2026-10-08T23:27:23.6241807Z Updating files:  92% (9188/9986)
2026-10-08T23:27:23.6273404Z Updating files:  93% (9287/9986)
2026-10-08T23:27:23.6311197Z Updating files:  94% (9387/9986)
2026-10-08T23:27:23.6343672Z Updating files:  95% (9487/9986)
2026-10-08T23:27:23.6377377Z Updating files:  96% (9587/9986)
2026-10-08T23:27:23.6405888Z Updating files:  97% (9687/9986)
2026-10-08T23:27:23.6440989Z Updating files:  98% (9787/9986)
2026-10-08T23:27:23.6471841Z Updating files:  99% (9887/9986)
2026-10-08T23:27:23.6472061Z Updating files: 100% (9986/9986)
2026-10-08T23:27:23.6472264Z Updating files: 100% (9986/9986), done.
2026-10-08T23:27:23.7080644Z Note: switching to 'refs/remotes/pull/285/merge'.
2026-10-08T23:27:23.7081025Z 
2026-10-08T23:27:23.7081277Z You are in 'detached HEAD' state. You can look around, make experimental
2026-10-08T23:27:23.7081692Z changes and commit them, and you can discard any commits you make in this
2026-10-08T23:27:23.7082545Z state without impacting any branches by switching back to a branch.
2026-10-08T23:27:23.7082877Z 
2026-10-08T23:27:23.7083063Z If you want to create a new branch to retain commits you create, you may
2026-10-08T23:27:23.7083429Z do so (now or later) by using -c with the switch command. Example:
2026-10-08T23:27:23.7083637Z 
2026-10-08T23:27:23.7083730Z   git switch -c <new-branch-name>
2026-10-08T23:27:23.7083878Z 
2026-10-08T23:27:23.7083976Z Or undo this operation with:
2026-10-08T23:27:23.7084137Z 
2026-10-08T23:27:23.7084215Z   git switch -
2026-10-08T23:27:23.7084321Z 
2026-10-08T23:27:23.7084518Z Turn off this advice by setting config variable advice.detachedHead to false
2026-10-08T23:27:23.7084817Z 
2026-10-08T23:27:23.7085092Z HEAD is now at 29029ea Merge 39228e74cdb6604e6e835b4df7f9a28de0202623 into 93154055bcb3315b62a4ba89f57fb21666f414a7
2026-10-08T23:27:23.7202921Z ##[endgroup]
2026-10-08T23:27:23.7244692Z [command]/usr/bin/git log -1 --format=%H
2026-10-08T23:27:23.7268574Z 29029ea9c9c5e6b58c2b064c0555766f6fdbe8c7
2026-10-08T23:27:23.7471713Z Prepare all required actions
2026-10-08T23:27:23.7472058Z Getting action download info
2026-10-08T23:27:23.8680895Z Download action repository 'actions/setup-python@v5' (SHA:a26af69be951a213d495a4c3e4e4022e16d87065)
2026-10-08T23:27:24.4743406Z Download action repository 'actions/cache@v4' (SHA:0057852bfaa89a56745cba8c7296529d2fc39830)
2026-10-08T23:27:25.2620115Z ##[group]Run ./.github/actions/setup-godot-editor
2026-10-08T23:27:25.2620388Z ##[endgroup]
2026-10-08T23:27:25.2656389Z ##[start-action display=Run actions/setup-python@v5;id=engine.__actions_setup-python]
2026-10-08T23:27:25.3045088Z ##[group]Run actions/setup-python@v5
2026-10-08T23:27:25.3045237Z with:
2026-10-08T23:27:25.3045350Z   python-version: 3.12
2026-10-08T23:27:25.3045474Z   check-latest: false
2026-10-08T23:27:25.3046801Z   token: ***
2026-10-08T23:27:25.3046918Z   update-environment: true
2026-10-08T23:27:25.3047056Z   allow-prereleases: false
2026-10-08T23:27:25.3047334Z   freethreaded: false
2026-10-08T23:27:25.3047482Z ##[endgroup]
2026-10-08T23:27:25.3869231Z ##[group]Installed versions
2026-10-08T23:27:25.4062724Z (node:2094) [DEP0040] DeprecationWarning: The `punycode` module is deprecated. Please use a userland alternative instead.
2026-10-08T23:27:25.4063099Z (Use `node --trace-deprecation ...` to show where the warning was created)
2026-10-08T23:27:25.4063646Z Successfully set up CPython (3.12.15)
2026-10-08T23:27:25.4064024Z ##[endgroup]
2026-10-08T23:27:25.4197812Z ##[end-action id=engine.__actions_setup-python;outcome=success;conclusion=success;duration_ms=154]
2026-10-08T23:27:25.4200143Z ##[start-action display=Run actions/cache@v4;id=engine.__actions_cache]
2026-10-08T23:27:25.4637581Z ##[group]Run actions/cache@v4
2026-10-08T23:27:25.4637726Z with:
2026-10-08T23:27:25.4637876Z   path: /home/runner/work/_temp/godot-editor-toolchain/*.zip
2026-10-08T23:27:25.4638406Z   key: godot-editor-Linux-X64-5885d59645dadd285929dd7d5f6cfe84ff5d5f764de43c4d9f092dad44c58ac1
2026-10-08T23:27:25.4638699Z   enableCrossOsArchive: false
2026-10-08T23:27:25.4638837Z   fail-on-cache-miss: false
2026-10-08T23:27:25.4638968Z   lookup-only: false
2026-10-08T23:27:25.4639082Z   save-always: false
2026-10-08T23:27:25.4639194Z env:
2026-10-08T23:27:25.4639336Z   pythonLocation: /opt/hostedtoolcache/Python/3.12.15/x64
2026-10-08T23:27:25.4639592Z   PKG_CONFIG_PATH: /opt/hostedtoolcache/Python/3.12.15/x64/lib/pkgconfig
2026-10-08T23:27:25.4639812Z   Python_ROOT_DIR: /opt/hostedtoolcache/Python/3.12.15/x64
2026-10-08T23:27:25.4640012Z   Python2_ROOT_DIR: /opt/hostedtoolcache/Python/3.12.15/x64
2026-10-08T23:27:25.4640216Z   Python3_ROOT_DIR: /opt/hostedtoolcache/Python/3.12.15/x64
2026-10-08T23:27:25.4640420Z   LD_LIBRARY_PATH: /opt/hostedtoolcache/Python/3.12.15/x64/lib
2026-10-08T23:27:25.4640589Z ##[endgroup]
2026-10-08T23:27:25.5319114Z (node:2114) [DEP0040] DeprecationWarning: The `punycode` module is deprecated. Please use a userland alternative instead.
2026-10-08T23:27:25.5319741Z (Use `node --trace-deprecation ...` to show where the warning was created)
2026-10-08T23:27:25.7581549Z Cache hit for: godot-editor-Linux-X64-5885d59645dadd285929dd7d5f6cfe84ff5d5f764de43c4d9f092dad44c58ac1
2026-10-08T23:27:25.7670061Z (node:2114) [DEP0169] DeprecationWarning: `url.parse()` behavior is not standardized and prone to errors that have security implications. Use the WHATWG URL API instead. CVEs are not issued for `url.parse()` vulnerabilities.
2026-10-08T23:27:27.0006060Z Received 41943040 of 71777733 (58.4%), 40.0 MBs/sec
2026-10-08T23:27:27.1402755Z Received 71777733 of 71777733 (100.0%), 60.0 MBs/sec
2026-10-08T23:27:27.1403219Z Cache Size: ~68 MB (71777733 B)
2026-10-08T23:27:27.1478759Z [command]/usr/bin/tar -xf /home/runner/work/_temp/f888242c-3c54-49dd-8c22-c892e9be4626/cache.tzst -P -C /home/runner/work/voxelverse/voxelverse --use-compress-program unzstd
2026-10-08T23:27:27.2202082Z Cache restored successfully
2026-10-08T23:27:27.2280730Z Cache restored from key: godot-editor-Linux-X64-5885d59645dadd285929dd7d5f6cfe84ff5d5f764de43c4d9f092dad44c58ac1
2026-10-08T23:27:27.2351256Z ##[end-action id=engine.__actions_cache;outcome=success;conclusion=success;duration_ms=1815]
2026-10-08T23:27:27.2353357Z ##[start-action display=Verify and install editor only;id=engine.install]
2026-10-08T23:27:27.2381343Z ##[group]Run python tools/install_godot.py --directory "$RUNNER_TEMP/godot-editor-toolchain" --platform linux --editor-only
2026-10-08T23:27:27.2381840Z [36;1mpython tools/install_godot.py --directory "$RUNNER_TEMP/godot-editor-toolchain" --platform linux --editor-only[0m
2026-10-08T23:27:27.2382138Z [36;1mpython - <<'PY'[0m
2026-10-08T23:27:27.2382268Z [36;1mimport json, os[0m
2026-10-08T23:27:27.2382404Z [36;1mfrom pathlib import Path[0m
2026-10-08T23:27:27.2382699Z [36;1mmetadata = json.loads((Path(os.environ['RUNNER_TEMP']) / 'godot-editor-toolchain/editor-toolchain.json').read_text())[0m
2026-10-08T23:27:27.2383059Z [36;1mwith open(os.environ['GITHUB_OUTPUT'], 'a', encoding='utf-8') as output:[0m
2026-10-08T23:27:27.2383481Z [36;1m    output.write('godot=' + metadata['editor'] + '\n')[0m
2026-10-08T23:27:27.2383658Z [36;1mPY[0m
2026-10-08T23:27:27.2668928Z shell: /usr/bin/bash --noprofile --norc -e -o pipefail {0}
2026-10-08T23:27:27.2669122Z env:
2026-10-08T23:27:27.2669282Z   pythonLocation: /opt/hostedtoolcache/Python/3.12.15/x64
2026-10-08T23:27:27.2669520Z   PKG_CONFIG_PATH: /opt/hostedtoolcache/Python/3.12.15/x64/lib/pkgconfig
2026-10-08T23:27:27.2669751Z   Python_ROOT_DIR: /opt/hostedtoolcache/Python/3.12.15/x64
2026-10-08T23:27:27.2669958Z   Python2_ROOT_DIR: /opt/hostedtoolcache/Python/3.12.15/x64
2026-10-08T23:27:27.2670170Z   Python3_ROOT_DIR: /opt/hostedtoolcache/Python/3.12.15/x64
2026-10-08T23:27:27.2670380Z   LD_LIBRARY_PATH: /opt/hostedtoolcache/Python/3.12.15/x64/lib
2026-10-08T23:27:27.2670556Z ##[endgroup]
2026-10-08T23:27:27.7605295Z {"version": "4.6.3", "editor": "/home/runner/work/_temp/godot-editor-toolchain/editor/Godot_v4.6.3-stable_linux.x86_64", "templates": null}
2026-10-08T23:27:27.7874106Z ##[end-action id=engine.install;outcome=success;conclusion=success;duration_ms=552]
2026-10-08T23:27:27.8293860Z ##[group]Run python3 - <<'PY'
2026-10-08T23:27:27.8294064Z [36;1mpython3 - <<'PY'[0m
2026-10-08T23:27:27.8294195Z [36;1mimport os[0m
2026-10-08T23:27:27.8294312Z [36;1mimport json[0m
2026-10-08T23:27:27.8294427Z [36;1mimport sys[0m
2026-10-08T23:27:27.8294564Z [36;1mfrom tools.validate_godot import main[0m
2026-10-08T23:27:27.8294720Z [36;1m[0m
2026-10-08T23:27:27.8294850Z [36;1mshard = int(os.environ["VALIDATION_SHARD"])[0m
2026-10-08T23:27:27.8295052Z [36;1mselected = json.loads(os.environ["VALIDATION_TESTS"])[0m
2026-10-08T23:27:27.8295288Z [36;1massert selected, "Source shard unexpectedly contains no tests"[0m
2026-10-08T23:27:27.8295550Z [36;1mprint(f"Source shard {shard}: {len(selected)} planned tests", flush=True)[0m
2026-10-08T23:27:27.8295820Z [36;1msys.argv = ["validate_godot", "--godot", os.environ["GODOT_BINARY"],[0m
2026-10-08T23:27:27.8296073Z [36;1m            "--skip-main", "--output", "/tmp/validation-validate",[0m
2026-10-08T23:27:27.8296298Z [36;1m            "--tests", *selected][0m
2026-10-08T23:27:27.8296453Z [36;1mraise SystemExit(main())[0m
2026-10-08T23:27:27.8296590Z [36;1mPY[0m
2026-10-08T23:27:27.8348173Z shell: /usr/bin/bash -e {0}
2026-10-08T23:27:27.8348316Z env:
2026-10-08T23:27:27.8348475Z   pythonLocation: /opt/hostedtoolcache/Python/3.12.15/x64
2026-10-08T23:27:27.8365281Z   PKG_CONFIG_PATH: /opt/hostedtoolcache/Python/3.12.15/x64/lib/pkgconfig
2026-10-08T23:27:27.8365628Z   Python_ROOT_DIR: /opt/hostedtoolcache/Python/3.12.15/x64
2026-10-08T23:27:27.8365939Z   Python2_ROOT_DIR: /opt/hostedtoolcache/Python/3.12.15/x64
2026-10-08T23:27:27.8366246Z   Python3_ROOT_DIR: /opt/hostedtoolcache/Python/3.12.15/x64
2026-10-08T23:27:27.8366563Z   LD_LIBRARY_PATH: /opt/hostedtoolcache/Python/3.12.15/x64/lib
2026-10-08T23:27:27.8366862Z   GODOT_BINARY: /home/runner/work/_temp/godot-editor-toolchain/editor/Godot_v4.6.3-stable_linux.x86_64
2026-10-08T23:27:27.8367123Z   VALIDATION_SHARD: 7
2026-10-08T23:27:27.8369074Z   VALIDATION_TESTS: [
  "r32_14_hud_world_test",
  "r32_19_resident_model_test",
  "r33_06_equipment_lifecycle_test",
  "int30_village_resume_test",
  "body_travel_test",
  "tribal_age_growth_test",
  "tribal_age_husbandry_test",
  "spherical_campaign_runtime_test",
  "tribal_progression_world_test",
  "tribal_age_test",
  "domestic_fauna_catalog_test",
  "surface_adapter_test",
  "tribal_building_preview_world_test",
  "audio/audio_expansion_test",
  "atlas_places_test",
  "creature_snout_family_test",
  "atlas_search_test",
  "creature_seat_fit_test",
  "surface_distance_test",
  "creature_part_revisions_test",
  "planet_streaming_test",
  "tribal_order_latency_test",
  "species_comparison_test",
  "surface_scale_contract_test",
  "research_goals_test",
  "fleet_runtime_test",
  "resource_visuals_test",
  "drainage_network_test",
  "neighbor_localization_test",
  "creature_foot_provider_test",
  "world_runtime_continuity_test",
  "owned_scene_load_test",
  "settlement_collection_test",
  "slot_scan_test",
  "audio/audio_shutdown_test",
  "save_slots_test",
  "domestication_d1_adapter_test",
  "tribal_camera_preferences_test",
  "domestication_contract_test"
]
2026-10-08T23:27:27.8371121Z ##[endgroup]
2026-10-08T23:27:27.9166040Z Source shard 7: 39 planned tests
2026-10-08T23:27:30.5225187Z Validation output: /tmp/validation-validate
2026-10-08T23:27:33.2280208Z {"name": "source_contracts", "kind": "source_contract", "passed": true, "exit_code": 0, "seconds": 1.668, "command": ["/opt/hostedtoolcache/Python/3.12.15/x64/bin/python3", "/home/runner/work/voxelverse/voxelverse/tools/check_validation_contracts.py", "--project", "/home/runner/work/voxelverse/voxelverse", "--output", "/tmp/validation-validate/contracts.json"], "log_sha256": "6985b78d484e2778065c05d7c65a925147c03376e4c33a7b8cf93933b3169177", "process_passed": true, "source_sha256": "54ac539e75d18e7cbef555a13b1a7b44b41008bdc25bcede49fe89ec83e1542f", "source_status": "unchanged"}
2026-10-08T23:27:39.9877073Z {"name": "import", "kind": "editor_import", "passed": true, "exit_code": 0, "seconds": 6.284, "command": ["/tmp/voxelverse-validation-editor-v7ou3lko/Godot_v4.6.3-stable_linux.x86_64", "--headless", "--verbose", "--path", "/home/runner/work/voxelverse/voxelverse", "--import"], "log_sha256": "6a8caf13aaedb93bca6b55c0b15231e7a14abe1793e9d1a28089b5b36076a0b5", "process_passed": true, "source_sha256": "54ac539e75d18e7cbef555a13b1a7b44b41008bdc25bcede49fe89ec83e1542f", "source_status": "import_preparation"}
2026-10-08T23:27:41.9514849Z {"name": "art_sources", "kind": "source_contract", "passed": true, "exit_code": 0, "seconds": 1.517, "command": ["/opt/hostedtoolcache/Python/3.12.15/x64/bin/python3", "/home/runner/work/voxelverse/voxelverse/tools/art/export_benchmark_source.py", "--check"], "log_sha256": "ad517d737b20d92ed3f15926472501e1a08f957b983211b589962a8442b66108", "process_passed": true, "source_sha256": "54ac539e75d18e7cbef555a13b1a7b44b41008bdc25bcede49fe89ec83e1542f", "source_status": "unchanged"}
2026-10-08T23:30:02.5405371Z {"name": "r32_14_hud_world_test", "kind": "headless_godot", "passed": true, "exit_code": 0, "seconds": 140.143, "command": ["/tmp/voxelverse-validation-editor-v7ou3lko/Godot_v4.6.3-stable_linux.x86_64", "--headless", "--verbose", "--path", "/home/runner/work/voxelverse/voxelverse", "--script", "res://tools/review_r32_01_hud_world.gd"], "log_sha256": "2da0f90e8bd6da281d41b3b03e9c0d5cfa219782341741c9ed2f8a36b85cfaab", "contract": "frontend_locale", "process_passed": true, "source_sha256": "54ac539e75d18e7cbef555a13b1a7b44b41008bdc25bcede49fe89ec83e1542f", "source_status": "unchanged"}
2026-10-08T23:30:04.4555184Z {"name": "r32_19_resident_model_test", "kind": "headless_godot", "passed": true, "exit_code": 0, "seconds": 1.468, "command": ["/tmp/voxelverse-validation-editor-v7ou3lko/Godot_v4.6.3-stable_linux.x86_64", "--headless", "--verbose", "--path", "/home/runner/work/voxelverse/voxelverse", "--script", "res://tests/r32_19_resident_model_test.gd"], "log_sha256": "b6c84414992b174b44fbbdb7bbfe0a1058539f482431b932df3c12b81c115d2c", "contract": "village", "process_passed": true, "source_sha256": "54ac539e75d18e7cbef555a13b1a7b44b41008bdc25bcede49fe89ec83e1542f", "source_status": "unchanged"}
2026-10-08T23:30:06.3672722Z {"name": "r33_06_equipment_lifecycle_test", "kind": "headless_godot", "passed": true, "exit_code": 0, "seconds": 1.468, "command": ["/tmp/voxelverse-validation-editor-v7ou3lko/Godot_v4.6.3-stable_linux.x86_64", "--headless", "--verbose", "--path", "/home/runner/work/voxelverse/voxelverse", "--script", "res://tests/r33_06_equipment_lifecycle_test.gd"], "log_sha256": "5f6b698139e627b29c7c4cdc106949cf42cef711b3f0786f7612b46bea43972e", "contract": "village", "process_passed": true, "source_sha256": "54ac539e75d18e7cbef555a13b1a7b44b41008bdc25bcede49fe89ec83e1542f", "source_status": "unchanged"}
2026-10-08T23:35:18.8447980Z {"name": "int30_village_resume_test", "kind": "headless_godot", "passed": true, "exit_code": 0, "seconds": 312.031, "command": ["/tmp/voxelverse-validation-editor-v7ou3lko/Godot_v4.6.3-stable_linux.x86_64", "--headless", "--verbose", "--path", "/home/runner/work/voxelverse/voxelverse", "--script", "res://tests/int30_village_resume_test.gd"], "log_sha256": "87d1e135b8a405d80696a9e463aae759f3289238b7582f1f2a8294833192221e", "contract": "village", "process_passed": true, "source_sha256": "54ac539e75d18e7cbef555a13b1a7b44b41008bdc25bcede49fe89ec83e1542f", "source_status": "unchanged"}
2026-10-08T23:37:53.7990045Z {"name": "body_travel_test", "kind": "headless_godot", "passed": true, "exit_code": 0, "seconds": 154.512, "command": ["/tmp/voxelverse-validation-editor-v7ou3lko/Godot_v4.6.3-stable_linux.x86_64", "--headless", "--verbose", "--path", "/home/runner/work/voxelverse/voxelverse", "--script", "res://tests/body_travel_test.gd"], "log_sha256": "22e2d1fbe083cc616b66dcdebf1773d5057525060c8a6f21d715fcbaa10250af", "contract": "campaign", "process_passed": true, "source_sha256": "54ac539e75d18e7cbef555a13b1a7b44b41008bdc25bcede49fe89ec83e1542f", "source_status": "unchanged"}
2026-10-08T23:40:47.0391132Z {"name": "tribal_age_growth_test", "kind": "headless_godot", "passed": true, "exit_code": 0, "seconds": 172.795, "command": ["/tmp/voxelverse-validation-editor-v7ou3lko/Godot_v4.6.3-stable_linux.x86_64", "--headless", "--verbose", "--path", "/home/runner/work/voxelverse/voxelverse", "--script", "res://tests/tribal_age_growth_test.gd"], "log_sha256": "75e699670b0b22a73166102be3d771e2e90e71c5212375fa946b80126735f9ee", "contract": "village", "process_passed": true, "source_sha256": "54ac539e75d18e7cbef555a13b1a7b44b41008bdc25bcede49fe89ec83e1542f", "source_status": "unchanged"}
2026-10-08T23:43:01.5623731Z {"name": "tribal_age_husbandry_test", "kind": "headless_godot", "passed": true, "exit_code": 0, "seconds": 134.072, "command": ["/tmp/voxelverse-validation-editor-v7ou3lko/Godot_v4.6.3-stable_linux.x86_64", "--headless", "--verbose", "--path", "/home/runner/work/voxelverse/voxelverse", "--script", "res://tests/tribal_age_husbandry_test.gd"], "log_sha256": "94b31fc5ba293042cf74eeb135b37993aa09be252b6eed35b92665169045c682", "contract": "village", "process_passed": true, "source_sha256": "54ac539e75d18e7cbef555a13b1a7b44b41008bdc25bcede49fe89ec83e1542f", "source_status": "unchanged"}
2026-10-08T23:44:32.5461968Z {"name": "spherical_campaign_runtime_test", "kind": "headless_godot", "passed": true, "exit_code": 0, "seconds": 90.542, "command": ["/tmp/voxelverse-validation-editor-v7ou3lko/Godot_v4.6.3-stable_linux.x86_64", "--headless", "--verbose", "--path", "/home/runner/work/voxelverse/voxelverse", "--script", "res://tests/spherical_campaign_runtime_test.gd"], "log_sha256": "8cf4401306b3fea4c3f03220431dbc3dadf69821b2525a6f94109b81d006eff9", "contract": "campaign", "process_passed": true, "source_sha256": "54ac539e75d18e7cbef555a13b1a7b44b41008bdc25bcede49fe89ec83e1542f", "source_status": "unchanged"}
2026-10-08T23:45:43.8454990Z {"name": "tribal_progression_world_test", "kind": "headless_godot", "passed": true, "exit_code": 0, "seconds": 70.853, "command": ["/tmp/voxelverse-validation-editor-v7ou3lko/Godot_v4.6.3-stable_linux.x86_64", "--headless", "--verbose", "--path", "/home/runner/work/voxelverse/voxelverse", "--script", "res://tests/tribal_progression_world_test.gd"], "log_sha256": "a4690af3502a227e285b255c055315b6497e1ab98186e86728f48f73c0918c87", "contract": "home_progression", "process_passed": true, "source_sha256": "54ac539e75d18e7cbef555a13b1a7b44b41008bdc25bcede49fe89ec83e1542f", "source_status": "unchanged"}
2026-10-08T23:46:48.9294297Z {"name": "tribal_age_test", "kind": "headless_godot", "passed": true, "exit_code": 0, "seconds": 64.639, "command": ["/tmp/voxelverse-validation-editor-v7ou3lko/Godot_v4.6.3-stable_linux.x86_64", "--headless", "--verbose", "--path", "/home/runner/work/voxelverse/voxelverse", "--script", "res://tests/tribal_age_test.gd"], "log_sha256": "6cceca1391482f51639ebc47729ccc2ebd31153a1a3d715b8d112cd0f3e55098", "contract": "village", "process_passed": true, "source_sha256": "54ac539e75d18e7cbef555a13b1a7b44b41008bdc25bcede49fe89ec83e1542f", "source_status": "unchanged"}
2026-10-08T23:47:32.8675898Z {"name": "domestic_fauna_catalog_test", "kind": "headless_godot", "passed": true, "exit_code": 0, "seconds": 43.494, "command": ["/tmp/voxelverse-validation-editor-v7ou3lko/Godot_v4.6.3-stable_linux.x86_64", "--headless", "--verbose", "--path", "/home/runner/work/voxelverse/voxelverse", "--script", "res://tests/domestic_fauna_catalog_test.gd"], "log_sha256": "a41ba3b1440bf4bfa0e30804ea8733e6cdd9b2d23950a34eac32693804742425", "contract": "domestic_fauna", "process_passed": true, "source_sha256": "54ac539e75d18e7cbef555a13b1a7b44b41008bdc25bcede49fe89ec83e1542f", "source_status": "unchanged"}
2026-10-08T23:48:11.8044109Z {"name": "surface_adapter_test", "kind": "headless_godot", "passed": true, "exit_code": 0, "seconds": 38.484, "command": ["/tmp/voxelverse-validation-editor-v7ou3lko/Godot_v4.6.3-stable_linux.x86_64", "--headless", "--verbose", "--path", "/home/runner/work/voxelverse/voxelverse", "--script", "res://tests/surface_adapter_test.gd"], "log_sha256": "75b1a842e4ac08018fc861595a0868063ec6df2f3e5c696d2a2309baea0ce912", "contract": "surface", "process_passed": true, "source_sha256": "54ac539e75d18e7cbef555a13b1a7b44b41008bdc25bcede49fe89ec83e1542f", "source_status": "unchanged"}
2026-10-08T23:48:42.4757997Z {"name": "tribal_building_preview_world_test", "kind": "headless_godot", "passed": true, "exit_code": 0, "seconds": 30.222, "command": ["/tmp/voxelverse-validation-editor-v7ou3lko/Godot_v4.6.3-stable_linux.x86_64", "--headless", "--verbose", "--path", "/home/runner/work/voxelverse/voxelverse", "--script", "res://tests/tribal_building_preview_world_test.gd"], "log_sha256": "3b9606584796d9cae98ed2f62f471794ee62093fe59cc08a7e77b1f55ba234c4", "contract": "village", "process_passed": true, "source_sha256": "54ac539e75d18e7cbef555a13b1a7b44b41008bdc25bcede49fe89ec83e1542f", "source_status": "unchanged"}
2026-10-08T23:49:15.5969828Z {"name": "audio/audio_expansion_test", "kind": "headless_godot", "passed": true, "exit_code": 0, "seconds": 32.671, "command": ["/tmp/voxelverse-validation-editor-v7ou3lko/Godot_v4.6.3-stable_linux.x86_64", "--headless", "--verbose", "--path", "/home/runner/work/voxelverse/voxelverse", "--script", "res://tests/audio/audio_expansion_test.gd"], "log_sha256": "5c876900132b833da3c7c62d32f5e73f53c9c6554855814ec287b6fe45309321", "contract": "audio", "process_passed": true, "source_sha256": "54ac539e75d18e7cbef555a13b1a7b44b41008bdc25bcede49fe89ec83e1542f", "source_status": "unchanged"}
2026-10-08T23:49:33.3195633Z {"name": "atlas_places_test", "kind": "headless_godot", "passed": true, "exit_code": 0, "seconds": 17.261, "command": ["/tmp/voxelverse-validation-editor-v7ou3lko/Godot_v4.6.3-stable_linux.x86_64", "--headless", "--verbose", "--path", "/home/runner/work/voxelverse/voxelverse", "--script", "res://tests/atlas_places_test.gd"], "log_sha256": "332460edc162315f0f4efb3a82d13bca27b779f2f7f635c3103ca329778a4394", "contract": "discovery_map", "process_passed": true, "source_sha256": "54ac539e75d18e7cbef555a13b1a7b44b41008bdc25bcede49fe89ec83e1542f", "source_status": "unchanged"}
2026-10-08T23:49:48.0091300Z {"name": "creature_snout_family_test", "kind": "headless_godot", "passed": true, "exit_code": 0, "seconds": 14.243, "command": ["/tmp/voxelverse-validation-editor-v7ou3lko/Godot_v4.6.3-stable_linux.x86_64", "--headless", "--verbose", "--path", "/home/runner/work/voxelverse/voxelverse", "--script", "res://tests/creature_snout_family_test.gd"], "log_sha256": "8157b535f645cc5490f6e00b9d51fc33d4a5394f2e6803d9174f63e30b7252e9", "contract": "creature_body", "process_passed": true, "source_sha256": "54ac539e75d18e7cbef555a13b1a7b44b41008bdc25bcede49fe89ec83e1542f", "source_status": "unchanged"}
2026-10-08T23:50:03.9713969Z {"name": "atlas_search_test", "kind": "headless_godot", "passed": true, "exit_code": 0, "seconds": 15.482, "command": ["/tmp/voxelverse-validation-editor-v7ou3lko/Godot_v4.6.3-stable_linux.x86_64", "--headless", "--verbose", "--path", "/home/runner/work/voxelverse/voxelverse", "--script", "res://tests/atlas_search_test.gd"], "log_sha256": "ffe0c459fbc49f7627ae1a89bf3f6dd7f1916edbf10e4e3cbfe242beba757f30", "contract": "discovery_map", "process_passed": true, "source_sha256": "54ac539e75d18e7cbef555a13b1a7b44b41008bdc25bcede49fe89ec83e1542f", "source_status": "unchanged"}
2026-10-08T23:50:15.4043620Z {"name": "creature_seat_fit_test", "kind": "headless_godot", "passed": true, "exit_code": 0, "seconds": 10.988, "command": ["/tmp/voxelverse-validation-editor-v7ou3lko/Godot_v4.6.3-stable_linux.x86_64", "--headless", "--verbose", "--path", "/home/runner/work/voxelverse/voxelverse", "--script", "res://tests/creature_seat_fit_test.gd"], "log_sha256": "9e46b5f1011b8b15f819be0f8a8793173570a9c4e927d1789cf491a4b143b748", "contract": "creature_body", "process_passed": true, "source_sha256": "54ac539e75d18e7cbef555a13b1a7b44b41008bdc25bcede49fe89ec83e1542f", "source_status": "unchanged"}
2026-10-08T23:50:26.0157001Z {"name": "surface_distance_test", "kind": "headless_godot", "passed": true, "exit_code": 0, "seconds": 10.132, "command": ["/tmp/voxelverse-validation-editor-v7ou3lko/Godot_v4.6.3-stable_linux.x86_64", "--headless", "--verbose", "--path", "/home/runner/work/voxelverse/voxelverse", "--script", "res://tests/surface_distance_test.gd"], "log_sha256": "91787d44bfd96b60bf71b449e1fd200b2366f8bd9fce48fb58a166e667df27b7", "contract": "surface", "process_passed": true, "source_sha256": "54ac539e75d18e7cbef555a13b1a7b44b41008bdc25bcede49fe89ec83e1542f", "source_status": "unchanged"}
2026-10-08T23:50:34.3512762Z {"name": "creature_part_revisions_test", "kind": "headless_godot", "passed": true, "exit_code": 0, "seconds": 7.881, "command": ["/tmp/voxelverse-validation-editor-v7ou3lko/Godot_v4.6.3-stable_linux.x86_64", "--headless", "--verbose", "--path", "/home/runner/work/voxelverse/voxelverse", "--script", "res://tests/creature_part_revisions_test.gd"], "log_sha256": "4017517a3224f5b70eb5bfbb97ed293f62516ee2c22834ef10d780c9687efb88", "contract": "creature_body", "process_passed": true, "source_sha256": "54ac539e75d18e7cbef555a13b1a7b44b41008bdc25bcede49fe89ec83e1542f", "source_status": "unchanged"}
2026-10-08T23:50:41.2811219Z {"name": "planet_streaming_test", "kind": "headless_godot", "passed": true, "exit_code": 0, "seconds": 6.476, "command": ["/tmp/voxelverse-validation-editor-v7ou3lko/Godot_v4.6.3-stable_linux.x86_64", "--headless", "--verbose", "--path", "/home/runner/work/voxelverse/voxelverse", "--script", "res://tests/planet_streaming_test.gd"], "log_sha256": "e5db19b87c9355c1ef6b81447391f985aaec04ec079013129f49a356ac33b9a0", "contract": "surface", "process_passed": true, "source_sha256": "54ac539e75d18e7cbef555a13b1a7b44b41008bdc25bcede49fe89ec83e1542f", "source_status": "unchanged"}
2026-10-08T23:50:49.7649503Z {"name": "tribal_order_latency_test", "kind": "headless_godot", "passed": true, "exit_code": 0, "seconds": 8.032, "command": ["/tmp/voxelverse-validation-editor-v7ou3lko/Godot_v4.6.3-stable_linux.x86_64", "--headless", "--verbose", "--path", "/home/runner/work/voxelverse/voxelverse", "--script", "res://tests/tribal_order_latency_test.gd"], "log_sha256": "0705db3fc193258f56972715445b9915b34e7043dde8734d03a0360c18434819", "contract": "village", "process_passed": true, "source_sha256": "54ac539e75d18e7cbef555a13b1a7b44b41008bdc25bcede49fe89ec83e1542f", "source_status": "unchanged"}
2026-10-08T23:50:56.1343301Z {"name": "species_comparison_test", "kind": "headless_godot", "passed": true, "exit_code": 0, "seconds": 5.927, "command": ["/tmp/voxelverse-validation-editor-v7ou3lko/Godot_v4.6.3-stable_linux.x86_64", "--headless", "--verbose", "--path", "/home/runner/work/voxelverse/voxelverse", "--script", "res://tests/species_comparison_test.gd"], "log_sha256": "3ba41569b421d6975f3a5fa1fe610f6ecb749036a08230948e5628fbdc840903", "contract": "discovery_map", "process_passed": true, "source_sha256": "54ac539e75d18e7cbef555a13b1a7b44b41008bdc25bcede49fe89ec83e1542f", "source_status": "unchanged"}
2026-10-08T23:51:02.7073908Z {"name": "surface_scale_contract_test", "kind": "headless_godot", "passed": true, "exit_code": 0, "seconds": 6.126, "command": ["/tmp/voxelverse-validation-editor-v7ou3lko/Godot_v4.6.3-stable_linux.x86_64", "--headless", "--verbose", "--path", "/home/runner/work/voxelverse/voxelverse", "--script", "res://tests/surface_scale_contract_test.gd"], "log_sha256": "d9917d68e4f3cc58c4f7ae5d2c1358f068d73c987eb2df1d047727321c128248", "contract": "surface", "process_passed": true, "source_sha256": "54ac539e75d18e7cbef555a13b1a7b44b41008bdc25bcede49fe89ec83e1542f", "source_status": "unchanged"}
2026-10-08T23:51:09.1873768Z {"name": "research_goals_test", "kind": "headless_godot", "passed": true, "exit_code": 0, "seconds": 6.027, "command": ["/tmp/voxelverse-validation-editor-v7ou3lko/Godot_v4.6.3-stable_linux.x86_64", "--headless", "--verbose", "--path", "/home/runner/work/voxelverse/voxelverse", "--script", "res://tests/research_goals_test.gd"], "log_sha256": "809575fa45c2072d705ae96eaf15b9776513d33cff77690b6f905ada41a986d7", "contract": "discovery_map", "process_passed": true, "source_sha256": "54ac539e75d18e7cbef555a13b1a7b44b41008bdc25bcede49fe89ec83e1542f", "source_status": "unchanged"}
2026-10-08T23:51:13.8103226Z {"name": "fleet_runtime_test", "kind": "headless_godot", "passed": true, "exit_code": 0, "seconds": 4.176, "command": ["/tmp/voxelverse-validation-editor-v7ou3lko/Godot_v4.6.3-stable_linux.x86_64", "--headless", "--verbose", "--path", "/home/runner/work/voxelverse/voxelverse", "--script", "res://tests/fleet_runtime_test.gd"], "log_sha256": "23b80ffdecaafce7bcaebc4c46654993794c568da1149164e969846dc49a4896", "contract": "expedition_design", "process_passed": true, "source_sha256": "54ac539e75d18e7cbef555a13b1a7b44b41008bdc25bcede49fe89ec83e1542f", "source_status": "unchanged"}
2026-10-08T23:51:17.9873467Z {"name": "resource_visuals_test", "kind": "headless_godot", "passed": true, "exit_code": 0, "seconds": 3.722, "command": ["/tmp/voxelverse-validation-editor-v7ou3lko/Godot_v4.6.3-stable_linux.x86_64", "--headless", "--verbose", "--path", "/home/runner/work/voxelverse/voxelverse", "--script", "res://tests/resource_visuals_test.gd"], "log_sha256": "39d1914351c5ed153111ac3e069500ca45d8b89006394fe5e4194a54c2c1d2e5", "contract": "terrain_art", "process_passed": true, "source_sha256": "54ac539e75d18e7cbef555a13b1a7b44b41008bdc25bcede49fe89ec83e1542f", "source_status": "unchanged"}
2026-10-08T23:51:21.4186569Z {"name": "drainage_network_test", "kind": "headless_godot", "passed": true, "exit_code": 0, "seconds": 2.971, "command": ["/tmp/voxelverse-validation-editor-v7ou3lko/Godot_v4.6.3-stable_linux.x86_64", "--headless", "--verbose", "--path", "/home/runner/work/voxelverse/voxelverse", "--script", "res://tests/drainage_network_test.gd"], "log_sha256": "8945ee50c9f992b323e7e5ecda513a967cf706154e6c611e7a45b761e0fce64f", "contract": "terrain_art", "process_passed": true, "source_sha256": "54ac539e75d18e7cbef555a13b1a7b44b41008bdc25bcede49fe89ec83e1542f", "source_status": "unchanged"}
2026-10-08T23:51:25.2975079Z {"name": "neighbor_localization_test", "kind": "headless_godot", "passed": true, "exit_code": 0, "seconds": 3.421, "command": ["/tmp/voxelverse-validation-editor-v7ou3lko/Godot_v4.6.3-stable_linux.x86_64", "--headless", "--verbose", "--path", "/home/runner/work/voxelverse/voxelverse", "--script", "res://tests/neighbor_localization_test.gd"], "log_sha256": "fde169725f96ab796e9a6d5ea0a6ece972b93aa0720fe9c4a0ba56b6564644e5", "contract": "neighbors", "process_passed": true, "source_sha256": "54ac539e75d18e7cbef555a13b1a7b44b41008bdc25bcede49fe89ec83e1542f", "source_status": "unchanged"}
2026-10-08T23:51:28.1739211Z {"name": "creature_foot_provider_test", "kind": "headless_godot", "passed": true, "exit_code": 0, "seconds": 2.42, "command": ["/tmp/voxelverse-validation-editor-v7ou3lko/Godot_v4.6.3-stable_linux.x86_64", "--headless", "--verbose", "--path", "/home/runner/work/voxelverse/voxelverse", "--script", "res://tests/creature_foot_provider_test.gd"], "log_sha256": "330ca4d5b863a0b60c198b6ed391f2fa53172f8be9569d696a9bcacf2bf5e62d", "contract": "creature_body", "process_passed": true, "source_sha256": "54ac539e75d18e7cbef555a13b1a7b44b41008bdc25bcede49fe89ec83e1542f", "source_status": "unchanged"}
2026-10-08T23:51:31.1981449Z {"name": "world_runtime_continuity_test", "kind": "headless_godot", "passed": true, "exit_code": 0, "seconds": 2.571, "command": ["/tmp/voxelverse-validation-editor-v7ou3lko/Godot_v4.6.3-stable_linux.x86_64", "--headless", "--verbose", "--path", "/home/runner/work/voxelverse/voxelverse", "--script", "res://tests/world_runtime_continuity_test.gd"], "log_sha256": "a08d41bc0117e6ab39b61e5d681bc67a50b4296ecf51b130d0dbe989917a3312", "contract": "terrain_art", "process_passed": true, "source_sha256": "54ac539e75d18e7cbef555a13b1a7b44b41008bdc25bcede49fe89ec83e1542f", "source_status": "unchanged"}
2026-10-08T23:51:34.6252469Z {"name": "owned_scene_load_test", "kind": "headless_godot", "passed": true, "exit_code": 0, "seconds": 2.972, "command": ["/tmp/voxelverse-validation-editor-v7ou3lko/Godot_v4.6.3-stable_linux.x86_64", "--headless", "--verbose", "--path", "/home/runner/work/voxelverse/voxelverse", "--script", "res://tests/owned_scene_load_test.gd"], "log_sha256": "029a35c1ad48e97f9c25451ea76395e48d4426cb41332223a58c60c4376e9741", "contract": "frontend_locale", "process_passed": true, "source_sha256": "54ac539e75d18e7cbef555a13b1a7b44b41008bdc25bcede49fe89ec83e1542f", "source_status": "unchanged"}
2026-10-08T23:51:38.0445626Z {"name": "settlement_collection_test", "kind": "headless_godot", "passed": true, "exit_code": 0, "seconds": 2.971, "command": ["/tmp/voxelverse-validation-editor-v7ou3lko/Godot_v4.6.3-stable_linux.x86_64", "--headless", "--verbose", "--path", "/home/runner/work/voxelverse/voxelverse", "--script", "res://tests/settlement_collection_test.gd"], "log_sha256": "d1a52f6c251cf12389033482fc9c664e25232a3d0b9cdaf0f401b7ad7ccc6dd0", "contract": "village", "process_passed": true, "source_sha256": "54ac539e75d18e7cbef555a13b1a7b44b41008bdc25bcede49fe89ec83e1542f", "source_status": "unchanged"}
2026-10-08T23:51:41.0228265Z {"name": "slot_scan_test", "kind": "headless_godot", "passed": true, "exit_code": 0, "seconds": 2.523, "command": ["/tmp/voxelverse-validation-editor-v7ou3lko/Godot_v4.6.3-stable_linux.x86_64", "--headless", "--verbose", "--path", "/home/runner/work/voxelverse/voxelverse", "--script", "res://tests/slot_scan_test.gd"], "log_sha256": "abb281cb7d6e1f8bd798cef92376796f3dbb6ffc022bbd9e83ba50dedbd14173", "contract": "frontend_locale", "process_passed": true, "source_sha256": "54ac539e75d18e7cbef555a13b1a7b44b41008bdc25bcede49fe89ec83e1542f", "source_status": "unchanged"}
2026-10-08T23:51:43.3917571Z {"name": "audio/audio_shutdown_test", "kind": "headless_godot", "passed": true, "exit_code": 0, "seconds": 1.919, "command": ["/tmp/voxelverse-validation-editor-v7ou3lko/Godot_v4.6.3-stable_linux.x86_64", "--headless", "--verbose", "--path", "/home/runner/work/voxelverse/voxelverse", "--script", "res://tests/audio/audio_shutdown_test.gd"], "log_sha256": "5b0bb55a7ec579b325b0a6e034534a8212da3343833d5264646830df6994c44c", "contract": "audio", "process_passed": true, "source_sha256": "54ac539e75d18e7cbef555a13b1a7b44b41008bdc25bcede49fe89ec83e1542f", "source_status": "unchanged"}
2026-10-08T23:51:45.5387807Z {"name": "save_slots_test", "kind": "headless_godot", "passed": true, "exit_code": 0, "seconds": 1.669, "command": ["/tmp/voxelverse-validation-editor-v7ou3lko/Godot_v4.6.3-stable_linux.x86_64", "--headless", "--verbose", "--path", "/home/runner/work/voxelverse/voxelverse", "--script", "res://tests/save_slots_test.gd"], "log_sha256": "141fdc36926f55d4432eb251e4fbd30f45ddb831aafde602f5129d40ff721a4b", "contract": "campaign", "process_passed": true, "source_sha256": "54ac539e75d18e7cbef555a13b1a7b44b41008bdc25bcede49fe89ec83e1542f", "source_status": "unchanged"}
2026-10-08T23:51:47.2637656Z {"name": "domestication_d1_adapter_test", "kind": "headless_godot", "passed": true, "exit_code": 0, "seconds": 1.268, "command": ["/tmp/voxelverse-validation-editor-v7ou3lko/Godot_v4.6.3-stable_linux.x86_64", "--headless", "--verbose", "--path", "/home/runner/work/voxelverse/voxelverse", "--script", "res://tests/domestication_d1_adapter_test.gd"], "log_sha256": "764602267e2eca2d2e9caffeeeb1f1262fc8a181dff94133eeae2a62d820b2ce", "contract": "domestication", "process_passed": true, "source_sha256": "54ac539e75d18e7cbef555a13b1a7b44b41008bdc25bcede49fe89ec83e1542f", "source_status": "unchanged"}
2026-10-08T23:51:50.5871459Z {"name": "tribal_camera_preferences_test", "kind": "headless_godot", "passed": true, "exit_code": 0, "seconds": 2.872, "command": ["/tmp/voxelverse-validation-editor-v7ou3lko/Godot_v4.6.3-stable_linux.x86_64", "--headless", "--verbose", "--path", "/home/runner/work/voxelverse/voxelverse", "--script", "res://tests/tribal_camera_preferences_test.gd"], "log_sha256": "2c906d9a226afca391416fc1fcbf00c248e91df1902c53ec8b62e4f4315d1d5d", "contract": "frontend_locale", "process_passed": true, "source_sha256": "54ac539e75d18e7cbef555a13b1a7b44b41008bdc25bcede49fe89ec83e1542f", "source_status": "unchanged"}
2026-10-08T23:51:52.3139240Z {"name": "domestication_contract_test", "kind": "headless_godot", "passed": true, "exit_code": 0, "seconds": 1.267, "command": ["/tmp/voxelverse-validation-editor-v7ou3lko/Godot_v4.6.3-stable_linux.x86_64", "--headless", "--verbose", "--path", "/home/runner/work/voxelverse/voxelverse", "--script", "res://tests/domestication_contract_test.gd"], "log_sha256": "0f07f1fca53f9f973a5bf96d5efb14025c3c379e9c3dda0bdbdc76755d1cf43e", "contract": "domestication", "process_passed": true, "source_sha256": "54ac539e75d18e7cbef555a13b1a7b44b41008bdc25bcede49fe89ec83e1542f", "source_status": "unchanged"}
2026-10-08T23:51:53.4086374Z {"name": "source_integrity", "kind": "source_provenance", "passed": true, "status": "prepared", "reusable_source": true}
2026-10-08T23:51:53.4348938Z ##[group]Run actions/upload-artifact@v4
2026-10-08T23:51:53.4349104Z with:
2026-10-08T23:51:53.4349240Z   name: voxelverse-validate-source-7-pull_request
2026-10-08T23:51:53.4349414Z   path: /tmp/validation-validate
2026-10-08T23:51:53.4349550Z   retention-days: 7
2026-10-08T23:51:53.4349667Z   if-no-files-found: warn
2026-10-08T23:51:53.4349811Z   compression-level: 6
2026-10-08T23:51:53.4349929Z   overwrite: false
2026-10-08T23:51:53.4350046Z   include-hidden-files: false
2026-10-08T23:51:53.4350173Z env:
2026-10-08T23:51:53.4350310Z   pythonLocation: /opt/hostedtoolcache/Python/3.12.15/x64
2026-10-08T23:51:53.4350535Z   PKG_CONFIG_PATH: /opt/hostedtoolcache/Python/3.12.15/x64/lib/pkgconfig
2026-10-08T23:51:53.4350756Z   Python_ROOT_DIR: /opt/hostedtoolcache/Python/3.12.15/x64
2026-10-08T23:51:53.4350959Z   Python2_ROOT_DIR: /opt/hostedtoolcache/Python/3.12.15/x64
2026-10-08T23:51:53.4351167Z   Python3_ROOT_DIR: /opt/hostedtoolcache/Python/3.12.15/x64
2026-10-08T23:51:53.4351398Z   LD_LIBRARY_PATH: /opt/hostedtoolcache/Python/3.12.15/x64/lib
2026-10-08T23:51:53.4351570Z ##[endgroup]
2026-10-08T23:51:53.5402311Z (node:3572) [DEP0040] DeprecationWarning: The `punycode` module is deprecated. Please use a userland alternative instead.
2026-10-08T23:51:53.5402947Z (Use `node --trace-deprecation ...` to show where the warning was created)
2026-10-08T23:51:53.5467817Z With the provided path, there will be 48 files uploaded
2026-10-08T23:51:53.5478795Z Artifact name is valid!
2026-10-08T23:51:53.5479024Z Root directory input is valid!
2026-10-08T23:51:53.8849596Z Beginning upload of artifact content to blob storage
2026-10-08T23:51:53.9765680Z (node:3572) [DEP0169] DeprecationWarning: `url.parse()` behavior is not standardized and prone to errors that have security implications. Use the WHATWG URL API instead. CVEs are not issued for `url.parse()` vulnerabilities.
2026-10-08T23:51:54.5289088Z Uploaded bytes 1157781
2026-10-08T23:51:54.5903972Z Finished uploading artifact content to blob storage!
2026-10-08T23:51:54.5904345Z SHA256 digest of uploaded artifact zip is 2716aca241ed2505812d66a3b8b1880b9cf5ffbe65db1e168fdb8d823e155f5b
2026-10-08T23:51:54.5905596Z Finalizing artifact upload
2026-10-08T23:51:54.8357368Z Artifact voxelverse-validate-source-7-pull_request.zip successfully finalized. Artifact ID 11585334932
2026-10-08T23:51:54.8358741Z Artifact voxelverse-validate-source-7-pull_request has been successfully uploaded! Final size is 1157781 bytes. Artifact ID is 11585334932
2026-10-08T23:51:54.8362152Z Artifact download URL: https://github.com/MajorDragonfly/voxelverse/actions/runs/37859023443/artifacts/11585334932
2026-10-08T23:51:54.8503759Z Post job cleanup.
2026-10-08T23:51:54.8506231Z ##[start-action display=Run actions/cache@v4;id=__4f210b21-c5bf-4988-a44d-8a916729796d.__actions_cache]
2026-10-08T23:51:54.8855518Z Post job cleanup.
2026-10-08T23:51:54.9539801Z Cache hit occurred on the primary key godot-editor-Linux-X64-5885d59645dadd285929dd7d5f6cfe84ff5d5f764de43c4d9f092dad44c58ac1, not saving cache.
2026-10-08T23:51:54.9540860Z (node:3601) [DEP0040] DeprecationWarning: The `punycode` module is deprecated. Please use a userland alternative instead.
2026-10-08T23:51:54.9541218Z (Use `node --trace-deprecation ...` to show where the warning was created)
2026-10-08T23:51:54.9592113Z ##[end-action id=__4f210b21-c5bf-4988-a44d-8a916729796d.__actions_cache;outcome=success;conclusion=success;duration_ms=108]
2026-10-08T23:51:54.9594198Z ##[start-action display=Run actions/setup-python@v5;id=__4f210b21-c5bf-4988-a44d-8a916729796d.__actions_setup-python]
2026-10-08T23:51:54.9622698Z Post job cleanup.
2026-10-08T23:51:55.0342974Z (node:3609) [DEP0040] DeprecationWarning: The `punycode` module is deprecated. Please use a userland alternative instead.
2026-10-08T23:51:55.0343615Z (Use `node --trace-deprecation ...` to show where the warning was created)
2026-10-08T23:51:55.0443506Z ##[end-action id=__4f210b21-c5bf-4988-a44d-8a916729796d.__actions_setup-python;outcome=success;conclusion=success;duration_ms=84]
2026-10-08T23:51:55.0508970Z Post job cleanup.
2026-10-08T23:51:55.1188930Z [command]/usr/bin/git version
2026-10-08T23:51:55.1189353Z git version 2.55.0
2026-10-08T23:51:55.1202007Z Temporarily overriding HOME='/home/runner/work/_temp/57df1fc4-8bee-427b-9d68-55517b5eb43b' before making global git config changes
2026-10-08T23:51:55.1209064Z Adding repository directory to the temporary git global config as a safe directory
2026-10-08T23:51:55.1212574Z [command]/usr/bin/git config --global --add safe.directory /home/runner/work/voxelverse/voxelverse
2026-10-08T23:51:55.1239373Z [command]/usr/bin/git config --local --name-only --get-regexp core\.sshCommand
2026-10-08T23:51:55.1278756Z [command]/usr/bin/git submodule foreach --recursive sh -c "git config --local --name-only --get-regexp 'core\.sshCommand' && git config --local --unset-all 'core.sshCommand' || :"
2026-10-08T23:51:55.1513375Z [command]/usr/bin/git config --local --name-only --get-regexp http\.https\:\/\/github\.com\/\.extraheader
2026-10-08T23:51:55.1531131Z http.https://github.com/.extraheader
2026-10-08T23:51:55.1545012Z [command]/usr/bin/git config --local --unset-all http.https://github.com/.extraheader
2026-10-08T23:51:55.1567923Z [command]/usr/bin/git submodule foreach --recursive sh -c "git config --local --name-only --get-regexp 'http\.https\:\/\/github\.com\/\.extraheader' && git config --local --unset-all 'http.https://github.com/.extraheader' || :"
2026-10-08T23:51:55.1770059Z [command]/usr/bin/git config --local --name-only --get-regexp ^includeIf\.gitdir:
2026-10-08T23:51:55.1830352Z [command]/usr/bin/git submodule foreach --recursive git config --local --show-origin --name-only --get-regexp remote.origin.url
2026-10-08T23:51:55.2156803Z Cleaning up orphan processes
2026-10-08T23:51:55.2350918Z ##[warning]Node.js 20 is deprecated. The following actions target Node.js 20 but are being forced to run on Node.js 24: actions/cache@v4, actions/checkout@v4, actions/setup-python@v5, actions/upload-artifact@v4. For more information see: https://github.blog/changelog/2025-09-19-deprecation-of-node-20-on-github-actions-runners/
