2026-10-08T23:57:24.9057834Z Current runner version: '2.337.0'
2026-10-08T23:57:24.9085073Z ##[group]Runner Image Provisioner
2026-10-08T23:57:24.9086419Z Hosted Compute Agent
2026-10-08T23:57:24.9087126Z Version: 20261002.596
2026-10-08T23:57:24.9087815Z Commit: c3d12f3313a95f25162a1503be624f3b0617f8c0
2026-10-08T23:57:24.9088600Z Build Date: 2026-10-02T22:28:27Z
2026-10-08T23:57:24.9089341Z Worker ID: {a20c527b-4699-4bcd-a934-56650fe4e4d8}
2026-10-08T23:57:24.9090119Z Region: westus2
2026-10-08T23:57:24.9090728Z Cloud: Azure
2026-10-08T23:57:24.9091270Z ##[endgroup]
2026-10-08T23:57:24.9093133Z ##[group]Operating System
2026-10-08T23:57:24.9093919Z Ubuntu
2026-10-08T23:57:24.9094453Z 24.04.5
2026-10-08T23:57:24.9095005Z LTS
2026-10-08T23:57:24.9095883Z ##[endgroup]
2026-10-08T23:57:24.9096493Z ##[group]Runner Image
2026-10-08T23:57:24.9097183Z Image: ubuntu-24.04
2026-10-08T23:57:24.9097753Z Version: 20261004.327.1
2026-10-08T23:57:24.9099101Z Included Software: https://github.com/actions/runner-images/blob/ubuntu24/20261004.327/images/ubuntu/Ubuntu2404-Readme.md
2026-10-08T23:57:24.9100722Z Image Release: https://github.com/actions/runner-images/releases/tag/ubuntu24%2F20261004.327
2026-10-08T23:57:24.9101792Z ##[endgroup]
2026-10-08T23:57:24.9102882Z ##[group]GITHUB_TOKEN Permissions
2026-10-08T23:57:24.9105141Z Contents: read
2026-10-08T23:57:24.9106064Z Metadata: read
2026-10-08T23:57:24.9106747Z ##[endgroup]
2026-10-08T23:57:24.9109012Z Secret source: Actions
2026-10-08T23:57:24.9110063Z Cache mode: write
2026-10-08T23:57:24.9111179Z Prepare workflow directory
2026-10-08T23:57:24.9468903Z Prepare all required actions
2026-10-08T23:57:24.9579211Z Complete job name: Godot validation gate
2026-10-08T23:57:25.0444897Z ##[group]Run test "$CONTRACTS_RESULT" = success
2026-10-08T23:57:25.0446338Z [36;1mtest "$CONTRACTS_RESULT" = success[0m
2026-10-08T23:57:25.0447452Z [36;1mif [ "$SOURCE_REQUIRED" = true ]; then test "$SOURCE_RESULT" = success; else test "$SOURCE_RESULT" = skipped; fi[0m
2026-10-08T23:57:25.0449235Z [36;1mif [ "$RUNTIME_REQUIRED" = true ]; then test "$RUNTIME_RESULT" = success; else test "$RUNTIME_RESULT" = skipped; fi[0m
2026-10-08T23:57:25.1486260Z shell: /usr/bin/bash -e {0}
2026-10-08T23:57:25.1488046Z env:
2026-10-08T23:57:25.1489007Z   CONTRACTS_RESULT: success
2026-10-08T23:57:25.1490053Z   SOURCE_RESULT: success
2026-10-08T23:57:25.1491296Z   RUNTIME_RESULT: success
2026-10-08T23:57:25.1492304Z   SOURCE_REQUIRED: true
2026-10-08T23:57:25.1493313Z   RUNTIME_REQUIRED: true
2026-10-08T23:57:25.1494397Z ##[endgroup]
2026-10-08T23:57:25.2151975Z Cleaning up orphan processes
