2026-10-08T23:26:17.0683308Z Current runner version: '2.337.0'
2026-10-08T23:26:17.0708834Z ##[group]Runner Image Provisioner
2026-10-08T23:26:17.0709868Z Hosted Compute Agent
2026-10-08T23:26:17.0710477Z Version: 20261002.596
2026-10-08T23:26:17.0711117Z Commit: c3d12f3313a95f25162a1503be624f3b0617f8c0
2026-10-08T23:26:17.0711973Z Build Date: 2026-10-02T22:28:27Z
2026-10-08T23:26:17.0712708Z Worker ID: {1a7644fc-6e02-4615-9c4f-4a30c74c990c}
2026-10-08T23:26:17.0713476Z Region: southcentralus
2026-10-08T23:26:17.0714089Z Cloud: Azure
2026-10-08T23:26:17.0714650Z ##[endgroup]
2026-10-08T23:26:17.0715989Z ##[group]Operating System
2026-10-08T23:26:17.0716661Z Ubuntu
2026-10-08T23:26:17.0717297Z 24.04.5
2026-10-08T23:26:17.0718119Z LTS
2026-10-08T23:26:17.0718703Z ##[endgroup]
2026-10-08T23:26:17.0719336Z ##[group]Runner Image
2026-10-08T23:26:17.0720032Z Image: ubuntu-24.04
2026-10-08T23:26:17.0720605Z Version: 20261004.327.1
2026-10-08T23:26:17.0721986Z Included Software: https://github.com/actions/runner-images/blob/ubuntu24/20261004.327/images/ubuntu/Ubuntu2404-Readme.md
2026-10-08T23:26:17.0723620Z Image Release: https://github.com/actions/runner-images/releases/tag/ubuntu24%2F20261004.327
2026-10-08T23:26:17.0724684Z ##[endgroup]
2026-10-08T23:26:17.0725883Z ##[group]GITHUB_TOKEN Permissions
2026-10-08T23:26:17.0728419Z Contents: read
2026-10-08T23:26:17.0729039Z Metadata: read
2026-10-08T23:26:17.0729772Z ##[endgroup]
2026-10-08T23:26:17.0732325Z Secret source: Actions
2026-10-08T23:26:17.0733394Z Cache mode: write
2026-10-08T23:26:17.0734281Z Prepare workflow directory
2026-10-08T23:26:17.1070918Z Prepare all required actions
2026-10-08T23:26:17.1118428Z Getting action download info
2026-10-08T23:26:17.3842592Z Download action repository 'actions/checkout@v4' (SHA:11d5960a326750d5838078e36cf38b85af677262)
2026-10-08T23:26:17.4623966Z Download action repository 'actions/upload-artifact@v4' (SHA:ea165f8d65b6e75b540449e92b4886f43607fa02)
2026-10-08T23:26:17.6720636Z Complete job name: source (0, int30_world_map_campaign_test, r32_14_speed_test, r32_19_resident_ui_test, r33_06_equi...
2026-10-08T23:26:17.7474964Z ##[group]Run actions/checkout@v4
2026-10-08T23:26:17.7475794Z with:
2026-10-08T23:26:17.7476263Z   repository: MajorDragonfly/voxelverse
2026-10-08T23:26:17.7480699Z   token: ***
2026-10-08T23:26:17.7481150Z   ssh-strict: true
2026-10-08T23:26:17.7481597Z   ssh-user: git
2026-10-08T23:26:17.7482051Z   persist-credentials: true
2026-10-08T23:26:17.7482549Z   clean: true
2026-10-08T23:26:17.7483000Z   sparse-checkout-cone-mode: true
2026-10-08T23:26:17.7483524Z   fetch-depth: 1
2026-10-08T23:26:17.7483960Z   fetch-tags: false
2026-10-08T23:26:17.7484421Z   show-progress: true
2026-10-08T23:26:17.7484868Z   lfs: false
2026-10-08T23:26:17.7485280Z   submodules: false
2026-10-08T23:26:17.7485729Z   set-safe-directory: true
2026-10-08T23:26:17.7486231Z   allow-unsafe-pr-checkout: false
2026-10-08T23:26:17.7486934Z ##[endgroup]
2026-10-08T23:26:17.8493318Z Syncing repository: MajorDragonfly/voxelverse
2026-10-08T23:26:17.8495752Z ##[group]Getting Git version info
2026-10-08T23:26:17.8496971Z Working directory is '/home/runner/work/voxelverse/voxelverse'
2026-10-08T23:26:17.8498664Z [command]/usr/bin/git version
2026-10-08T23:26:17.8566130Z git version 2.55.0
2026-10-08T23:26:17.8587311Z ##[endgroup]
2026-10-08T23:26:17.8602746Z Temporarily overriding HOME='/home/runner/work/_temp/a2a1d318-a297-49e0-a336-2ee330b4bfbc' before making global git config changes
2026-10-08T23:26:17.8604998Z Adding repository directory to the temporary git global config as a safe directory
2026-10-08T23:26:17.8608417Z [command]/usr/bin/git config --global --add safe.directory /home/runner/work/voxelverse/voxelverse
2026-10-08T23:26:17.8661052Z Deleting the contents of '/home/runner/work/voxelverse/voxelverse'
2026-10-08T23:26:17.8665103Z ##[group]Initializing the repository
2026-10-08T23:26:17.8670944Z [command]/usr/bin/git init /home/runner/work/voxelverse/voxelverse
2026-10-08T23:26:17.8744303Z hint: Using 'master' as the name for the initial branch. This default branch name
2026-10-08T23:26:17.8746106Z hint: will change to "main" in Git 3.0. To configure the initial branch name
2026-10-08T23:26:17.8747040Z hint: to use in all of your new repositories, which will suppress this warning,
2026-10-08T23:26:17.8747886Z hint: call:
2026-10-08T23:26:17.8748308Z hint:
2026-10-08T23:26:17.8748820Z hint: 	git config --global init.defaultBranch <name>
2026-10-08T23:26:17.8749442Z hint:
2026-10-08T23:26:17.8750021Z hint: Names commonly chosen instead of 'master' are 'main', 'trunk' and
2026-10-08T23:26:17.8750938Z hint: 'development'. The just-created branch can be renamed via this command:
2026-10-08T23:26:17.8751673Z hint:
2026-10-08T23:26:17.8752094Z hint: 	git branch -m <name>
2026-10-08T23:26:17.8752573Z hint:
2026-10-08T23:26:17.8753191Z hint: Disable this message with "git config set advice.defaultBranchName false"
2026-10-08T23:26:17.8758535Z Initialized empty Git repository in /home/runner/work/voxelverse/voxelverse/.git/
2026-10-08T23:26:17.8777653Z [command]/usr/bin/git remote add origin https://github.com/MajorDragonfly/voxelverse
2026-10-08T23:26:17.8814182Z ##[endgroup]
2026-10-08T23:26:17.8814989Z ##[group]Disabling automatic garbage collection
2026-10-08T23:26:17.8819290Z [command]/usr/bin/git config --local gc.auto 0
2026-10-08T23:26:17.8853504Z ##[endgroup]
2026-10-08T23:26:17.8854350Z ##[group]Setting up auth
2026-10-08T23:26:17.8861574Z [command]/usr/bin/git config --local --name-only --get-regexp core\.sshCommand
2026-10-08T23:26:17.8900824Z [command]/usr/bin/git submodule foreach --recursive sh -c "git config --local --name-only --get-regexp 'core\.sshCommand' && git config --local --unset-all 'core.sshCommand' || :"
2026-10-08T23:26:17.9249340Z [command]/usr/bin/git config --local --name-only --get-regexp http\.https\:\/\/github\.com\/\.extraheader
2026-10-08T23:26:17.9300480Z [command]/usr/bin/git submodule foreach --recursive sh -c "git config --local --name-only --get-regexp 'http\.https\:\/\/github\.com\/\.extraheader' && git config --local --unset-all 'http.https://github.com/.extraheader' || :"
2026-10-08T23:26:17.9562086Z [command]/usr/bin/git config --local --name-only --get-regexp ^includeIf\.gitdir:
2026-10-08T23:26:17.9600116Z [command]/usr/bin/git submodule foreach --recursive git config --local --show-origin --name-only --get-regexp remote.origin.url
2026-10-08T23:26:17.9839871Z [command]/usr/bin/git config --local http.https://github.com/.extraheader AUTHORIZATION: basic ***
2026-10-08T23:26:17.9882713Z ##[endgroup]
2026-10-08T23:26:17.9883523Z ##[group]Fetching the repository
2026-10-08T23:26:17.9892188Z [command]/usr/bin/git -c protocol.version=2 fetch --no-tags --prune --no-recurse-submodules --depth=1 origin +29029ea9c9c5e6b58c2b064c0555766f6fdbe8c7:refs/remotes/pull/285/merge
2026-10-08T23:26:28.0102855Z From https://github.com/MajorDragonfly/voxelverse
2026-10-08T23:26:28.0104986Z  * [new ref]         29029ea9c9c5e6b58c2b064c0555766f6fdbe8c7 -> pull/285/merge
2026-10-08T23:26:28.0134583Z ##[endgroup]
2026-10-08T23:26:28.0136330Z ##[group]Determining the checkout info
2026-10-08T23:26:28.0138506Z ##[endgroup]
2026-10-08T23:26:28.0139524Z [command]/usr/bin/git sparse-checkout disable
2026-10-08T23:26:28.0195922Z [command]/usr/bin/git config --local --unset-all extensions.worktreeConfig
2026-10-08T23:26:28.0239734Z ##[group]Checking out the ref
2026-10-08T23:26:28.0243156Z [command]/usr/bin/git checkout --progress --force refs/remotes/pull/285/merge
2026-10-08T23:26:29.1051558Z Updating files:  42% (4206/9986)
2026-10-08T23:26:29.1176461Z Updating files:  43% (4294/9986)
2026-10-08T23:26:29.1289964Z Updating files:  44% (4394/9986)
2026-10-08T23:26:29.1826744Z Updating files:  45% (4494/9986)
2026-10-08T23:26:29.2383883Z Updating files:  46% (4594/9986)
2026-10-08T23:26:29.2638670Z Updating files:  47% (4694/9986)
2026-10-08T23:26:29.2895089Z Updating files:  48% (4794/9986)
2026-10-08T23:26:29.3075807Z Updating files:  49% (4894/9986)
2026-10-08T23:26:29.3498792Z Updating files:  50% (4993/9986)
2026-10-08T23:26:29.3813875Z Updating files:  51% (5093/9986)
2026-10-08T23:26:29.4138431Z Updating files:  52% (5193/9986)
2026-10-08T23:26:29.4241217Z Updating files:  53% (5293/9986)
2026-10-08T23:26:29.4329467Z Updating files:  54% (5393/9986)
2026-10-08T23:26:29.4426234Z Updating files:  55% (5493/9986)
2026-10-08T23:26:29.4863267Z Updating files:  56% (5593/9986)
2026-10-08T23:26:29.4967911Z Updating files:  57% (5693/9986)
2026-10-08T23:26:29.5733636Z Updating files:  58% (5792/9986)
2026-10-08T23:26:29.5943717Z Updating files:  59% (5892/9986)
2026-10-08T23:26:29.6010349Z Updating files:  60% (5992/9986)
2026-10-08T23:26:29.6073894Z Updating files:  61% (6092/9986)
2026-10-08T23:26:29.6138610Z Updating files:  62% (6192/9986)
2026-10-08T23:26:29.6461776Z Updating files:  63% (6292/9986)
2026-10-08T23:26:29.6926545Z Updating files:  64% (6392/9986)
2026-10-08T23:26:29.6989557Z Updating files:  65% (6491/9986)
2026-10-08T23:26:29.7167507Z Updating files:  66% (6591/9986)
2026-10-08T23:26:29.7424308Z Updating files:  67% (6691/9986)
2026-10-08T23:26:29.7666181Z Updating files:  68% (6791/9986)
2026-10-08T23:26:29.7753558Z Updating files:  69% (6891/9986)
2026-10-08T23:26:29.8725507Z Updating files:  70% (6991/9986)
2026-10-08T23:26:29.9707015Z Updating files:  71% (7091/9986)
2026-10-08T23:26:30.0099442Z Updating files:  72% (7190/9986)
2026-10-08T23:26:30.0498957Z Updating files:  73% (7290/9986)
2026-10-08T23:26:30.0857220Z Updating files:  74% (7390/9986)
2026-10-08T23:26:30.0875790Z Updating files:  74% (7479/9986)
2026-10-08T23:26:30.1226163Z Updating files:  75% (7490/9986)
2026-10-08T23:26:30.1543398Z Updating files:  76% (7590/9986)
2026-10-08T23:26:30.1608658Z Updating files:  77% (7690/9986)
2026-10-08T23:26:30.1768406Z Updating files:  78% (7790/9986)
2026-10-08T23:26:30.2284388Z Updating files:  79% (7889/9986)
2026-10-08T23:26:30.3466318Z Updating files:  80% (7989/9986)
2026-10-08T23:26:30.3536234Z Updating files:  81% (8089/9986)
2026-10-08T23:26:30.3594016Z Updating files:  82% (8189/9986)
2026-10-08T23:26:30.3654812Z Updating files:  83% (8289/9986)
2026-10-08T23:26:30.3708787Z Updating files:  84% (8389/9986)
2026-10-08T23:26:30.3760117Z Updating files:  85% (8489/9986)
2026-10-08T23:26:30.3815060Z Updating files:  86% (8588/9986)
2026-10-08T23:26:30.3875838Z Updating files:  87% (8688/9986)
2026-10-08T23:26:30.3925634Z Updating files:  88% (8788/9986)
2026-10-08T23:26:30.3974320Z Updating files:  89% (8888/9986)
2026-10-08T23:26:30.4029148Z Updating files:  90% (8988/9986)
2026-10-08T23:26:30.4085003Z Updating files:  91% (9088/9986)
2026-10-08T23:26:30.4140776Z Updating files:  92% (9188/9986)
2026-10-08T23:26:30.4186434Z Updating files:  93% (9287/9986)
2026-10-08T23:26:30.4241082Z Updating files:  94% (9387/9986)
2026-10-08T23:26:30.4287916Z Updating files:  95% (9487/9986)
2026-10-08T23:26:30.4335387Z Updating files:  96% (9587/9986)
2026-10-08T23:26:30.4378067Z Updating files:  97% (9687/9986)
2026-10-08T23:26:30.4427110Z Updating files:  98% (9787/9986)
2026-10-08T23:26:30.4471375Z Updating files:  99% (9887/9986)
2026-10-08T23:26:30.4471732Z Updating files: 100% (9986/9986)
2026-10-08T23:26:30.4472164Z Updating files: 100% (9986/9986), done.
2026-10-08T23:26:30.4575580Z Note: switching to 'refs/remotes/pull/285/merge'.
2026-10-08T23:26:30.4576105Z 
2026-10-08T23:26:30.4576407Z You are in 'detached HEAD' state. You can look around, make experimental
2026-10-08T23:26:30.4577039Z changes and commit them, and you can discard any commits you make in this
2026-10-08T23:26:30.4577516Z state without impacting any branches by switching back to a branch.
2026-10-08T23:26:30.4578018Z 
2026-10-08T23:26:30.4578259Z If you want to create a new branch to retain commits you create, you may
2026-10-08T23:26:30.4578706Z do so (now or later) by using -c with the switch command. Example:
2026-10-08T23:26:30.4578964Z 
2026-10-08T23:26:30.4579085Z   git switch -c <new-branch-name>
2026-10-08T23:26:30.4579257Z 
2026-10-08T23:26:30.4579370Z Or undo this operation with:
2026-10-08T23:26:30.4579535Z 
2026-10-08T23:26:30.4579625Z   git switch -
2026-10-08T23:26:30.4579757Z 
2026-10-08T23:26:30.4580290Z Turn off this advice by setting config variable advice.detachedHead to false
2026-10-08T23:26:30.4580598Z 
2026-10-08T23:26:30.4580931Z HEAD is now at 29029ea Merge 39228e74cdb6604e6e835b4df7f9a28de0202623 into 93154055bcb3315b62a4ba89f57fb21666f414a7
2026-10-08T23:26:30.4708115Z ##[endgroup]
2026-10-08T23:26:30.4762929Z [command]/usr/bin/git log -1 --format=%H
2026-10-08T23:26:30.4796818Z 29029ea9c9c5e6b58c2b064c0555766f6fdbe8c7
2026-10-08T23:26:30.5172987Z Prepare all required actions
2026-10-08T23:26:30.5173551Z Getting action download info
2026-10-08T23:26:30.6270530Z Download action repository 'actions/setup-python@v5' (SHA:a26af69be951a213d495a4c3e4e4022e16d87065)
2026-10-08T23:26:30.7073707Z Download action repository 'actions/cache@v4' (SHA:0057852bfaa89a56745cba8c7296529d2fc39830)
2026-10-08T23:26:30.8185761Z ##[group]Run ./.github/actions/setup-godot-editor
2026-10-08T23:26:30.8186083Z ##[endgroup]
2026-10-08T23:26:30.8245712Z ##[start-action display=Run actions/setup-python@v5;id=engine.__actions_setup-python]
2026-10-08T23:26:30.8339779Z ##[group]Run actions/setup-python@v5
2026-10-08T23:26:30.8340053Z with:
2026-10-08T23:26:30.8340267Z   python-version: 3.12
2026-10-08T23:26:30.8340492Z   check-latest: false
2026-10-08T23:26:30.8343271Z   token: ***
2026-10-08T23:26:30.8343499Z   update-environment: true
2026-10-08T23:26:30.8343756Z   allow-prereleases: false
2026-10-08T23:26:30.8343997Z   freethreaded: false
2026-10-08T23:26:30.8344268Z ##[endgroup]
2026-10-08T23:26:30.9656810Z ##[group]Installed versions
2026-10-08T23:26:30.9734257Z (node:2304) [DEP0040] DeprecationWarning: The `punycode` module is deprecated. Please use a userland alternative instead.
2026-10-08T23:26:30.9734963Z (Use `node --trace-deprecation ...` to show where the warning was created)
2026-10-08T23:26:30.9735721Z Successfully set up CPython (3.12.15)
2026-10-08T23:26:30.9736406Z ##[endgroup]
2026-10-08T23:26:30.9907378Z ##[end-action id=engine.__actions_setup-python;outcome=success;conclusion=success;duration_ms=166]
2026-10-08T23:26:30.9911222Z ##[start-action display=Run actions/cache@v4;id=engine.__actions_cache]
2026-10-08T23:26:31.0554649Z ##[group]Run actions/cache@v4
2026-10-08T23:26:31.0554911Z with:
2026-10-08T23:26:31.0555184Z   path: /home/runner/work/_temp/godot-editor-toolchain/*.zip
2026-10-08T23:26:31.0555761Z   key: godot-editor-Linux-X64-5885d59645dadd285929dd7d5f6cfe84ff5d5f764de43c4d9f092dad44c58ac1
2026-10-08T23:26:31.0556282Z   enableCrossOsArchive: false
2026-10-08T23:26:31.0556535Z   fail-on-cache-miss: false
2026-10-08T23:26:31.0556777Z   lookup-only: false
2026-10-08T23:26:31.0556989Z   save-always: false
2026-10-08T23:26:31.0557193Z env:
2026-10-08T23:26:31.0557455Z   pythonLocation: /opt/hostedtoolcache/Python/3.12.15/x64
2026-10-08T23:26:31.0558340Z   PKG_CONFIG_PATH: /opt/hostedtoolcache/Python/3.12.15/x64/lib/pkgconfig
2026-10-08T23:26:31.0558770Z   Python_ROOT_DIR: /opt/hostedtoolcache/Python/3.12.15/x64
2026-10-08T23:26:31.0559151Z   Python2_ROOT_DIR: /opt/hostedtoolcache/Python/3.12.15/x64
2026-10-08T23:26:31.0559556Z   Python3_ROOT_DIR: /opt/hostedtoolcache/Python/3.12.15/x64
2026-10-08T23:26:31.0559963Z   LD_LIBRARY_PATH: /opt/hostedtoolcache/Python/3.12.15/x64/lib
2026-10-08T23:26:31.0560293Z ##[endgroup]
2026-10-08T23:26:31.1623236Z (node:2324) [DEP0040] DeprecationWarning: The `punycode` module is deprecated. Please use a userland alternative instead.
2026-10-08T23:26:31.1624190Z (Use `node --trace-deprecation ...` to show where the warning was created)
2026-10-08T23:26:31.3199561Z Cache hit for: godot-editor-Linux-X64-5885d59645dadd285929dd7d5f6cfe84ff5d5f764de43c4d9f092dad44c58ac1
2026-10-08T23:26:31.3300470Z (node:2324) [DEP0169] DeprecationWarning: `url.parse()` behavior is not standardized and prone to errors that have security implications. Use the WHATWG URL API instead. CVEs are not issued for `url.parse()` vulnerabilities.
2026-10-08T23:26:32.4414653Z Received 71777733 of 71777733 (100.0%), 71.3 MBs/sec
2026-10-08T23:26:32.4416627Z Cache Size: ~68 MB (71777733 B)
2026-10-08T23:26:32.4489118Z [command]/usr/bin/tar -xf /home/runner/work/_temp/30ff9877-5546-4f30-874b-25deb2495a76/cache.tzst -P -C /home/runner/work/voxelverse/voxelverse --use-compress-program unzstd
2026-10-08T23:26:32.5580942Z Cache restored successfully
2026-10-08T23:26:32.5697498Z Cache restored from key: godot-editor-Linux-X64-5885d59645dadd285929dd7d5f6cfe84ff5d5f764de43c4d9f092dad44c58ac1
2026-10-08T23:26:32.5786052Z ##[end-action id=engine.__actions_cache;outcome=success;conclusion=success;duration_ms=1587]
2026-10-08T23:26:32.5790400Z ##[start-action display=Verify and install editor only;id=engine.install]
2026-10-08T23:26:32.5832856Z ##[group]Run python tools/install_godot.py --directory "$RUNNER_TEMP/godot-editor-toolchain" --platform linux --editor-only
2026-10-08T23:26:32.5833787Z [36;1mpython tools/install_godot.py --directory "$RUNNER_TEMP/godot-editor-toolchain" --platform linux --editor-only[0m
2026-10-08T23:26:32.5834364Z [36;1mpython - <<'PY'[0m
2026-10-08T23:26:32.5834606Z [36;1mimport json, os[0m
2026-10-08T23:26:32.5834865Z [36;1mfrom pathlib import Path[0m
2026-10-08T23:26:32.5835411Z [36;1mmetadata = json.loads((Path(os.environ['RUNNER_TEMP']) / 'godot-editor-toolchain/editor-toolchain.json').read_text())[0m
2026-10-08T23:26:32.5836073Z [36;1mwith open(os.environ['GITHUB_OUTPUT'], 'a', encoding='utf-8') as output:[0m
2026-10-08T23:26:32.5836535Z [36;1m    output.write('godot=' + metadata['editor'] + '\n')[0m
2026-10-08T23:26:32.5836883Z [36;1mPY[0m
2026-10-08T23:26:32.6070088Z shell: /usr/bin/bash --noprofile --norc -e -o pipefail {0}
2026-10-08T23:26:32.6070461Z env:
2026-10-08T23:26:32.6070749Z   pythonLocation: /opt/hostedtoolcache/Python/3.12.15/x64
2026-10-08T23:26:32.6071193Z   PKG_CONFIG_PATH: /opt/hostedtoolcache/Python/3.12.15/x64/lib/pkgconfig
2026-10-08T23:26:32.6071638Z   Python_ROOT_DIR: /opt/hostedtoolcache/Python/3.12.15/x64
2026-10-08T23:26:32.6072020Z   Python2_ROOT_DIR: /opt/hostedtoolcache/Python/3.12.15/x64
2026-10-08T23:26:32.6072399Z   Python3_ROOT_DIR: /opt/hostedtoolcache/Python/3.12.15/x64
2026-10-08T23:26:32.6072801Z   LD_LIBRARY_PATH: /opt/hostedtoolcache/Python/3.12.15/x64/lib
2026-10-08T23:26:32.6073157Z ##[endgroup]
2026-10-08T23:26:33.3338018Z {"version": "4.6.3", "editor": "/home/runner/work/_temp/godot-editor-toolchain/editor/Godot_v4.6.3-stable_linux.x86_64", "templates": null}
2026-10-08T23:26:33.3754832Z ##[end-action id=engine.install;outcome=success;conclusion=success;duration_ms=796]
2026-10-08T23:26:33.3870232Z ##[group]Run python3 - <<'PY'
2026-10-08T23:26:33.3870582Z [36;1mpython3 - <<'PY'[0m
2026-10-08T23:26:33.3870839Z [36;1mimport os[0m
2026-10-08T23:26:33.3871058Z [36;1mimport json[0m
2026-10-08T23:26:33.3871281Z [36;1mimport sys[0m
2026-10-08T23:26:33.3871535Z [36;1mfrom tools.validate_godot import main[0m
2026-10-08T23:26:33.3871833Z [36;1m[0m
2026-10-08T23:26:33.3872079Z [36;1mshard = int(os.environ["VALIDATION_SHARD"])[0m
2026-10-08T23:26:33.3872468Z [36;1mselected = json.loads(os.environ["VALIDATION_TESTS"])[0m
2026-10-08T23:26:33.3872926Z [36;1massert selected, "Source shard unexpectedly contains no tests"[0m
2026-10-08T23:26:33.3873415Z [36;1mprint(f"Source shard {shard}: {len(selected)} planned tests", flush=True)[0m
2026-10-08T23:26:33.3873950Z [36;1msys.argv = ["validate_godot", "--godot", os.environ["GODOT_BINARY"],[0m
2026-10-08T23:26:33.3874429Z [36;1m            "--skip-main", "--output", "/tmp/validation-validate",[0m
2026-10-08T23:26:33.3874838Z [36;1m            "--tests", *selected][0m
2026-10-08T23:26:33.3875129Z [36;1mraise SystemExit(main())[0m
2026-10-08T23:26:33.3875381Z [36;1mPY[0m
2026-10-08T23:26:33.3944937Z shell: /usr/bin/bash -e {0}
2026-10-08T23:26:33.3945208Z env:
2026-10-08T23:26:33.3945489Z   pythonLocation: /opt/hostedtoolcache/Python/3.12.15/x64
2026-10-08T23:26:33.3945930Z   PKG_CONFIG_PATH: /opt/hostedtoolcache/Python/3.12.15/x64/lib/pkgconfig
2026-10-08T23:26:33.3946361Z   Python_ROOT_DIR: /opt/hostedtoolcache/Python/3.12.15/x64
2026-10-08T23:26:33.3946744Z   Python2_ROOT_DIR: /opt/hostedtoolcache/Python/3.12.15/x64
2026-10-08T23:26:33.3947531Z   Python3_ROOT_DIR: /opt/hostedtoolcache/Python/3.12.15/x64
2026-10-08T23:26:33.3948025Z   LD_LIBRARY_PATH: /opt/hostedtoolcache/Python/3.12.15/x64/lib
2026-10-08T23:26:33.3948572Z   GODOT_BINARY: /home/runner/work/_temp/godot-editor-toolchain/editor/Godot_v4.6.3-stable_linux.x86_64
2026-10-08T23:26:33.3949060Z   VALIDATION_SHARD: 0
2026-10-08T23:26:33.3952292Z   VALIDATION_TESTS: [
  "int30_world_map_campaign_test",
  "r32_14_speed_test",
  "r32_19_resident_ui_test",
  "r33_06_equipment_model_test",
  "egg_species_campaign_test",
  "int30_scenery_collision_world_test",
  "pause_menu_test",
  "surface_distance_world_test",
  "tribal_neighbors_generated_test",
  "menu_input_test",
  "creature_ornament_families_test",
  "large_planet_lab_test",
  "radial_step_test",
  "creature_library_favorites_test",
  "living_creature_ai_test",
  "adaptive_planet_test",
  "creature_parts_studio_test",
  "journal_paging_test",
  "building_editor_input_test",
  "audio/creature_audio_budget_test",
  "owned_animal_localization_test",
  "building_design_exchange_test",
  "egg_species_contract_test",
  "audio/animal_action_feedback_test",
  "player_recovery_test",
  "step_camera_test",
  "body_identity_test",
  "shipyard_test",
  "int30_building_templates_test",
  "weather_model_test",
  "minimap_test",
  "creature_eye_expression_test",
  "weather_forecast_ui_test",
  "village_navigation_budget_test",
  "planet_diversity_v9_test",
  "world_motion_visual_test"
]
2026-10-08T23:26:33.3956115Z ##[endgroup]
2026-10-08T23:26:33.4625045Z Source shard 0: 36 planned tests
2026-10-08T23:26:36.4694234Z Validation output: /tmp/validation-validate
2026-10-08T23:26:39.8783935Z {"name": "source_contracts", "kind": "source_contract", "passed": true, "exit_code": 0, "seconds": 1.268, "command": ["/opt/hostedtoolcache/Python/3.12.15/x64/bin/python3", "/home/runner/work/voxelverse/voxelverse/tools/check_validation_contracts.py", "--project", "/home/runner/work/voxelverse/voxelverse", "--output", "/tmp/validation-validate/contracts.json"], "log_sha256": "6985b78d484e2778065c05d7c65a925147c03376e4c33a7b8cf93933b3169177", "process_passed": true, "source_sha256": "54ac539e75d18e7cbef555a13b1a7b44b41008bdc25bcede49fe89ec83e1542f", "source_status": "unchanged"}
2026-10-08T23:26:49.3728963Z {"name": "import", "kind": "editor_import", "passed": true, "exit_code": 0, "seconds": 8.695, "command": ["/tmp/voxelverse-validation-editor-qbnbbrt6/Godot_v4.6.3-stable_linux.x86_64", "--headless", "--verbose", "--path", "/home/runner/work/voxelverse/voxelverse", "--import"], "log_sha256": "8e1c468f7cf509f742da4964bb9d9cd7bbc70242723a7b7ae0b3cd08da6248b9", "process_passed": true, "source_sha256": "54ac539e75d18e7cbef555a13b1a7b44b41008bdc25bcede49fe89ec83e1542f", "source_status": "import_preparation"}
2026-10-08T23:26:52.9001233Z {"name": "art_sources", "kind": "source_contract", "passed": true, "exit_code": 0, "seconds": 2.772, "command": ["/opt/hostedtoolcache/Python/3.12.15/x64/bin/python3", "/home/runner/work/voxelverse/voxelverse/tools/art/export_benchmark_source.py", "--check"], "log_sha256": "ad517d737b20d92ed3f15926472501e1a08f957b983211b589962a8442b66108", "process_passed": true, "source_sha256": "54ac539e75d18e7cbef555a13b1a7b44b41008bdc25bcede49fe89ec83e1542f", "source_status": "unchanged"}
2026-10-08T23:29:07.4339906Z {"name": "int30_world_map_campaign_test", "kind": "headless_godot", "passed": true, "exit_code": 0, "seconds": 133.787, "command": ["/tmp/voxelverse-validation-editor-qbnbbrt6/Godot_v4.6.3-stable_linux.x86_64", "--headless", "--verbose", "--path", "/home/runner/work/voxelverse/voxelverse", "--script", "res://tests/int30_world_map_campaign_test.gd"], "log_sha256": "afef52b3553b58e198653ef2675c88b2c5f4a6b448e227ed6c62d0952c9d2f5a", "contract": "discovery_map", "process_passed": true, "source_sha256": "54ac539e75d18e7cbef555a13b1a7b44b41008bdc25bcede49fe89ec83e1542f", "source_status": "unchanged"}
2026-10-08T23:29:17.5282836Z {"name": "r32_14_speed_test", "kind": "headless_godot", "passed": true, "exit_code": 0, "seconds": 9.34, "command": ["/tmp/voxelverse-validation-editor-qbnbbrt6/Godot_v4.6.3-stable_linux.x86_64", "--headless", "--verbose", "--path", "/home/runner/work/voxelverse/voxelverse", "--script", "res://tests/r32_14_speed_test.gd"], "log_sha256": "146927cc28faf7acd6e5b594277c0a594207859827e73486d6e643bec8d8726a", "contract": "frontend_locale", "process_passed": true, "source_sha256": "54ac539e75d18e7cbef555a13b1a7b44b41008bdc25bcede49fe89ec83e1542f", "source_status": "unchanged"}
2026-10-08T23:29:57.2924226Z {"name": "r32_19_resident_ui_test", "kind": "headless_godot", "passed": true, "exit_code": 0, "seconds": 39.017, "command": ["/tmp/voxelverse-validation-editor-qbnbbrt6/Godot_v4.6.3-stable_linux.x86_64", "--headless", "--verbose", "--path", "/home/runner/work/voxelverse/voxelverse", "--script", "res://tests/r32_19_resident_ui_test.gd"], "log_sha256": "f47ec1f9c080a7f51e53fc59968799984bef0a52cd6073f045e58503fad822be", "contract": "village", "process_passed": true, "source_sha256": "54ac539e75d18e7cbef555a13b1a7b44b41008bdc25bcede49fe89ec83e1542f", "source_status": "unchanged"}
2026-10-08T23:30:00.2180917Z {"name": "r33_06_equipment_model_test", "kind": "headless_godot", "passed": true, "exit_code": 0, "seconds": 2.172, "command": ["/tmp/voxelverse-validation-editor-qbnbbrt6/Godot_v4.6.3-stable_linux.x86_64", "--headless", "--verbose", "--path", "/home/runner/work/voxelverse/voxelverse", "--script", "res://tests/r33_06_equipment_model_test.gd"], "log_sha256": "4a3a8a1ce7ee0affaf537595c8c7a9ba1470b78163cdab3f93ad76b02b3105df", "contract": "village", "process_passed": true, "source_sha256": "54ac539e75d18e7cbef555a13b1a7b44b41008bdc25bcede49fe89ec83e1542f", "source_status": "unchanged"}
2026-10-08T23:32:09.1953240Z {"name": "egg_species_campaign_test", "kind": "headless_godot", "passed": true, "exit_code": 0, "seconds": 128.222, "command": ["/tmp/voxelverse-validation-editor-qbnbbrt6/Godot_v4.6.3-stable_linux.x86_64", "--headless", "--verbose", "--path", "/home/runner/work/voxelverse/voxelverse", "--script", "res://tests/egg_species_campaign_test.gd"], "log_sha256": "f6b5a56eed631a8eaf3ca7f5b3504c597df5037370be20359694bab480d07e65", "contract": "domestic_fauna", "process_passed": true, "source_sha256": "54ac539e75d18e7cbef555a13b1a7b44b41008bdc25bcede49fe89ec83e1542f", "source_status": "unchanged"}
2026-10-08T23:33:28.6519537Z {"name": "int30_scenery_collision_world_test", "kind": "headless_godot", "passed": true, "exit_code": 0, "seconds": 78.701, "command": ["/tmp/voxelverse-validation-editor-qbnbbrt6/Godot_v4.6.3-stable_linux.x86_64", "--headless", "--verbose", "--path", "/home/runner/work/voxelverse/voxelverse", "--script", "res://tests/int30_scenery_collision_world_test.gd"], "log_sha256": "d7675d89715999e01854c5b4c39b1d036e1a0d220f5dc7e7bdcb397da72b8bc1", "contract": "surface", "process_passed": true, "source_sha256": "54ac539e75d18e7cbef555a13b1a7b44b41008bdc25bcede49fe89ec83e1542f", "source_status": "unchanged"}
2026-10-08T23:34:35.4115684Z {"name": "pause_menu_test", "kind": "headless_godot", "passed": true, "exit_code": 0, "seconds": 65.999, "command": ["/tmp/voxelverse-validation-editor-qbnbbrt6/Godot_v4.6.3-stable_linux.x86_64", "--headless", "--verbose", "--path", "/home/runner/work/voxelverse/voxelverse", "--script", "res://tests/pause_menu_test.gd"], "log_sha256": "16a20c5ed1709d9a6185506aa0913d1b5dc8316f1bc1032e6f75c3c874bfeadc", "contract": "frontend_locale", "process_passed": true, "source_sha256": "54ac539e75d18e7cbef555a13b1a7b44b41008bdc25bcede49fe89ec83e1542f", "source_status": "unchanged"}
2026-10-08T23:35:31.2915236Z {"name": "surface_distance_world_test", "kind": "headless_godot", "passed": true, "exit_code": 0, "seconds": 55.117, "command": ["/tmp/voxelverse-validation-editor-qbnbbrt6/Godot_v4.6.3-stable_linux.x86_64", "--headless", "--verbose", "--path", "/home/runner/work/voxelverse/voxelverse", "--script", "res://tests/surface_distance_world_test.gd"], "log_sha256": "fbed28067c09f669afdf1e17e3e1d8b283cf9f4b4a23ba5236916f7e83f91722", "contract": "surface", "process_passed": true, "source_sha256": "54ac539e75d18e7cbef555a13b1a7b44b41008bdc25bcede49fe89ec83e1542f", "source_status": "unchanged"}
2026-10-08T23:36:28.5180011Z {"name": "tribal_neighbors_generated_test", "kind": "headless_godot", "passed": true, "exit_code": 0, "seconds": 56.467, "command": ["/tmp/voxelverse-validation-editor-qbnbbrt6/Godot_v4.6.3-stable_linux.x86_64", "--headless", "--verbose", "--path", "/home/runner/work/voxelverse/voxelverse", "--script", "res://tests/tribal_neighbors_generated_test.gd"], "log_sha256": "aac81b03f55bbb19c1f72bf40132e0ef3bf32bf8c4457750ad7f252dc09ac077", "contract": "neighbors", "process_passed": true, "source_sha256": "54ac539e75d18e7cbef555a13b1a7b44b41008bdc25bcede49fe89ec83e1542f", "source_status": "unchanged"}
2026-10-08T23:37:06.6898366Z {"name": "menu_input_test", "kind": "headless_godot", "passed": true, "exit_code": 0, "seconds": 37.421, "command": ["/tmp/voxelverse-validation-editor-qbnbbrt6/Godot_v4.6.3-stable_linux.x86_64", "--headless", "--verbose", "--path", "/home/runner/work/voxelverse/voxelverse", "--script", "res://tests/menu_input_test.gd"], "log_sha256": "d0a1e7987ad0bd6ebaa631b56626c39b5ab55b7814ea41bf9cae9e1dc83d73dc", "contract": "frontend_locale", "process_passed": true, "source_sha256": "54ac539e75d18e7cbef555a13b1a7b44b41008bdc25bcede49fe89ec83e1542f", "source_status": "unchanged"}
2026-10-08T23:37:56.3384998Z {"name": "creature_ornament_families_test", "kind": "headless_godot", "passed": true, "exit_code": 0, "seconds": 48.897, "command": ["/tmp/voxelverse-validation-editor-qbnbbrt6/Godot_v4.6.3-stable_linux.x86_64", "--headless", "--verbose", "--path", "/home/runner/work/voxelverse/voxelverse", "--script", "res://tests/creature_ornament_families_test.gd"], "log_sha256": "285381baee14982cdfbc9e42145fe0ea2fcce19b3895d6047e28917f1981ca33", "contract": "creature_body", "process_passed": true, "source_sha256": "54ac539e75d18e7cbef555a13b1a7b44b41008bdc25bcede49fe89ec83e1542f", "source_status": "unchanged"}
2026-10-08T23:38:26.8883742Z {"name": "large_planet_lab_test", "kind": "headless_godot", "passed": true, "exit_code": 0, "seconds": 29.79, "command": ["/tmp/voxelverse-validation-editor-qbnbbrt6/Godot_v4.6.3-stable_linux.x86_64", "--headless", "--verbose", "--path", "/home/runner/work/voxelverse/voxelverse", "--script", "res://tests/large_planet_lab_test.gd"], "log_sha256": "af4d26274f33431c1ee460172d7cafe0f4c9bbe69d750b03b9003b6fc7f2b68f", "contract": "surface", "process_passed": true, "source_sha256": "54ac539e75d18e7cbef555a13b1a7b44b41008bdc25bcede49fe89ec83e1542f", "source_status": "unchanged"}
2026-10-08T23:38:55.4245087Z {"name": "radial_step_test", "kind": "headless_godot", "passed": true, "exit_code": 0, "seconds": 27.786, "command": ["/tmp/voxelverse-validation-editor-qbnbbrt6/Godot_v4.6.3-stable_linux.x86_64", "--headless", "--verbose", "--path", "/home/runner/work/voxelverse/voxelverse", "--script", "res://tests/radial_step_test.gd"], "log_sha256": "0b5fbd8180af923fc779e9e954d774aa7bf1eafd505f1cd83558eb9f9b13346c", "contract": "surface", "process_passed": true, "source_sha256": "54ac539e75d18e7cbef555a13b1a7b44b41008bdc25bcede49fe89ec83e1542f", "source_status": "unchanged"}
2026-10-08T23:39:24.1693956Z {"name": "creature_library_favorites_test", "kind": "headless_godot", "passed": true, "exit_code": 0, "seconds": 27.991, "command": ["/tmp/voxelverse-validation-editor-qbnbbrt6/Godot_v4.6.3-stable_linux.x86_64", "--headless", "--verbose", "--path", "/home/runner/work/voxelverse/voxelverse", "--script", "res://tests/creature_library_favorites_test.gd"], "log_sha256": "e88d6accc213bc76de8532950b77165870356c689f2072d42c55dee9fe0354ba", "contract": "blueprints", "process_passed": true, "source_sha256": "54ac539e75d18e7cbef555a13b1a7b44b41008bdc25bcede49fe89ec83e1542f", "source_status": "unchanged"}
2026-10-08T23:39:44.0855465Z {"name": "living_creature_ai_test", "kind": "headless_godot", "passed": true, "exit_code": 0, "seconds": 19.164, "command": ["/tmp/voxelverse-validation-editor-qbnbbrt6/Godot_v4.6.3-stable_linux.x86_64", "--headless", "--verbose", "--path", "/home/runner/work/voxelverse/voxelverse", "--script", "res://tests/living_creature_ai_test.gd"], "log_sha256": "ed40987fbb941a8a5d5214ca0b216cfbafa5acfd6dd28ad1201d93675d20756a", "contract": "wildlife", "process_passed": true, "source_sha256": "54ac539e75d18e7cbef555a13b1a7b44b41008bdc25bcede49fe89ec83e1542f", "source_status": "unchanged"}
2026-10-08T23:40:05.1035626Z {"name": "adaptive_planet_test", "kind": "headless_godot", "passed": true, "exit_code": 0, "seconds": 20.266, "command": ["/tmp/voxelverse-validation-editor-qbnbbrt6/Godot_v4.6.3-stable_linux.x86_64", "--headless", "--verbose", "--path", "/home/runner/work/voxelverse/voxelverse", "--script", "res://tests/adaptive_planet_test.gd"], "log_sha256": "232f6376da626febc45332391deb0ef1e688dd838642605b3b22f0111b73f31f", "contract": "surface", "process_passed": true, "source_sha256": "54ac539e75d18e7cbef555a13b1a7b44b41008bdc25bcede49fe89ec83e1542f", "source_status": "unchanged"}
2026-10-08T23:40:26.3804273Z {"name": "creature_parts_studio_test", "kind": "headless_godot", "passed": true, "exit_code": 0, "seconds": 20.521, "command": ["/tmp/voxelverse-validation-editor-qbnbbrt6/Godot_v4.6.3-stable_linux.x86_64", "--headless", "--verbose", "--path", "/home/runner/work/voxelverse/voxelverse", "--script", "res://tests/creature_parts_studio_test.gd"], "log_sha256": "646faa3e0bdac3abe24e1ae96ad05135e799875494811b814ec1c68a26067432", "contract": "creature_body", "process_passed": true, "source_sha256": "54ac539e75d18e7cbef555a13b1a7b44b41008bdc25bcede49fe89ec83e1542f", "source_status": "unchanged"}
2026-10-08T23:41:04.5039608Z {"name": "journal_paging_test", "kind": "headless_godot", "passed": true, "exit_code": 0, "seconds": 37.369, "command": ["/tmp/voxelverse-validation-editor-qbnbbrt6/Godot_v4.6.3-stable_linux.x86_64", "--headless", "--verbose", "--path", "/home/runner/work/voxelverse/voxelverse", "--script", "res://tests/journal_paging_test.gd"], "log_sha256": "be4eea322190af2115fa0d7d54166385196f92cea6ac1fa4a4046a80011a9b94", "contract": "discovery_map", "process_passed": true, "source_sha256": "54ac539e75d18e7cbef555a13b1a7b44b41008bdc25bcede49fe89ec83e1542f", "source_status": "unchanged"}
2026-10-08T23:41:17.2646589Z {"name": "building_editor_input_test", "kind": "headless_godot", "passed": true, "exit_code": 0, "seconds": 11.999, "command": ["/tmp/voxelverse-validation-editor-qbnbbrt6/Godot_v4.6.3-stable_linux.x86_64", "--headless", "--verbose", "--path", "/home/runner/work/voxelverse/voxelverse", "--script", "res://tests/building_editor_input_test.gd"], "log_sha256": "3501a048ce201caa751caaf8b7af083f8b722361f789f12fb2c03e6ef8b6cde5", "contract": "blueprints", "process_passed": true, "source_sha256": "54ac539e75d18e7cbef555a13b1a7b44b41008bdc25bcede49fe89ec83e1542f", "source_status": "unchanged"}
2026-10-08T23:41:27.2628983Z {"name": "audio/creature_audio_budget_test", "kind": "headless_godot", "passed": true, "exit_code": 0, "seconds": 9.241, "command": ["/tmp/voxelverse-validation-editor-qbnbbrt6/Godot_v4.6.3-stable_linux.x86_64", "--headless", "--verbose", "--path", "/home/runner/work/voxelverse/voxelverse", "--script", "res://tests/audio/creature_audio_budget_test.gd"], "log_sha256": "403f4b440805a6b9e2a287988701c2e98796aaf48b77d04762a1bf1f9f2fc76d", "contract": "audio", "process_passed": true, "source_sha256": "54ac539e75d18e7cbef555a13b1a7b44b41008bdc25bcede49fe89ec83e1542f", "source_status": "unchanged"}
2026-10-08T23:41:36.2104711Z {"name": "owned_animal_localization_test", "kind": "headless_godot", "passed": true, "exit_code": 0, "seconds": 8.189, "command": ["/tmp/voxelverse-validation-editor-qbnbbrt6/Godot_v4.6.3-stable_linux.x86_64", "--headless", "--verbose", "--path", "/home/runner/work/voxelverse/voxelverse", "--script", "res://tests/owned_animal_localization_test.gd"], "log_sha256": "3aa9232449ed17478810c904d4e01f4f71edb9124645432f527e2d0759d67774", "contract": "discovery_map", "process_passed": true, "source_sha256": "54ac539e75d18e7cbef555a13b1a7b44b41008bdc25bcede49fe89ec83e1542f", "source_status": "unchanged"}
2026-10-08T23:41:45.8164290Z {"name": "building_design_exchange_test", "kind": "headless_godot", "passed": true, "exit_code": 0, "seconds": 8.843, "command": ["/tmp/voxelverse-validation-editor-qbnbbrt6/Godot_v4.6.3-stable_linux.x86_64", "--headless", "--verbose", "--path", "/home/runner/work/voxelverse/voxelverse", "--script", "res://tests/building_design_exchange_test.gd"], "log_sha256": "72dd406aaac1028464ced5a9af00a11bca97362d57da5a09efc60e20580e83cd", "contract": "blueprints", "process_passed": true, "source_sha256": "54ac539e75d18e7cbef555a13b1a7b44b41008bdc25bcede49fe89ec83e1542f", "source_status": "unchanged"}
2026-10-08T23:41:52.8007674Z {"name": "egg_species_contract_test", "kind": "headless_godot", "passed": true, "exit_code": 0, "seconds": 6.232, "command": ["/tmp/voxelverse-validation-editor-qbnbbrt6/Godot_v4.6.3-stable_linux.x86_64", "--headless", "--verbose", "--path", "/home/runner/work/voxelverse/voxelverse", "--script", "res://tests/egg_species_contract_test.gd"], "log_sha256": "d103535cbd3083b14f84e24fc3b362895679eb17058eb41d8d05898a3fe720ca", "contract": "domestic_fauna", "process_passed": true, "source_sha256": "54ac539e75d18e7cbef555a13b1a7b44b41008bdc25bcede49fe89ec83e1542f", "source_status": "unchanged"}
2026-10-08T23:41:59.4481568Z {"name": "audio/animal_action_feedback_test", "kind": "headless_godot", "passed": true, "exit_code": 0, "seconds": 5.881, "command": ["/tmp/voxelverse-validation-editor-qbnbbrt6/Godot_v4.6.3-stable_linux.x86_64", "--headless", "--verbose", "--path", "/home/runner/work/voxelverse/voxelverse", "--script", "res://tests/audio/animal_action_feedback_test.gd"], "log_sha256": "543608f615d698f50efc2278b5323beed07667c300672982582607c3ca730b48", "contract": "audio", "process_passed": true, "source_sha256": "54ac539e75d18e7cbef555a13b1a7b44b41008bdc25bcede49fe89ec83e1542f", "source_status": "unchanged"}
2026-10-08T23:42:05.9888907Z {"name": "player_recovery_test", "kind": "headless_godot", "passed": true, "exit_code": 0, "seconds": 5.781, "command": ["/tmp/voxelverse-validation-editor-qbnbbrt6/Godot_v4.6.3-stable_linux.x86_64", "--headless", "--verbose", "--path", "/home/runner/work/voxelverse/voxelverse", "--script", "res://tests/player_recovery_test.gd"], "log_sha256": "2bc8955f6d8e37216002abf30a54b772132ec8eebee3d35dd029ef486ac38e15", "contract": "spherical_gameplay", "process_passed": true, "source_sha256": "54ac539e75d18e7cbef555a13b1a7b44b41008bdc25bcede49fe89ec83e1542f", "source_status": "unchanged"}
2026-10-08T23:42:52.5256514Z {"name": "step_camera_test", "kind": "headless_godot", "passed": true, "exit_code": 0, "seconds": 45.782, "command": ["/tmp/voxelverse-validation-editor-qbnbbrt6/Godot_v4.6.3-stable_linux.x86_64", "--headless", "--verbose", "--path", "/home/runner/work/voxelverse/voxelverse", "--script", "res://tests/step_camera_test.gd"], "log_sha256": "97dda603ae3397e585cd992c8c2b593d6df01f21e61ab8c834180d25092acf7b", "contract": "surface", "process_passed": true, "source_sha256": "54ac539e75d18e7cbef555a13b1a7b44b41008bdc25bcede49fe89ec83e1542f", "source_status": "unchanged"}
2026-10-08T23:42:57.7621394Z {"name": "body_identity_test", "kind": "headless_godot", "passed": true, "exit_code": 0, "seconds": 4.479, "command": ["/tmp/voxelverse-validation-editor-qbnbbrt6/Godot_v4.6.3-stable_linux.x86_64", "--headless", "--verbose", "--path", "/home/runner/work/voxelverse/voxelverse", "--script", "res://tests/body_identity_test.gd"], "log_sha256": "50a6b83b46ee0343e82ba71c899b8a4ab9ba6588b9bc31bebd3a46a902ee0ba7", "contract": "campaign", "process_passed": true, "source_sha256": "54ac539e75d18e7cbef555a13b1a7b44b41008bdc25bcede49fe89ec83e1542f", "source_status": "unchanged"}
2026-10-08T23:43:03.8487314Z {"name": "shipyard_test", "kind": "headless_godot", "passed": true, "exit_code": 0, "seconds": 5.332, "command": ["/tmp/voxelverse-validation-editor-qbnbbrt6/Godot_v4.6.3-stable_linux.x86_64", "--headless", "--verbose", "--path", "/home/runner/work/voxelverse/voxelverse", "--script", "res://tests/shipyard_test.gd"], "log_sha256": "f0a1d53651f4f3735c87f919f6ee478c85f4df5223fe05d5276e6161ed71ac3f", "contract": "expedition_design", "process_passed": true, "source_sha256": "54ac539e75d18e7cbef555a13b1a7b44b41008bdc25bcede49fe89ec83e1542f", "source_status": "unchanged"}
2026-10-08T23:43:08.0855603Z {"name": "int30_building_templates_test", "kind": "headless_godot", "passed": true, "exit_code": 0, "seconds": 3.476, "command": ["/tmp/voxelverse-validation-editor-qbnbbrt6/Godot_v4.6.3-stable_linux.x86_64", "--headless", "--verbose", "--path", "/home/runner/work/voxelverse/voxelverse", "--script", "res://tests/int30_building_templates_test.gd"], "log_sha256": "88e7444773a37ce8f8738e450c44b33d2243724ced6983867eb8c922671c3d39", "contract": "blueprints", "process_passed": true, "source_sha256": "54ac539e75d18e7cbef555a13b1a7b44b41008bdc25bcede49fe89ec83e1542f", "source_status": "unchanged"}
2026-10-08T23:43:13.3205978Z {"name": "weather_model_test", "kind": "headless_godot", "passed": true, "exit_code": 0, "seconds": 4.478, "command": ["/tmp/voxelverse-validation-editor-qbnbbrt6/Godot_v4.6.3-stable_linux.x86_64", "--headless", "--verbose", "--path", "/home/runner/work/voxelverse/voxelverse", "--script", "res://tests/weather_model_test.gd"], "log_sha256": "db27152409b3f5e010fcbdb93040f1f6f6542c5c63a0369623a1da0e086c52a6", "contract": "weather", "process_passed": true, "source_sha256": "54ac539e75d18e7cbef555a13b1a7b44b41008bdc25bcede49fe89ec83e1542f", "source_status": "unchanged"}
2026-10-08T23:43:17.8007259Z {"name": "minimap_test", "kind": "headless_godot", "passed": true, "exit_code": 0, "seconds": 3.726, "command": ["/tmp/voxelverse-validation-editor-qbnbbrt6/Godot_v4.6.3-stable_linux.x86_64", "--headless", "--verbose", "--path", "/home/runner/work/voxelverse/voxelverse", "--script", "res://tests/minimap_test.gd"], "log_sha256": "7e2d3bc3ed1aa321a096b44fe2a6d34686c938d112136c9e72b4bfa4bcd92801", "contract": "discovery_map", "process_passed": true, "source_sha256": "54ac539e75d18e7cbef555a13b1a7b44b41008bdc25bcede49fe89ec83e1542f", "source_status": "unchanged"}
2026-10-08T23:43:22.0910340Z {"name": "creature_eye_expression_test", "kind": "headless_godot", "passed": true, "exit_code": 0, "seconds": 3.525, "command": ["/tmp/voxelverse-validation-editor-qbnbbrt6/Godot_v4.6.3-stable_linux.x86_64", "--headless", "--verbose", "--path", "/home/runner/work/voxelverse/voxelverse", "--script", "res://tests/creature_eye_expression_test.gd"], "log_sha256": "769ba01a3452b6bdf3968eb1700247fcb6b38ce6eb9844cac0814699cf89cf2c", "contract": "creature_body", "process_passed": true, "source_sha256": "54ac539e75d18e7cbef555a13b1a7b44b41008bdc25bcede49fe89ec83e1542f", "source_status": "unchanged"}
2026-10-08T23:43:25.7212532Z {"name": "weather_forecast_ui_test", "kind": "headless_godot", "passed": true, "exit_code": 0, "seconds": 2.874, "command": ["/tmp/voxelverse-validation-editor-qbnbbrt6/Godot_v4.6.3-stable_linux.x86_64", "--headless", "--verbose", "--path", "/home/runner/work/voxelverse/voxelverse", "--script", "res://tests/weather_forecast_ui_test.gd"], "log_sha256": "094ad6821775a5fc756433878cca6d6ba77d1d3eb3ce7e451ef9f3d8a6e53525", "contract": "weather", "process_passed": true, "source_sha256": "54ac539e75d18e7cbef555a13b1a7b44b41008bdc25bcede49fe89ec83e1542f", "source_status": "unchanged"}
2026-10-08T23:43:28.8081168Z {"name": "village_navigation_budget_test", "kind": "headless_godot", "passed": true, "exit_code": 0, "seconds": 2.322, "command": ["/tmp/voxelverse-validation-editor-qbnbbrt6/Godot_v4.6.3-stable_linux.x86_64", "--headless", "--verbose", "--path", "/home/runner/work/voxelverse/voxelverse", "--script", "res://tests/village_navigation_budget_test.gd"], "log_sha256": "d66e7fa2f441044e26f94170e4171d0ba043418822cd0a10fc6eb4ac178bf86d", "contract": "regions_simulation", "process_passed": true, "source_sha256": "54ac539e75d18e7cbef555a13b1a7b44b41008bdc25bcede49fe89ec83e1542f", "source_status": "unchanged"}
2026-10-08T23:43:31.7371393Z {"name": "planet_diversity_v9_test", "kind": "headless_godot", "passed": true, "exit_code": 0, "seconds": 2.172, "command": ["/tmp/voxelverse-validation-editor-qbnbbrt6/Godot_v4.6.3-stable_linux.x86_64", "--headless", "--verbose", "--path", "/home/runner/work/voxelverse/voxelverse", "--script", "res://tests/planet_diversity_v9_test.gd"], "log_sha256": "97ae4e6e0d8a00c7d7204450f8eee7ba2d854c8f160e6b3aee882150f2ce6b26", "contract": "terrain_art", "process_passed": true, "source_sha256": "54ac539e75d18e7cbef555a13b1a7b44b41008bdc25bcede49fe89ec83e1542f", "source_status": "unchanged"}
2026-10-08T23:43:34.7161886Z {"name": "world_motion_visual_test", "kind": "headless_godot", "passed": true, "exit_code": 0, "seconds": 2.222, "command": ["/tmp/voxelverse-validation-editor-qbnbbrt6/Godot_v4.6.3-stable_linux.x86_64", "--headless", "--verbose", "--path", "/home/runner/work/voxelverse/voxelverse", "--script", "res://tests/world_motion_visual_test.gd"], "log_sha256": "b82a464626fe93db3ae8e71d94d727ca785ccab2c55cae7d16c86b10d304e817", "contract": "terrain_art", "process_passed": true, "source_sha256": "54ac539e75d18e7cbef555a13b1a7b44b41008bdc25bcede49fe89ec83e1542f", "source_status": "unchanged"}
2026-10-08T23:43:36.5613828Z {"name": "source_integrity", "kind": "source_provenance", "passed": true, "status": "prepared", "reusable_source": true}
2026-10-08T23:43:36.5979063Z ##[group]Run actions/upload-artifact@v4
2026-10-08T23:43:36.5979364Z with:
2026-10-08T23:43:36.5979628Z   name: voxelverse-validate-source-0-pull_request
2026-10-08T23:43:36.5979963Z   path: /tmp/validation-validate
2026-10-08T23:43:36.5980224Z   retention-days: 7
2026-10-08T23:43:36.5980449Z   if-no-files-found: warn
2026-10-08T23:43:36.5980696Z   compression-level: 6
2026-10-08T23:43:36.5980923Z   overwrite: false
2026-10-08T23:43:36.5981148Z   include-hidden-files: false
2026-10-08T23:43:36.5981391Z env:
2026-10-08T23:43:36.5981650Z   pythonLocation: /opt/hostedtoolcache/Python/3.12.15/x64
2026-10-08T23:43:36.5982083Z   PKG_CONFIG_PATH: /opt/hostedtoolcache/Python/3.12.15/x64/lib/pkgconfig
2026-10-08T23:43:36.5982514Z   Python_ROOT_DIR: /opt/hostedtoolcache/Python/3.12.15/x64
2026-10-08T23:43:36.5982901Z   Python2_ROOT_DIR: /opt/hostedtoolcache/Python/3.12.15/x64
2026-10-08T23:43:36.5983303Z   Python3_ROOT_DIR: /opt/hostedtoolcache/Python/3.12.15/x64
2026-10-08T23:43:36.5983708Z   LD_LIBRARY_PATH: /opt/hostedtoolcache/Python/3.12.15/x64/lib
2026-10-08T23:43:36.5984036Z ##[endgroup]
2026-10-08T23:43:36.7628072Z (node:3593) [DEP0040] DeprecationWarning: The `punycode` module is deprecated. Please use a userland alternative instead.
2026-10-08T23:43:36.7628947Z (Use `node --trace-deprecation ...` to show where the warning was created)
2026-10-08T23:43:36.7762462Z With the provided path, there will be 45 files uploaded
2026-10-08T23:43:36.7769234Z Artifact name is valid!
2026-10-08T23:43:36.7769686Z Root directory input is valid!
2026-10-08T23:43:37.0610933Z Beginning upload of artifact content to blob storage
2026-10-08T23:43:37.2054137Z (node:3593) [DEP0169] DeprecationWarning: `url.parse()` behavior is not standardized and prone to errors that have security implications. Use the WHATWG URL API instead. CVEs are not issued for `url.parse()` vulnerabilities.
2026-10-08T23:43:37.6232508Z Uploaded bytes 1148411
2026-10-08T23:43:37.6679051Z Finished uploading artifact content to blob storage!
2026-10-08T23:43:37.6680033Z SHA256 digest of uploaded artifact zip is 045ce480c697e5391160edc18c19d1d82977e855ced014a4e40eb36887ed5fdd
2026-10-08T23:43:37.6681115Z Finalizing artifact upload
2026-10-08T23:43:37.9153848Z Artifact voxelverse-validate-source-0-pull_request.zip successfully finalized. Artifact ID 11586551154
2026-10-08T23:43:37.9155430Z Artifact voxelverse-validate-source-0-pull_request has been successfully uploaded! Final size is 1148411 bytes. Artifact ID is 11586551154
2026-10-08T23:43:37.9162083Z Artifact download URL: https://github.com/MajorDragonfly/voxelverse/actions/runs/37859023443/artifacts/11586551154
2026-10-08T23:43:37.9352719Z Post job cleanup.
2026-10-08T23:43:37.9356891Z ##[start-action display=Run actions/cache@v4;id=__4308a67c-b545-4bb2-acaa-b1f011e13a99.__actions_cache]
2026-10-08T23:43:37.9930816Z Post job cleanup.
2026-10-08T23:43:38.1038273Z Cache hit occurred on the primary key godot-editor-Linux-X64-5885d59645dadd285929dd7d5f6cfe84ff5d5f764de43c4d9f092dad44c58ac1, not saving cache.
2026-10-08T23:43:38.1039819Z (node:3619) [DEP0040] DeprecationWarning: The `punycode` module is deprecated. Please use a userland alternative instead.
2026-10-08T23:43:38.1040633Z (Use `node --trace-deprecation ...` to show where the warning was created)
2026-10-08T23:43:38.1101492Z ##[end-action id=__4308a67c-b545-4bb2-acaa-b1f011e13a99.__actions_cache;outcome=success;conclusion=success;duration_ms=174]
2026-10-08T23:43:38.1104652Z ##[start-action display=Run actions/setup-python@v5;id=__4308a67c-b545-4bb2-acaa-b1f011e13a99.__actions_setup-python]
2026-10-08T23:43:38.1151202Z Post job cleanup.
2026-10-08T23:43:38.2427409Z (node:3627) [DEP0040] DeprecationWarning: The `punycode` module is deprecated. Please use a userland alternative instead.
2026-10-08T23:43:38.2428780Z (Use `node --trace-deprecation ...` to show where the warning was created)
2026-10-08T23:43:38.2585385Z ##[end-action id=__4308a67c-b545-4bb2-acaa-b1f011e13a99.__actions_setup-python;outcome=success;conclusion=success;duration_ms=147]
2026-10-08T23:43:38.2659013Z Post job cleanup.
2026-10-08T23:43:38.3574176Z [command]/usr/bin/git version
2026-10-08T23:43:38.3598140Z git version 2.55.0
2026-10-08T23:43:38.3633023Z Temporarily overriding HOME='/home/runner/work/_temp/33114ff7-9655-4d28-bfb6-19cda2d50e78' before making global git config changes
2026-10-08T23:43:38.3634370Z Adding repository directory to the temporary git global config as a safe directory
2026-10-08T23:43:38.3637915Z [command]/usr/bin/git config --global --add safe.directory /home/runner/work/voxelverse/voxelverse
2026-10-08T23:43:38.3680356Z [command]/usr/bin/git config --local --name-only --get-regexp core\.sshCommand
2026-10-08T23:43:38.3717178Z [command]/usr/bin/git submodule foreach --recursive sh -c "git config --local --name-only --get-regexp 'core\.sshCommand' && git config --local --unset-all 'core.sshCommand' || :"
2026-10-08T23:43:38.4009946Z [command]/usr/bin/git config --local --name-only --get-regexp http\.https\:\/\/github\.com\/\.extraheader
2026-10-08T23:43:38.4045357Z http.https://github.com/.extraheader
2026-10-08T23:43:38.4059516Z [command]/usr/bin/git config --local --unset-all http.https://github.com/.extraheader
2026-10-08T23:43:38.4107380Z [command]/usr/bin/git submodule foreach --recursive sh -c "git config --local --name-only --get-regexp 'http\.https\:\/\/github\.com\/\.extraheader' && git config --local --unset-all 'http.https://github.com/.extraheader' || :"
2026-10-08T23:43:38.4393620Z [command]/usr/bin/git config --local --name-only --get-regexp ^includeIf\.gitdir:
2026-10-08T23:43:38.4438263Z [command]/usr/bin/git submodule foreach --recursive git config --local --show-origin --name-only --get-regexp remote.origin.url
2026-10-08T23:43:38.4918251Z Cleaning up orphan processes
2026-10-08T23:43:38.5259562Z ##[warning]Node.js 20 is deprecated. The following actions target Node.js 20 but are being forced to run on Node.js 24: actions/cache@v4, actions/checkout@v4, actions/setup-python@v5, actions/upload-artifact@v4. For more information see: https://github.blog/changelog/2025-09-19-deprecation-of-node-20-on-github-actions-runners/
