2026-10-08T23:22:03.8174175Z Current runner version: '2.337.0'
2026-10-08T23:22:03.8199629Z ##[group]Runner Image Provisioner
2026-10-08T23:22:03.8200992Z Hosted Compute Agent
2026-10-08T23:22:03.8201649Z Version: 20261002.596
2026-10-08T23:22:03.8202346Z Commit: c3d12f3313a95f25162a1503be624f3b0617f8c0
2026-10-08T23:22:03.8203098Z Build Date: 2026-10-02T22:28:27Z
2026-10-08T23:22:03.8203787Z Worker ID: {b3e54464-4e93-418c-a42f-9e032cc53f4a}
2026-10-08T23:22:03.8204572Z Region: westus3
2026-10-08T23:22:03.8205153Z Cloud: Azure
2026-10-08T23:22:03.8205722Z ##[endgroup]
2026-10-08T23:22:03.8207255Z ##[group]Operating System
2026-10-08T23:22:03.8207924Z Ubuntu
2026-10-08T23:22:03.8208566Z 24.04.5
2026-10-08T23:22:03.8209119Z LTS
2026-10-08T23:22:03.8209669Z ##[endgroup]
2026-10-08T23:22:03.8210469Z ##[group]Runner Image
2026-10-08T23:22:03.8211088Z Image: ubuntu-24.04
2026-10-08T23:22:03.8211712Z Version: 20261004.327.1
2026-10-08T23:22:03.8213023Z Included Software: https://github.com/actions/runner-images/blob/ubuntu24/20261004.327/images/ubuntu/Ubuntu2404-Readme.md
2026-10-08T23:22:03.8214675Z Image Release: https://github.com/actions/runner-images/releases/tag/ubuntu24%2F20261004.327
2026-10-08T23:22:03.8215683Z ##[endgroup]
2026-10-08T23:22:03.8216882Z ##[group]GITHUB_TOKEN Permissions
2026-10-08T23:22:03.8218981Z Contents: read
2026-10-08T23:22:03.8219682Z Metadata: read
2026-10-08T23:22:03.8220456Z ##[endgroup]
2026-10-08T23:22:03.8222472Z Secret source: Actions
2026-10-08T23:22:03.8223596Z Cache mode: write
2026-10-08T23:22:03.8224262Z Prepare workflow directory
2026-10-08T23:22:03.8565199Z Prepare all required actions
2026-10-08T23:22:03.8612855Z Getting action download info
2026-10-08T23:22:04.1641958Z Download action repository 'actions/checkout@v4' (SHA:11d5960a326750d5838078e36cf38b85af677262)
2026-10-08T23:22:04.3411332Z Complete job name: plan
2026-10-08T23:22:04.4194362Z ##[group]Run actions/checkout@v4
2026-10-08T23:22:04.4195543Z with:
2026-10-08T23:22:04.4195978Z   fetch-depth: 2
2026-10-08T23:22:04.4196432Z   fetch-tags: false
2026-10-08T23:22:04.4196931Z   persist-credentials: false
2026-10-08T23:22:04.4197488Z   repository: MajorDragonfly/voxelverse
2026-10-08T23:22:04.4201588Z   token: ***
2026-10-08T23:22:04.4202038Z   ssh-strict: true
2026-10-08T23:22:04.4202479Z   ssh-user: git
2026-10-08T23:22:04.4202995Z   clean: true
2026-10-08T23:22:04.4203448Z   sparse-checkout-cone-mode: true
2026-10-08T23:22:04.4203984Z   show-progress: true
2026-10-08T23:22:04.4204432Z   lfs: false
2026-10-08T23:22:04.4204846Z   submodules: false
2026-10-08T23:22:04.4205298Z   set-safe-directory: true
2026-10-08T23:22:04.4205808Z   allow-unsafe-pr-checkout: false
2026-10-08T23:22:04.4206664Z ##[endgroup]
2026-10-08T23:22:04.5205681Z Syncing repository: MajorDragonfly/voxelverse
2026-10-08T23:22:04.5208612Z ##[group]Getting Git version info
2026-10-08T23:22:04.5210102Z Working directory is '/home/runner/work/voxelverse/voxelverse'
2026-10-08T23:22:04.5211796Z [command]/usr/bin/git version
2026-10-08T23:22:04.5296127Z git version 2.55.0
2026-10-08T23:22:04.5322438Z ##[endgroup]
2026-10-08T23:22:04.5339127Z Temporarily overriding HOME='/home/runner/work/_temp/0f668394-165f-4248-b0bd-157ca6aa8bac' before making global git config changes
2026-10-08T23:22:04.5342023Z Adding repository directory to the temporary git global config as a safe directory
2026-10-08T23:22:04.5346007Z [command]/usr/bin/git config --global --add safe.directory /home/runner/work/voxelverse/voxelverse
2026-10-08T23:22:04.5397463Z Deleting the contents of '/home/runner/work/voxelverse/voxelverse'
2026-10-08T23:22:04.5403234Z ##[group]Initializing the repository
2026-10-08T23:22:04.5408696Z [command]/usr/bin/git init /home/runner/work/voxelverse/voxelverse
2026-10-08T23:22:04.5521764Z hint: Using 'master' as the name for the initial branch. This default branch name
2026-10-08T23:22:04.5523774Z hint: will change to "main" in Git 3.0. To configure the initial branch name
2026-10-08T23:22:04.5525420Z hint: to use in all of your new repositories, which will suppress this warning,
2026-10-08T23:22:04.5527108Z hint: call:
2026-10-08T23:22:04.5528106Z hint:
2026-10-08T23:22:04.5528979Z hint: 	git config --global init.defaultBranch <name>
2026-10-08T23:22:04.5530482Z hint:
2026-10-08T23:22:04.5531620Z hint: Names commonly chosen instead of 'master' are 'main', 'trunk' and
2026-10-08T23:22:04.5533243Z hint: 'development'. The just-created branch can be renamed via this command:
2026-10-08T23:22:04.5534530Z hint:
2026-10-08T23:22:04.5535375Z hint: 	git branch -m <name>
2026-10-08T23:22:04.5536297Z hint:
2026-10-08T23:22:04.5537373Z hint: Disable this message with "git config set advice.defaultBranchName false"
2026-10-08T23:22:04.5544187Z Initialized empty Git repository in /home/runner/work/voxelverse/voxelverse/.git/
2026-10-08T23:22:04.5561087Z [command]/usr/bin/git remote add origin https://github.com/MajorDragonfly/voxelverse
2026-10-08T23:22:04.5616506Z ##[endgroup]
2026-10-08T23:22:04.5617729Z ##[group]Disabling automatic garbage collection
2026-10-08T23:22:04.5621771Z [command]/usr/bin/git config --local gc.auto 0
2026-10-08T23:22:04.5654087Z ##[endgroup]
2026-10-08T23:22:04.5654923Z ##[group]Setting up auth
2026-10-08T23:22:04.5661893Z [command]/usr/bin/git config --local --name-only --get-regexp core\.sshCommand
2026-10-08T23:22:04.5699559Z [command]/usr/bin/git submodule foreach --recursive sh -c "git config --local --name-only --get-regexp 'core\.sshCommand' && git config --local --unset-all 'core.sshCommand' || :"
2026-10-08T23:22:04.6046719Z [command]/usr/bin/git config --local --name-only --get-regexp http\.https\:\/\/github\.com\/\.extraheader
2026-10-08T23:22:04.6086201Z [command]/usr/bin/git submodule foreach --recursive sh -c "git config --local --name-only --get-regexp 'http\.https\:\/\/github\.com\/\.extraheader' && git config --local --unset-all 'http.https://github.com/.extraheader' || :"
2026-10-08T23:22:04.6318282Z [command]/usr/bin/git config --local --name-only --get-regexp ^includeIf\.gitdir:
2026-10-08T23:22:04.6354206Z [command]/usr/bin/git submodule foreach --recursive git config --local --show-origin --name-only --get-regexp remote.origin.url
2026-10-08T23:22:04.6575402Z [command]/usr/bin/git config --local http.https://github.com/.extraheader AUTHORIZATION: basic ***
2026-10-08T23:22:04.6614479Z ##[endgroup]
2026-10-08T23:22:04.6615294Z ##[group]Fetching the repository
2026-10-08T23:22:04.6624506Z [command]/usr/bin/git -c protocol.version=2 fetch --no-tags --prune --no-recurse-submodules --depth=2 origin +29029ea9c9c5e6b58c2b064c0555766f6fdbe8c7:refs/remotes/pull/285/merge
2026-10-08T23:22:14.7584773Z From https://github.com/MajorDragonfly/voxelverse
2026-10-08T23:22:14.7586009Z  * [new ref]         29029ea9c9c5e6b58c2b064c0555766f6fdbe8c7 -> pull/285/merge
2026-10-08T23:22:14.7590820Z ##[endgroup]
2026-10-08T23:22:14.7591796Z ##[group]Determining the checkout info
2026-10-08T23:22:14.7594110Z ##[endgroup]
2026-10-08T23:22:14.7602021Z [command]/usr/bin/git sparse-checkout disable
2026-10-08T23:22:14.7655131Z [command]/usr/bin/git config --local --unset-all extensions.worktreeConfig
2026-10-08T23:22:14.7695721Z ##[group]Checking out the ref
2026-10-08T23:22:14.7706835Z [command]/usr/bin/git checkout --progress --force refs/remotes/pull/285/merge
2026-10-08T23:22:15.7992902Z Updating files:  45% (4575/9986)
2026-10-08T23:22:15.8506970Z Updating files:  46% (4594/9986)
2026-10-08T23:22:15.8737515Z Updating files:  47% (4694/9986)
2026-10-08T23:22:15.8974572Z Updating files:  48% (4794/9986)
2026-10-08T23:22:15.9151688Z Updating files:  49% (4894/9986)
2026-10-08T23:22:15.9532750Z Updating files:  50% (4993/9986)
2026-10-08T23:22:15.9822497Z Updating files:  51% (5093/9986)
2026-10-08T23:22:16.0121380Z Updating files:  52% (5193/9986)
2026-10-08T23:22:16.0222286Z Updating files:  53% (5293/9986)
2026-10-08T23:22:16.0308469Z Updating files:  54% (5393/9986)
2026-10-08T23:22:16.0402981Z Updating files:  55% (5493/9986)
2026-10-08T23:22:16.0800964Z Updating files:  56% (5593/9986)
2026-10-08T23:22:16.0906968Z Updating files:  57% (5693/9986)
2026-10-08T23:22:16.1612693Z Updating files:  58% (5792/9986)
2026-10-08T23:22:16.1809369Z Updating files:  59% (5892/9986)
2026-10-08T23:22:16.1876658Z Updating files:  60% (5992/9986)
2026-10-08T23:22:16.1942086Z Updating files:  61% (6092/9986)
2026-10-08T23:22:16.2008080Z Updating files:  62% (6192/9986)
2026-10-08T23:22:16.2328114Z Updating files:  63% (6292/9986)
2026-10-08T23:22:16.2761213Z Updating files:  64% (6392/9986)
2026-10-08T23:22:16.2831259Z Updating files:  65% (6491/9986)
2026-10-08T23:22:16.3021594Z Updating files:  66% (6591/9986)
2026-10-08T23:22:16.3259028Z Updating files:  67% (6691/9986)
2026-10-08T23:22:16.3486830Z Updating files:  68% (6791/9986)
2026-10-08T23:22:16.3579738Z Updating files:  69% (6891/9986)
2026-10-08T23:22:16.4464071Z Updating files:  70% (6991/9986)
2026-10-08T23:22:16.5339299Z Updating files:  71% (7091/9986)
2026-10-08T23:22:16.5708111Z Updating files:  72% (7190/9986)
2026-10-08T23:22:16.6080186Z Updating files:  73% (7290/9986)
2026-10-08T23:22:16.6427140Z Updating files:  74% (7390/9986)
2026-10-08T23:22:16.6760189Z Updating files:  75% (7490/9986)
2026-10-08T23:22:16.7092407Z Updating files:  76% (7590/9986)
2026-10-08T23:22:16.7167699Z Updating files:  77% (7690/9986)
2026-10-08T23:22:16.7335867Z Updating files:  78% (7790/9986)
2026-10-08T23:22:16.7810489Z Updating files:  79% (7889/9986)
2026-10-08T23:22:16.7828906Z Updating files:  80% (7989/9986)
2026-10-08T23:22:16.8877162Z Updating files:  80% (7992/9986)
2026-10-08T23:22:16.8948648Z Updating files:  81% (8089/9986)
2026-10-08T23:22:16.9004706Z Updating files:  82% (8189/9986)
2026-10-08T23:22:16.9064340Z Updating files:  83% (8289/9986)
2026-10-08T23:22:16.9117126Z Updating files:  84% (8389/9986)
2026-10-08T23:22:16.9168261Z Updating files:  85% (8489/9986)
2026-10-08T23:22:16.9223590Z Updating files:  86% (8588/9986)
2026-10-08T23:22:16.9283835Z Updating files:  87% (8688/9986)
2026-10-08T23:22:16.9333289Z Updating files:  88% (8788/9986)
2026-10-08T23:22:16.9381371Z Updating files:  89% (8888/9986)
2026-10-08T23:22:16.9435129Z Updating files:  90% (8988/9986)
2026-10-08T23:22:16.9489198Z Updating files:  91% (9088/9986)
2026-10-08T23:22:16.9543714Z Updating files:  92% (9188/9986)
2026-10-08T23:22:16.9588612Z Updating files:  93% (9287/9986)
2026-10-08T23:22:16.9643878Z Updating files:  94% (9387/9986)
2026-10-08T23:22:16.9691817Z Updating files:  95% (9487/9986)
2026-10-08T23:22:16.9739359Z Updating files:  96% (9587/9986)
2026-10-08T23:22:16.9781045Z Updating files:  97% (9687/9986)
2026-10-08T23:22:16.9830256Z Updating files:  98% (9787/9986)
2026-10-08T23:22:16.9874457Z Updating files:  99% (9887/9986)
2026-10-08T23:22:16.9875121Z Updating files: 100% (9986/9986)
2026-10-08T23:22:16.9875683Z Updating files: 100% (9986/9986), done.
2026-10-08T23:22:16.9974415Z Note: switching to 'refs/remotes/pull/285/merge'.
2026-10-08T23:22:16.9974850Z 
2026-10-08T23:22:16.9975257Z You are in 'detached HEAD' state. You can look around, make experimental
2026-10-08T23:22:16.9976239Z changes and commit them, and you can discard any commits you make in this
2026-10-08T23:22:16.9977169Z state without impacting any branches by switching back to a branch.
2026-10-08T23:22:16.9977698Z 
2026-10-08T23:22:16.9978059Z If you want to create a new branch to retain commits you create, you may
2026-10-08T23:22:16.9978875Z do so (now or later) by using -c with the switch command. Example:
2026-10-08T23:22:16.9979346Z 
2026-10-08T23:22:16.9979584Z   git switch -c <new-branch-name>
2026-10-08T23:22:16.9980166Z 
2026-10-08T23:22:16.9980334Z Or undo this operation with:
2026-10-08T23:22:16.9980597Z 
2026-10-08T23:22:16.9980735Z   git switch -
2026-10-08T23:22:16.9980934Z 
2026-10-08T23:22:16.9981304Z Turn off this advice by setting config variable advice.detachedHead to false
2026-10-08T23:22:16.9981866Z 
2026-10-08T23:22:16.9982502Z HEAD is now at 29029ea Merge 39228e74cdb6604e6e835b4df7f9a28de0202623 into 93154055bcb3315b62a4ba89f57fb21666f414a7
2026-10-08T23:22:17.0098039Z ##[endgroup]
2026-10-08T23:22:17.0150389Z [command]/usr/bin/git log -1 --format=%H
2026-10-08T23:22:17.0179353Z 29029ea9c9c5e6b58c2b064c0555766f6fdbe8c7
2026-10-08T23:22:17.0194728Z ##[group]Removing auth
2026-10-08T23:22:17.0196540Z [command]/usr/bin/git config --local --name-only --get-regexp core\.sshCommand
2026-10-08T23:22:17.0231725Z [command]/usr/bin/git submodule foreach --recursive sh -c "git config --local --name-only --get-regexp 'core\.sshCommand' && git config --local --unset-all 'core.sshCommand' || :"
2026-10-08T23:22:17.0488252Z [command]/usr/bin/git config --local --name-only --get-regexp http\.https\:\/\/github\.com\/\.extraheader
2026-10-08T23:22:17.0517969Z http.https://github.com/.extraheader
2026-10-08T23:22:17.0530977Z [command]/usr/bin/git config --local --unset-all http.https://github.com/.extraheader
2026-10-08T23:22:17.0564381Z [command]/usr/bin/git submodule foreach --recursive sh -c "git config --local --name-only --get-regexp 'http\.https\:\/\/github\.com\/\.extraheader' && git config --local --unset-all 'http.https://github.com/.extraheader' || :"
2026-10-08T23:22:17.0826415Z [command]/usr/bin/git config --local --name-only --get-regexp ^includeIf\.gitdir:
2026-10-08T23:22:17.0862368Z [command]/usr/bin/git submodule foreach --recursive git config --local --show-origin --name-only --get-regexp remote.origin.url
2026-10-08T23:22:17.1100531Z ##[endgroup]
2026-10-08T23:22:17.1406420Z Prepare all required actions
2026-10-08T23:22:17.1406971Z Getting action download info
2026-10-08T23:22:17.2466357Z Download action repository 'actions/setup-python@v5' (SHA:a26af69be951a213d495a4c3e4e4022e16d87065)
2026-10-08T23:22:17.3237095Z Download action repository 'actions/upload-artifact@v4' (SHA:ea165f8d65b6e75b540449e92b4886f43607fa02)
2026-10-08T23:22:17.4542086Z ##[group]Run ./.github/actions/plan-validation
2026-10-08T23:22:17.4542401Z ##[endgroup]
2026-10-08T23:22:17.4598989Z ##[start-action display=Run actions/setup-python@v5;id=plan.__actions_setup-python]
2026-10-08T23:22:17.4665721Z ##[group]Run actions/setup-python@v5
2026-10-08T23:22:17.4665994Z with:
2026-10-08T23:22:17.4666194Z   python-version: 3.12
2026-10-08T23:22:17.4666432Z   check-latest: false
2026-10-08T23:22:17.4668917Z   token: ***
2026-10-08T23:22:17.4669130Z   update-environment: true
2026-10-08T23:22:17.4669370Z   allow-prereleases: false
2026-10-08T23:22:17.4669592Z   freethreaded: false
2026-10-08T23:22:17.4670092Z ##[endgroup]
2026-10-08T23:22:17.5985027Z ##[group]Installed versions
2026-10-08T23:22:17.6078130Z (node:2358) [DEP0040] DeprecationWarning: The `punycode` module is deprecated. Please use a userland alternative instead.
2026-10-08T23:22:17.6078983Z (Use `node --trace-deprecation ...` to show where the warning was created)
2026-10-08T23:22:17.6079959Z Successfully set up CPython (3.12.15)
2026-10-08T23:22:17.6080763Z ##[endgroup]
2026-10-08T23:22:17.6225371Z ##[end-action id=plan.__actions_setup-python;outcome=success;conclusion=success;duration_ms=162]
2026-10-08T23:22:17.6229661Z ##[start-action display=Run python3 tools/ci_plan.py --output "$RUNNER_TEMP/ci-plan.json";id=plan.plan]
2026-10-08T23:22:17.6276747Z ##[group]Run python3 tools/ci_plan.py --output "$RUNNER_TEMP/ci-plan.json"
2026-10-08T23:22:17.6277714Z [36;1mpython3 tools/ci_plan.py --output "$RUNNER_TEMP/ci-plan.json"[0m
2026-10-08T23:22:17.6593156Z shell: /usr/bin/bash --noprofile --norc -e -o pipefail {0}
2026-10-08T23:22:17.6593572Z env:
2026-10-08T23:22:17.6593862Z   pythonLocation: /opt/hostedtoolcache/Python/3.12.15/x64
2026-10-08T23:22:17.6594323Z   PKG_CONFIG_PATH: /opt/hostedtoolcache/Python/3.12.15/x64/lib/pkgconfig
2026-10-08T23:22:17.6594757Z   Python_ROOT_DIR: /opt/hostedtoolcache/Python/3.12.15/x64
2026-10-08T23:22:17.6595141Z   Python2_ROOT_DIR: /opt/hostedtoolcache/Python/3.12.15/x64
2026-10-08T23:22:17.6595523Z   Python3_ROOT_DIR: /opt/hostedtoolcache/Python/3.12.15/x64
2026-10-08T23:22:17.6595906Z   LD_LIBRARY_PATH: /opt/hostedtoolcache/Python/3.12.15/x64/lib
2026-10-08T23:22:17.6596237Z ##[endgroup]
2026-10-08T23:22:20.0988963Z CI plan: full; 296/296 source tests. Ready PR, main or manual run: full source, runtime, graphics and exports. 8 source shards; historical scheduling estimate 71.8-71.8 minutes, excluding setup. Actual CI duration is not yet measured for this tree.
2026-10-08T23:22:20.1092237Z ##[end-action id=plan.plan;outcome=success;conclusion=success;duration_ms=2486]
2026-10-08T23:22:20.1097646Z ##[start-action display=Run actions/upload-artifact@v4;id=plan.__actions_upload-artifact]
2026-10-08T23:22:20.1174528Z ##[group]Run actions/upload-artifact@v4
2026-10-08T23:22:20.1174797Z with:
2026-10-08T23:22:20.1175005Z   name: ci-plan-plan-37859023432-1
2026-10-08T23:22:20.1175302Z   path: /home/runner/work/_temp/ci-plan.json
2026-10-08T23:22:20.1175588Z   retention-days: 7
2026-10-08T23:22:20.1175805Z   if-no-files-found: warn
2026-10-08T23:22:20.1176035Z   compression-level: 6
2026-10-08T23:22:20.1176256Z   overwrite: false
2026-10-08T23:22:20.1176476Z   include-hidden-files: false
2026-10-08T23:22:20.1176703Z env:
2026-10-08T23:22:20.1176954Z   pythonLocation: /opt/hostedtoolcache/Python/3.12.15/x64
2026-10-08T23:22:20.1177389Z   PKG_CONFIG_PATH: /opt/hostedtoolcache/Python/3.12.15/x64/lib/pkgconfig
2026-10-08T23:22:20.1177841Z   Python_ROOT_DIR: /opt/hostedtoolcache/Python/3.12.15/x64
2026-10-08T23:22:20.1178232Z   Python2_ROOT_DIR: /opt/hostedtoolcache/Python/3.12.15/x64
2026-10-08T23:22:20.1178830Z   Python3_ROOT_DIR: /opt/hostedtoolcache/Python/3.12.15/x64
2026-10-08T23:22:20.1179266Z   LD_LIBRARY_PATH: /opt/hostedtoolcache/Python/3.12.15/x64/lib
2026-10-08T23:22:20.1179600Z ##[endgroup]
2026-10-08T23:22:20.2800167Z (node:2399) [DEP0040] DeprecationWarning: The `punycode` module is deprecated. Please use a userland alternative instead.
2026-10-08T23:22:20.2801140Z (Use `node --trace-deprecation ...` to show where the warning was created)
2026-10-08T23:22:20.2860910Z With the provided path, there will be 1 file uploaded
2026-10-08T23:22:20.2881094Z Artifact name is valid!
2026-10-08T23:22:20.2881737Z Root directory input is valid!
2026-10-08T23:22:20.6255575Z Beginning upload of artifact content to blob storage
2026-10-08T23:22:20.6468051Z (node:2399) [DEP0169] DeprecationWarning: `url.parse()` behavior is not standardized and prone to errors that have security implications. Use the WHATWG URL API instead. CVEs are not issued for `url.parse()` vulnerabilities.
2026-10-08T23:22:20.8613976Z Uploaded bytes 4916
2026-10-08T23:22:20.9229292Z Finished uploading artifact content to blob storage!
2026-10-08T23:22:20.9230575Z SHA256 digest of uploaded artifact zip is 0c7df66fb3f24d1f1dab3f1465b3fb7e942a6864bc1589f6d19615ca4cd7c03f
2026-10-08T23:22:20.9232074Z Finalizing artifact upload
2026-10-08T23:22:21.1806142Z Artifact ci-plan-plan-37859023432-1.zip successfully finalized. Artifact ID 11585645503
2026-10-08T23:22:21.1807862Z Artifact ci-plan-plan-37859023432-1 has been successfully uploaded! Final size is 4916 bytes. Artifact ID is 11585645503
2026-10-08T23:22:21.1813571Z Artifact download URL: https://github.com/MajorDragonfly/voxelverse/actions/runs/37859023432/artifacts/11585645503
2026-10-08T23:22:21.1918599Z ##[end-action id=plan.__actions_upload-artifact;outcome=success;conclusion=success;duration_ms=1081]
2026-10-08T23:22:21.4444588Z Post job cleanup.
2026-10-08T23:22:21.4450823Z ##[start-action display=Run actions/setup-python@v5;id=__efef707a-f1ba-42d9-983e-127d4e51250c.__actions_setup-python]
2026-10-08T23:22:21.5424723Z Post job cleanup.
2026-10-08T23:22:21.6605889Z (node:2411) [DEP0040] DeprecationWarning: The `punycode` module is deprecated. Please use a userland alternative instead.
2026-10-08T23:22:21.6606627Z (Use `node --trace-deprecation ...` to show where the warning was created)
2026-10-08T23:22:21.6700142Z ##[end-action id=__efef707a-f1ba-42d9-983e-127d4e51250c.__actions_setup-python;outcome=success;conclusion=success;duration_ms=224]
2026-10-08T23:22:21.7026728Z Post job cleanup.
2026-10-08T23:22:21.8008054Z [command]/usr/bin/git version
2026-10-08T23:22:21.8040498Z git version 2.55.0
2026-10-08T23:22:21.8081262Z Temporarily overriding HOME='/home/runner/work/_temp/5bbbd534-ec13-440d-86d5-bb96535996d6' before making global git config changes
2026-10-08T23:22:21.8084677Z Adding repository directory to the temporary git global config as a safe directory
2026-10-08T23:22:21.8086124Z [command]/usr/bin/git config --global --add safe.directory /home/runner/work/voxelverse/voxelverse
2026-10-08T23:22:21.8441149Z [command]/usr/bin/git config --local --name-only --get-regexp core\.sshCommand
2026-10-08T23:22:21.8484953Z [command]/usr/bin/git submodule foreach --recursive sh -c "git config --local --name-only --get-regexp 'core\.sshCommand' && git config --local --unset-all 'core.sshCommand' || :"
2026-10-08T23:22:21.8782287Z [command]/usr/bin/git config --local --name-only --get-regexp http\.https\:\/\/github\.com\/\.extraheader
2026-10-08T23:22:21.8820614Z [command]/usr/bin/git submodule foreach --recursive sh -c "git config --local --name-only --get-regexp 'http\.https\:\/\/github\.com\/\.extraheader' && git config --local --unset-all 'http.https://github.com/.extraheader' || :"
2026-10-08T23:22:21.9111284Z [command]/usr/bin/git config --local --name-only --get-regexp ^includeIf\.gitdir:
2026-10-08T23:22:21.9149191Z [command]/usr/bin/git submodule foreach --recursive git config --local --show-origin --name-only --get-regexp remote.origin.url
2026-10-08T23:22:21.9525172Z Evaluate and set job outputs
2026-10-08T23:22:21.9530932Z Set output 'mode'
2026-10-08T23:22:21.9532926Z Set output 'acceptance'
2026-10-08T23:22:21.9533862Z Cleaning up orphan processes
2026-10-08T23:22:21.9821618Z ##[warning]Node.js 20 is deprecated. The following actions target Node.js 20 but are being forced to run on Node.js 24: actions/checkout@v4, actions/setup-python@v5, actions/upload-artifact@v4. For more information see: https://github.blog/changelog/2025-09-19-deprecation-of-node-20-on-github-actions-runners/
