2026-10-08T23:24:08.0342170Z Current runner version: '2.337.0'
2026-10-08T23:24:08.0367309Z ##[group]Runner Image Provisioner
2026-10-08T23:24:08.0368438Z Hosted Compute Agent
2026-10-08T23:24:08.0369111Z Version: 20261002.596
2026-10-08T23:24:08.0369890Z Commit: c3d12f3313a95f25162a1503be624f3b0617f8c0
2026-10-08T23:24:08.0370713Z Build Date: 2026-10-02T22:28:27Z
2026-10-08T23:24:08.0371501Z Worker ID: {e8df7a25-74bc-480c-bb00-a36a9f93ac9e}
2026-10-08T23:24:08.0372376Z Region: westcentralus
2026-10-08T23:24:08.0373042Z Cloud: Azure
2026-10-08T23:24:08.0373964Z ##[endgroup]
2026-10-08T23:24:08.0375631Z ##[group]Operating System
2026-10-08T23:24:08.0376394Z Ubuntu
2026-10-08T23:24:08.0377135Z 24.04.5
2026-10-08T23:24:08.0377743Z LTS
2026-10-08T23:24:08.0378383Z ##[endgroup]
2026-10-08T23:24:08.0379088Z ##[group]Runner Image
2026-10-08T23:24:08.0379805Z Image: ubuntu-24.04
2026-10-08T23:24:08.0380535Z Version: 20261004.327.1
2026-10-08T23:24:08.0381872Z Included Software: https://github.com/actions/runner-images/blob/ubuntu24/20261004.327/images/ubuntu/Ubuntu2404-Readme.md
2026-10-08T23:24:08.0383557Z Image Release: https://github.com/actions/runner-images/releases/tag/ubuntu24%2F20261004.327
2026-10-08T23:24:08.0385041Z ##[endgroup]
2026-10-08T23:24:08.0386359Z ##[group]GITHUB_TOKEN Permissions
2026-10-08T23:24:08.0388319Z Contents: read
2026-10-08T23:24:08.0389112Z Metadata: read
2026-10-08T23:24:08.0389817Z ##[endgroup]
2026-10-08T23:24:08.0391974Z Secret source: Actions
2026-10-08T23:24:08.0393174Z Cache mode: write
2026-10-08T23:24:08.0394253Z Prepare workflow directory
2026-10-08T23:24:08.0757885Z Prepare all required actions
2026-10-08T23:24:08.0805514Z Getting action download info
2026-10-08T23:24:08.3590824Z Download action repository 'actions/checkout@v4' (SHA:11d5960a326750d5838078e36cf38b85af677262)
2026-10-08T23:24:08.5469912Z Complete job name: plan
2026-10-08T23:24:08.6270676Z ##[group]Run actions/checkout@v4
2026-10-08T23:24:08.6271564Z with:
2026-10-08T23:24:08.6272014Z   fetch-depth: 2
2026-10-08T23:24:08.6272490Z   fetch-tags: false
2026-10-08T23:24:08.6272996Z   persist-credentials: false
2026-10-08T23:24:08.6273558Z   repository: MajorDragonfly/voxelverse
2026-10-08T23:24:08.6277511Z   token: ***
2026-10-08T23:24:08.6277970Z   ssh-strict: true
2026-10-08T23:24:08.6278420Z   ssh-user: git
2026-10-08T23:24:08.6278874Z   clean: true
2026-10-08T23:24:08.6279343Z   sparse-checkout-cone-mode: true
2026-10-08T23:24:08.6279983Z   show-progress: true
2026-10-08T23:24:08.6280456Z   lfs: false
2026-10-08T23:24:08.6280893Z   submodules: false
2026-10-08T23:24:08.6281375Z   set-safe-directory: true
2026-10-08T23:24:08.6281914Z   allow-unsafe-pr-checkout: false
2026-10-08T23:24:08.6282737Z ##[endgroup]
2026-10-08T23:24:08.7304625Z Syncing repository: MajorDragonfly/voxelverse
2026-10-08T23:24:08.7306858Z ##[group]Getting Git version info
2026-10-08T23:24:08.7307745Z Working directory is '/home/runner/work/voxelverse/voxelverse'
2026-10-08T23:24:08.7309114Z [command]/usr/bin/git version
2026-10-08T23:24:08.7384500Z git version 2.55.0
2026-10-08T23:24:08.7407515Z ##[endgroup]
2026-10-08T23:24:08.7422324Z Temporarily overriding HOME='/home/runner/work/_temp/d213ce1a-f541-48be-85f1-a72f156dd9e5' before making global git config changes
2026-10-08T23:24:08.7425264Z Adding repository directory to the temporary git global config as a safe directory
2026-10-08T23:24:08.7429267Z [command]/usr/bin/git config --global --add safe.directory /home/runner/work/voxelverse/voxelverse
2026-10-08T23:24:08.7489645Z Deleting the contents of '/home/runner/work/voxelverse/voxelverse'
2026-10-08T23:24:08.7494260Z ##[group]Initializing the repository
2026-10-08T23:24:08.7498190Z [command]/usr/bin/git init /home/runner/work/voxelverse/voxelverse
2026-10-08T23:24:08.7612871Z hint: Using 'master' as the name for the initial branch. This default branch name
2026-10-08T23:24:08.7615006Z hint: will change to "main" in Git 3.0. To configure the initial branch name
2026-10-08T23:24:08.7616800Z hint: to use in all of your new repositories, which will suppress this warning,
2026-10-08T23:24:08.7618528Z hint: call:
2026-10-08T23:24:08.7619689Z hint:
2026-10-08T23:24:08.7620653Z hint: 	git config --global init.defaultBranch <name>
2026-10-08T23:24:08.7621792Z hint:
2026-10-08T23:24:08.7622920Z hint: Names commonly chosen instead of 'master' are 'main', 'trunk' and
2026-10-08T23:24:08.7624929Z hint: 'development'. The just-created branch can be renamed via this command:
2026-10-08T23:24:08.7626334Z hint:
2026-10-08T23:24:08.7627110Z hint: 	git branch -m <name>
2026-10-08T23:24:08.7627942Z hint:
2026-10-08T23:24:08.7629180Z hint: Disable this message with "git config set advice.defaultBranchName false"
2026-10-08T23:24:08.7631052Z Initialized empty Git repository in /home/runner/work/voxelverse/voxelverse/.git/
2026-10-08T23:24:08.7633364Z [command]/usr/bin/git remote add origin https://github.com/MajorDragonfly/voxelverse
2026-10-08T23:24:08.7688268Z ##[endgroup]
2026-10-08T23:24:08.7689593Z ##[group]Disabling automatic garbage collection
2026-10-08T23:24:08.7692914Z [command]/usr/bin/git config --local gc.auto 0
2026-10-08T23:24:08.7727019Z ##[endgroup]
2026-10-08T23:24:08.7728182Z ##[group]Setting up auth
2026-10-08T23:24:08.7734915Z [command]/usr/bin/git config --local --name-only --get-regexp core\.sshCommand
2026-10-08T23:24:08.7769184Z [command]/usr/bin/git submodule foreach --recursive sh -c "git config --local --name-only --get-regexp 'core\.sshCommand' && git config --local --unset-all 'core.sshCommand' || :"
2026-10-08T23:24:08.8206978Z [command]/usr/bin/git config --local --name-only --get-regexp http\.https\:\/\/github\.com\/\.extraheader
2026-10-08T23:24:08.8246766Z [command]/usr/bin/git submodule foreach --recursive sh -c "git config --local --name-only --get-regexp 'http\.https\:\/\/github\.com\/\.extraheader' && git config --local --unset-all 'http.https://github.com/.extraheader' || :"
2026-10-08T23:24:08.8473425Z [command]/usr/bin/git config --local --name-only --get-regexp ^includeIf\.gitdir:
2026-10-08T23:24:08.8512152Z [command]/usr/bin/git submodule foreach --recursive git config --local --show-origin --name-only --get-regexp remote.origin.url
2026-10-08T23:24:08.8737660Z [command]/usr/bin/git config --local http.https://github.com/.extraheader AUTHORIZATION: basic ***
2026-10-08T23:24:08.8779510Z ##[endgroup]
2026-10-08T23:24:08.8781031Z ##[group]Fetching the repository
2026-10-08T23:24:08.8791090Z [command]/usr/bin/git -c protocol.version=2 fetch --no-tags --prune --no-recurse-submodules --depth=2 origin +29029ea9c9c5e6b58c2b064c0555766f6fdbe8c7:refs/remotes/pull/285/merge
2026-10-08T23:24:18.8574879Z From https://github.com/MajorDragonfly/voxelverse
2026-10-08T23:24:18.8576594Z  * [new ref]         29029ea9c9c5e6b58c2b064c0555766f6fdbe8c7 -> pull/285/merge
2026-10-08T23:24:18.8580260Z ##[endgroup]
2026-10-08T23:24:18.8581785Z ##[group]Determining the checkout info
2026-10-08T23:24:18.8583225Z ##[endgroup]
2026-10-08T23:24:18.8588733Z [command]/usr/bin/git sparse-checkout disable
2026-10-08T23:24:18.8645722Z [command]/usr/bin/git config --local --unset-all extensions.worktreeConfig
2026-10-08T23:24:18.8736712Z ##[group]Checking out the ref
2026-10-08T23:24:18.8740529Z [command]/usr/bin/git checkout --progress --force refs/remotes/pull/285/merge
2026-10-08T23:24:19.8932993Z Updating files:  45% (4591/9986)
2026-10-08T23:24:19.9449442Z Updating files:  46% (4594/9986)
2026-10-08T23:24:19.9695004Z Updating files:  47% (4694/9986)
2026-10-08T23:24:19.9934755Z Updating files:  48% (4794/9986)
2026-10-08T23:24:20.0107367Z Updating files:  49% (4894/9986)
2026-10-08T23:24:20.0494269Z Updating files:  50% (4993/9986)
2026-10-08T23:24:20.0817590Z Updating files:  51% (5093/9986)
2026-10-08T23:24:20.1138404Z Updating files:  52% (5193/9986)
2026-10-08T23:24:20.1239688Z Updating files:  53% (5293/9986)
2026-10-08T23:24:20.1325890Z Updating files:  54% (5393/9986)
2026-10-08T23:24:20.1421348Z Updating files:  55% (5493/9986)
2026-10-08T23:24:20.1823542Z Updating files:  56% (5593/9986)
2026-10-08T23:24:20.1926748Z Updating files:  57% (5693/9986)
2026-10-08T23:24:20.2636084Z Updating files:  58% (5792/9986)
2026-10-08T23:24:20.2838228Z Updating files:  59% (5892/9986)
2026-10-08T23:24:20.2908720Z Updating files:  60% (5992/9986)
2026-10-08T23:24:20.2975376Z Updating files:  61% (6092/9986)
2026-10-08T23:24:20.3041600Z Updating files:  62% (6192/9986)
2026-10-08T23:24:20.3335734Z Updating files:  63% (6292/9986)
2026-10-08T23:24:20.3777997Z Updating files:  64% (6392/9986)
2026-10-08T23:24:20.3845802Z Updating files:  65% (6491/9986)
2026-10-08T23:24:20.4016338Z Updating files:  66% (6591/9986)
2026-10-08T23:24:20.4254536Z Updating files:  67% (6691/9986)
2026-10-08T23:24:20.4484044Z Updating files:  68% (6791/9986)
2026-10-08T23:24:20.4568634Z Updating files:  69% (6891/9986)
2026-10-08T23:24:20.5449930Z Updating files:  70% (6991/9986)
2026-10-08T23:24:20.6341887Z Updating files:  71% (7091/9986)
2026-10-08T23:24:20.6706583Z Updating files:  72% (7190/9986)
2026-10-08T23:24:20.7078775Z Updating files:  73% (7290/9986)
2026-10-08T23:24:20.7429492Z Updating files:  74% (7390/9986)
2026-10-08T23:24:20.7743046Z Updating files:  75% (7490/9986)
2026-10-08T23:24:20.8034121Z Updating files:  76% (7590/9986)
2026-10-08T23:24:20.8098053Z Updating files:  77% (7690/9986)
2026-10-08T23:24:20.8245657Z Updating files:  78% (7790/9986)
2026-10-08T23:24:20.8705070Z Updating files:  79% (7889/9986)
2026-10-08T23:24:20.8987076Z Updating files:  80% (7989/9986)
2026-10-08T23:24:20.9790433Z Updating files:  80% (8004/9986)
2026-10-08T23:24:20.9858844Z Updating files:  81% (8089/9986)
2026-10-08T23:24:20.9943477Z Updating files:  82% (8189/9986)
2026-10-08T23:24:21.0014422Z Updating files:  83% (8289/9986)
2026-10-08T23:24:21.0067902Z Updating files:  84% (8389/9986)
2026-10-08T23:24:21.0119156Z Updating files:  85% (8489/9986)
2026-10-08T23:24:21.0173423Z Updating files:  86% (8588/9986)
2026-10-08T23:24:21.0233328Z Updating files:  87% (8688/9986)
2026-10-08T23:24:21.0284308Z Updating files:  88% (8788/9986)
2026-10-08T23:24:21.0361574Z Updating files:  89% (8888/9986)
2026-10-08T23:24:21.0436620Z Updating files:  90% (8988/9986)
2026-10-08T23:24:21.0499528Z Updating files:  91% (9088/9986)
2026-10-08T23:24:21.0583162Z Updating files:  92% (9188/9986)
2026-10-08T23:24:21.0649659Z Updating files:  93% (9287/9986)
2026-10-08T23:24:21.0726546Z Updating files:  94% (9387/9986)
2026-10-08T23:24:21.0774957Z Updating files:  95% (9487/9986)
2026-10-08T23:24:21.0823924Z Updating files:  96% (9587/9986)
2026-10-08T23:24:21.0866703Z Updating files:  97% (9687/9986)
2026-10-08T23:24:21.0946572Z Updating files:  98% (9787/9986)
2026-10-08T23:24:21.1005528Z Updating files:  99% (9887/9986)
2026-10-08T23:24:21.1006408Z Updating files: 100% (9986/9986)
2026-10-08T23:24:21.1007116Z Updating files: 100% (9986/9986), done.
2026-10-08T23:24:21.1116076Z Note: switching to 'refs/remotes/pull/285/merge'.
2026-10-08T23:24:21.1116653Z 
2026-10-08T23:24:21.1117126Z You are in 'detached HEAD' state. You can look around, make experimental
2026-10-08T23:24:21.1117944Z changes and commit them, and you can discard any commits you make in this
2026-10-08T23:24:21.1119081Z state without impacting any branches by switching back to a branch.
2026-10-08T23:24:21.1119570Z 
2026-10-08T23:24:21.1119913Z If you want to create a new branch to retain commits you create, you may
2026-10-08T23:24:21.1120696Z do so (now or later) by using -c with the switch command. Example:
2026-10-08T23:24:21.1121158Z 
2026-10-08T23:24:21.1121342Z   git switch -c <new-branch-name>
2026-10-08T23:24:21.1121652Z 
2026-10-08T23:24:21.1121813Z Or undo this operation with:
2026-10-08T23:24:21.1122066Z 
2026-10-08T23:24:21.1122215Z   git switch -
2026-10-08T23:24:21.1122412Z 
2026-10-08T23:24:21.1122769Z Turn off this advice by setting config variable advice.detachedHead to false
2026-10-08T23:24:21.1123276Z 
2026-10-08T23:24:21.1124138Z HEAD is now at 29029ea Merge 39228e74cdb6604e6e835b4df7f9a28de0202623 into 93154055bcb3315b62a4ba89f57fb21666f414a7
2026-10-08T23:24:21.1246972Z ##[endgroup]
2026-10-08T23:24:21.1297641Z [command]/usr/bin/git log -1 --format=%H
2026-10-08T23:24:21.1327722Z 29029ea9c9c5e6b58c2b064c0555766f6fdbe8c7
2026-10-08T23:24:21.1345188Z ##[group]Removing auth
2026-10-08T23:24:21.1348358Z [command]/usr/bin/git config --local --name-only --get-regexp core\.sshCommand
2026-10-08T23:24:21.1383072Z [command]/usr/bin/git submodule foreach --recursive sh -c "git config --local --name-only --get-regexp 'core\.sshCommand' && git config --local --unset-all 'core.sshCommand' || :"
2026-10-08T23:24:21.1622865Z [command]/usr/bin/git config --local --name-only --get-regexp http\.https\:\/\/github\.com\/\.extraheader
2026-10-08T23:24:21.1652286Z http.https://github.com/.extraheader
2026-10-08T23:24:21.1660794Z [command]/usr/bin/git config --local --unset-all http.https://github.com/.extraheader
2026-10-08T23:24:21.1696867Z [command]/usr/bin/git submodule foreach --recursive sh -c "git config --local --name-only --get-regexp 'http\.https\:\/\/github\.com\/\.extraheader' && git config --local --unset-all 'http.https://github.com/.extraheader' || :"
2026-10-08T23:24:21.1930674Z [command]/usr/bin/git config --local --name-only --get-regexp ^includeIf\.gitdir:
2026-10-08T23:24:21.1962370Z [command]/usr/bin/git submodule foreach --recursive git config --local --show-origin --name-only --get-regexp remote.origin.url
2026-10-08T23:24:21.2190243Z ##[endgroup]
2026-10-08T23:24:21.2498381Z Prepare all required actions
2026-10-08T23:24:21.2498960Z Getting action download info
2026-10-08T23:24:21.3477351Z Download action repository 'actions/setup-python@v5' (SHA:a26af69be951a213d495a4c3e4e4022e16d87065)
2026-10-08T23:24:21.4223428Z Download action repository 'actions/upload-artifact@v4' (SHA:ea165f8d65b6e75b540449e92b4886f43607fa02)
2026-10-08T23:24:21.5561647Z ##[group]Run ./.github/actions/plan-validation
2026-10-08T23:24:21.5561962Z ##[endgroup]
2026-10-08T23:24:21.5620181Z ##[start-action display=Run actions/setup-python@v5;id=plan.__actions_setup-python]
2026-10-08T23:24:21.5691181Z ##[group]Run actions/setup-python@v5
2026-10-08T23:24:21.5691462Z with:
2026-10-08T23:24:21.5691660Z   python-version: 3.12
2026-10-08T23:24:21.5691902Z   check-latest: false
2026-10-08T23:24:21.5694480Z   token: ***
2026-10-08T23:24:21.5694700Z   update-environment: true
2026-10-08T23:24:21.5694956Z   allow-prereleases: false
2026-10-08T23:24:21.5695187Z   freethreaded: false
2026-10-08T23:24:21.5695429Z ##[endgroup]
2026-10-08T23:24:21.7054104Z ##[group]Installed versions
2026-10-08T23:24:21.7154166Z (node:2446) [DEP0040] DeprecationWarning: The `punycode` module is deprecated. Please use a userland alternative instead.
2026-10-08T23:24:21.7155549Z (Use `node --trace-deprecation ...` to show where the warning was created)
2026-10-08T23:24:21.7156414Z Successfully set up CPython (3.12.15)
2026-10-08T23:24:21.7157335Z ##[endgroup]
2026-10-08T23:24:21.7306713Z ##[end-action id=plan.__actions_setup-python;outcome=success;conclusion=success;duration_ms=168]
2026-10-08T23:24:21.7309790Z ##[start-action display=Run python3 tools/ci_plan.py --output "$RUNNER_TEMP/ci-plan.json";id=plan.plan]
2026-10-08T23:24:21.7352268Z ##[group]Run python3 tools/ci_plan.py --output "$RUNNER_TEMP/ci-plan.json"
2026-10-08T23:24:21.7352906Z [36;1mpython3 tools/ci_plan.py --output "$RUNNER_TEMP/ci-plan.json"[0m
2026-10-08T23:24:21.7671422Z shell: /usr/bin/bash --noprofile --norc -e -o pipefail {0}
2026-10-08T23:24:21.7671845Z env:
2026-10-08T23:24:21.7672146Z   pythonLocation: /opt/hostedtoolcache/Python/3.12.15/x64
2026-10-08T23:24:21.7672668Z   PKG_CONFIG_PATH: /opt/hostedtoolcache/Python/3.12.15/x64/lib/pkgconfig
2026-10-08T23:24:21.7673142Z   Python_ROOT_DIR: /opt/hostedtoolcache/Python/3.12.15/x64
2026-10-08T23:24:21.7673562Z   Python2_ROOT_DIR: /opt/hostedtoolcache/Python/3.12.15/x64
2026-10-08T23:24:21.7674216Z   Python3_ROOT_DIR: /opt/hostedtoolcache/Python/3.12.15/x64
2026-10-08T23:24:21.7674655Z   LD_LIBRARY_PATH: /opt/hostedtoolcache/Python/3.12.15/x64/lib
2026-10-08T23:24:21.7675017Z ##[endgroup]
2026-10-08T23:24:22.0556737Z CI plan: full; 296/296 source tests. Ready PR, main or manual run: full source, runtime, graphics and exports. 8 source shards; historical scheduling estimate 71.8-71.8 minutes, excluding setup. Actual CI duration is not yet measured for this tree.
2026-10-08T23:24:22.0660876Z ##[end-action id=plan.plan;outcome=success;conclusion=success;duration_ms=335]
2026-10-08T23:24:22.0666910Z ##[start-action display=Run actions/upload-artifact@v4;id=plan.__actions_upload-artifact]
2026-10-08T23:24:22.0733493Z ##[group]Run actions/upload-artifact@v4
2026-10-08T23:24:22.0734075Z with:
2026-10-08T23:24:22.0734293Z   name: ci-plan-plan-37859023434-1
2026-10-08T23:24:22.0734595Z   path: /home/runner/work/_temp/ci-plan.json
2026-10-08T23:24:22.0734889Z   retention-days: 7
2026-10-08T23:24:22.0735105Z   if-no-files-found: warn
2026-10-08T23:24:22.0735338Z   compression-level: 6
2026-10-08T23:24:22.0735558Z   overwrite: false
2026-10-08T23:24:22.0735771Z   include-hidden-files: false
2026-10-08T23:24:22.0736000Z env:
2026-10-08T23:24:22.0736249Z   pythonLocation: /opt/hostedtoolcache/Python/3.12.15/x64
2026-10-08T23:24:22.0736680Z   PKG_CONFIG_PATH: /opt/hostedtoolcache/Python/3.12.15/x64/lib/pkgconfig
2026-10-08T23:24:22.0737118Z   Python_ROOT_DIR: /opt/hostedtoolcache/Python/3.12.15/x64
2026-10-08T23:24:22.0737495Z   Python2_ROOT_DIR: /opt/hostedtoolcache/Python/3.12.15/x64
2026-10-08T23:24:22.0738098Z   Python3_ROOT_DIR: /opt/hostedtoolcache/Python/3.12.15/x64
2026-10-08T23:24:22.0738521Z   LD_LIBRARY_PATH: /opt/hostedtoolcache/Python/3.12.15/x64/lib
2026-10-08T23:24:22.0738850Z ##[endgroup]
2026-10-08T23:24:22.2391484Z (node:2487) [DEP0040] DeprecationWarning: The `punycode` module is deprecated. Please use a userland alternative instead.
2026-10-08T23:24:22.2392912Z (Use `node --trace-deprecation ...` to show where the warning was created)
2026-10-08T23:24:22.2437194Z With the provided path, there will be 1 file uploaded
2026-10-08T23:24:22.2443767Z Artifact name is valid!
2026-10-08T23:24:22.2444899Z Root directory input is valid!
2026-10-08T23:24:22.5501896Z Beginning upload of artifact content to blob storage
2026-10-08T23:24:22.5705751Z (node:2487) [DEP0169] DeprecationWarning: `url.parse()` behavior is not standardized and prone to errors that have security implications. Use the WHATWG URL API instead. CVEs are not issued for `url.parse()` vulnerabilities.
2026-10-08T23:24:22.7716963Z Uploaded bytes 4916
2026-10-08T23:24:22.8286337Z Finished uploading artifact content to blob storage!
2026-10-08T23:24:22.8287251Z SHA256 digest of uploaded artifact zip is 9ac997540cd79e70f007c3482189e44aa47cf9fcfac6755cd525f6700933039f
2026-10-08T23:24:22.8289283Z Finalizing artifact upload
2026-10-08T23:24:23.0605049Z Artifact ci-plan-plan-37859023434-1.zip successfully finalized. Artifact ID 11584944780
2026-10-08T23:24:23.0625568Z Artifact ci-plan-plan-37859023434-1 has been successfully uploaded! Final size is 4916 bytes. Artifact ID is 11584944780
2026-10-08T23:24:23.0627324Z Artifact download URL: https://github.com/MajorDragonfly/voxelverse/actions/runs/37859023434/artifacts/11584944780
2026-10-08T23:24:23.0705853Z ##[end-action id=plan.__actions_upload-artifact;outcome=success;conclusion=success;duration_ms=1003]
2026-10-08T23:24:23.0855199Z Post job cleanup.
2026-10-08T23:24:23.0858948Z ##[start-action display=Run actions/setup-python@v5;id=__862cb3e2-7c02-44a9-b065-b0577e840029.__actions_setup-python]
2026-10-08T23:24:23.0985093Z Post job cleanup.
2026-10-08T23:24:23.2192082Z (node:2499) [DEP0040] DeprecationWarning: The `punycode` module is deprecated. Please use a userland alternative instead.
2026-10-08T23:24:23.2193013Z (Use `node --trace-deprecation ...` to show where the warning was created)
2026-10-08T23:24:23.2288504Z ##[end-action id=__862cb3e2-7c02-44a9-b065-b0577e840029.__actions_setup-python;outcome=success;conclusion=success;duration_ms=142]
2026-10-08T23:24:23.2400394Z Post job cleanup.
2026-10-08T23:24:23.3424449Z [command]/usr/bin/git version
2026-10-08T23:24:23.3454569Z git version 2.55.0
2026-10-08T23:24:23.3515201Z Temporarily overriding HOME='/home/runner/work/_temp/d0e29882-4bb1-4766-8cf4-3ebee0c1e587' before making global git config changes
2026-10-08T23:24:23.3517546Z Adding repository directory to the temporary git global config as a safe directory
2026-10-08T23:24:23.3534752Z [command]/usr/bin/git config --global --add safe.directory /home/runner/work/voxelverse/voxelverse
2026-10-08T23:24:23.3567137Z [command]/usr/bin/git config --local --name-only --get-regexp core\.sshCommand
2026-10-08T23:24:23.3585863Z [command]/usr/bin/git submodule foreach --recursive sh -c "git config --local --name-only --get-regexp 'core\.sshCommand' && git config --local --unset-all 'core.sshCommand' || :"
2026-10-08T23:24:23.3897893Z [command]/usr/bin/git config --local --name-only --get-regexp http\.https\:\/\/github\.com\/\.extraheader
2026-10-08T23:24:23.3932930Z [command]/usr/bin/git submodule foreach --recursive sh -c "git config --local --name-only --get-regexp 'http\.https\:\/\/github\.com\/\.extraheader' && git config --local --unset-all 'http.https://github.com/.extraheader' || :"
2026-10-08T23:24:23.4202992Z [command]/usr/bin/git config --local --name-only --get-regexp ^includeIf\.gitdir:
2026-10-08T23:24:23.4244365Z [command]/usr/bin/git submodule foreach --recursive git config --local --show-origin --name-only --get-regexp remote.origin.url
2026-10-08T23:24:23.4698541Z Evaluate and set job outputs
2026-10-08T23:24:23.4704313Z Set output 'mode'
2026-10-08T23:24:23.4705989Z Set output 'acceptance'
2026-10-08T23:24:23.4707157Z Cleaning up orphan processes
2026-10-08T23:24:23.5000536Z ##[warning]Node.js 20 is deprecated. The following actions target Node.js 20 but are being forced to run on Node.js 24: actions/checkout@v4, actions/setup-python@v5, actions/upload-artifact@v4. For more information see: https://github.blog/changelog/2025-09-19-deprecation-of-node-20-on-github-actions-runners/
