Godot Engine v4.6.3.stable.official.7d41c59c4 - https://godotengine.org

R32_15_CASE creature-de-800x600-100
R32_15_CASE creature-en-800x600-100
R32_15_CASE creature-de-800x600-125
R32_15_CASE creature-en-800x600-125
R32_15_CASE creature-de-800x600-150
R32_15_CASE creature-en-800x600-150
R32_15_CASE creature-de-1280x720-100
R32_15_CASE creature-en-1280x720-100
R32_15_CASE creature-de-1280x720-125
R32_15_CASE creature-en-1280x720-125
R32_15_CASE creature-de-1280x720-150
R32_15_CASE creature-en-1280x720-150
R32_15_CASE creature-de-1920x1080-100
R32_15_CASE creature-en-1920x1080-100
R32_15_CASE creature-de-1920x1080-125
R32_15_CASE creature-en-1920x1080-125
R32_15_CASE creature-de-1920x1080-150
R32_15_CASE creature-en-1920x1080-150
R32_15_CASE tribe-de-800x600-100
R32_15_CASE tribe-en-800x600-100
R32_15_CASE tribe-de-800x600-125
R32_15_CASE tribe-en-800x600-125
R32_15_CASE tribe-de-800x600-150
R32_15_CASE tribe-en-800x600-150
R32_15_CASE tribe-de-1280x720-100
R32_15_CASE tribe-en-1280x720-100
R32_15_CASE tribe-de-1280x720-125
R32_15_CASE tribe-en-1280x720-125
R32_15_CASE tribe-de-1280x720-150
R32_15_CASE tribe-en-1280x720-150
R32_15_CASE tribe-de-1920x1080-100
R32_15_CASE tribe-en-1920x1080-100
R32_15_CASE tribe-de-1920x1080-125
R32_15_CASE tribe-en-1920x1080-125
R32_15_CASE tribe-de-1920x1080-150
R32_15_CASE tribe-en-1920x1080-150
R32_15_CAMPAIGN_MENU_PASSED checks=676
PAUSE_MENU_PASSED checks=676
