Godot Engine v4.6.3.stable.official.7d41c59c4 - https://godotengine.org
WARNING: Could not set V-Sync mode, as changing V-Sync mode is not supported by the graphics driver.
     at: set_use_vsync (platform/linuxbsd/x11/gl_manager_x11.cpp:364)
OpenGL API 4.5 (Core Profile) Mesa 25.2.8-0ubuntu0.24.04.3 - Compatibility - Using Device: Mesa - llvmpipe (LLVM 20.1.2, 256 bits)

R32_05_VISIBLE_OCCLUSION {"failures":["Visible off-ray foreign mesh's empty capsule hid the target","Foreign visible mesh outside its movement capsule failed to occlude","Invisible nest's query cylinder invented a visible target"],"passed":false}
ERROR: Visible off-ray foreign mesh's empty capsule hid the target
   at: push_error (core/variant/variant_utility.cpp:1024)
   GDScript backtrace (most recent call first):
       [0] _run (res://tools/review_r32_05_occlusion_capture.gd:23)
       [1] run (res://tools/review_r32_05_visible_occlusion.gd:103)
ERROR: Foreign visible mesh outside its movement capsule failed to occlude
   at: push_error (core/variant/variant_utility.cpp:1024)
   GDScript backtrace (most recent call first):
       [0] _run (res://tools/review_r32_05_occlusion_capture.gd:23)
       [1] run (res://tools/review_r32_05_visible_occlusion.gd:103)
ERROR: Invisible nest's query cylinder invented a visible target
   at: push_error (core/variant/variant_utility.cpp:1024)
   GDScript backtrace (most recent call first):
       [0] _run (res://tools/review_r32_05_occlusion_capture.gd:23)
       [1] run (res://tools/review_r32_05_visible_occlusion.gd:103)
