2026-10-02T06:56:08.1596026Z Current runner version: '2.337.0'
2026-10-02T06:56:08.1632761Z ##[group]Runner Image Provisioner
2026-10-02T06:56:08.1634278Z Hosted Compute Agent
2026-10-02T06:56:08.1635174Z Version: 20260901.588
2026-10-02T06:56:08.1636191Z Commit: f88ec8081b781fac6c440065ac7ff9e710ce3d0b
2026-10-02T06:56:08.1637326Z Build Date: 2026-09-01T19:56:44Z
2026-10-02T06:56:08.1638394Z Worker ID: {9695d5b8-7794-40c0-8a07-10c9833c37b7}
2026-10-02T06:56:08.1639594Z Azure Region: centralus
2026-10-02T06:56:08.1640584Z ##[endgroup]
2026-10-02T06:56:08.1642825Z ##[group]Operating System
2026-10-02T06:56:08.1644043Z Ubuntu
2026-10-02T06:56:08.1644859Z 24.04.5
2026-10-02T06:56:08.1645703Z LTS
2026-10-02T06:56:08.1646492Z ##[endgroup]
2026-10-02T06:56:08.1647252Z ##[group]Runner Image
2026-10-02T06:56:08.1648829Z Image: ubuntu-24.04
2026-10-02T06:56:08.1649738Z Version: 20260927.320.1
2026-10-02T06:56:08.1651856Z Included Software: https://github.com/actions/runner-images/blob/ubuntu24/20260927.320/images/ubuntu/Ubuntu2404-Readme.md
2026-10-02T06:56:08.1654613Z Image Release: https://github.com/actions/runner-images/releases/tag/ubuntu24%2F20260927.320
2026-10-02T06:56:08.1656232Z ##[endgroup]
2026-10-02T06:56:08.1657903Z ##[group]GITHUB_TOKEN Permissions
2026-10-02T06:56:08.1660760Z Contents: read
2026-10-02T06:56:08.1661605Z Metadata: read
2026-10-02T06:56:08.1662459Z ##[endgroup]
2026-10-02T06:56:08.1665332Z Secret source: Actions
2026-10-02T06:56:08.1666814Z Cache mode: write
2026-10-02T06:56:08.1668155Z Prepare workflow directory
2026-10-02T06:56:08.2006755Z Prepare all required actions
2026-10-02T06:56:08.2077457Z Getting action download info
2026-10-02T06:56:08.4789232Z Download action repository 'actions/checkout@v4' (SHA:11d5960a326750d5838078e36cf38b85af677262)
2026-10-02T06:56:08.5732233Z Download action repository 'actions/setup-python@v5' (SHA:a26af69be951a213d495a4c3e4e4022e16d87065)
2026-10-02T06:56:08.6346168Z Download action repository 'actions/upload-artifact@v4' (SHA:ea165f8d65b6e75b540449e92b4886f43607fa02)
2026-10-02T06:56:08.8114215Z Complete job name: menu (ubuntu-latest)
2026-10-02T06:56:08.8892665Z ##[group]Run actions/checkout@v4
2026-10-02T06:56:08.8893396Z with:
2026-10-02T06:56:08.8893958Z   repository: MajorDragonfly/voxelverse
2026-10-02T06:56:08.8897577Z   token: ***
2026-10-02T06:56:08.8897964Z   ssh-strict: true
2026-10-02T06:56:08.8898360Z   ssh-user: git
2026-10-02T06:56:08.8898772Z   persist-credentials: true
2026-10-02T06:56:08.8899202Z   clean: true
2026-10-02T06:56:08.8899595Z   sparse-checkout-cone-mode: true
2026-10-02T06:56:08.8900057Z   fetch-depth: 1
2026-10-02T06:56:08.8900436Z   fetch-tags: false
2026-10-02T06:56:08.8900843Z   show-progress: true
2026-10-02T06:56:08.8901235Z   lfs: false
2026-10-02T06:56:08.8901612Z   submodules: false
2026-10-02T06:56:08.8902012Z   set-safe-directory: true
2026-10-02T06:56:08.8902459Z   allow-unsafe-pr-checkout: false
2026-10-02T06:56:08.8903142Z ##[endgroup]
2026-10-02T06:56:08.9913614Z Syncing repository: MajorDragonfly/voxelverse
2026-10-02T06:56:08.9915485Z ##[group]Getting Git version info
2026-10-02T06:56:08.9916715Z Working directory is '/home/runner/work/voxelverse/voxelverse'
2026-10-02T06:56:08.9955154Z [command]/usr/bin/git version
2026-10-02T06:56:09.0057265Z git version 2.55.0
2026-10-02T06:56:09.0095231Z ##[endgroup]
2026-10-02T06:56:09.0103584Z Temporarily overriding HOME='/home/runner/work/_temp/c8df8448-243f-4470-8fa2-2fd20d045fc8' before making global git config changes
2026-10-02T06:56:09.0105014Z Adding repository directory to the temporary git global config as a safe directory
2026-10-02T06:56:09.0109997Z [command]/usr/bin/git config --global --add safe.directory /home/runner/work/voxelverse/voxelverse
2026-10-02T06:56:09.0156163Z Deleting the contents of '/home/runner/work/voxelverse/voxelverse'
2026-10-02T06:56:09.0160246Z ##[group]Initializing the repository
2026-10-02T06:56:09.0165426Z [command]/usr/bin/git init /home/runner/work/voxelverse/voxelverse
2026-10-02T06:56:09.0242709Z hint: Using 'master' as the name for the initial branch. This default branch name
2026-10-02T06:56:09.0244760Z hint: will change to "main" in Git 3.0. To configure the initial branch name
2026-10-02T06:56:09.0246562Z hint: to use in all of your new repositories, which will suppress this warning,
2026-10-02T06:56:09.0247944Z hint: call:
2026-10-02T06:56:09.0248691Z hint:
2026-10-02T06:56:09.0249329Z hint: 	git config --global init.defaultBranch <name>
2026-10-02T06:56:09.0249877Z hint:
2026-10-02T06:56:09.0250407Z hint: Names commonly chosen instead of 'master' are 'main', 'trunk' and
2026-10-02T06:56:09.0251269Z hint: 'development'. The just-created branch can be renamed via this command:
2026-10-02T06:56:09.0251928Z hint:
2026-10-02T06:56:09.0252308Z hint: 	git branch -m <name>
2026-10-02T06:56:09.0252736Z hint:
2026-10-02T06:56:09.0253296Z hint: Disable this message with "git config set advice.defaultBranchName false"
2026-10-02T06:56:09.0254731Z Initialized empty Git repository in /home/runner/work/voxelverse/voxelverse/.git/
2026-10-02T06:56:09.0256850Z [command]/usr/bin/git remote add origin https://github.com/MajorDragonfly/voxelverse
2026-10-02T06:56:09.0302176Z ##[endgroup]
2026-10-02T06:56:09.0302925Z ##[group]Disabling automatic garbage collection
2026-10-02T06:56:09.0307912Z [command]/usr/bin/git config --local gc.auto 0
2026-10-02T06:56:09.0339250Z ##[endgroup]
2026-10-02T06:56:09.0340407Z ##[group]Setting up auth
2026-10-02T06:56:09.0346587Z [command]/usr/bin/git config --local --name-only --get-regexp core\.sshCommand
2026-10-02T06:56:09.0375341Z [command]/usr/bin/git submodule foreach --recursive sh -c "git config --local --name-only --get-regexp 'core\.sshCommand' && git config --local --unset-all 'core.sshCommand' || :"
2026-10-02T06:56:09.0684408Z [command]/usr/bin/git config --local --name-only --get-regexp http\.https\:\/\/github\.com\/\.extraheader
2026-10-02T06:56:09.0716507Z [command]/usr/bin/git submodule foreach --recursive sh -c "git config --local --name-only --get-regexp 'http\.https\:\/\/github\.com\/\.extraheader' && git config --local --unset-all 'http.https://github.com/.extraheader' || :"
2026-10-02T06:56:09.0918082Z [command]/usr/bin/git config --local --name-only --get-regexp ^includeIf\.gitdir:
2026-10-02T06:56:09.0947493Z [command]/usr/bin/git submodule foreach --recursive git config --local --show-origin --name-only --get-regexp remote.origin.url
2026-10-02T06:56:09.1119650Z [command]/usr/bin/git config --local http.https://github.com/.extraheader AUTHORIZATION: basic ***
2026-10-02T06:56:09.1152687Z ##[endgroup]
2026-10-02T06:56:09.1153436Z ##[group]Fetching the repository
2026-10-02T06:56:09.1162293Z [command]/usr/bin/git -c protocol.version=2 fetch --no-tags --prune --no-recurse-submodules --depth=1 origin +ade9169d46c5f936635072051c57082c486e442b:refs/remotes/origin/agent/r32-15-evidence-20261002
2026-10-02T06:56:16.3885704Z From https://github.com/MajorDragonfly/voxelverse
2026-10-02T06:56:16.3887080Z  * [new ref]         ade9169d46c5f936635072051c57082c486e442b -> origin/agent/r32-15-evidence-20261002
2026-10-02T06:56:16.3896931Z ##[endgroup]
2026-10-02T06:56:16.3898368Z ##[group]Determining the checkout info
2026-10-02T06:56:16.3899695Z ##[endgroup]
2026-10-02T06:56:16.3901007Z [command]/usr/bin/git sparse-checkout disable
2026-10-02T06:56:16.3950102Z [command]/usr/bin/git config --local --unset-all extensions.worktreeConfig
2026-10-02T06:56:16.3976858Z ##[group]Checking out the ref
2026-10-02T06:56:16.3980964Z [command]/usr/bin/git checkout --progress --force -B agent/r32-15-evidence-20261002 refs/remotes/origin/agent/r32-15-evidence-20261002
2026-10-02T06:56:17.1919886Z Switched to a new branch 'agent/r32-15-evidence-20261002'
2026-10-02T06:56:17.1921525Z branch 'agent/r32-15-evidence-20261002' set up to track 'origin/agent/r32-15-evidence-20261002'.
2026-10-02T06:56:17.1951560Z ##[endgroup]
2026-10-02T06:56:17.1993363Z [command]/usr/bin/git log -1 --format=%H
2026-10-02T06:56:17.2016880Z ade9169d46c5f936635072051c57082c486e442b
2026-10-02T06:56:17.2261460Z ##[group]Run actions/setup-python@v5
2026-10-02T06:56:17.2261933Z with:
2026-10-02T06:56:17.2262389Z   python-version: 3.12
2026-10-02T06:56:17.2262978Z   check-latest: false
2026-10-02T06:56:17.2266170Z   token: ***
2026-10-02T06:56:17.2266494Z   update-environment: true
2026-10-02T06:56:17.2266854Z   allow-prereleases: false
2026-10-02T06:56:17.2267188Z   freethreaded: false
2026-10-02T06:56:17.2267503Z ##[endgroup]
2026-10-02T06:56:17.3535599Z ##[group]Installed versions
2026-10-02T06:56:17.3609359Z (node:2223) [DEP0040] DeprecationWarning: The `punycode` module is deprecated. Please use a userland alternative instead.
2026-10-02T06:56:17.3610877Z (Use `node --trace-deprecation ...` to show where the warning was created)
2026-10-02T06:56:17.3611916Z Successfully set up CPython (3.12.14)
2026-10-02T06:56:17.3612766Z ##[endgroup]
2026-10-02T06:56:17.3768073Z ##[group]Run python - <<'PY'
2026-10-02T06:56:17.3768651Z [36;1mpython - <<'PY'[0m
2026-10-02T06:56:17.3769145Z [36;1mimport os, pathlib, urllib.request, zipfile[0m
2026-10-02T06:56:17.3769709Z [36;1mtarget = pathlib.Path(os.environ['RUNNER_TEMP']) / 'r32-15-godot'[0m
2026-10-02T06:56:17.3770239Z [36;1mtarget.mkdir()[0m
2026-10-02T06:56:17.3770654Z [36;1msuffix = 'linux.x86_64' if os.name != 'nt' else 'win64.exe'[0m
2026-10-02T06:56:17.3771137Z [36;1mname = 'Godot_v4.6.3-stable_' + suffix[0m
2026-10-02T06:56:17.3771556Z [36;1marchive = target / 'godot.zip'[0m
2026-10-02T06:56:17.3772318Z [36;1murllib.request.urlretrieve('https://github.com/godotengine/godot/releases/download/4.6.3-stable/' + name + '.zip', archive)[0m
2026-10-02T06:56:17.3773091Z [36;1mzipfile.ZipFile(archive).extractall(target)[0m
2026-10-02T06:56:17.3773514Z [36;1meditor = target / name[0m
2026-10-02T06:56:17.3774105Z [36;1mif os.name != 'nt': editor.chmod(0o755)[0m
2026-10-02T06:56:17.3774605Z [36;1mwith open(os.environ['GITHUB_ENV'], 'a') as env:[0m
2026-10-02T06:56:17.3775081Z [36;1m    env.write('R32_GODOT=' + str(editor) + '\n')[0m
2026-10-02T06:56:17.3775480Z [36;1mPY[0m
2026-10-02T06:56:17.3775800Z [36;1mif [ "$RUNNER_OS" = Linux ]; then[0m
2026-10-02T06:56:17.3776191Z [36;1m  sudo apt-get update[0m
2026-10-02T06:56:17.3776690Z [36;1m  sudo apt-get install -y xvfb libgl1-mesa-dri libxkbcommon-x11-0[0m
2026-10-02T06:56:17.3777201Z [36;1mfi[0m
2026-10-02T06:56:17.3994925Z shell: /usr/bin/bash --noprofile --norc -e -o pipefail {0}
2026-10-02T06:56:17.3995783Z env:
2026-10-02T06:56:17.3996759Z   pythonLocation: /opt/hostedtoolcache/Python/3.12.14/x64
2026-10-02T06:56:17.3998392Z   PKG_CONFIG_PATH: /opt/hostedtoolcache/Python/3.12.14/x64/lib/pkgconfig
2026-10-02T06:56:17.3999902Z   Python_ROOT_DIR: /opt/hostedtoolcache/Python/3.12.14/x64
2026-10-02T06:56:17.4001337Z   Python2_ROOT_DIR: /opt/hostedtoolcache/Python/3.12.14/x64
2026-10-02T06:56:17.4002888Z   Python3_ROOT_DIR: /opt/hostedtoolcache/Python/3.12.14/x64
2026-10-02T06:56:17.4003505Z   LD_LIBRARY_PATH: /opt/hostedtoolcache/Python/3.12.14/x64/lib
2026-10-02T06:56:17.4004188Z ##[endgroup]
2026-10-02T06:56:18.6525756Z Get:1 file:/etc/apt/apt-mirrors.txt Mirrorlist [144 B]
2026-10-02T06:56:18.6818923Z Hit:2 http://azure.archive.ubuntu.com/ubuntu noble InRelease
2026-10-02T06:56:18.6828665Z Get:6 https://packages.microsoft.com/ubuntu/24.04/prod noble InRelease [3600 B]
2026-10-02T06:56:18.6831795Z Get:3 http://azure.archive.ubuntu.com/ubuntu noble-updates InRelease [126 kB]
2026-10-02T06:56:18.6859940Z Get:4 http://azure.archive.ubuntu.com/ubuntu noble-backports InRelease [126 kB]
2026-10-02T06:56:18.6895095Z Get:5 http://azure.archive.ubuntu.com/ubuntu noble-security InRelease [126 kB]
2026-10-02T06:56:18.7899403Z Get:7 https://packages.microsoft.com/ubuntu/24.04/prod noble/main arm64 Packages [458 kB]
2026-10-02T06:56:18.8032983Z Get:8 https://packages.microsoft.com/ubuntu/24.04/prod noble/main amd64 Packages [510 kB]
2026-10-02T06:56:18.8145149Z Get:9 https://packages.microsoft.com/ubuntu/24.04/prod noble/main armhf Packages [12.6 kB]
2026-10-02T06:56:18.8285997Z Get:10 http://azure.archive.ubuntu.com/ubuntu noble-updates/main amd64 Packages [1364 kB]
2026-10-02T06:56:18.8347604Z Get:11 http://azure.archive.ubuntu.com/ubuntu noble-updates/main Translation-en [304 kB]
2026-10-02T06:56:18.8374770Z Get:12 http://azure.archive.ubuntu.com/ubuntu noble-updates/main amd64 Components [181 kB]
2026-10-02T06:56:18.8390043Z Get:13 http://azure.archive.ubuntu.com/ubuntu noble-updates/universe amd64 Packages [1699 kB]
2026-10-02T06:56:18.8475222Z Get:14 http://azure.archive.ubuntu.com/ubuntu noble-updates/universe Translation-en [341 kB]
2026-10-02T06:56:18.8505117Z Get:15 http://azure.archive.ubuntu.com/ubuntu noble-updates/universe amd64 Components [388 kB]
2026-10-02T06:56:18.8515192Z Get:16 http://azure.archive.ubuntu.com/ubuntu noble-updates/restricted amd64 Packages [1720 kB]
2026-10-02T06:56:18.8587493Z Get:17 http://azure.archive.ubuntu.com/ubuntu noble-updates/restricted Translation-en [394 kB]
2026-10-02T06:56:18.8621589Z Get:18 http://azure.archive.ubuntu.com/ubuntu noble-updates/multiverse amd64 Components [940 B]
2026-10-02T06:56:18.8752364Z Get:19 http://azure.archive.ubuntu.com/ubuntu noble-backports/main amd64 Components [5760 B]
2026-10-02T06:56:18.9169023Z Get:20 http://azure.archive.ubuntu.com/ubuntu noble-backports/universe amd64 Components [12.6 kB]
2026-10-02T06:56:18.9178723Z Get:21 http://azure.archive.ubuntu.com/ubuntu noble-security/main amd64 Packages [1069 kB]
2026-10-02T06:56:18.9229041Z Get:22 http://azure.archive.ubuntu.com/ubuntu noble-security/main Translation-en [221 kB]
2026-10-02T06:56:18.9242824Z Get:23 http://azure.archive.ubuntu.com/ubuntu noble-security/main amd64 Components [46.4 kB]
2026-10-02T06:56:18.9251625Z Get:24 http://azure.archive.ubuntu.com/ubuntu noble-security/universe amd64 Packages [1216 kB]
2026-10-02T06:56:18.9305881Z Get:25 http://azure.archive.ubuntu.com/ubuntu noble-security/universe Translation-en [244 kB]
2026-10-02T06:56:18.9321359Z Get:26 http://azure.archive.ubuntu.com/ubuntu noble-security/universe amd64 Components [76.3 kB]
2026-10-02T06:56:18.9343212Z Get:27 http://azure.archive.ubuntu.com/ubuntu noble-security/restricted amd64 Packages [1566 kB]
2026-10-02T06:56:18.9410056Z Get:28 http://azure.archive.ubuntu.com/ubuntu noble-security/restricted Translation-en [361 kB]
2026-10-02T06:56:23.2345022Z Fetched 12.6 MB in 1s (9287 kB/s)
2026-10-02T06:56:24.0771770Z Reading package lists...
2026-10-02T06:56:24.1078434Z Reading package lists...
2026-10-02T06:56:24.2821107Z Building dependency tree...
2026-10-02T06:56:24.2826891Z Reading state information...
2026-10-02T06:56:24.4298784Z xvfb is already the newest version (2:21.1.12-1ubuntu1.8).
2026-10-02T06:56:24.4299548Z The following additional packages will be installed:
2026-10-02T06:56:24.4305892Z   libgbm1 libglx-mesa0 libwayland-server0 libxcb-xkb1 mesa-libgallium
2026-10-02T06:56:24.4475544Z The following NEW packages will be installed:
2026-10-02T06:56:24.4478885Z   libwayland-server0 libxcb-xkb1 libxkbcommon-x11-0
2026-10-02T06:56:24.4484286Z The following packages will be upgraded:
2026-10-02T06:56:24.4489654Z   libgbm1 libgl1-mesa-dri libglx-mesa0 mesa-libgallium
2026-10-02T06:56:24.4629237Z 4 upgraded, 3 newly installed, 0 to remove and 21 not upgraded.
2026-10-02T06:56:24.4630113Z Need to get 11.0 MB of archives.
2026-10-02T06:56:24.4630670Z After this operation, 324 kB of additional disk space will be used.
2026-10-02T06:56:24.4631347Z Get:1 file:/etc/apt/apt-mirrors.txt Mirrorlist [144 B]
2026-10-02T06:56:24.5118879Z Get:2 http://azure.archive.ubuntu.com/ubuntu noble-updates/main amd64 libgl1-mesa-dri amd64 25.2.8-0ubuntu0.24.04.3 [37.9 kB]
2026-10-02T06:56:24.5408821Z Get:3 http://azure.archive.ubuntu.com/ubuntu noble/main amd64 libwayland-server0 amd64 1.22.0-2.1build1 [33.9 kB]
2026-10-02T06:56:24.5687777Z Get:4 http://azure.archive.ubuntu.com/ubuntu noble-updates/main amd64 libglx-mesa0 amd64 25.2.8-0ubuntu0.24.04.3 [110 kB]
2026-10-02T06:56:24.5975179Z Get:5 http://azure.archive.ubuntu.com/ubuntu noble-updates/main amd64 libgbm1 amd64 25.2.8-0ubuntu0.24.04.3 [34.3 kB]
2026-10-02T06:56:24.6252716Z Get:6 http://azure.archive.ubuntu.com/ubuntu noble-updates/main amd64 mesa-libgallium amd64 25.2.8-0ubuntu0.24.04.3 [10.8 MB]
2026-10-02T06:56:24.7457546Z Get:7 http://azure.archive.ubuntu.com/ubuntu noble/main amd64 libxcb-xkb1 amd64 1.15-1ubuntu2 [32.3 kB]
2026-10-02T06:56:24.7734960Z Get:8 http://azure.archive.ubuntu.com/ubuntu noble/main amd64 libxkbcommon-x11-0 amd64 1.6.0-1build1 [14.5 kB]
2026-10-02T06:56:25.0089172Z Fetched 11.0 MB in 0s (34.6 MB/s)
2026-10-02T06:56:25.0466223Z (Reading database ... 
2026-10-02T06:56:25.0466548Z (Reading database ... 5%
2026-10-02T06:56:25.0466910Z (Reading database ... 10%
2026-10-02T06:56:25.0467188Z (Reading database ... 15%
2026-10-02T06:56:25.0467421Z (Reading database ... 20%
2026-10-02T06:56:25.0467774Z (Reading database ... 25%
2026-10-02T06:56:25.0468007Z (Reading database ... 30%
2026-10-02T06:56:25.0468523Z (Reading database ... 35%
2026-10-02T06:56:25.0468753Z (Reading database ... 40%
2026-10-02T06:56:25.0468979Z (Reading database ... 45%
2026-10-02T06:56:25.0469232Z (Reading database ... 50%
2026-10-02T06:56:25.0505183Z (Reading database ... 55%
2026-10-02T06:56:25.1785965Z (Reading database ... 60%
2026-10-02T06:56:25.3820104Z (Reading database ... 65%
2026-10-02T06:56:25.5873457Z (Reading database ... 70%
2026-10-02T06:56:25.7757265Z (Reading database ... 75%
2026-10-02T06:56:25.9331132Z (Reading database ... 80%
2026-10-02T06:56:26.1383346Z (Reading database ... 85%
2026-10-02T06:56:26.3296376Z (Reading database ... 90%
2026-10-02T06:56:26.4962202Z (Reading database ... 95%
2026-10-02T06:56:26.4963119Z (Reading database ... 100%
2026-10-02T06:56:26.4963947Z (Reading database ... 202296 files and directories currently installed.)
2026-10-02T06:56:26.5002108Z Preparing to unpack .../0-libgl1-mesa-dri_25.2.8-0ubuntu0.24.04.3_amd64.deb ...
2026-10-02T06:56:26.5139639Z Unpacking libgl1-mesa-dri:amd64 (25.2.8-0ubuntu0.24.04.3) over (25.2.8-0ubuntu0.24.04.2) ...
2026-10-02T06:56:26.5472262Z Selecting previously unselected package libwayland-server0:amd64.
2026-10-02T06:56:26.5581369Z Preparing to unpack .../1-libwayland-server0_1.22.0-2.1build1_amd64.deb ...
2026-10-02T06:56:26.5600852Z Unpacking libwayland-server0:amd64 (1.22.0-2.1build1) ...
2026-10-02T06:56:26.5857605Z Preparing to unpack .../2-libglx-mesa0_25.2.8-0ubuntu0.24.04.3_amd64.deb ...
2026-10-02T06:56:26.5878373Z Unpacking libglx-mesa0:amd64 (25.2.8-0ubuntu0.24.04.3) over (25.2.8-0ubuntu0.24.04.2) ...
2026-10-02T06:56:26.6167683Z Preparing to unpack .../3-libgbm1_25.2.8-0ubuntu0.24.04.3_amd64.deb ...
2026-10-02T06:56:26.6191324Z Unpacking libgbm1:amd64 (25.2.8-0ubuntu0.24.04.3) over (25.2.8-0ubuntu0.24.04.2) ...
2026-10-02T06:56:26.6476807Z Preparing to unpack .../4-mesa-libgallium_25.2.8-0ubuntu0.24.04.3_amd64.deb ...
2026-10-02T06:56:26.6495062Z Unpacking mesa-libgallium:amd64 (25.2.8-0ubuntu0.24.04.3) over (25.2.8-0ubuntu0.24.04.2) ...
2026-10-02T06:56:26.8026762Z Selecting previously unselected package libxcb-xkb1:amd64.
2026-10-02T06:56:26.8134059Z Preparing to unpack .../5-libxcb-xkb1_1.15-1ubuntu2_amd64.deb ...
2026-10-02T06:56:26.8139768Z Unpacking libxcb-xkb1:amd64 (1.15-1ubuntu2) ...
2026-10-02T06:56:26.8286293Z Selecting previously unselected package libxkbcommon-x11-0:amd64.
2026-10-02T06:56:26.8399822Z Preparing to unpack .../6-libxkbcommon-x11-0_1.6.0-1build1_amd64.deb ...
2026-10-02T06:56:26.8408357Z Unpacking libxkbcommon-x11-0:amd64 (1.6.0-1build1) ...
2026-10-02T06:56:26.8706228Z Setting up libwayland-server0:amd64 (1.22.0-2.1build1) ...
2026-10-02T06:56:26.8734086Z Setting up mesa-libgallium:amd64 (25.2.8-0ubuntu0.24.04.3) ...
2026-10-02T06:56:26.8748838Z Setting up libgbm1:amd64 (25.2.8-0ubuntu0.24.04.3) ...
2026-10-02T06:56:26.8763243Z Setting up libgl1-mesa-dri:amd64 (25.2.8-0ubuntu0.24.04.3) ...
2026-10-02T06:56:26.8822757Z Setting up libxcb-xkb1:amd64 (1.15-1ubuntu2) ...
2026-10-02T06:56:26.8837776Z Setting up libxkbcommon-x11-0:amd64 (1.6.0-1build1) ...
2026-10-02T06:56:26.8852122Z Setting up libglx-mesa0:amd64 (25.2.8-0ubuntu0.24.04.3) ...
2026-10-02T06:56:26.8869504Z Processing triggers for libc-bin (2.39-0ubuntu8.9) ...
2026-10-02T06:56:27.4312798Z 
2026-10-02T06:56:27.4313628Z Running kernel seems to be up-to-date.
2026-10-02T06:56:27.4314083Z 
2026-10-02T06:56:27.4314229Z No services need to be restarted.
2026-10-02T06:56:27.4314484Z 
2026-10-02T06:56:27.4314630Z No containers need to be restarted.
2026-10-02T06:56:27.4314873Z 
2026-10-02T06:56:27.4315044Z No user sessions are running outdated binaries.
2026-10-02T06:56:27.4315353Z 
2026-10-02T06:56:27.4315628Z No VM guests are running outdated hypervisor (qemu) binaries on this host.
2026-10-02T06:56:28.2745018Z ##[group]Run mkdir -p "$RUNNER_TEMP/r32-15-evidence"
2026-10-02T06:56:28.2745419Z [36;1mmkdir -p "$RUNNER_TEMP/r32-15-evidence"[0m
2026-10-02T06:56:28.2745719Z [36;1mpython - <<'PY'[0m
2026-10-02T06:56:28.2745996Z [36;1mimport os, pathlib, subprocess, sys, tempfile[0m
2026-10-02T06:56:28.2746314Z [36;1msys.path.insert(0, 'tools')[0m
2026-10-02T06:56:28.2746611Z [36;1mfrom validation_support import isolated_env[0m
2026-10-02T06:56:28.2746949Z [36;1mwith tempfile.TemporaryDirectory() as tmp:[0m
2026-10-02T06:56:28.2747460Z [36;1m    with (pathlib.Path(os.environ['RUNNER_TEMP'])/'r32-15-evidence'/'import.log').open('w') as log:[0m
2026-10-02T06:56:28.2748341Z [36;1m        result = subprocess.run([os.environ['R32_GODOT'], '--headless', '--editor', '--path', '.', '--quit'], env=isolated_env(pathlib.Path(tmp)), stdout=log, stderr=subprocess.STDOUT, timeout=180)[0m
2026-10-02T06:56:28.2749044Z [36;1m    sys.exit(result.returncode)[0m
2026-10-02T06:56:28.2749339Z [36;1mPY[0m
2026-10-02T06:56:28.2789156Z shell: /usr/bin/bash --noprofile --norc -e -o pipefail {0}
2026-10-02T06:56:28.2789496Z env:
2026-10-02T06:56:28.2789765Z   pythonLocation: /opt/hostedtoolcache/Python/3.12.14/x64
2026-10-02T06:56:28.2790186Z   PKG_CONFIG_PATH: /opt/hostedtoolcache/Python/3.12.14/x64/lib/pkgconfig
2026-10-02T06:56:28.2790599Z   Python_ROOT_DIR: /opt/hostedtoolcache/Python/3.12.14/x64
2026-10-02T06:56:28.2790968Z   Python2_ROOT_DIR: /opt/hostedtoolcache/Python/3.12.14/x64
2026-10-02T06:56:28.2791339Z   Python3_ROOT_DIR: /opt/hostedtoolcache/Python/3.12.14/x64
2026-10-02T06:56:28.2791723Z   LD_LIBRARY_PATH: /opt/hostedtoolcache/Python/3.12.14/x64/lib
2026-10-02T06:56:28.2792161Z   R32_GODOT: /home/runner/work/_temp/r32-15-godot/Godot_v4.6.3-stable_linux.x86_64
2026-10-02T06:56:28.2792539Z ##[endgroup]
2026-10-02T06:56:39.0691109Z ##[group]Run python tools/review_r32_15_menu.py --godot "$R32_GODOT" --headless --settings-only --output "$RUNNER_TEMP/r32-15-evidence/settings-headless"
2026-10-02T06:56:39.0692063Z [36;1mpython tools/review_r32_15_menu.py --godot "$R32_GODOT" --headless --settings-only --output "$RUNNER_TEMP/r32-15-evidence/settings-headless"[0m
2026-10-02T06:56:39.0728932Z shell: /usr/bin/bash --noprofile --norc -e -o pipefail {0}
2026-10-02T06:56:39.0729270Z env:
2026-10-02T06:56:39.0729537Z   pythonLocation: /opt/hostedtoolcache/Python/3.12.14/x64
2026-10-02T06:56:39.0729948Z   PKG_CONFIG_PATH: /opt/hostedtoolcache/Python/3.12.14/x64/lib/pkgconfig
2026-10-02T06:56:39.0730362Z   Python_ROOT_DIR: /opt/hostedtoolcache/Python/3.12.14/x64
2026-10-02T06:56:39.0730765Z   Python2_ROOT_DIR: /opt/hostedtoolcache/Python/3.12.14/x64
2026-10-02T06:56:39.0731131Z   Python3_ROOT_DIR: /opt/hostedtoolcache/Python/3.12.14/x64
2026-10-02T06:56:39.0731554Z   LD_LIBRARY_PATH: /opt/hostedtoolcache/Python/3.12.14/x64/lib
2026-10-02T06:56:39.0731996Z   R32_GODOT: /home/runner/work/_temp/r32-15-godot/Godot_v4.6.3-stable_linux.x86_64
2026-10-02T06:56:39.0732381Z ##[endgroup]
2026-10-02T06:56:39.1319148Z R32_15_SLOT_ACQUIRED: exclusive functional review starts
2026-10-02T06:56:45.2181402Z {"passed": true, "exit_code": 0, "images": 0, "source_reusable": true}
2026-10-02T06:56:45.2292313Z ##[group]Run python tools/review_r32_15_menu.py --godot "$R32_GODOT" --headless --output "$RUNNER_TEMP/r32-15-evidence/campaign-headless"
2026-10-02T06:56:45.2293163Z [36;1mpython tools/review_r32_15_menu.py --godot "$R32_GODOT" --headless --output "$RUNNER_TEMP/r32-15-evidence/campaign-headless"[0m
2026-10-02T06:56:45.2330433Z shell: /usr/bin/bash --noprofile --norc -e -o pipefail {0}
2026-10-02T06:56:45.2330903Z env:
2026-10-02T06:56:45.2331175Z   pythonLocation: /opt/hostedtoolcache/Python/3.12.14/x64
2026-10-02T06:56:45.2331630Z   PKG_CONFIG_PATH: /opt/hostedtoolcache/Python/3.12.14/x64/lib/pkgconfig
2026-10-02T06:56:45.2332041Z   Python_ROOT_DIR: /opt/hostedtoolcache/Python/3.12.14/x64
2026-10-02T06:56:45.2332416Z   Python2_ROOT_DIR: /opt/hostedtoolcache/Python/3.12.14/x64
2026-10-02T06:56:45.2332782Z   Python3_ROOT_DIR: /opt/hostedtoolcache/Python/3.12.14/x64
2026-10-02T06:56:45.2333152Z   LD_LIBRARY_PATH: /opt/hostedtoolcache/Python/3.12.14/x64/lib
2026-10-02T06:56:45.2333640Z   R32_GODOT: /home/runner/work/_temp/r32-15-godot/Godot_v4.6.3-stable_linux.x86_64
2026-10-02T06:56:45.2334102Z ##[endgroup]
2026-10-02T06:56:45.2770899Z R32_15_SLOT_ACQUIRED: exclusive functional review starts
2026-10-02T06:59:41.4282510Z {"passed": true, "exit_code": 0, "images": 0, "source_reusable": true}
2026-10-02T06:59:41.4450314Z ##[group]Run extra=()
2026-10-02T06:59:41.4450619Z [36;1mextra=()[0m
2026-10-02T06:59:41.4450929Z [36;1mif [ "$RUNNER_OS" = Linux ]; then extra=(--xvfb /usr/bin/Xvfb); fi[0m
2026-10-02T06:59:41.4451616Z [36;1mpython tools/review_r32_15_menu.py --godot "$R32_GODOT" --settings-only "${extra[@]}" --output "$RUNNER_TEMP/r32-15-evidence/settings-native"[0m
2026-10-02T06:59:41.4487744Z shell: /usr/bin/bash --noprofile --norc -e -o pipefail {0}
2026-10-02T06:59:41.4488083Z env:
2026-10-02T06:59:41.4488365Z   pythonLocation: /opt/hostedtoolcache/Python/3.12.14/x64
2026-10-02T06:59:41.4488779Z   PKG_CONFIG_PATH: /opt/hostedtoolcache/Python/3.12.14/x64/lib/pkgconfig
2026-10-02T06:59:41.4489182Z   Python_ROOT_DIR: /opt/hostedtoolcache/Python/3.12.14/x64
2026-10-02T06:59:41.4489546Z   Python2_ROOT_DIR: /opt/hostedtoolcache/Python/3.12.14/x64
2026-10-02T06:59:41.4489921Z   Python3_ROOT_DIR: /opt/hostedtoolcache/Python/3.12.14/x64
2026-10-02T06:59:41.4490336Z   LD_LIBRARY_PATH: /opt/hostedtoolcache/Python/3.12.14/x64/lib
2026-10-02T06:59:41.4490775Z   R32_GODOT: /home/runner/work/_temp/r32-15-godot/Godot_v4.6.3-stable_linux.x86_64
2026-10-02T06:59:41.4491152Z ##[endgroup]
2026-10-02T06:59:41.4934166Z R32_15_SLOT_ACQUIRED: exclusive functional review starts
2026-10-02T06:59:55.4418780Z {"passed": true, "exit_code": 0, "images": 36, "source_reusable": true}
2026-10-02T06:59:55.4522549Z ##[group]Run extra=()
2026-10-02T06:59:55.4522808Z [36;1mextra=()[0m
2026-10-02T06:59:55.4523098Z [36;1mif [ "$RUNNER_OS" = Linux ]; then extra=(--xvfb /usr/bin/Xvfb); fi[0m
2026-10-02T06:59:55.4523927Z [36;1mpython tools/review_r32_15_menu.py --godot "$R32_GODOT" "${extra[@]}" --output "$RUNNER_TEMP/r32-15-evidence/campaign-native"[0m
2026-10-02T06:59:55.4560191Z shell: /usr/bin/bash --noprofile --norc -e -o pipefail {0}
2026-10-02T06:59:55.4560541Z env:
2026-10-02T06:59:55.4560812Z   pythonLocation: /opt/hostedtoolcache/Python/3.12.14/x64
2026-10-02T06:59:55.4561229Z   PKG_CONFIG_PATH: /opt/hostedtoolcache/Python/3.12.14/x64/lib/pkgconfig
2026-10-02T06:59:55.4561635Z   Python_ROOT_DIR: /opt/hostedtoolcache/Python/3.12.14/x64
2026-10-02T06:59:55.4562026Z   Python2_ROOT_DIR: /opt/hostedtoolcache/Python/3.12.14/x64
2026-10-02T06:59:55.4562385Z   Python3_ROOT_DIR: /opt/hostedtoolcache/Python/3.12.14/x64
2026-10-02T06:59:55.4562792Z   LD_LIBRARY_PATH: /opt/hostedtoolcache/Python/3.12.14/x64/lib
2026-10-02T06:59:55.4563233Z   R32_GODOT: /home/runner/work/_temp/r32-15-godot/Godot_v4.6.3-stable_linux.x86_64
2026-10-02T06:59:55.4563602Z ##[endgroup]
2026-10-02T06:59:55.5004409Z R32_15_SLOT_ACQUIRED: exclusive functional review starts
2026-10-02T07:04:45.9204266Z {"passed": true, "exit_code": 0, "images": 50, "source_reusable": true}
2026-10-02T07:04:45.9362833Z ##[group]Run actions/upload-artifact@v4
2026-10-02T07:04:45.9363124Z with:
2026-10-02T07:04:45.9363329Z   name: r32-15-menu-Linux
2026-10-02T07:04:45.9363601Z   path: /home/runner/work/_temp/r32-15-evidence/
2026-10-02T07:04:45.9364130Z   if-no-files-found: error
2026-10-02T07:04:45.9364367Z   compression-level: 6
2026-10-02T07:04:45.9364750Z   overwrite: false
2026-10-02T07:04:45.9364966Z   include-hidden-files: false
2026-10-02T07:04:45.9365197Z env:
2026-10-02T07:04:45.9365444Z   pythonLocation: /opt/hostedtoolcache/Python/3.12.14/x64
2026-10-02T07:04:45.9365866Z   PKG_CONFIG_PATH: /opt/hostedtoolcache/Python/3.12.14/x64/lib/pkgconfig
2026-10-02T07:04:45.9366275Z   Python_ROOT_DIR: /opt/hostedtoolcache/Python/3.12.14/x64
2026-10-02T07:04:45.9366657Z   Python2_ROOT_DIR: /opt/hostedtoolcache/Python/3.12.14/x64
2026-10-02T07:04:45.9367021Z   Python3_ROOT_DIR: /opt/hostedtoolcache/Python/3.12.14/x64
2026-10-02T07:04:45.9367437Z   LD_LIBRARY_PATH: /opt/hostedtoolcache/Python/3.12.14/x64/lib
2026-10-02T07:04:45.9367879Z   R32_GODOT: /home/runner/work/_temp/r32-15-godot/Godot_v4.6.3-stable_linux.x86_64
2026-10-02T07:04:45.9368245Z ##[endgroup]
2026-10-02T07:04:46.0990711Z (node:3214) [DEP0040] DeprecationWarning: The `punycode` module is deprecated. Please use a userland alternative instead.
2026-10-02T07:04:46.0991398Z (Use `node --trace-deprecation ...` to show where the warning was created)
2026-10-02T07:04:46.1201840Z With the provided path, there will be 110 files uploaded
2026-10-02T07:04:46.1204170Z Artifact name is valid!
2026-10-02T07:04:46.1204951Z Root directory input is valid!
2026-10-02T07:04:46.3975116Z Beginning upload of artifact content to blob storage
2026-10-02T07:04:46.7497390Z (node:3214) [DEP0169] DeprecationWarning: `url.parse()` behavior is not standardized and prone to errors that have security implications. Use the WHATWG URL API instead. CVEs are not issued for `url.parse()` vulnerabilities.
2026-10-02T07:04:47.2085615Z Uploaded bytes 8388608
2026-10-02T07:04:47.5800306Z Uploaded bytes 16777216
2026-10-02T07:04:47.7808828Z Uploaded bytes 21006185
2026-10-02T07:04:47.8284493Z Finished uploading artifact content to blob storage!
2026-10-02T07:04:47.8286046Z SHA256 digest of uploaded artifact zip is 64cb3bb61288dd2f1726611f469aad5818531161fc5acdb87ef677d3fd22d93a
2026-10-02T07:04:47.8289286Z Finalizing artifact upload
2026-10-02T07:04:48.0401488Z Artifact r32-15-menu-Linux.zip successfully finalized. Artifact ID 11212814164
2026-10-02T07:04:48.0402909Z Artifact r32-15-menu-Linux has been successfully uploaded! Final size is 21006185 bytes. Artifact ID is 11212814164
2026-10-02T07:04:48.0408896Z Artifact download URL: https://github.com/MajorDragonfly/voxelverse/actions/runs/36975118419/artifacts/11212814164
2026-10-02T07:04:48.0577766Z Post job cleanup.
2026-10-02T07:04:48.1823987Z (node:3228) [DEP0040] DeprecationWarning: The `punycode` module is deprecated. Please use a userland alternative instead.
2026-10-02T07:04:48.1825533Z (Use `node --trace-deprecation ...` to show where the warning was created)
2026-10-02T07:04:48.2062714Z Post job cleanup.
2026-10-02T07:04:48.3072091Z [command]/usr/bin/git version
2026-10-02T07:04:48.3118181Z git version 2.55.0
2026-10-02T07:04:48.3254913Z Temporarily overriding HOME='/home/runner/work/_temp/78475c62-a175-4879-b260-42608ddd6cff' before making global git config changes
2026-10-02T07:04:48.3256591Z Adding repository directory to the temporary git global config as a safe directory
2026-10-02T07:04:48.3284716Z [command]/usr/bin/git config --global --add safe.directory /home/runner/work/voxelverse/voxelverse
2026-10-02T07:04:48.3345076Z [command]/usr/bin/git config --local --name-only --get-regexp core\.sshCommand
2026-10-02T07:04:48.3377935Z [command]/usr/bin/git submodule foreach --recursive sh -c "git config --local --name-only --get-regexp 'core\.sshCommand' && git config --local --unset-all 'core.sshCommand' || :"
2026-10-02T07:04:48.3664592Z [command]/usr/bin/git config --local --name-only --get-regexp http\.https\:\/\/github\.com\/\.extraheader
2026-10-02T07:04:48.3700410Z http.https://github.com/.extraheader
2026-10-02T07:04:48.3727954Z [command]/usr/bin/git config --local --unset-all http.https://github.com/.extraheader
2026-10-02T07:04:48.3768607Z [command]/usr/bin/git submodule foreach --recursive sh -c "git config --local --name-only --get-regexp 'http\.https\:\/\/github\.com\/\.extraheader' && git config --local --unset-all 'http.https://github.com/.extraheader' || :"
2026-10-02T07:04:48.4045468Z [command]/usr/bin/git config --local --name-only --get-regexp ^includeIf\.gitdir:
2026-10-02T07:04:48.4047790Z [command]/usr/bin/git submodule foreach --recursive git config --local --show-origin --name-only --get-regexp remote.origin.url
2026-10-02T07:04:48.4426164Z Cleaning up orphan processes
2026-10-02T07:04:48.4777387Z ##[warning]Node.js 20 is deprecated. The following actions target Node.js 20 but are being forced to run on Node.js 24: actions/checkout@v4, actions/setup-python@v5, actions/upload-artifact@v4. For more information see: https://github.blog/changelog/2025-09-19-deprecation-of-node-20-on-github-actions-runners/

