Godot Engine v4.6.3.stable.official.7d41c59c4 - https://godotengine.org
Vulkan 1.4.318 - Forward+ - Using Device #0: Unknown - llvmpipe (LLVM 20.1.2, 256 bits)

SPHERE_LOAD {"error":"","loading":false,"milliseconds":104547,"scene":"res://main/spherical_campaign.tscn","startup":{"context":{"body_id":"body_064e0fe766b25d4c3517a518dcef7b55","resource_cached":false,"scene":"res://main/spherical_campaign.tscn","seed":15838},"error":"","last_phase":"arrival","schema":1,"segments":[{"completed":true,"duration_ms":5566.83,"phase":"prepare_state","start_ms":0.0},{"completed":true,"duration_ms":1915.788,"phase":"state_settle","start_ms":5566.83},{"completed":true,"duration_ms":1696.023,"phase":"threaded_load","start_ms":7482.618},{"completed":true,"duration_ms":0.428,"phase":"scene_instantiation","start_ms":9178.641},{"completed":true,"duration_ms":41380.745,"phase":"scene_ready","start_ms":9179.069},{"completed":true,"duration_ms":52485.768,"phase":"start_terrain","start_ms":50559.814},{"completed":true,"duration_ms":0.358,"phase":"arrival","start_ms":103045.582}],"sequence":1,"status":"ready","total_ms":103045.94}}
SPHERE_LOAD {"error":"","loading":false,"milliseconds":51995,"scene":"res://main/spherical_campaign.tscn","startup":{"context":{"body_id":"body_064e0fe766b25d4c3517a518dcef7b55","resource_cached":false,"scene":"res://main/spherical_campaign.tscn","seed":15838},"error":"","last_phase":"arrival","schema":1,"segments":[{"completed":true,"duration_ms":699.592,"phase":"prepare_state","start_ms":0.0},{"completed":true,"duration_ms":172.627,"phase":"state_settle","start_ms":699.592},{"completed":true,"duration_ms":52.269,"phase":"threaded_load","start_ms":872.219},{"completed":true,"duration_ms":0.455,"phase":"scene_instantiation","start_ms":924.488},{"completed":true,"duration_ms":40279.128,"phase":"scene_ready","start_ms":924.943},{"completed":true,"duration_ms":9772.037,"phase":"start_terrain","start_ms":41204.071},{"completed":true,"duration_ms":0.295,"phase":"arrival","start_ms":50976.108}],"sequence":2,"status":"ready","total_ms":50976.403}}
ERROR: Generated nest scan did not complete
   at: push_error (core/variant/variant_utility.cpp:1024)
   GDScript backtrace (most recent call first):
       [0] _finish (res://tools/review_r32_05_world_probe.gd:173)
       [1] _done (res://tools/review_r32_05_world_probe.gd:164)
       [2] _run (res://tools/review_r32_05_world_probe.gd:134)
       [3] _capture (res://tools/review_r32_05_world_probe.gd:169)
ERROR: Fresh sphere save process failed: ["Godot Engine v4.6.3.stable.official.7d41c59c4 - https://godotengine.org\n\nR32_SPHERE_NEST_FRESH_PROCESS {\"body_id\":\"body_064e0fe766b25d4c3517a518dcef7b55\",\"passed\":false}\nERROR: Fresh sphere save lost first nest\n   at: push_error (core/variant/variant_utility.cpp:1024)\n   GDScript backtrace (most recent call first):\n       [0] _finish (res://tools/review_r32_05_world_probe.gd:173)\n       [1] _run (res://tools/review_r32_05_world_probe.gd:23)\nR32_05_WORLD_RESULT {\"failures\":[\"Fresh sphere save lost first nest\"],\"passed\":false}\n"]
   at: push_error (core/variant/variant_utility.cpp:1024)
   GDScript backtrace (most recent call first):
       [0] _finish (res://tools/review_r32_05_world_probe.gd:173)
       [1] _done (res://tools/review_r32_05_world_probe.gd:164)
       [2] _run (res://tools/review_r32_05_world_probe.gd:134)
       [3] _capture (res://tools/review_r32_05_world_probe.gd:169)
ERROR: Public reload lost first/invented second nest discovery
   at: push_error (core/variant/variant_utility.cpp:1024)
   GDScript backtrace (most recent call first):
       [0] _finish (res://tools/review_r32_05_world_probe.gd:173)
       [1] _done (res://tools/review_r32_05_world_probe.gd:164)
       [2] _run (res://tools/review_r32_05_world_probe.gd:134)
       [3] _capture (res://tools/review_r32_05_world_probe.gd:169)
ERROR: Reloaded actual nest lost known label/current count
   at: push_error (core/variant/variant_utility.cpp:1024)
   GDScript backtrace (most recent call first):
       [0] _finish (res://tools/review_r32_05_world_probe.gd:173)
       [1] _done (res://tools/review_r32_05_world_probe.gd:164)
       [2] _run (res://tools/review_r32_05_world_probe.gd:134)
       [3] _capture (res://tools/review_r32_05_world_probe.gd:169)
R32_05_WORLD_RESULT {"failures":["Generated nest scan did not complete","Fresh sphere save process failed: [\"Godot Engine v4.6.3.stable.official.7d41c59c4 - https://godotengine.org\\n\\nR32_SPHERE_NEST_FRESH_PROCESS {\\\"body_id\\\":\\\"body_064e0fe766b25d4c3517a518dcef7b55\\\",\\\"passed\\\":false}\\nERROR: Fresh sphere save lost first nest\\n   at: push_error (core/variant/variant_utility.cpp:1024)\\n   GDScript backtrace (most recent call first):\\n       [0] _finish (res://tools/review_r32_05_world_probe.gd:173)\\n       [1] _run (res://tools/review_r32_05_world_probe.gd:23)\\nR32_05_WORLD_RESULT {\\\"failures\\\":[\\\"Fresh sphere save lost first nest\\\"],\\\"passed\\\":false}\\n\"]","Public reload lost first/invented second nest discovery","Reloaded actual nest lost known label/current count"],"passed":false}
