Godot Engine v4.6.3.stable.official.7d41c59c4 - https://godotengine.org

ERROR: Development fixture was packaged: res://civilization/technology/tests/technology_catalog_test.gd
   at: push_error (core/variant/variant_utility.cpp:1024)
   GDScript backtrace (most recent call first):
       [0] _finish (/workspace/scratch/9241d94fe6d2/cleanup-export-evidence/export_runtime_probe.gd:189)
       [1] _run (/workspace/scratch/9241d94fe6d2/cleanup-export-evidence/export_runtime_probe.gd:48)
ERROR: Development fixture was packaged: res://civilization/technology/tests/technology_preview_ui_test.gd
   at: push_error (core/variant/variant_utility.cpp:1024)
   GDScript backtrace (most recent call first):
       [0] _finish (/workspace/scratch/9241d94fe6d2/cleanup-export-evidence/export_runtime_probe.gd:189)
       [1] _run (/workspace/scratch/9241d94fe6d2/cleanup-export-evidence/export_runtime_probe.gd:48)
ERROR: Development fixture was packaged: res://creatures/behavior/review/int30_creature_review.gd
   at: push_error (core/variant/variant_utility.cpp:1024)
   GDScript backtrace (most recent call first):
       [0] _finish (/workspace/scratch/9241d94fe6d2/cleanup-export-evidence/export_runtime_probe.gd:189)
       [1] _run (/workspace/scratch/9241d94fe6d2/cleanup-export-evidence/export_runtime_probe.gd:48)
ERROR: Development fixture was packaged: res://creatures/behavior/review/int30_creature_shapes.gd
   at: push_error (core/variant/variant_utility.cpp:1024)
   GDScript backtrace (most recent call first):
       [0] _finish (/workspace/scratch/9241d94fe6d2/cleanup-export-evidence/export_runtime_probe.gd:189)
       [1] _run (/workspace/scratch/9241d94fe6d2/cleanup-export-evidence/export_runtime_probe.gd:48)
ERROR: Development fixture was packaged: res://audio/fixtures/int30_underwater_exit.tscn
   at: push_error (core/variant/variant_utility.cpp:1024)
   GDScript backtrace (most recent call first):
       [0] _finish (/workspace/scratch/9241d94fe6d2/cleanup-export-evidence/export_runtime_probe.gd:189)
       [1] _run (/workspace/scratch/9241d94fe6d2/cleanup-export-evidence/export_runtime_probe.gd:48)
EXPORTED_RUNTIME_PROBE {"engine_mode":"editor_with_release_pck","executable":"/tmp/voxelverse-validation-editor-4s9imqpw/Godot_v4.6.3-stable_linux.x86_64","failures":["Development fixture was packaged: res://civilization/technology/tests/technology_catalog_test.gd","Development fixture was packaged: res://civilization/technology/tests/technology_preview_ui_test.gd","Development fixture was packaged: res://creatures/behavior/review/int30_creature_review.gd","Development fixture was packaged: res://creatures/behavior/review/int30_creature_shapes.gd","Development fixture was packaged: res://audio/fixtures/int30_underwater_exit.tscn"],"godot":"4.6.3-stable (official)","loaded_meshes":63,"passed":false,"platform":"Linux","seed":63352,"user_data_dir":"/workspace/scratch/9241d94fe6d2/cleanup-export-evidence/baseline-userdata/xdg_data_home/godot/app_userdata/Voxelverse"}
