Godot Engine v4.6.3.stable.official.7d41c59c4 - https://godotengine.org
WARNING: Could not set V-Sync mode, as changing V-Sync mode is not supported by the graphics driver.
     at: set_use_vsync (platform/linuxbsd/x11/gl_manager_x11.cpp:364)
OpenGL API 4.5 (Core Profile) Mesa 25.2.8-0ubuntu0.24.04.3 - Compatibility - Using Device: Mesa - llvmpipe (LLVM 20.1.2, 256 bits)

SPHERE_LOAD {"error":"","loading":false,"milliseconds":42104,"scene":"res://main/spherical_campaign.tscn","startup":{"context":{"body_id":"body_5f9573ec5a74fa7561268f6a7accd990","resource_cached":false,"scene":"res://main/spherical_campaign.tscn","seed":15838},"error":"","last_phase":"arrival","schema":1,"segments":[{"completed":true,"duration_ms":966.246,"phase":"prepare_state","start_ms":0.0},{"completed":true,"duration_ms":23.848,"phase":"state_settle","start_ms":966.246},{"completed":true,"duration_ms":1364.083,"phase":"threaded_load","start_ms":990.094},{"completed":true,"duration_ms":0.313,"phase":"scene_instantiation","start_ms":2354.177},{"completed":true,"duration_ms":28892.555,"phase":"scene_ready","start_ms":2354.49},{"completed":true,"duration_ms":10326.442,"phase":"start_terrain","start_ms":31247.045},{"completed":true,"duration_ms":0.333,"phase":"arrival","start_ms":41573.487}],"sequence":1,"status":"ready","total_ms":41573.82}}
AREA_CONTROL {"active":true,"control":"CreateGatherArea","disabled":false,"pause":false,"point":[516.0,884.25]}
AREA_CONTROL {"active":true,"control":"CreateGatherArea","disabled":false,"pause":false,"point":[516.0,884.25]}
AREA_CONTROL {"active":true,"control":"ApplyGatherArea","disabled":false,"pause":false,"point":[204.75,884.25]}
AREA_CONTROL {"active":true,"control":"CreateGatherArea","disabled":false,"pause":false,"point":[516.0,546.75]}
AREA_CONTROL {"active":true,"control":"ApplyGatherArea","disabled":false,"pause":false,"point":[204.75,884.25]}
AREA_CONTROL {"active":true,"control":"MoveGatherArea","disabled":false,"pause":false,"point":[813.0,884.25]}
AREA_CONTROL {"active":true,"control":"ApplyGatherArea","disabled":false,"pause":false,"point":[204.75,884.25]}
AREA_CONTROL {"active":true,"control":"AssignGatherArea","disabled":false,"pause":false,"point":[519.0,908.25]}
AREA_CONTROL {"active":true,"control":"AssignGatherArea","disabled":false,"pause":false,"point":[519.0,908.25]}
AREA_CONTROL {"active":true,"control":"ApplyGatherArea","disabled":false,"pause":false,"point":[204.75,908.25]}
AREA_CONTROL {"active":true,"control":"ApplyGatherArea","disabled":false,"pause":false,"point":[204.75,908.25]}
AREA_CONTROL {"active":true,"control":"DeleteGatherArea","disabled":false,"pause":false,"point":[141.75,573.75]}
AREA_CONTROL {"active":true,"control":"DeleteGatherArea","disabled":false,"pause":false,"point":[168.0,573.75]}
AREA_CONTROL {"active":true,"control":"AssignGatherArea","disabled":false,"pause":false,"point":[519.0,819.75]}
WARNING: Could not commit save: user://saves/slot_4d1f47c850462458cd54a721.json (Can't open file)
     at: push_warning (core/variant/variant_utility.cpp:1034)
     GDScript backtrace (most recent call first):
         [0] _report_failure (res://autoload/save_game_service.gd:1149)
         [1] _save_snapshot (res://autoload/save_game_service.gd:199)
         [2] save_now (res://autoload/save_game_service.gd:128)
         [3] _save_economy (res://world/tribe/tribe_controller.gd:1036)
         [4] command (res://world/tribe/resource_area_runtime.gd:113)
         [5] _run (res://tools/review_r32_21_area_world.gd:129)
         [6] _until (res://tools/review_r32_21_area_world.gd:269)
R32_21_AREA_WORLD_PASSED: public sphere, actual drag/controls, physical pickups, held cargo, certified far returns and live Save/Load.
