Godot Engine v4.6.3.stable.official.7d41c59c4 - https://godotengine.org
Vulkan 1.4.318 - Forward+ - Using Device #0: Unknown - llvmpipe (LLVM 20.1.2, 256 bits)

ERROR: Discovered first nest exposed the legacy role or rewrote its source name
   at: push_error (core/variant/variant_utility.cpp:1024)
   GDScript backtrace (most recent call first):
       [0] _finish (res://tools/capture_nest_discovery.gd:112)
       [1] _run (res://tools/review_r32_05_nest_capture.gd:97)
       [2] _chapter (res://tools/review_r32_05_nest_capture.gd:109)
       [3] _record (res://tools/capture_nest_discovery.gd:106)
ERROR: Recreated nest lost discovery/current supplied count
   at: push_error (core/variant/variant_utility.cpp:1024)
   GDScript backtrace (most recent call first):
       [0] _finish (res://tools/capture_nest_discovery.gd:112)
       [1] _run (res://tools/review_r32_05_nest_capture.gd:97)
       [2] _chapter (res://tools/review_r32_05_nest_capture.gd:109)
       [3] _record (res://tools/capture_nest_discovery.gd:106)
ERROR: Discovered second nest exposed the legacy role or rewrote its source name
   at: push_error (core/variant/variant_utility.cpp:1024)
   GDScript backtrace (most recent call first):
       [0] _finish (res://tools/capture_nest_discovery.gd:112)
       [1] _run (res://tools/review_r32_05_nest_capture.gd:97)
       [2] _chapter (res://tools/review_r32_05_nest_capture.gd:109)
       [3] _record (res://tools/capture_nest_discovery.gd:106)
NATIVE_NEST_RESULT {"failures":["Discovered first nest exposed the legacy role or rewrote its source name","Recreated nest lost discovery/current supplied count","Discovered second nest exposed the legacy role or rewrote its source name"],"frames":176}
